###############################################################################
#
# IAR ELF Linker V8.32.1.169/W32 for ARM                  25/Jun/2025  23:30:09
# Copyright 2007-2018 IAR Systems AB.
#
#    Output file  =  
#        F:\none\Study\Other\Robot\RTS
#        team\Robocon-FourFoot-2025\Code\Speed\EWARM\zhukongv2\Exe\zhukongv2.out
#    Map file     =  
#        F:\none\Study\Other\Robot\RTS
#        team\Robocon-FourFoot-2025\Code\Speed\EWARM\zhukongv2\List\zhukongv2.map
#    Command line =  
#        -f C:\Users\86136\AppData\Local\Temp\EWCE7B.tmp
#        ("F:\none\Study\Other\Robot\RTS
#        team\Robocon-FourFoot-2025\Code\Speed\EWARM\zhukongv2\Obj\bsp_driver_sd.o"
#        "F:\none\Study\Other\Robot\RTS
#        team\Robocon-FourFoot-2025\Code\Speed\EWARM\zhukongv2\Obj\Callback.o"
#        "F:\none\Study\Other\Robot\RTS
#        team\Robocon-FourFoot-2025\Code\Speed\EWARM\zhukongv2\Obj\Camera.o"
#        "F:\none\Study\Other\Robot\RTS
#        team\Robocon-FourFoot-2025\Code\Speed\EWARM\zhukongv2\Obj\can.o"
#        "F:\none\Study\Other\Robot\RTS
#        team\Robocon-FourFoot-2025\Code\Speed\EWARM\zhukongv2\Obj\cc936.o"
#        "F:\none\Study\Other\Robot\RTS
#        team\Robocon-FourFoot-2025\Code\Speed\EWARM\zhukongv2\Obj\cmsis_os2.o"
#        "F:\none\Study\Other\Robot\RTS
#        team\Robocon-FourFoot-2025\Code\Speed\EWARM\zhukongv2\Obj\croutine.o"
#        "F:\none\Study\Other\Robot\RTS
#        team\Robocon-FourFoot-2025\Code\Speed\EWARM\zhukongv2\Obj\CurvePlan.o"
#        "F:\none\Study\Other\Robot\RTS
#        team\Robocon-FourFoot-2025\Code\Speed\EWARM\zhukongv2\Obj\DeepJ60_can.o"
#        "F:\none\Study\Other\Robot\RTS
#        team\Robocon-FourFoot-2025\Code\Speed\EWARM\zhukongv2\Obj\DeepJ60_Motor.o"
#        "F:\none\Study\Other\Robot\RTS
#        team\Robocon-FourFoot-2025\Code\Speed\EWARM\zhukongv2\Obj\diskio.o"
#        "F:\none\Study\Other\Robot\RTS
#        team\Robocon-FourFoot-2025\Code\Speed\EWARM\zhukongv2\Obj\dma.o"
#        "F:\none\Study\Other\Robot\RTS
#        team\Robocon-FourFoot-2025\Code\Speed\EWARM\zhukongv2\Obj\event_groups.o"
#        "F:\none\Study\Other\Robot\RTS
#        team\Robocon-FourFoot-2025\Code\Speed\EWARM\zhukongv2\Obj\fatfs.o"
#        "F:\none\Study\Other\Robot\RTS
#        team\Robocon-FourFoot-2025\Code\Speed\EWARM\zhukongv2\Obj\ff.o"
#        "F:\none\Study\Other\Robot\RTS
#        team\Robocon-FourFoot-2025\Code\Speed\EWARM\zhukongv2\Obj\ff_gen_drv.o"
#        "F:\none\Study\Other\Robot\RTS
#        team\Robocon-FourFoot-2025\Code\Speed\EWARM\zhukongv2\Obj\foot_attitude_calculation.o"
#        "F:\none\Study\Other\Robot\RTS
#        team\Robocon-FourFoot-2025\Code\Speed\EWARM\zhukongv2\Obj\freertos.o"
#        "F:\none\Study\Other\Robot\RTS
#        team\Robocon-FourFoot-2025\Code\Speed\EWARM\zhukongv2\Obj\GaitController.o"
#        "F:\none\Study\Other\Robot\RTS
#        team\Robocon-FourFoot-2025\Code\Speed\EWARM\zhukongv2\Obj\gpio.o"
#        "F:\none\Study\Other\Robot\RTS
#        team\Robocon-FourFoot-2025\Code\Speed\EWARM\zhukongv2\Obj\Handle.o"
#        "F:\none\Study\Other\Robot\RTS
#        team\Robocon-FourFoot-2025\Code\Speed\EWARM\zhukongv2\Obj\heap_4.o"
#        "F:\none\Study\Other\Robot\RTS
#        team\Robocon-FourFoot-2025\Code\Speed\EWARM\zhukongv2\Obj\imu.o"
#        "F:\none\Study\Other\Robot\RTS
#        team\Robocon-FourFoot-2025\Code\Speed\EWARM\zhukongv2\Obj\KinematicSolution.o"
#        "F:\none\Study\Other\Robot\RTS
#        team\Robocon-FourFoot-2025\Code\Speed\EWARM\zhukongv2\Obj\list.o"
#        "F:\none\Study\Other\Robot\RTS
#        team\Robocon-FourFoot-2025\Code\Speed\EWARM\zhukongv2\Obj\LogSystem.o"
#        "F:\none\Study\Other\Robot\RTS
#        team\Robocon-FourFoot-2025\Code\Speed\EWARM\zhukongv2\Obj\main.o"
#        "F:\none\Study\Other\Robot\RTS
#        team\Robocon-FourFoot-2025\Code\Speed\EWARM\zhukongv2\Obj\nrf.o"
#        "F:\none\Study\Other\Robot\RTS
#        team\Robocon-FourFoot-2025\Code\Speed\EWARM\zhukongv2\Obj\port.o"
#        "F:\none\Study\Other\Robot\RTS
#        team\Robocon-FourFoot-2025\Code\Speed\EWARM\zhukongv2\Obj\portasm.o"
#        "F:\none\Study\Other\Robot\RTS
#        team\Robocon-FourFoot-2025\Code\Speed\EWARM\zhukongv2\Obj\queue.o"
#        "F:\none\Study\Other\Robot\RTS
#        team\Robocon-FourFoot-2025\Code\Speed\EWARM\zhukongv2\Obj\sd_diskio.o"
#        "F:\none\Study\Other\Robot\RTS
#        team\Robocon-FourFoot-2025\Code\Speed\EWARM\zhukongv2\Obj\sdio.o"
#        "F:\none\Study\Other\Robot\RTS
#        team\Robocon-FourFoot-2025\Code\Speed\EWARM\zhukongv2\Obj\spi.o"
#        "F:\none\Study\Other\Robot\RTS
#        team\Robocon-FourFoot-2025\Code\Speed\EWARM\zhukongv2\Obj\startup_stm32f427xx.o"
#        "F:\none\Study\Other\Robot\RTS
#        team\Robocon-FourFoot-2025\Code\Speed\EWARM\zhukongv2\Obj\stm32f4xx_hal.o"
#        "F:\none\Study\Other\Robot\RTS
#        team\Robocon-FourFoot-2025\Code\Speed\EWARM\zhukongv2\Obj\stm32f4xx_hal_can.o"
#        "F:\none\Study\Other\Robot\RTS
#        team\Robocon-FourFoot-2025\Code\Speed\EWARM\zhukongv2\Obj\stm32f4xx_hal_cortex.o"
#        "F:\none\Study\Other\Robot\RTS
#        team\Robocon-FourFoot-2025\Code\Speed\EWARM\zhukongv2\Obj\stm32f4xx_hal_dma.o"
#        "F:\none\Study\Other\Robot\RTS
#        team\Robocon-FourFoot-2025\Code\Speed\EWARM\zhukongv2\Obj\stm32f4xx_hal_dma_ex.o"
#        "F:\none\Study\Other\Robot\RTS
#        team\Robocon-FourFoot-2025\Code\Speed\EWARM\zhukongv2\Obj\stm32f4xx_hal_exti.o"
#        "F:\none\Study\Other\Robot\RTS
#        team\Robocon-FourFoot-2025\Code\Speed\EWARM\zhukongv2\Obj\stm32f4xx_hal_flash.o"
#        "F:\none\Study\Other\Robot\RTS
#        team\Robocon-FourFoot-2025\Code\Speed\EWARM\zhukongv2\Obj\stm32f4xx_hal_flash_ex.o"
#        "F:\none\Study\Other\Robot\RTS
#        team\Robocon-FourFoot-2025\Code\Speed\EWARM\zhukongv2\Obj\stm32f4xx_hal_flash_ramfunc.o"
#        "F:\none\Study\Other\Robot\RTS
#        team\Robocon-FourFoot-2025\Code\Speed\EWARM\zhukongv2\Obj\stm32f4xx_hal_gpio.o"
#        "F:\none\Study\Other\Robot\RTS
#        team\Robocon-FourFoot-2025\Code\Speed\EWARM\zhukongv2\Obj\stm32f4xx_hal_msp.o"
#        "F:\none\Study\Other\Robot\RTS
#        team\Robocon-FourFoot-2025\Code\Speed\EWARM\zhukongv2\Obj\stm32f4xx_hal_pwr.o"
#        "F:\none\Study\Other\Robot\RTS
#        team\Robocon-FourFoot-2025\Code\Speed\EWARM\zhukongv2\Obj\stm32f4xx_hal_pwr_ex.o"
#        "F:\none\Study\Other\Robot\RTS
#        team\Robocon-FourFoot-2025\Code\Speed\EWARM\zhukongv2\Obj\stm32f4xx_hal_rcc.o"
#        "F:\none\Study\Other\Robot\RTS
#        team\Robocon-FourFoot-2025\Code\Speed\EWARM\zhukongv2\Obj\stm32f4xx_hal_rcc_ex.o"
#        "F:\none\Study\Other\Robot\RTS
#        team\Robocon-FourFoot-2025\Code\Speed\EWARM\zhukongv2\Obj\stm32f4xx_hal_sd.o"
#        "F:\none\Study\Other\Robot\RTS
#        team\Robocon-FourFoot-2025\Code\Speed\EWARM\zhukongv2\Obj\stm32f4xx_hal_spi.o"
#        "F:\none\Study\Other\Robot\RTS
#        team\Robocon-FourFoot-2025\Code\Speed\EWARM\zhukongv2\Obj\stm32f4xx_hal_tim.o"
#        "F:\none\Study\Other\Robot\RTS
#        team\Robocon-FourFoot-2025\Code\Speed\EWARM\zhukongv2\Obj\stm32f4xx_hal_tim_ex.o"
#        "F:\none\Study\Other\Robot\RTS
#        team\Robocon-FourFoot-2025\Code\Speed\EWARM\zhukongv2\Obj\stm32f4xx_hal_uart.o"
#        "F:\none\Study\Other\Robot\RTS
#        team\Robocon-FourFoot-2025\Code\Speed\EWARM\zhukongv2\Obj\stm32f4xx_it.o"
#        "F:\none\Study\Other\Robot\RTS
#        team\Robocon-FourFoot-2025\Code\Speed\EWARM\zhukongv2\Obj\stm32f4xx_ll_sdmmc.o"
#        "F:\none\Study\Other\Robot\RTS
#        team\Robocon-FourFoot-2025\Code\Speed\EWARM\zhukongv2\Obj\stream_buffer.o"
#        "F:\none\Study\Other\Robot\RTS
#        team\Robocon-FourFoot-2025\Code\Speed\EWARM\zhukongv2\Obj\syscall.o"
#        "F:\none\Study\Other\Robot\RTS
#        team\Robocon-FourFoot-2025\Code\Speed\EWARM\zhukongv2\Obj\system_stm32f4xx.o"
#        "F:\none\Study\Other\Robot\RTS
#        team\Robocon-FourFoot-2025\Code\Speed\EWARM\zhukongv2\Obj\tasks.o"
#        "F:\none\Study\Other\Robot\RTS
#        team\Robocon-FourFoot-2025\Code\Speed\EWARM\zhukongv2\Obj\tim.o"
#        "F:\none\Study\Other\Robot\RTS
#        team\Robocon-FourFoot-2025\Code\Speed\EWARM\zhukongv2\Obj\timers.o"
#        "F:\none\Study\Other\Robot\RTS
#        team\Robocon-FourFoot-2025\Code\Speed\EWARM\zhukongv2\Obj\usart.o"
#        "F:\none\Study\Other\Robot\RTS
#        team\Robocon-FourFoot-2025\Code\Speed\EWARM\zhukongv2\Obj\user_diskio.o"
#        --no_out_extension -o "F:\none\Study\Other\Robot\RTS
#        team\Robocon-FourFoot-2025\Code\Speed\EWARM\zhukongv2\Exe\zhukongv2.out"
#        --redirect _Printf=_PrintfFullNoMb --redirect _Scanf=_ScanfFullNoMb
#        --map "F:\none\Study\Other\Robot\RTS
#        team\Robocon-FourFoot-2025\Code\Speed\EWARM\zhukongv2\List\zhukongv2.map"
#        --config "F:\none\Study\Other\Robot\RTS
#        team\Robocon-FourFoot-2025\Code\Speed\EWARM/stm32f427xx_flash.icf"
#        --semihosting --entry __iar_program_start --vfe --text_out locale)
#
###############################################################################

*******************************************************************************
*** RUNTIME MODEL ATTRIBUTES
***

CppFlavor       = *
__SystemLibrary = DLib
__dlib_version  = 6


*******************************************************************************
*** HEAP SELECTION
***

The basic heap was selected because no calls to memory allocation
functions were found in the application outside of system library
functions, and there are calls to deallocation functions in the
application.


*******************************************************************************
*** PLACEMENT SUMMARY
***

"A0":  place at 0x800'0000 { ro section .intvec };
"P1":  place in [from 0x800'0000 to 0x81f'ffff] { ro };
define block CSTACK with size = 1K, alignment = 8 { };
define block HEAP with size = 512, alignment = 8 { };
"P2":  place in [from 0x2000'0000 to 0x2002'ffff] {
          rw, block CSTACK, block HEAP };
initialize by copy { rw };

  Section            Kind         Address    Size  Object
  -------            ----         -------    ----  ------
"A0":                                       0x1ac
  .intvec            ro code   0x800'0000   0x1ac  startup_stm32f427xx.o [1]
                             - 0x800'01ac   0x1ac

"P1":                                      0xfe4b
  .text              ro code   0x800'01ac  0x4c18  GaitController.o [1]
  .text              ro code   0x800'4dc4    0x1a  U32ToDbl.o [3]
  .text              ro code   0x800'4dde    0x7a  lz77_init_single.o [4]
  .text              ro code   0x800'4e58   0x1a2  DblMul.o [3]
  .text              ro code   0x800'4ffa    0x3a  zero_init3.o [4]
  .text              ro code   0x800'5034    0x68  DblToFlt.o [3]
  .text              ro code   0x800'509c   0x534  stm32f4xx_hal_spi.o [1]
  .text              ro code   0x800'55d0   0x91c  DeepJ60_Motor.o [1]
  .text              ro code   0x800'5eec   0xd14  tasks.o [1]
  .text              ro code   0x800'6c00   0x2b0  KinematicSolution.o [1]
  .text              ro code   0x800'6eb0     0x6  ABImemclr4.o [4]
  .text              ro code   0x800'6eb8    0x48  FltToDbl.o [3]
  .text              ro code   0x800'6f00   0x246  DblDiv.o [3]
  .text              ro code   0x800'7148   0x33c  CurvePlan.o [1]
  .text              ro code   0x800'7484   0x17a  DblAdd.o [3]
  .text              ro code   0x800'7600    0xe2  DblSub.o [3]
  .text              ro code   0x800'76e4    0x2e  DblCmpLe.o [3]
  .text              ro code   0x800'7714    0x2e  DblCmpGe.o [3]
  .text              ro code   0x800'7744    0xa6  ABImemcpy.o [4]
  .text              ro code   0x800'77ec   0x178  spi.o [1]
  .text              ro code   0x800'7964     0xc  stm32f4xx_hal.o [1]
  .text              ro code   0x800'7970   0x548  stm32f4xx_hal_dma.o [1]
  .text              ro code   0x800'7eb8     0x2  stm32f4xx_hal_spi.o [1]
  .text              ro code   0x800'7ebc   0x138  DeepJ60_can.o [1]
  .text              ro code   0x800'7ff4   0x288  heap_4.o [1]
  .text              ro code   0x800'827c    0x66  ABImemset.o [4]
  .text              ro code   0x800'82e2    0x9a  list.o [1]
  .text              ro code   0x800'837c   0x25c  port.o [1]
  .text              ro code   0x800'85d8    0x18  cmsis_os2.o [1]
  .text              ro code   0x800'85f0   0x4d4  timers.o [1]
  .text              ro code   0x800'8ac4  0x1120  freertos.o [1]
  .text              ro code   0x800'9be4   0x102  sqrt.o [3]
  .text              ro code   0x800'9ce8    0x12  math_wrappers64.o [3]
  .text              ro code   0x800'9cfc    0x62  round.o [3]
  .text              ro code   0x800'9d60    0x32  ABImemset48.o [4]
  .text              ro code   0x800'9d94   0x250  main.o [1]
  .text              ro code   0x800'9fe4   0x29c  stm32f4xx_hal_gpio.o [1]
  .text              ro code   0x800'a280   0x15c  stm32f4xx_hal_cortex.o [1]
  .text              ro code   0x800'a3dc   0x7e2  stm32f4xx_hal_can.o [1]
  CODE               ro code   0x800'abc0    0xb0  portasm.o [1]
  .text              ro code   0x800'ac70    0x18  cmsis_os2.o [1]
  .text              ro code   0x800'ac88   0x878  queue.o [1]
  .text              ro code   0x800'b500   0x3d4  cmsis_os2.o [1]
  .text              ro code   0x800'b8d4     0x8  abs.o [2]
  .text              ro code   0x800'b8dc   0x590  stm32f4xx_hal_tim.o [1]
  .text              ro code   0x800'be6c    0xa8  Handle.o [1]
  .text              ro code   0x800'bf14    0x24  Camera.o [1]
  .text              ro code   0x800'bf38    0xc8  acos64.o [3]
  .text              ro code   0x800'c000    0x34  stm32f4xx_hal.o [1]
  .text              ro code   0x800'c034   0x154  gpio.o [1]
  .text              ro code   0x800'c188    0x58  dma.o [1]
  .text              ro code   0x800'c1e0   0x274  can.o [1]
  .text              ro code   0x800'c454    0xc4  tim.o [1]
  .text              ro code   0x800'c518    0xe4  sdio.o [1]
  .text              ro code   0x800'c5fc    0x34  fatfs.o [1]
  .text              ro code   0x800'c630   0x33c  usart.o [1]
  .text              ro code   0x800'c96c    0x28  stm32f4xx_hal.o [1]
  .text              ro code   0x800'c994   0xb5c  stm32f4xx_hal_uart.o [1]
  .text              ro code   0x800'd4f0   0x3ec  stm32f4xx_hal_rcc.o [1]
  .text              ro code   0x800'd8dc    0x7c  stm32f4xx_hal_pwr_ex.o [1]
  .text              ro code   0x800'd958   0x22c  stm32f4xx_hal_rcc.o [1]
  .text              ro code   0x800'db84     0x2  stm32f4xx_hal_can.o [1]
  .text              ro code   0x800'db86     0x2  stm32f4xx_hal_can.o [1]
  .text              ro code   0x800'db88     0x2  stm32f4xx_hal_can.o [1]
  .text              ro code   0x800'db8a     0x2  stm32f4xx_hal_can.o [1]
  .text              ro code   0x800'db8c     0x2  stm32f4xx_hal_can.o [1]
  .text              ro code   0x800'db8e     0x2  stm32f4xx_hal_can.o [1]
  .text              ro code   0x800'db90     0x2  stm32f4xx_hal_can.o [1]
  .text              ro code   0x800'db94   0x120  Callback.o [1]
  .text              ro code   0x800'dcb4     0x2  stm32f4xx_hal_can.o [1]
  .text              ro code   0x800'dcb6     0x2  stm32f4xx_hal_can.o [1]
  .text              ro code   0x800'dcb8     0x2  stm32f4xx_hal_can.o [1]
  .text              ro code   0x800'dcba     0x2  stm32f4xx_hal_can.o [1]
  .text              ro code   0x800'dcbc     0x2  stm32f4xx_hal_can.o [1]
  .text              ro code   0x800'dcbe     0x2  stm32f4xx_hal_tim.o [1]
  .text              ro code   0x800'dcc0     0x2  stm32f4xx_hal_tim.o [1]
  .text              ro code   0x800'dcc2     0x2  stm32f4xx_hal_tim.o [1]
  .text              ro code   0x800'dcc4     0x2  stm32f4xx_hal_tim_ex.o [1]
  .text              ro code   0x800'dcc6     0x2  stm32f4xx_hal_tim.o [1]
  .text              ro code   0x800'dcc8     0x2  stm32f4xx_hal_tim_ex.o [1]
  .text              ro code   0x800'dccc   0x1d0  iar_Atan64.o [3]
  .text              ro code   0x800'de9c    0x4c  stm32f4xx_hal.o [1]
  .text              ro code   0x800'dee8    0x48  stm32f4xx_hal_msp.o [1]
  .text              ro code   0x800'df30    0xac  stm32f4xx_hal_tim_ex.o [1]
  .text              ro code   0x800'dfdc    0x60  ff_gen_drv.o [1]
  .text              ro code   0x800'e03c     0x2  stm32f4xx_hal_uart.o [1]
  .text              ro code   0x800'e03e     0x2  stm32f4xx_hal_uart.o [1]
  .text              ro code   0x800'e040     0x2  stm32f4xx_hal_uart.o [1]
  .text              ro code   0x800'e044   0x230  I64DivMod.o [4]
  .text              ro code   0x800'e274    0x20  DblCmpEq.o [3]
  .text              ro code   0x800'e294     0x2  I64DivZer.o [4]
  .text              ro code   0x800'e298   0xc26  stm32f4xx_hal_sd.o [1]
  .text              ro code   0x800'eec0   0x6d8  stm32f4xx_ll_sdmmc.o [1]
  .text              ro code   0x800'f598     0x2  stm32f4xx_hal_sd.o [1]
  .text              ro code   0x800'f59a    0x20  bsp_driver_sd.o [1]
  .text              ro code   0x800'f5bc   0x22c  sd_diskio.o [1]
  .text              ro code   0x800'f7e8    0x1c  bsp_driver_sd.o [1]
  .text              ro code   0x800'f804    0x20  bsp_driver_sd.o [1]
  .text              ro code   0x800'f824    0x28  bsp_driver_sd.o [1]
  .text              ro code   0x800'f84c    0x28  bsp_driver_sd.o [1]
  .text              ro code   0x800'f874    0x14  bsp_driver_sd.o [1]
  .text              ro code   0x800'f888    0x10  bsp_driver_sd.o [1]
  .text              ro code   0x800'f898    0xc0  stm32f4xx_it.o [1]
  .text              ro code   0x800'f958    0x18  stm32f4xx_hal.o [1]
  .rodata            const     0x800'f970    0x24  freertos.o [1]
  .rodata            const     0x800'f998    0x40  iar_Atan64.o [3]
  .text              ro code   0x800'f9d8    0x38  user_diskio.o [1]
  .text              ro code   0x800'fa10    0x28  data_init.o [4]
  .rodata            const     0x800'fa38    0x24  freertos.o [1]
  .rodata            const     0x800'fa5c    0x24  freertos.o [1]
  .rodata            const     0x800'fa80    0x24  freertos.o [1]
  .rodata            const     0x800'faa4    0x24  freertos.o [1]
  .rodata            const     0x800'fac8    0x24  freertos.o [1]
  .rodata            const     0x800'faec    0x24  freertos.o [1]
  .rodata            const     0x800'fb10    0x24  freertos.o [1]
  .rodata            const     0x800'fb34    0x24  freertos.o [1]
  .rodata            const     0x800'fb58    0x24  freertos.o [1]
  .rodata            const     0x800'fb7c    0x24  freertos.o [1]
  .rodata            const     0x800'fba0    0x24  freertos.o [1]
  .rodata            const     0x800'fbc4    0x24  freertos.o [1]
  .rodata            const     0x800'fbe8    0x24  freertos.o [1]
  .rodata            const     0x800'fc0c    0x24  freertos.o [1]
  .rodata            const     0x800'fc30    0x24  freertos.o [1]
  .text              ro code   0x800'fc54    0x22  fpinit_M.o [3]
  .iar.init_table    const     0x800'fc78    0x20  - Linker created -
  .text              ro code   0x800'fc98    0x1e  cmain.o [4]
  .text              ro code   0x800'fcb6     0x4  low_level_init.o [2]
  .text              ro code   0x800'fcba     0x4  exit.o [2]
  .text              ro code   0x800'fcc0     0xa  cexit.o [4]
  .text              ro code   0x800'fccc    0x14  exit.o [5]
  .rodata            const     0x800'fce0    0x14  sd_diskio.o [1]
  .rodata            const     0x800'fcf4    0x10  freertos.o [1]
  .rodata            const     0x800'fd04    0x10  freertos.o [1]
  .rodata            const     0x800'fd14    0x10  GaitController.o [1]
  .rodata            const     0x800'fd24    0x10  system_stm32f4xx.o [1]
  .text              ro code   0x800'fd34    0x10  startup_stm32f427xx.o [1]
  .text              ro code   0x800'fd44    0x10  system_stm32f4xx.o [1]
  .rodata            const     0x800'fd54     0xc  freertos.o [1]
  .rodata            const     0x800'fd60     0xc  freertos.o [1]
  .rodata            const     0x800'fd6c     0xc  freertos.o [1]
  .rodata            const     0x800'fd78     0xc  freertos.o [1]
  .rodata            const     0x800'fd84     0xc  freertos.o [1]
  .rodata            const     0x800'fd90     0xc  freertos.o [1]
  .rodata            const     0x800'fd9c     0xc  freertos.o [1]
  .rodata            const     0x800'fda8     0xc  freertos.o [1]
  .rodata            const     0x800'fdb4     0xc  freertos.o [1]
  .rodata            const     0x800'fdc0     0xc  freertos.o [1]
  .rodata            const     0x800'fdcc     0xc  freertos.o [1]
  .rodata            const     0x800'fdd8     0xc  freertos.o [1]
  .text              ro code   0x800'fde4     0xc  cstartup_M.o [4]
  .rodata            const     0x800'fdf0     0x8  freertos.o [1]
  .rodata            const     0x800'fdf8     0x8  freertos.o [1]
  .rodata            const     0x800'fe00     0x8  stm32f4xx_hal_dma.o [1]
  .rodata            const     0x800'fe08     0x8  system_stm32f4xx.o [1]
  .rodata            const     0x800'fe10     0x8  tasks.o [1]
  .rodata            const     0x800'fe18     0x8  tim.o [1]
  .rodata            const     0x800'fe20     0x8  timers.o [1]
  .rodata            const     0x800'fe28     0x8  timers.o [1]
  .rodata            const     0x800'fe30     0x4  heap_4.o [1]
  .rodata            const     0x800'fe34     0x4  port.o [1]
  .text              ro code   0x800'fe38     0x4  startup_stm32f427xx.o [1]
  .text              ro code   0x800'fe3c     0x4  startup_stm32f427xx.o [1]
  .text              ro code   0x800'fe40     0x4  startup_stm32f427xx.o [1]
  .text              ro code   0x800'fe44     0x4  startup_stm32f427xx.o [1]
  .text              ro code   0x800'fe48     0x4  startup_stm32f427xx.o [1]
  .text              ro code   0x800'fe4c     0x4  startup_stm32f427xx.o [1]
  .text              ro code   0x800'fe50     0x4  startup_stm32f427xx.o [1]
  .text              ro code   0x800'fe54     0x4  startup_stm32f427xx.o [1]
  .text              ro code   0x800'fe58     0x4  startup_stm32f427xx.o [1]
  .text              ro code   0x800'fe5c     0x4  startup_stm32f427xx.o [1]
  .text              ro code   0x800'fe60     0x4  startup_stm32f427xx.o [1]
  .text              ro code   0x800'fe64     0x4  startup_stm32f427xx.o [1]
  .text              ro code   0x800'fe68     0x4  startup_stm32f427xx.o [1]
  .text              ro code   0x800'fe6c     0x4  startup_stm32f427xx.o [1]
  .text              ro code   0x800'fe70     0x4  startup_stm32f427xx.o [1]
  .text              ro code   0x800'fe74     0x4  startup_stm32f427xx.o [1]
  .text              ro code   0x800'fe78     0x4  startup_stm32f427xx.o [1]
  .text              ro code   0x800'fe7c     0x4  startup_stm32f427xx.o [1]
  .text              ro code   0x800'fe80     0x4  startup_stm32f427xx.o [1]
  .text              ro code   0x800'fe84     0x4  startup_stm32f427xx.o [1]
  .text              ro code   0x800'fe88     0x4  startup_stm32f427xx.o [1]
  .text              ro code   0x800'fe8c     0x4  startup_stm32f427xx.o [1]
  .text              ro code   0x800'fe90     0x4  startup_stm32f427xx.o [1]
  .text              ro code   0x800'fe94     0x4  startup_stm32f427xx.o [1]
  .text              ro code   0x800'fe98     0x4  startup_stm32f427xx.o [1]
  .text              ro code   0x800'fe9c     0x4  startup_stm32f427xx.o [1]
  .text              ro code   0x800'fea0     0x4  startup_stm32f427xx.o [1]
  .text              ro code   0x800'fea4     0x4  startup_stm32f427xx.o [1]
  .text              ro code   0x800'fea8     0x4  startup_stm32f427xx.o [1]
  .text              ro code   0x800'feac     0x4  startup_stm32f427xx.o [1]
  .text              ro code   0x800'feb0     0x4  startup_stm32f427xx.o [1]
  .text              ro code   0x800'feb4     0x4  startup_stm32f427xx.o [1]
  .text              ro code   0x800'feb8     0x4  startup_stm32f427xx.o [1]
  .text              ro code   0x800'febc     0x4  startup_stm32f427xx.o [1]
  .text              ro code   0x800'fec0     0x4  startup_stm32f427xx.o [1]
  .text              ro code   0x800'fec4     0x4  startup_stm32f427xx.o [1]
  .text              ro code   0x800'fec8     0x4  startup_stm32f427xx.o [1]
  .text              ro code   0x800'fecc     0x4  startup_stm32f427xx.o [1]
  .text              ro code   0x800'fed0     0x4  startup_stm32f427xx.o [1]
  .text              ro code   0x800'fed4     0x4  startup_stm32f427xx.o [1]
  .text              ro code   0x800'fed8     0x4  startup_stm32f427xx.o [1]
  .text              ro code   0x800'fedc     0x4  startup_stm32f427xx.o [1]
  .text              ro code   0x800'fee0     0x4  startup_stm32f427xx.o [1]
  .text              ro code   0x800'fee4     0x4  startup_stm32f427xx.o [1]
  .text              ro code   0x800'fee8     0x4  startup_stm32f427xx.o [1]
  .text              ro code   0x800'feec     0x4  startup_stm32f427xx.o [1]
  .text              ro code   0x800'fef0     0x4  startup_stm32f427xx.o [1]
  .text              ro code   0x800'fef4     0x4  startup_stm32f427xx.o [1]
  .text              ro code   0x800'fef8     0x4  startup_stm32f427xx.o [1]
  .text              ro code   0x800'fefc     0x4  startup_stm32f427xx.o [1]
  .text              ro code   0x800'ff00     0x4  startup_stm32f427xx.o [1]
  .text              ro code   0x800'ff04     0x4  startup_stm32f427xx.o [1]
  .text              ro code   0x800'ff08     0x4  startup_stm32f427xx.o [1]
  .text              ro code   0x800'ff0c     0x4  startup_stm32f427xx.o [1]
  .text              ro code   0x800'ff10     0x4  startup_stm32f427xx.o [1]
  .text              ro code   0x800'ff14     0x4  startup_stm32f427xx.o [1]
  .text              ro code   0x800'ff18     0x4  startup_stm32f427xx.o [1]
  .text              ro code   0x800'ff1c     0x4  startup_stm32f427xx.o [1]
  .text              ro code   0x800'ff20     0x4  startup_stm32f427xx.o [1]
  .text              ro code   0x800'ff24     0x4  startup_stm32f427xx.o [1]
  .text              ro code   0x800'ff28     0x4  startup_stm32f427xx.o [1]
  .text              ro code   0x800'ff2c     0x4  startup_stm32f427xx.o [1]
  .text              ro code   0x800'ff30     0x4  startup_stm32f427xx.o [1]
  .text              ro code   0x800'ff34     0x4  startup_stm32f427xx.o [1]
  .text              ro code   0x800'ff38     0x4  startup_stm32f427xx.o [1]
  .text              ro code   0x800'ff3c     0x4  startup_stm32f427xx.o [1]
  .text              ro code   0x800'ff40     0x4  startup_stm32f427xx.o [1]
  .text              ro code   0x800'ff44     0x4  startup_stm32f427xx.o [1]
  .text              ro code   0x800'ff48     0x4  startup_stm32f427xx.o [1]
  .text              ro code   0x800'ff4c     0x4  startup_stm32f427xx.o [1]
  .text              ro code   0x800'ff50     0x4  startup_stm32f427xx.o [1]
  .text              ro code   0x800'ff54     0x4  startup_stm32f427xx.o [1]
  .text              ro code   0x800'ff58     0x4  startup_stm32f427xx.o [1]
  .text              ro code   0x800'ff5c     0x4  startup_stm32f427xx.o [1]
  .text              ro code   0x800'ff60     0x4  startup_stm32f427xx.o [1]
  .text              ro code   0x800'ff64     0x4  startup_stm32f427xx.o [1]
  .rodata            const     0x800'ff68     0x0  zero_init3.o [4]
  .rodata            const     0x800'ff68     0x0  lz77_init_single.o [4]
  Initializer bytes  const     0x800'ff68    0x8f  <for P2-1>
                             - 0x800'fff7  0xfe4b

"P2", part 1 of 3:                          0x517
  P2-1                        0x2000'0000   0x517  <Init block>
    .data            inited   0x2000'0000     0x4  Camera.o [1]
    .data            inited   0x2000'0004     0x4  freertos.o [1]
    .data            inited   0x2000'0008    0x98  GaitController.o [1]
    .data            inited   0x2000'00a0    0x98  GaitController.o [1]
    .data            inited   0x2000'0138    0x94  GaitController.o [1]
    .data            inited   0x2000'01cc    0x94  GaitController.o [1]
    .data            inited   0x2000'0260    0x98  GaitController.o [1]
    .data            inited   0x2000'02f8    0x98  GaitController.o [1]
    .data            inited   0x2000'0390    0x98  GaitController.o [1]
    .data            inited   0x2000'0428    0x98  GaitController.o [1]
    .data            inited   0x2000'04c0     0x4  GaitController.o [1]
    .data            inited   0x2000'04c4     0x4  GaitController.o [1]
    .data            inited   0x2000'04c8     0x4  GaitController.o [1]
    .data            inited   0x2000'04cc    0x10  GaitController.o [1]
    .data            inited   0x2000'04dc    0x10  GaitController.o [1]
    .data            inited   0x2000'04ec     0x4  GaitController.o [1]
    .data            inited   0x2000'04f0     0x4  GaitController.o [1]
    .data            inited   0x2000'04f4     0x4  port.o [1]
    .data            inited   0x2000'04f8     0x4  stm32f4xx_hal.o [1]
    .data            inited   0x2000'04fc     0x4  system_stm32f4xx.o [1]
    .data            inited   0x2000'0500    0x14  user_diskio.o [1]
    .data            inited   0x2000'0514     0x1  sd_diskio.o [1]
    .data            inited   0x2000'0515     0x1  stm32f4xx_hal.o [1]
    .data            inited   0x2000'0516     0x1  user_diskio.o [1]
                            - 0x2000'0517   0x517

"P2", part 2 of 3:                         0x6554
  .bss               zero     0x2000'0518  0x4e20  heap_4.o [1]
  .bss               zero     0x2000'5338   0x460  tasks.o [1]
  .bss               zero     0x2000'5798   0x400  cmsis_os2.o [1]
  .bss               zero     0x2000'5b98   0x240  DeepJ60_Motor.o [1]
  .bss               zero     0x2000'5dd8   0x240  DeepJ60_Motor.o [1]
  .bss               zero     0x2000'6018   0x200  cmsis_os2.o [1]
  .bss               zero     0x2000'6218    0xa0  timers.o [1]
  .bss               zero     0x2000'62b8    0x84  sdio.o [1]
  .bss               zero     0x2000'633c    0x60  usart.o [1]
  .bss               zero     0x2000'639c    0x60  usart.o [1]
  .bss               zero     0x2000'63fc    0x5c  cmsis_os2.o [1]
  .bss               zero     0x2000'6458    0x5c  cmsis_os2.o [1]
  .bss               zero     0x2000'64b4    0x5c  DeepJ60_can.o [1]
  .bss               zero     0x2000'6510    0x58  spi.o [1]
  .bss               zero     0x2000'6568    0x58  spi.o [1]
  .bss               zero     0x2000'65c0    0x50  timers.o [1]
  .bss               zero     0x2000'6610    0x48  tim.o [1]
  .bss               zero     0x2000'6658    0x48  usart.o [1]
  .bss               zero     0x2000'66a0    0x48  usart.o [1]
  .bss               zero     0x2000'66e8    0x48  usart.o [1]
  .bss               zero     0x2000'6730    0x48  usart.o [1]
  .bss               zero     0x2000'6778    0x40  queue.o [1]
  .bss               zero     0x2000'67b8    0x3c  GaitController.o [1]
  .bss               zero     0x2000'67f4    0x28  can.o [1]
  .bss               zero     0x2000'681c    0x28  can.o [1]
  .bss               zero     0x2000'6844    0x20  GaitController.o [1]
  .bss               zero     0x2000'6864    0x20  GaitController.o [1]
  .bss               zero     0x2000'6884    0x20  GaitController.o [1]
  .bss               zero     0x2000'68a4    0x1c  DeepJ60_can.o [1]
  .bss               zero     0x2000'68c0    0x14  tasks.o [1]
  .bss               zero     0x2000'68d4    0x14  tasks.o [1]
  .bss               zero     0x2000'68e8    0x14  tasks.o [1]
  .bss               zero     0x2000'68fc    0x14  tasks.o [1]
  .bss               zero     0x2000'6910    0x14  tasks.o [1]
  .bss               zero     0x2000'6924    0x14  timers.o [1]
  .bss               zero     0x2000'6938    0x14  timers.o [1]
  .bss               zero     0x2000'694c    0x10  ff_gen_drv.o [1]
  .bss               zero     0x2000'695c     0xc  Handle.o [1]
  .bss               zero     0x2000'6968     0x8  Handle.o [1]
  .bss               zero     0x2000'6970     0x8  heap_4.o [1]
  .bss               zero     0x2000'6978     0x4  Camera.o [1]
  .bss               zero     0x2000'697c     0x4  can.o [1]
  .bss               zero     0x2000'6980     0x4  cmsis_os2.o [1]
  .bss               zero     0x2000'6984     0x4  DeepJ60_can.o [1]
  .bss               zero     0x2000'6988     0x4  fatfs.o [1]
  .bss               zero     0x2000'698c     0x4  fatfs.o [1]
  .bss               zero     0x2000'6990     0x4  freertos.o [1]
  .bss               zero     0x2000'6994     0x4  freertos.o [1]
  .bss               zero     0x2000'6998     0x4  freertos.o [1]
  .bss               zero     0x2000'699c     0x4  freertos.o [1]
  .bss               zero     0x2000'69a0     0x4  freertos.o [1]
  .bss               zero     0x2000'69a4     0x4  freertos.o [1]
  .bss               zero     0x2000'69a8     0x4  freertos.o [1]
  .bss               zero     0x2000'69ac     0x4  freertos.o [1]
  .bss               zero     0x2000'69b0     0x4  freertos.o [1]
  .bss               zero     0x2000'69b4     0x4  freertos.o [1]
  .bss               zero     0x2000'69b8     0x4  freertos.o [1]
  .bss               zero     0x2000'69bc     0x4  freertos.o [1]
  .bss               zero     0x2000'69c0     0x4  freertos.o [1]
  .bss               zero     0x2000'69c4     0x4  freertos.o [1]
  .bss               zero     0x2000'69c8     0x4  freertos.o [1]
  .bss               zero     0x2000'69cc     0x4  freertos.o [1]
  .bss               zero     0x2000'69d0     0x4  freertos.o [1]
  .bss               zero     0x2000'69d4     0x4  freertos.o [1]
  .bss               zero     0x2000'69d8     0x4  GaitController.o [1]
  .bss               zero     0x2000'69dc     0x4  GaitController.o [1]
  .bss               zero     0x2000'69e0     0x4  GaitController.o [1]
  .bss               zero     0x2000'69e4     0x4  GaitController.o [1]
  .bss               zero     0x2000'69e8     0x4  heap_4.o [1]
  .bss               zero     0x2000'69ec     0x4  heap_4.o [1]
  .bss               zero     0x2000'69f0     0x4  heap_4.o [1]
  .bss               zero     0x2000'69f4     0x4  heap_4.o [1]
  .bss               zero     0x2000'69f8     0x4  heap_4.o [1]
  .bss               zero     0x2000'69fc     0x4  heap_4.o [1]
  .bss               zero     0x2000'6a00     0x4  main.o [1]
  .bss               zero     0x2000'6a04     0x4  main.o [1]
  .bss               zero     0x2000'6a08     0x4  main.o [1]
  .bss               zero     0x2000'6a0c     0x4  port.o [1]
  .bss               zero     0x2000'6a10     0x4  sd_diskio.o [1]
  .bss               zero     0x2000'6a14     0x4  stm32f4xx_hal.o [1]
  .bss               zero     0x2000'6a18     0x4  tasks.o [1]
  .bss               zero     0x2000'6a1c     0x4  tasks.o [1]
  .bss               zero     0x2000'6a20     0x4  tasks.o [1]
  .bss               zero     0x2000'6a24     0x4  tasks.o [1]
  .bss               zero     0x2000'6a28     0x4  tasks.o [1]
  .bss               zero     0x2000'6a2c     0x4  tasks.o [1]
  .bss               zero     0x2000'6a30     0x4  tasks.o [1]
  .bss               zero     0x2000'6a34     0x4  tasks.o [1]
  .bss               zero     0x2000'6a38     0x4  tasks.o [1]
  .bss               zero     0x2000'6a3c     0x4  tasks.o [1]
  .bss               zero     0x2000'6a40     0x4  tasks.o [1]
  .bss               zero     0x2000'6a44     0x4  tasks.o [1]
  .bss               zero     0x2000'6a48     0x4  tasks.o [1]
  .bss               zero     0x2000'6a4c     0x4  tasks.o [1]
  .bss               zero     0x2000'6a50     0x4  tasks.o [1]
  .bss               zero     0x2000'6a54     0x4  timers.o [1]
  .bss               zero     0x2000'6a58     0x4  timers.o [1]
  .bss               zero     0x2000'6a5c     0x4  timers.o [1]
  .bss               zero     0x2000'6a60     0x4  timers.o [1]
  .bss               zero     0x2000'6a64     0x4  timers.o [1]
  .bss               zero     0x2000'6a68     0x1  fatfs.o [1]
  .bss               zero     0x2000'6a69     0x1  fatfs.o [1]
  .bss               zero     0x2000'6a6a     0x1  port.o [1]
                            - 0x2000'6a6b  0x6553

"P2", part 3 of 3:                          0x400
  CSTACK                      0x2000'6a70   0x400  <Block>
    CSTACK           uninit   0x2000'6a70   0x400  <Block tail>
                            - 0x2000'6e70   0x400

Unused ranges:

         From           To       Size
         ----           --       ----
   0x800'fff7   0x81f'ffff  0x1f'0009
  0x2000'0517  0x2000'0517        0x1
  0x2000'6a6c  0x2000'6a6f        0x4
  0x2000'6e70  0x2002'ffff   0x2'9190


*******************************************************************************
*** INIT TABLE
***

          Address      Size
          -------      ----
Zero (__iar_zero_init3)
    1 destination range, total size 0x6553:
          0x2000'0518  0x6553

Copy/lz77 (__iar_lz77_init_single3)
    1 source range, total size 0x8f (10% of destination):
           0x800'ff68    0x8f
    1 destination range, total size 0x517:
          0x2000'0000   0x517



*******************************************************************************
*** MODULE SUMMARY
***

    Module                  ro code  ro data  rw data
    ------                  -------  -------  -------
command line/config:
    -------------------------------------------------
    Total:

F:\none\Study\Other\Robot\RTS team\Robocon-FourFoot-2025\Code\Speed\EWARM\zhukongv2\Obj: [1]
    Callback.o                  288
    Camera.o                     36                 8
    CurvePlan.o                 828
    DeepJ60_Motor.o           2 332             1 152
    DeepJ60_can.o               312               124
    GaitController.o         19 480      155    1 432
    Handle.o                    168                20
    KinematicSolution.o         688
    bsp_driver_sd.o             208
    can.o                       628                84
    cmsis_os2.o               1 028             1 724
    dma.o                        88
    fatfs.o                      52                10
    ff_gen_drv.o                 96                16
    freertos.o                4 384      768       76
    gpio.o                      340
    heap_4.o                    648        4   20 032
    list.o                      154
    main.o                      592                12
    port.o                      604        4        9
    portasm.o                   176
    queue.o                   2 168                64
    sd_diskio.o                 556       20        5
    sdio.o                      228               132
    spi.o                       376               176
    startup_stm32f427xx.o       748
    stm32f4xx_hal.o             204        1        9
    stm32f4xx_hal_can.o       2 042
    stm32f4xx_hal_cortex.o      348
    stm32f4xx_hal_dma.o       1 352        8
    stm32f4xx_hal_gpio.o        668
    stm32f4xx_hal_msp.o          72
    stm32f4xx_hal_pwr_ex.o      124
    stm32f4xx_hal_rcc.o       1 560
    stm32f4xx_hal_sd.o        3 112
    stm32f4xx_hal_spi.o       1 334
    stm32f4xx_hal_tim.o       1 432
    stm32f4xx_hal_tim_ex.o      176
    stm32f4xx_hal_uart.o      2 914
    stm32f4xx_it.o              192
    stm32f4xx_ll_sdmmc.o      1 752
    system_stm32f4xx.o           16       24        4
    tasks.o                   3 348        8    1 280
    tim.o                       196        8       72
    timers.o                  1 236       16      300
    usart.o                     828               480
    user_diskio.o                56        3       21
    -------------------------------------------------
    Total:                   60 168    1 019   27 242

dl7M_tlf.a: [2]
    abs.o                         8
    exit.o                        4
    low_level_init.o              4
    -------------------------------------------------
    Total:                       16

m7M_tls.a: [3]
    DblAdd.o                    378
    DblCmpEq.o                   32
    DblCmpGe.o                   46
    DblCmpLe.o                   46
    DblDiv.o                    582
    DblMul.o                    418
    DblSub.o                    226
    DblToFlt.o                  104
    FltToDbl.o                   72
    U32ToDbl.o                   26
    acos64.o                    200
    fpinit_M.o                   34
    iar_Atan64.o                464       64
    math_wrappers64.o            18
    round.o                      98
    sqrt.o                      258
    -------------------------------------------------
    Total:                    3 002       64

rt7M_tl.a: [4]
    ABImemclr4.o                  6
    ABImemcpy.o                 166
    ABImemset.o                 102
    ABImemset48.o                50
    I64DivMod.o                 560
    I64DivZer.o                   2
    cexit.o                      10
    cmain.o                      30
    cstartup_M.o                 12
    data_init.o                  40
    lz77_init_single.o          122
    zero_init3.o                 58
    -------------------------------------------------
    Total:                    1 158

shb_l.a: [5]
    exit.o                       20
    -------------------------------------------------
    Total:                       20

    Gaps                         42        6
    Linker created                        32    1 024
-----------------------------------------------------
    Grand Total:             64 406    1 121   28 266


*******************************************************************************
*** ENTRY LIST
***

Entry                       Address    Size  Type      Object
-----                       -------    ----  ----      ------
.iar.init_table$$Base    0x800'fc78           --   Gb  - Linker created -
.iar.init_table$$Limit   0x800'fc98           --   Gb  - Linker created -
?main                    0x800'fc99          Code  Gb  cmain.o [4]
AHBPrescTable            0x800'fd24    0x10  Data  Gb  system_stm32f4xx.o [1]
APBPrescTable            0x800'fe08     0x8  Data  Gb  system_stm32f4xx.o [1]
AnalyseJ60MotorReceiveData_new
                         0x800'5ea9    0x30  Code  Gb  DeepJ60_Motor.o [1]
BSP_SD_GetCardInfo       0x800'f875    0x14  Code  Wk  bsp_driver_sd.o [1]
BSP_SD_GetCardState      0x800'f7e9    0x1c  Code  Wk  bsp_driver_sd.o [1]
BSP_SD_Init              0x800'f805    0x20  Code  Wk  bsp_driver_sd.o [1]
BSP_SD_ReadBlocks_DMA    0x800'f825    0x28  Code  Wk  bsp_driver_sd.o [1]
BSP_SD_ReadCpltCallback
                         0x800'f7c7    0x18  Code  Gb  sd_diskio.o [1]
BSP_SD_WriteBlocks_DMA   0x800'f84d    0x28  Code  Wk  bsp_driver_sd.o [1]
BSP_SD_WriteCpltCallback
                         0x800'f7af    0x18  Code  Gb  sd_diskio.o [1]
BusFault_Handler         0x800'f89f     0x2  Code  Gb  stm32f4xx_it.o [1]
CAN1_FilterConfig        0x800'c3bf    0x38  Code  Gb  can.o [1]
CAN1_RX0_IRQHandler      0x800'f8c3     0xa  Code  Gb  stm32f4xx_it.o [1]
CAN1_RX1_IRQHandler      0x800'f8cd     0xa  Code  Gb  stm32f4xx_it.o [1]
CAN2_FilterConfig        0x800'c3f7    0x38  Code  Gb  can.o [1]
CAN2_RX0_IRQHandler      0x800'f909     0xa  Code  Gb  stm32f4xx_it.o [1]
CAN2_RX1_IRQHandler      0x800'f913     0xa  Code  Gb  stm32f4xx_it.o [1]
CSTACK$$Base            0x2000'6a70           --   Gb  - Linker created -
CSTACK$$Limit           0x2000'6e70           --   Gb  - Linker created -
Can                     0x2000'64b4    0x5c  Data  Gb  DeepJ60_can.o [1]
CanDataToRealData        0x800'7ee7    0x2a  Code  Gb  DeepJ60_can.o [1]
CanRxInformation        0x2000'68a4    0x1c  Data  Gb  DeepJ60_can.o [1]
Can_Receive_new          0x800'7fc3    0x20  Code  Gb  DeepJ60_can.o [1]
Can_Send                 0x800'7f11    0xb2  Code  Gb  DeepJ60_can.o [1]
CheckRxData              0x800'be6d    0x74  Code  Gb  Handle.o [1]
CompareCommand           0x800'befb    0x1a  Code  Gb  Handle.o [1]
DMA1_Stream1_IRQHandler
                         0x800'f8b9     0xa  Code  Gb  stm32f4xx_it.o [1]
DMA2_Stream1_IRQHandler
                         0x800'f8ff     0xa  Code  Gb  stm32f4xx_it.o [1]
DMA_CalcBaseAndBitshift
                         0x800'7ddd    0x30  Code  Lc  stm32f4xx_hal_dma.o [1]
DMA_CalcBaseAndBitshift::flagBitshiftOffset
                         0x800'fe00     0x8  Data  Lc  stm32f4xx_hal_dma.o [1]
DMA_CheckFifoParam       0x800'7e1d    0x9c  Code  Lc  stm32f4xx_hal_dma.o [1]
DMA_SetConfig            0x800'7daf    0x2e  Code  Lc  stm32f4xx_hal_dma.o [1]
DebugMon_Handler         0x800'f8a3     0x2  Code  Gb  stm32f4xx_it.o [1]
EnableJ60Motor           0x800'5881    0x3c  Code  Gb  DeepJ60_Motor.o [1]
Error_Handler            0x800'9fe1     0x4  Code  Gb  main.o [1]
FATFS_LinkDriver         0x800'e025    0x12  Code  Gb  ff_gen_drv.o [1]
FATFS_LinkDriverEx       0x800'dfdd    0x48  Code  Gb  ff_gen_drv.o [1]
GetJ60MotorCanID         0x800'586d     0xe  Code  Gb  DeepJ60_Motor.o [1]
HAL_CAN_ActivateNotification
                         0x800'a967    0x34  Code  Gb  stm32f4xx_hal_can.o [1]
HAL_CAN_AddTxMessage     0x800'a6d1   0x126  Code  Gb  stm32f4xx_hal_can.o [1]
HAL_CAN_ConfigFilter     0x800'a549   0x128  Code  Gb  stm32f4xx_hal_can.o [1]
HAL_CAN_GetRxMessage     0x800'a7f7   0x170  Code  Gb  stm32f4xx_hal_can.o [1]
HAL_CAN_IRQHandler       0x800'a99b   0x224  Code  Gb  stm32f4xx_hal_can.o [1]
HAL_CAN_Init             0x800'a3dd   0x16c  Code  Gb  stm32f4xx_hal_can.o [1]
HAL_CAN_MspInit          0x800'c291   0x12e  Code  Gb  can.o [1]
HAL_CAN_RxFifo0MsgPendingCallback
                         0x800'db95    0x34  Code  Gb  Callback.o [1]
HAL_CAN_Start            0x800'a671    0x5c  Code  Gb  stm32f4xx_hal_can.o [1]
HAL_DMA_Abort            0x800'7adf    0x9c  Code  Gb  stm32f4xx_hal_dma.o [1]
HAL_DMA_Abort_IT         0x800'7b7b    0x28  Code  Gb  stm32f4xx_hal_dma.o [1]
HAL_DMA_GetError         0x800'7dab     0x4  Code  Gb  stm32f4xx_hal_dma.o [1]
HAL_DMA_IRQHandler       0x800'7ba3   0x208  Code  Gb  stm32f4xx_hal_dma.o [1]
HAL_DMA_Init             0x800'7971    0xe2  Code  Gb  stm32f4xx_hal_dma.o [1]
HAL_DMA_Start_IT         0x800'7a53    0x8c  Code  Gb  stm32f4xx_hal_dma.o [1]
HAL_Delay                0x800'c96d    0x28  Code  Wk  stm32f4xx_hal.o [1]
HAL_GPIO_Init            0x800'9fe5   0x240  Code  Gb  stm32f4xx_hal_gpio.o [1]
HAL_GPIO_WritePin        0x800'a225    0x1a  Code  Gb  stm32f4xx_hal_gpio.o [1]
HAL_GetTick              0x800'7965     0xc  Code  Wk  stm32f4xx_hal.o [1]
HAL_IncTick              0x800'f959    0x18  Code  Wk  stm32f4xx_hal.o [1]
HAL_Init                 0x800'c001    0x30  Code  Gb  stm32f4xx_hal.o [1]
HAL_InitTick             0x800'de9d    0x4c  Code  Wk  stm32f4xx_hal.o [1]
HAL_MspInit              0x800'dee9    0x48  Code  Gb  stm32f4xx_hal_msp.o [1]
HAL_NVIC_EnableIRQ       0x800'a3a3     0xe  Code  Gb  stm32f4xx_hal_cortex.o [1]
HAL_NVIC_SetPriority     0x800'a379    0x2a  Code  Gb  stm32f4xx_hal_cortex.o [1]
HAL_NVIC_SetPriorityGrouping
                         0x800'a36d     0xc  Code  Gb  stm32f4xx_hal_cortex.o [1]
HAL_PWREx_EnableOverDrive
                         0x800'd8dd    0x6a  Code  Gb  stm32f4xx_hal_pwr_ex.o [1]
HAL_RCC_CAN1_CLK_ENABLED
                        0x2000'697c     0x4  Data  Lc  can.o [1]
HAL_RCC_ClockConfig      0x800'd959   0x140  Code  Gb  stm32f4xx_hal_rcc.o [1]
HAL_RCC_GetHCLKFreq      0x800'da99     0x6  Code  Gb  stm32f4xx_hal_rcc.o [1]
HAL_RCC_GetPCLK1Freq     0x800'da9f    0x16  Code  Gb  stm32f4xx_hal_rcc.o [1]
HAL_RCC_GetPCLK2Freq     0x800'dab5    0x16  Code  Gb  stm32f4xx_hal_rcc.o [1]
HAL_RCC_OscConfig        0x800'd4f1   0x3ec  Code  Wk  stm32f4xx_hal_rcc.o [1]
HAL_SD_AbortCallback     0x800'f59b     0xa  Code  Gb  bsp_driver_sd.o [1]
HAL_SD_GetCardCSD        0x800'e835   0x1f4  Code  Gb  stm32f4xx_hal_sd.o [1]
HAL_SD_GetCardInfo       0x800'ea29    0x26  Code  Gb  stm32f4xx_hal_sd.o [1]
HAL_SD_GetCardState      0x800'ea4f    0x24  Code  Gb  stm32f4xx_hal_sd.o [1]
HAL_SD_IRQHandler        0x800'e661   0x1d4  Code  Gb  stm32f4xx_hal_sd.o [1]
HAL_SD_Init              0x800'e299    0x44  Code  Gb  stm32f4xx_hal_sd.o [1]
HAL_SD_InitCard          0x800'e2dd    0xbe  Code  Gb  stm32f4xx_hal_sd.o [1]
HAL_SD_MspInit           0x800'c539    0xaa  Code  Gb  sdio.o [1]
HAL_SD_ReadBlocks_DMA    0x800'e39b   0x15a  Code  Gb  stm32f4xx_hal_sd.o [1]
HAL_SD_RxCpltCallback    0x800'f5af     0xa  Code  Gb  bsp_driver_sd.o [1]
HAL_SD_TxCpltCallback    0x800'f5a5     0xa  Code  Gb  bsp_driver_sd.o [1]
HAL_SD_WriteBlocks_DMA   0x800'e4f5   0x162  Code  Gb  stm32f4xx_hal_sd.o [1]
HAL_SPI_IRQHandler       0x800'532b   0x128  Code  Gb  stm32f4xx_hal_spi.o [1]
HAL_SPI_Init             0x800'509d    0xce  Code  Gb  stm32f4xx_hal_spi.o [1]
HAL_SPI_MspInit          0x800'7873    0xce  Code  Gb  spi.o [1]
HAL_SPI_Transmit         0x800'516b   0x1c0  Code  Gb  stm32f4xx_hal_spi.o [1]
HAL_SYSTICK_Config       0x800'a3b1     0xc  Code  Gb  stm32f4xx_hal_cortex.o [1]
HAL_TIMEx_BreakCallback
                         0x800'dcc5     0x2  Code  Wk  stm32f4xx_hal_tim_ex.o [1]
HAL_TIMEx_CommutCallback
                         0x800'dcc9     0x2  Code  Wk  stm32f4xx_hal_tim_ex.o [1]
HAL_TIMEx_MasterConfigSynchronization
                         0x800'df31    0x8e  Code  Gb  stm32f4xx_hal_tim_ex.o [1]
HAL_TIM_Base_Start_IT    0x800'b8dd    0x9a  Code  Gb  stm32f4xx_hal_tim.o [1]
HAL_TIM_Base_Stop_IT     0x800'b977    0x3c  Code  Gb  stm32f4xx_hal_tim.o [1]
HAL_TIM_IRQHandler       0x800'ba3d   0x13e  Code  Gb  stm32f4xx_hal_tim.o [1]
HAL_TIM_OC_ConfigChannel
                         0x800'bb7b    0x68  Code  Gb  stm32f4xx_hal_tim.o [1]
HAL_TIM_OC_Init          0x800'b9b3    0x6e  Code  Gb  stm32f4xx_hal_tim.o [1]
HAL_TIM_OC_MspInit       0x800'c4d5    0x36  Code  Gb  tim.o [1]
HAL_TIM_PeriodElapsedCallback
                         0x800'dc41    0x30  Code  Gb  Callback.o [1]
HAL_UARTEx_ReceiveToIdle_DMA
                         0x800'ca45    0x82  Code  Gb  stm32f4xx_hal_uart.o [1]
HAL_UARTEx_RxEventCallback
                         0x800'dbc9    0x60  Code  Gb  Callback.o [1]
HAL_UART_IRQHandler      0x800'cac7   0x2d4  Code  Gb  stm32f4xx_hal_uart.o [1]
HAL_UART_Init            0x800'c995    0x7a  Code  Gb  stm32f4xx_hal_uart.o [1]
HAL_UART_MspInit         0x800'c705   0x220  Code  Gb  usart.o [1]
HAL_UART_Receive_IT      0x800'ca0f    0x36  Code  Gb  stm32f4xx_hal_uart.o [1]
HAL_UART_RxCpltCallback
                         0x800'dc29    0x18  Code  Gb  Callback.o [1]
HardFault_Handler        0x800'f89b     0x2  Code  Gb  stm32f4xx_it.o [1]
HorizontalMove_FSM       0x800'483d   0x554  Code  Gb  GaitController.o [1]
IK_leg                   0x800'6c01   0x294  Code  Gb  KinematicSolution.o [1]
J60MotorConfigToSendCanData
                         0x800'5789    0x28  Code  Gb  DeepJ60_Motor.o [1]
J60MotorDataToSendCanData
                         0x800'5839    0x34  Code  Gb  DeepJ60_Motor.o [1]
J60MotorMotionDataToSendCanData
                         0x800'56c9    0xae  Code  Gb  DeepJ60_Motor.o [1]
J60Motor_CAN1           0x2000'5b98   0x240  Data  Gb  DeepJ60_Motor.o [1]
J60Motor_CAN2           0x2000'5dd8   0x240  Data  Gb  DeepJ60_Motor.o [1]
J60Motor_StandUpData_CAN1
                        0x2000'04cc    0x10  Data  Gb  GaitController.o [1]
J60Motor_StandUpData_CAN2
                        0x2000'04dc    0x10  Data  Gb  GaitController.o [1]
JumpForwardHandle       0x2000'69b8     0x4  Data  Gb  freertos.o [1]
JumpForwardTask          0x800'9485    0x7e  Code  Gb  freertos.o [1]
JumpForward_FSM          0x800'1eb9   0x55c  Code  Gb  GaitController.o [1]
JumpForward_attributes   0x800'fb34    0x24  Data  Gb  freertos.o [1]
JumpUpHandle            0x2000'69b4     0x4  Data  Gb  freertos.o [1]
JumpUpTask               0x800'9405    0x80  Code  Gb  freertos.o [1]
JumpUp_FSM               0x800'15e1   0x4aa  Code  Gb  GaitController.o [1]
JumpUp_attributes        0x800'fb10    0x24  Data  Gb  freertos.o [1]
KernelState             0x2000'6980     0x4  Data  Lc  cmsis_os2.o [1]
LinePlan                 0x800'743d    0x48  Code  Gb  CurvePlan.o [1]
MX_CAN1_Init             0x800'c1e1    0x58  Code  Gb  can.o [1]
MX_CAN2_Init             0x800'c239    0x58  Code  Gb  can.o [1]
MX_DMA_Init              0x800'c189    0x58  Code  Gb  dma.o [1]
MX_FATFS_Init            0x800'c5fd    0x1c  Code  Gb  fatfs.o [1]
MX_FREERTOS_Init         0x800'8acf   0x144  Code  Gb  freertos.o [1]
MX_GPIO_Init             0x800'c035   0x154  Code  Gb  gpio.o [1]
MX_SDIO_SD_Init          0x800'c519    0x20  Code  Gb  sdio.o [1]
MX_SPI2_Init             0x800'77ed    0x40  Code  Gb  spi.o [1]
MX_SPI4_Init             0x800'782d    0x46  Code  Gb  spi.o [1]
MX_TIM2_Init             0x800'c455    0x80  Code  Gb  tim.o [1]
MX_UART7_Init            0x800'c631    0x38  Code  Gb  usart.o [1]
MX_USART2_UART_Init      0x800'c669    0x34  Code  Gb  usart.o [1]
MX_USART3_UART_Init      0x800'c69d    0x34  Code  Gb  usart.o [1]
MX_USART6_UART_Init      0x800'c6d1    0x34  Code  Gb  usart.o [1]
MemManage_Handler        0x800'f89d     0x2  Code  Gb  stm32f4xx_it.o [1]
MoveLeftHandle          0x2000'69ac     0x4  Data  Gb  freertos.o [1]
MoveLeftTask             0x800'920d    0xf8  Code  Gb  freertos.o [1]
MoveLeft_attributes      0x800'fac8    0x24  Data  Gb  freertos.o [1]
MoveRightHandle         0x2000'69b0     0x4  Data  Gb  freertos.o [1]
MoveRightTask            0x800'9309    0xf8  Code  Gb  freertos.o [1]
MoveRight_attributes     0x800'faec    0x24  Data  Gb  freertos.o [1]
NMI_Handler              0x800'f899     0x2  Code  Gb  stm32f4xx_it.o [1]
NVIC_EncodePriority      0x800'a2fd    0x40  Code  Lc  stm32f4xx_hal_cortex.o [1]
NotifyActionHandle      0x2000'69d0     0x4  Data  Gb  freertos.o [1]
NotifyActionTask         0x800'984d   0x2f6  Code  Gb  freertos.o [1]
NotifyAction_attributes
                         0x800'fc0c    0x24  Data  Gb  freertos.o [1]
ParseCameraHandle       0x2000'69d4     0x4  Data  Gb  freertos.o [1]
ParseCameraTask          0x800'9b43    0x1e  Code  Gb  freertos.o [1]
ParseCamera_attributes   0x800'fc30    0x24  Data  Gb  freertos.o [1]
ParseHandle              0x800'bee1    0x1a  Code  Gb  Handle.o [1]
ParseHandleHandle       0x2000'69c8     0x4  Data  Gb  freertos.o [1]
ParseHandleTask          0x800'9795    0x8c  Code  Gb  freertos.o [1]
ParseHandle_attributes   0x800'fbc4    0x24  Data  Gb  freertos.o [1]
ParseIMUHandle          0x2000'69cc     0x4  Data  Gb  freertos.o [1]
ParseIMUTask             0x800'9841     0xc  Code  Gb  freertos.o [1]
ParseIMU_attributes      0x800'fbe8    0x24  Data  Gb  freertos.o [1]
PendSV_Handler           0x800'abc1          Code  Gb  portasm.o [1]
RealDataToCanData        0x800'7ebd    0x2a  Code  Gb  DeepJ60_can.o [1]
ReceiveCanDataToJ60MotorConfig
                         0x800'57b1    0x28  Code  Gb  DeepJ60_Motor.o [1]
ReceiveCanDataToJ60MotorData_new
                         0x800'5e51    0x58  Code  Gb  DeepJ60_Motor.o [1]
ReceiveCanDataToJ60MotorMotionData_new
                         0x800'5d4d    0xfe  Code  Gb  DeepJ60_Motor.o [1]
ReceiveCommandStatusToJ60MotorCommandStatus
                         0x800'57d9     0x6  Code  Gb  DeepJ60_Motor.o [1]
ReceiveStatusWordToJ60MotorStatusWord
                         0x800'57df    0x5a  Code  Gb  DeepJ60_Motor.o [1]
Region$$Table$$Base      0x800'fc78           --   Gb  - Linker created -
Region$$Table$$Limit     0x800'fc98           --   Gb  - Linker created -
RotateLeftHandle        0x2000'69a4     0x4  Data  Gb  freertos.o [1]
RotateLeftTask           0x800'90c9    0x9c  Code  Gb  freertos.o [1]
RotateLeft_attributes    0x800'fa80    0x24  Data  Gb  freertos.o [1]
RotateRightHandle       0x2000'69a8     0x4  Data  Gb  freertos.o [1]
RotateRightTask          0x800'9169    0x9a  Code  Gb  freertos.o [1]
RotateRight_attributes   0x800'faa4    0x24  Data  Gb  freertos.o [1]
Rotate_FSM               0x800'1041   0x4b4  Code  Gb  GaitController.o [1]
RunJ60Motor              0x800'5c11   0x13a  Code  Gb  DeepJ60_Motor.o [1]
RunJ60MotorKdMode        0x800'5a01    0x62  Code  Gb  DeepJ60_Motor.o [1]
RunJ60MotorPositionMode
                         0x800'58c9    0x6a  Code  Gb  DeepJ60_Motor.o [1]
RunJ60MotorPositionTorqueMode
                         0x800'5abd    0x6e  Code  Gb  DeepJ60_Motor.o [1]
RunJ60MotorPositonVelocityTorqueMode
                         0x800'5b9d    0x72  Code  Gb  DeepJ60_Motor.o [1]
RunJ60MotorTorqueMode    0x800'599d    0x62  Code  Gb  DeepJ60_Motor.o [1]
RunJ60MotorVelocityMode
                         0x800'5935    0x66  Code  Gb  DeepJ60_Motor.o [1]
RunJ60MotorVelocityTorqueMode
                         0x800'5b2d    0x6a  Code  Gb  DeepJ60_Motor.o [1]
RunJ60MotorZeroTorqueMode
                         0x800'5a65    0x56  Code  Gb  DeepJ60_Motor.o [1]
SDIO_ConfigData          0x800'ef51    0x2e  Code  Gb  stm32f4xx_ll_sdmmc.o [1]
SDIO_GetCommandResponse
                         0x800'ef3f     0x6  Code  Gb  stm32f4xx_ll_sdmmc.o [1]
SDIO_GetPowerState       0x800'ef0d     0x8  Code  Gb  stm32f4xx_ll_sdmmc.o [1]
SDIO_GetResponse         0x800'ef45     0xc  Code  Gb  stm32f4xx_ll_sdmmc.o [1]
SDIO_IRQHandler          0x800'f8f5     0xa  Code  Gb  stm32f4xx_it.o [1]
SDIO_Init                0x800'eec1    0x30  Code  Gb  stm32f4xx_ll_sdmmc.o [1]
SDIO_PowerState_ON       0x800'ef03     0xa  Code  Gb  stm32f4xx_ll_sdmmc.o [1]
SDIO_ReadFIFO            0x800'eef1     0x6  Code  Gb  stm32f4xx_ll_sdmmc.o [1]
SDIO_SendCommand         0x800'ef15    0x2a  Code  Gb  stm32f4xx_ll_sdmmc.o [1]
SDIO_WriteFIFO           0x800'eef7     0xc  Code  Gb  stm32f4xx_ll_sdmmc.o [1]
SDMMC_CmdAppCommand      0x800'f14b    0x34  Code  Gb  stm32f4xx_ll_sdmmc.o [1]
SDMMC_CmdAppOperCommand
                         0x800'f17f    0x34  Code  Gb  stm32f4xx_ll_sdmmc.o [1]
SDMMC_CmdBlockLength     0x800'ef7f    0x34  Code  Gb  stm32f4xx_ll_sdmmc.o [1]
SDMMC_CmdGoIdleState     0x800'f0ed    0x2e  Code  Gb  stm32f4xx_ll_sdmmc.o [1]
SDMMC_CmdOperCond        0x800'f11b    0x30  Code  Gb  stm32f4xx_ll_sdmmc.o [1]
SDMMC_CmdReadMultiBlock
                         0x800'efe7    0x34  Code  Gb  stm32f4xx_ll_sdmmc.o [1]
SDMMC_CmdReadSingleBlock
                         0x800'efb3    0x34  Code  Gb  stm32f4xx_ll_sdmmc.o [1]
SDMMC_CmdSelDesel        0x800'f0b7    0x36  Code  Gb  stm32f4xx_ll_sdmmc.o [1]
SDMMC_CmdSendCID         0x800'f1b3    0x2e  Code  Gb  stm32f4xx_ll_sdmmc.o [1]
SDMMC_CmdSendCSD         0x800'f1e1    0x2e  Code  Gb  stm32f4xx_ll_sdmmc.o [1]
SDMMC_CmdSendStatus      0x800'f243    0x34  Code  Gb  stm32f4xx_ll_sdmmc.o [1]
SDMMC_CmdSetRelAdd       0x800'f20f    0x34  Code  Gb  stm32f4xx_ll_sdmmc.o [1]
SDMMC_CmdStopTransfer    0x800'f083    0x34  Code  Gb  stm32f4xx_ll_sdmmc.o [1]
SDMMC_CmdWriteMultiBlock
                         0x800'f04f    0x34  Code  Gb  stm32f4xx_ll_sdmmc.o [1]
SDMMC_CmdWriteSingleBlock
                         0x800'f01b    0x34  Code  Gb  stm32f4xx_ll_sdmmc.o [1]
SDMMC_GetCmdError        0x800'f551    0x32  Code  Lc  stm32f4xx_ll_sdmmc.o [1]
SDMMC_GetCmdResp1        0x800'f277   0x13a  Code  Gb  stm32f4xx_ll_sdmmc.o [1]
SDMMC_GetCmdResp2        0x800'f3b1    0x56  Code  Gb  stm32f4xx_ll_sdmmc.o [1]
SDMMC_GetCmdResp3        0x800'f407    0x48  Code  Gb  stm32f4xx_ll_sdmmc.o [1]
SDMMC_GetCmdResp6        0x800'f44f    0xa6  Code  Gb  stm32f4xx_ll_sdmmc.o [1]
SDMMC_GetCmdResp7        0x800'f4f5    0x5c  Code  Gb  stm32f4xx_ll_sdmmc.o [1]
SDPath                  0x2000'6988     0x4  Data  Gb  fatfs.o [1]
SDQueueID               0x2000'6a10     0x4  Data  Lc  sd_diskio.o [1]
SD_CheckStatus           0x800'f5e3    0x1e  Code  Lc  sd_diskio.o [1]
SD_CheckStatusWithTimeout
                         0x800'f5bd    0x26  Code  Lc  sd_diskio.o [1]
SD_DMAError              0x800'ead1    0x88  Code  Lc  stm32f4xx_hal_sd.o [1]
SD_DMAReceiveCplt        0x800'ea85    0x4a  Code  Lc  stm32f4xx_hal_sd.o [1]
SD_DMARxAbort            0x800'eba9    0x4a  Code  Lc  stm32f4xx_hal_sd.o [1]
SD_DMATransmitCplt       0x800'ea75    0x10  Code  Lc  stm32f4xx_hal_sd.o [1]
SD_DMATxAbort            0x800'eb5d    0x4a  Code  Lc  stm32f4xx_hal_sd.o [1]
SD_Driver                0x800'fce0    0x14  Data  Gb  sd_diskio.o [1]
SD_InitCard              0x800'ebf3   0x10a  Code  Lc  stm32f4xx_hal_sd.o [1]
SD_PowerON               0x800'ecfd    0xcc  Code  Lc  stm32f4xx_hal_sd.o [1]
SD_Read_IT               0x800'ee0f    0x58  Code  Lc  stm32f4xx_hal_sd.o [1]
SD_SendStatus            0x800'eddd    0x32  Code  Lc  stm32f4xx_hal_sd.o [1]
SD_Write_IT              0x800'ee67    0x58  Code  Lc  stm32f4xx_hal_sd.o [1]
SD_initialize            0x800'f601    0x50  Code  Gb  sd_diskio.o [1]
SD_ioctl                 0x800'f74b    0x64  Code  Gb  sd_diskio.o [1]
SD_read                  0x800'f65f    0x7a  Code  Gb  sd_diskio.o [1]
SD_status                0x800'f651     0xe  Code  Gb  sd_diskio.o [1]
SD_write                 0x800'f6d9    0x72  Code  Gb  sd_diskio.o [1]
SPI4_IRQHandler          0x800'f927     0xa  Code  Gb  stm32f4xx_it.o [1]
SPI_DMAAbortOnError      0x800'5455    0x16  Code  Lc  stm32f4xx_hal_spi.o [1]
SPI_EndRxTxTransaction   0x800'5547    0x7c  Code  Lc  stm32f4xx_hal_spi.o [1]
SPI_WaitFlagStateUntilTimeout
                         0x800'546d    0xda  Code  Lc  stm32f4xx_hal_spi.o [1]
SVC_Handler              0x800'ac19          Code  Gb  portasm.o [1]
SVC_Setup                0x800'b531     0xe  Code  Lc  cmsis_os2.o [1]
SetJumpForwardBezierControlPoints0
                         0x800'1a99   0x15c  Code  Gb  GaitController.o [1]
SetJumpForwardBezierControlPoints1
                         0x800'1c09   0x296  Code  Gb  GaitController.o [1]
SetJumpUpBezierControlPoints
                         0x800'1519    0xc6  Code  Gb  GaitController.o [1]
SetMotionCommand         0x800'5673    0x4e  Code  Gb  DeepJ60_Motor.o [1]
SetMotionParameters      0x800'55d1    0xa2  Code  Gb  DeepJ60_Motor.o [1]
SetMotor                 0x800'01ad   0x20e  Code  Gb  GaitController.o [1]
SetMoveBezierControlPoints
                         0x800'445d   0x3be  Code  Gb  GaitController.o [1]
SetNormalCommand         0x800'56c1     0x8  Code  Gb  DeepJ60_Motor.o [1]
SetRotateBezierControlPoints
                         0x800'0d65   0x2c2  Code  Gb  GaitController.o [1]
SetThreeOrderBezierControlPoints
                         0x800'7149    0x22  Code  Gb  CurvePlan.o [1]
SetThreeOrderBezierPeriod
                         0x800'716b     0x6  Code  Gb  CurvePlan.o [1]
SetTrotBezierControlPoints
                         0x800'050d   0x306  Code  Gb  GaitController.o [1]
SetTurnBezierControlPoints
                         0x800'2431   0x334  Code  Gb  GaitController.o [1]
SetWalkSlopeBezierControlPoints
                         0x800'2f65   0x39a  Code  Gb  GaitController.o [1]
SetWalk_LR_SlopeBezierControlPoints
                         0x800'3aa9   0x31c  Code  Gb  GaitController.o [1]
Stand                    0x800'03bd   0x148  Code  Gb  GaitController.o [1]
StandHandle             0x2000'69c4     0x4  Data  Gb  freertos.o [1]
StandTask                0x800'96d9    0x8e  Code  Gb  freertos.o [1]
Stand_attributes         0x800'fba0    0x24  Data  Gb  freertos.o [1]
Stand_on_LR_slope        0x800'39a5    0xce  Code  Gb  GaitController.o [1]
Stand_on_slope           0x800'2e91    0xb8  Code  Gb  GaitController.o [1]
StartDefaultTask         0x800'8c15     0xc  Code  Gb  freertos.o [1]
Stat                    0x2000'0514     0x1  Data  Lc  sd_diskio.o [1]
Stat                    0x2000'0516     0x1  Data  Lc  user_diskio.o [1]
SysTick_Config           0x800'a33d    0x30  Code  Lc  stm32f4xx_hal_cortex.o [1]
SysTick_Handler          0x800'f8a5    0x14  Code  Gb  stm32f4xx_it.o [1]
SystemClock_Config       0x800'9efb    0xae  Code  Gb  main.o [1]
SystemCoreClock         0x2000'04fc     0x4  Data  Gb  system_stm32f4xx.o [1]
SystemInit               0x800'fd45     0xc  Code  Gb  system_stm32f4xx.o [1]
TIM2_IRQHandler          0x800'f8d7     0xa  Code  Gb  stm32f4xx_it.o [1]
TIM_Base_SetConfig       0x800'bbe3    0xd2  Code  Gb  stm32f4xx_hal_tim.o [1]
TIM_OC1_SetConfig        0x800'bcb5    0x64  Code  Lc  stm32f4xx_hal_tim.o [1]
TIM_OC2_SetConfig        0x800'bd19    0x6e  Code  Gb  stm32f4xx_hal_tim.o [1]
TIM_OC3_SetConfig        0x800'bd89    0x6c  Code  Lc  stm32f4xx_hal_tim.o [1]
TIM_OC4_SetConfig        0x800'bdf5    0x4c  Code  Lc  stm32f4xx_hal_tim.o [1]
TaskHandle              0x2000'6990     0x4  Data  Gb  freertos.o [1]
ThreeOrderBezierPlan     0x800'7171   0x2c0  Code  Gb  CurvePlan.o [1]
Torque                  0x2000'6884    0x20  Data  Gb  GaitController.o [1]
TrotBackHandle          0x2000'69a0     0x4  Data  Gb  freertos.o [1]
TrotBackTask             0x800'8fe5    0xe2  Code  Gb  freertos.o [1]
TrotBack_attributes      0x800'fa5c    0x24  Data  Gb  freertos.o [1]
TrotForwardHandle       0x2000'699c     0x4  Data  Gb  freertos.o [1]
TrotForwardTask          0x800'8c21   0x3be  Code  Gb  freertos.o [1]
TrotForward_attributes   0x800'fa38    0x24  Data  Gb  freertos.o [1]
Trot_FSM                 0x800'081d   0x51e  Code  Gb  GaitController.o [1]
Turn_FSM                 0x800'2781   0x700  Code  Gb  GaitController.o [1]
TxMailBox               0x2000'6984     0x4  Data  Gb  DeepJ60_can.o [1]
UART_DMAAbortOnError     0x800'd049    0x16  Code  Lc  stm32f4xx_hal_uart.o [1]
UART_DMAError            0x800'ce6b    0x58  Code  Lc  stm32f4xx_hal_uart.o [1]
UART_DMAReceiveCplt      0x800'cd9b    0xaa  Code  Lc  stm32f4xx_hal_uart.o [1]
UART_DMARxHalfCplt       0x800'ce45    0x26  Code  Lc  stm32f4xx_hal_uart.o [1]
UART_EndRxTransfer       0x800'cfe1    0x66  Code  Lc  stm32f4xx_hal_uart.o [1]
UART_EndTransmit_IT      0x800'd0c7    0x20  Code  Lc  stm32f4xx_hal_uart.o [1]
UART_EndTxTransfer       0x800'cfbd    0x24  Code  Lc  stm32f4xx_hal_uart.o [1]
UART_Receive_IT          0x800'd0e7    0xf6  Code  Lc  stm32f4xx_hal_uart.o [1]
UART_SetConfig           0x800'd1dd   0x2fc  Code  Lc  stm32f4xx_hal_uart.o [1]
UART_Start_Receive_DMA   0x800'cf07    0xb6  Code  Gb  stm32f4xx_hal_uart.o [1]
UART_Start_Receive_IT    0x800'cec3    0x44  Code  Gb  stm32f4xx_hal_uart.o [1]
UART_Transmit_IT         0x800'd061    0x66  Code  Lc  stm32f4xx_hal_uart.o [1]
USART2_IRQHandler        0x800'f8e1     0xa  Code  Gb  stm32f4xx_it.o [1]
USART3_IRQHandler        0x800'f8eb     0xa  Code  Gb  stm32f4xx_it.o [1]
USART6_IRQHandler        0x800'f91d     0xa  Code  Gb  stm32f4xx_it.o [1]
USERPath                0x2000'698c     0x4  Data  Gb  fatfs.o [1]
USER_Driver             0x2000'0500    0x14  Data  Gb  user_diskio.o [1]
USER_initialize          0x800'f9d9     0xc  Code  Gb  user_diskio.o [1]
USER_ioctl               0x800'fa09     0x8  Code  Gb  user_diskio.o [1]
USER_read                0x800'f9f5     0xa  Code  Gb  user_diskio.o [1]
USER_status              0x800'f9e5     0xc  Code  Gb  user_diskio.o [1]
USER_write               0x800'f9ff     0xa  Code  Gb  user_diskio.o [1]
UsageFault_Handler       0x800'f8a1     0x2  Code  Gb  stm32f4xx_it.o [1]
Velocity                0x2000'6864    0x20  Data  Gb  GaitController.o [1]
WalkSlopeHandle         0x2000'69bc     0x4  Data  Gb  freertos.o [1]
WalkSlopeLRTask          0x800'961d    0x9a  Code  Gb  freertos.o [1]
WalkSlopeTask            0x800'9535    0x9a  Code  Gb  freertos.o [1]
WalkSlope_FSM            0x800'3321   0x680  Code  Gb  GaitController.o [1]
WalkSlope_LRHandle      0x2000'69c0     0x4  Data  Gb  freertos.o [1]
WalkSlope_LR_FSM         0x800'3dfd   0x650  Code  Gb  GaitController.o [1]
WalkSlope_LR_attributes
                         0x800'fb7c    0x24  Data  Gb  freertos.o [1]
WalkSlope_attributes     0x800'fb58    0x24  Data  Gb  freertos.o [1]
__NVIC_EnableIRQ         0x800'a2b1    0x20  Code  Lc  stm32f4xx_hal_cortex.o [1]
__NVIC_GetPriorityGrouping
                         0x800'a2a3     0xc  Code  Lc  stm32f4xx_hal_cortex.o [1]
__NVIC_SetPriority       0x800'b501    0x30  Code  Lc  cmsis_os2.o [1]
__NVIC_SetPriority       0x800'a2d1    0x2c  Code  Lc  stm32f4xx_hal_cortex.o [1]
__NVIC_SetPriorityGrouping
                         0x800'a281    0x22  Code  Lc  stm32f4xx_hal_cortex.o [1]
__aeabi_cdcmpeq          0x800'e275          Code  Gb  DblCmpEq.o [3]
__aeabi_cdcmple          0x800'76e5          Code  Gb  DblCmpLe.o [3]
__aeabi_cdrcmple         0x800'7715          Code  Gb  DblCmpGe.o [3]
__aeabi_d2f              0x800'5035          Code  Gb  DblToFlt.o [3]
__aeabi_dadd             0x800'7485          Code  Gb  DblAdd.o [3]
__aeabi_ddiv             0x800'6f01          Code  Gb  DblDiv.o [3]
__aeabi_dmul             0x800'4e59          Code  Gb  DblMul.o [3]
__aeabi_dsub             0x800'7601          Code  Gb  DblSub.o [3]
__aeabi_f2d              0x800'6eb9          Code  Gb  FltToDbl.o [3]
__aeabi_ldiv0            0x800'e295          Code  Gb  I64DivZer.o [4]
__aeabi_memclr4          0x800'6eb1          Code  Gb  ABImemclr4.o [4]
__aeabi_memcpy           0x800'7745          Code  Gb  ABImemcpy.o [4]
__aeabi_memcpy4          0x800'7765          Code  Gb  ABImemcpy.o [4]
__aeabi_memcpy8          0x800'7765          Code  Gb  ABImemcpy.o [4]
__aeabi_memset           0x800'827d          Code  Gb  ABImemset.o [4]
__aeabi_ui2d             0x800'4dc5          Code  Gb  U32ToDbl.o [3]
__aeabi_uldivmod         0x800'e045          Code  Gb  I64DivMod.o [4]
__cmain                  0x800'fc99          Code  Gb  cmain.o [4]
__exit                   0x800'fccd    0x14  Code  Gb  exit.o [5]
__iar_Atan64             0x800'dccd   0x1d0  Code  Gb  iar_Atan64.o [3]
__iar_Memset             0x800'827d          Code  Gb  ABImemset.o [4]
__iar_Memset4_word       0x800'9d61          Code  Gb  ABImemset48.o [4]
__iar_Memset8_word       0x800'9d61          Code  Gb  ABImemset48.o [4]
__iar_Memset_word        0x800'8285          Code  Gb  ABImemset.o [4]
__iar_acos64             0x800'bf39    0xc8  Code  Gb  acos64.o [3]
__iar_dadd               0x800'7611          Code  Gb  DblSub.o [3]
__iar_data_init3         0x800'fa11    0x28  Code  Gb  data_init.o [4]
__iar_dsub               0x800'7495          Code  Gb  DblAdd.o [3]
__iar_dsubStart          0x800'74a7          Code  Gb  DblAdd.o [3]
__iar_init_vfp           0x800'fc55          Code  Gb  fpinit_M.o [3]
__iar_lz77_init_single3
                         0x800'4ddf    0x7a  Code  Gb  lz77_init_single.o [4]
__iar_program_start      0x800'fde5          Code  Gb  cstartup_M.o [4]
__iar_round64            0x800'9d0d          Code  Gb  round.o [3]
__iar_sqrt64             0x800'9bf5          Code  Gb  sqrt.o [3]
__iar_vfp___iar_round64
                         0x800'9cfd          Code  Gb  round.o [3]
__iar_vfp___iar_sqrt64   0x800'9be5          Code  Gb  sqrt.o [3]
__iar_vfp_acos           0x800'9cef     0xc  Code  Gb  math_wrappers64.o [3]
__iar_vfp_round          0x800'9cfd          Code  Gb  round.o [3]
__iar_vfp_roundl         0x800'9cfd          Code  Gb  round.o [3]
__iar_vfp_sqrt           0x800'9be5          Code  Gb  sqrt.o [3]
__iar_vfp_sqrtl          0x800'9be5          Code  Gb  sqrt.o [3]
__iar_zero_init3         0x800'4ffb    0x3a  Code  Gb  zero_init3.o [4]
__low_level_init         0x800'fcb7     0x4  Code  Gb  low_level_init.o [2]
__vector_table           0x800'0000          Data  Gb  startup_stm32f427xx.o [1]
_call_main               0x800'fca5          Code  Gb  cmain.o [4]
_exit                    0x800'fcc1          Code  Gb  cexit.o [4]
_main                    0x800'fcb3          Code  Gb  cmain.o [4]
a                        0x800'f998    0x40  Data  Lc  iar_Atan64.o [3]
abs                      0x800'b8d5     0x8  Code  Gb  abs.o [2]
acos                     0x800'bf39    0xc8  Code  Gb  acos64.o [3]
acosl                    0x800'bf39    0xc8  Code  Gb  acos64.o [3]
angle                   0x2000'6844    0x20  Data  Gb  GaitController.o [1]
camera_queue            0x2000'6a08     0x4  Data  Gb  main.o [1]
check_rx_bytes           0x800'bf15    0x16  Code  Gb  Camera.o [1]
cmd_queue               0x2000'6a00     0x4  Data  Gb  main.o [1]
defaultTaskHandle       0x2000'6998     0x4  Data  Gb  freertos.o [1]
defaultTask_attributes   0x800'f970    0x24  Data  Gb  freertos.o [1]
disk                    0x2000'694c    0x10  Data  Gb  ff_gen_drv.o [1]
dma_buffer              0x2000'695c     0xc  Data  Gb  Handle.o [1]
exit                     0x800'fcbb     0x4  Code  Gb  exit.o [2]
handle_command          0x2000'6968     0x8  Data  Gb  Handle.o [1]
hcan1                   0x2000'67f4    0x28  Data  Gb  can.o [1]
hcan2                   0x2000'681c    0x28  Data  Gb  can.o [1]
hdma_usart3_rx          0x2000'633c    0x60  Data  Gb  usart.o [1]
hdma_usart6_rx          0x2000'639c    0x60  Data  Gb  usart.o [1]
hsd                     0x2000'62b8    0x84  Data  Gb  sdio.o [1]
hspi2                   0x2000'6510    0x58  Data  Gb  spi.o [1]
hspi4                   0x2000'6568    0x58  Data  Gb  spi.o [1]
htim2                   0x2000'6610    0x48  Data  Gb  tim.o [1]
huart2                  0x2000'66a0    0x48  Data  Gb  usart.o [1]
huart3                  0x2000'66e8    0x48  Data  Gb  usart.o [1]
huart6                  0x2000'6730    0x48  Data  Gb  usart.o [1]
huart7                  0x2000'6658    0x48  Data  Gb  usart.o [1]
imu_queue               0x2000'6a04     0x4  Data  Gb  main.o [1]
isSlope                 0x2000'69e0     0x4  Data  Gb  GaitController.o [1]
isStop                  0x2000'69e4     0x4  Data  Gb  GaitController.o [1]
is_stack_overflow       0x2000'6994     0x4  Data  Gb  freertos.o [1]
jump_forward_controller
                        0x2000'01cc    0x94  Data  Gb  GaitController.o [1]
jump_up_controller      0x2000'0138    0x94  Data  Gb  GaitController.o [1]
left_length             0x2000'04ec     0x4  Data  Gb  GaitController.o [1]
main                     0x800'9d95   0x166  Code  Gb  main.o [1]
mid_value               0x2000'0000     0x4  Data  Gb  Camera.o [1]
move_controller         0x2000'0428    0x98  Data  Gb  GaitController.o [1]
osDelay                  0x800'b6b7    0x22  Code  Gb  cmsis_os2.o [1]
osKernelGetState         0x800'b565    0x28  Code  Gb  cmsis_os2.o [1]
osKernelGetTickCount     0x800'b5bd    0x16  Code  Gb  cmsis_os2.o [1]
osKernelInitialize       0x800'b53f    0x26  Code  Gb  cmsis_os2.o [1]
osKernelStart            0x800'b58d    0x30  Code  Gb  cmsis_os2.o [1]
osMessageQueueGet        0x800'b837    0x98  Code  Gb  cmsis_os2.o [1]
osMessageQueueNew        0x800'b6e5    0xb6  Code  Gb  cmsis_os2.o [1]
osMessageQueuePut        0x800'b79b    0x9c  Code  Gb  cmsis_os2.o [1]
osThreadNew              0x800'b5d3    0xe4  Code  Gb  cmsis_os2.o [1]
parse_camera_bytes       0x800'bf2b     0x8  Code  Gb  Camera.o [1]
pcInterruptPriorityRegisters
                         0x800'fe34     0x4  Data  Lc  port.o [1]
pre_t                   0x2000'69dc     0x4  Data  Gb  GaitController.o [1]
prvAddCurrentTaskToDelayedList
                         0x800'6b61    0x6c  Code  Lc  tasks.o [1]
prvAddNewTaskToReadyList
                         0x800'60eb    0x9e  Code  Lc  tasks.o [1]
prvCheckForValidListAndQueue
                         0x800'8a49    0x4c  Code  Lc  timers.o [1]
prvCheckForValidListAndQueue{1}{2}{3}{4}::ucStaticTimerQueueStorage
                        0x2000'6218    0xa0  Data  Lc  timers.o [1]
prvCheckForValidListAndQueue{1}{2}{3}{4}::xStaticTimerQueue
                        0x2000'65c0    0x50  Data  Lc  timers.o [1]
prvCheckTasksWaitingTermination
                         0x800'681d    0x3e  Code  Lc  tasks.o [1]
prvCopyDataFromQueue     0x800'b3ad    0x36  Code  Lc  queue.o [1]
prvCopyDataToQueue       0x800'b311    0x9c  Code  Lc  queue.o [1]
prvDeleteTCB             0x800'6861    0x44  Code  Lc  tasks.o [1]
prvGetNextExpireTime     0x800'87db    0x28  Code  Lc  timers.o [1]
prvHeapInit              0x800'8199    0x62  Code  Lc  heap_4.o [1]
prvIdleTask              0x800'67a5    0x24  Code  Lc  tasks.o [1]
prvInitialiseNewQueue    0x800'ae31    0x36  Code  Lc  queue.o [1]
prvInitialiseNewTask     0x800'6005    0xe6  Code  Lc  tasks.o [1]
prvInitialiseTaskLists   0x800'67c9    0x54  Code  Lc  tasks.o [1]
prvInsertBlockIntoFreeList
                         0x800'81fb    0x5e  Code  Lc  heap_4.o [1]
prvInsertTimerInActiveList
                         0x800'882b    0x52  Code  Lc  timers.o [1]
prvIsQueueEmpty          0x800'b451    0x1c  Code  Lc  queue.o [1]
prvIsQueueFull           0x800'b46d    0x1e  Code  Lc  queue.o [1]
prvProcessExpiredTimer   0x800'86df    0x6c  Code  Lc  timers.o [1]
prvProcessReceivedCommands
                         0x800'887d   0x13e  Code  Lc  timers.o [1]
prvProcessTimerOrBlockTask
                         0x800'8767    0x74  Code  Lc  timers.o [1]
prvResetNextTaskUnblockTime
                         0x800'68a5    0x26  Code  Lc  tasks.o [1]
prvSampleTimeNow         0x800'8803    0x28  Code  Lc  timers.o [1]
prvSampleTimeNow::xLastTime
                        0x2000'6a64     0x4  Data  Lc  timers.o [1]
prvSwitchTimerLists      0x800'89bb    0x8e  Code  Lc  timers.o [1]
prvTaskExitError         0x800'83a5    0x2a  Code  Lc  port.o [1]
prvTimerTask             0x800'874d    0x1a  Code  Lc  timers.o [1]
prvUnlockQueue           0x800'b3e3    0x6e  Code  Lc  queue.o [1]
pvPortMalloc             0x800'7ff5   0x128  Code  Gb  heap_4.o [1]
pxCurrentTCB            0x2000'6a18     0x4  Data  Gb  tasks.o [1]
pxCurrentTimerList      0x2000'6a54     0x4  Data  Lc  timers.o [1]
pxDelayedTaskList       0x2000'6a1c     0x4  Data  Lc  tasks.o [1]
pxEnd                   0x2000'69e8     0x4  Data  Lc  heap_4.o [1]
pxOverflowDelayedTaskList
                        0x2000'6a20     0x4  Data  Lc  tasks.o [1]
pxOverflowTimerList     0x2000'6a58     0x4  Data  Lc  timers.o [1]
pxPortInitialiseStack    0x800'837d    0x28  Code  Gb  port.o [1]
pxReadyTasksLists       0x2000'5338   0x460  Data  Lc  tasks.o [1]
retSD                   0x2000'6a68     0x1  Data  Gb  fatfs.o [1]
retUSER                 0x2000'6a69     0x1  Data  Gb  fatfs.o [1]
right_length            0x2000'04f0     0x4  Data  Gb  GaitController.o [1]
robot_height            0x2000'04c0     0x4  Data  Gb  GaitController.o [1]
rotate_controller       0x2000'00a0    0x98  Data  Gb  GaitController.o [1]
round                    0x800'9d0d          Code  Gb  round.o [3]
roundl                   0x800'9d0d          Code  Gb  round.o [3]
rx_bytes                0x2000'6978     0x4  Data  Gb  Camera.o [1]
spi_motor_data          0x2000'67b8    0x3c  Data  Gb  GaitController.o [1]
sqrt                     0x800'9bf5          Code  Gb  sqrt.o [3]
sqrtl                    0x800'9bf5          Code  Gb  sqrt.o [3]
t                       0x2000'69d8     0x4  Data  Gb  GaitController.o [1]
tan_LR_slope_theta      0x2000'04c8     0x4  Data  Gb  GaitController.o [1]
tan_slope_theta         0x2000'04c4     0x4  Data  Gb  GaitController.o [1]
trot_controller         0x2000'0008    0x98  Data  Gb  GaitController.o [1]
trot_length             0x2000'0004     0x4  Data  Gb  freertos.o [1]
turn_controller         0x2000'0260    0x98  Data  Gb  GaitController.o [1]
ucHeap                  0x2000'0518  0x4e20  Data  Lc  heap_4.o [1]
ucMaxSysCallPriority    0x2000'6a6a     0x1  Data  Lc  port.o [1]
ulMaxPRIGROUPValue      0x2000'6a0c     0x4  Data  Lc  port.o [1]
uwTick                  0x2000'6a14     0x4  Data  Gb  stm32f4xx_hal.o [1]
uwTickFreq              0x2000'0515     0x1  Data  Gb  stm32f4xx_hal.o [1]
uwTickPrio              0x2000'04f8     0x4  Data  Gb  stm32f4xx_hal.o [1]
uxCriticalNesting       0x2000'04f4     0x4  Data  Lc  port.o [1]
uxCurrentNumberOfTasks  0x2000'6a28     0x4  Data  Lc  tasks.o [1]
uxDeletedTasksWaitingCleanUp
                        0x2000'6a24     0x4  Data  Lc  tasks.o [1]
uxListRemove             0x800'8355    0x28  Code  Gb  list.o [1]
uxSchedulerSuspended    0x2000'6a50     0x4  Data  Lc  tasks.o [1]
uxTaskNumber            0x2000'6a44     0x4  Data  Lc  tasks.o [1]
uxTopReadyPriority      0x2000'6a30     0x4  Data  Lc  tasks.o [1]
vApplicationGetIdleTaskMemory
                         0x800'85d9    0x18  Code  Wk  cmsis_os2.o [1]
vApplicationGetIdleTaskMemory::Idle_Stack
                        0x2000'6018   0x200  Data  Lc  cmsis_os2.o [1]
vApplicationGetIdleTaskMemory::Idle_TCB
                        0x2000'63fc    0x5c  Data  Lc  cmsis_os2.o [1]
vApplicationGetTimerTaskMemory
                         0x800'ac71    0x18  Code  Wk  cmsis_os2.o [1]
vApplicationGetTimerTaskMemory::Timer_Stack
                        0x2000'5798   0x400  Data  Lc  cmsis_os2.o [1]
vApplicationGetTimerTaskMemory::Timer_TCB
                        0x2000'6458    0x5c  Data  Lc  cmsis_os2.o [1]
vApplicationStackOverflowHook
                         0x800'8ac5     0xa  Code  Gb  freertos.o [1]
vListInitialise          0x800'82e3    0x1e  Code  Gb  list.o [1]
vListInitialiseItem      0x800'8301     0x6  Code  Gb  list.o [1]
vListInsert              0x800'831f    0x36  Code  Gb  list.o [1]
vListInsertEnd           0x800'8307    0x18  Code  Gb  list.o [1]
vPortEnableVFP           0x800'ac55          Code  Gb  portasm.o [1]
vPortEnterCritical       0x800'849d    0x34  Code  Gb  port.o [1]
vPortExitCritical        0x800'84d1    0x2c  Code  Gb  port.o [1]
vPortFree                0x800'811d    0x7c  Code  Gb  heap_4.o [1]
vPortStartFirstTask      0x800'ac35          Code  Gb  portasm.o [1]
vPortValidateInterruptPriority
                         0x800'8525    0x4e  Code  Gb  port.o [1]
vQueueAddToRegistry      0x800'b48b    0x26  Code  Gb  queue.o [1]
vQueueWaitForMessageRestricted
                         0x800'b4b5    0x4c  Code  Gb  queue.o [1]
vTaskDelay               0x800'6237    0x4e  Code  Gb  tasks.o [1]
vTaskDelayUntil          0x800'6189    0xae  Code  Gb  tasks.o [1]
vTaskInternalSetTimeOutState
                         0x800'66f1    0x12  Code  Gb  tasks.o [1]
vTaskMissedYield         0x800'679b     0xa  Code  Gb  tasks.o [1]
vTaskPlaceOnEventList    0x800'65d9    0x34  Code  Gb  tasks.o [1]
vTaskPlaceOnEventListRestricted
                         0x800'661d    0x40  Code  Gb  tasks.o [1]
vTaskStartScheduler      0x800'6285    0x9a  Code  Gb  tasks.o [1]
vTaskSuspendAll          0x800'631f     0xc  Code  Gb  tasks.o [1]
vTaskSwitchContext       0x800'6533    0x9c  Code  Gb  tasks.o [1]
walk_LR_slope_controller
                        0x2000'0390    0x98  Data  Gb  GaitController.o [1]
walk_slope_controller   0x2000'02f8    0x98  Data  Gb  GaitController.o [1]
xActiveTimerList1       0x2000'6924    0x14  Data  Lc  timers.o [1]
xActiveTimerList2       0x2000'6938    0x14  Data  Lc  timers.o [1]
xBlockAllocatedBit      0x2000'69fc     0x4  Data  Lc  heap_4.o [1]
xDelayedTaskList1       0x2000'68c0    0x14  Data  Lc  tasks.o [1]
xDelayedTaskList2       0x2000'68d4    0x14  Data  Lc  tasks.o [1]
xFreeBytesRemaining     0x2000'69ec     0x4  Data  Lc  heap_4.o [1]
xHeapStructSize          0x800'fe30     0x4  Data  Lc  heap_4.o [1]
xIdleTaskHandle         0x2000'6a4c     0x4  Data  Lc  tasks.o [1]
xMinimumEverFreeBytesRemaining
                        0x2000'69f0     0x4  Data  Lc  heap_4.o [1]
xNextTaskUnblockTime    0x2000'6a48     0x4  Data  Lc  tasks.o [1]
xNumOfOverflows         0x2000'6a40     0x4  Data  Lc  tasks.o [1]
xNumberOfSuccessfulAllocations
                        0x2000'69f4     0x4  Data  Lc  heap_4.o [1]
xNumberOfSuccessfulFrees
                        0x2000'69f8     0x4  Data  Lc  heap_4.o [1]
xPendedTicks            0x2000'6a38     0x4  Data  Lc  tasks.o [1]
xPendingReadyList       0x2000'68e8    0x14  Data  Lc  tasks.o [1]
xPortStartScheduler      0x800'83cf    0xce  Code  Gb  port.o [1]
xPortSysTickHandler      0x800'84fd    0x28  Code  Gb  port.o [1]
xQueueGenericCreate      0x800'addf    0x52  Code  Gb  queue.o [1]
xQueueGenericCreateStatic
                         0x800'ad1d    0xc2  Code  Gb  queue.o [1]
xQueueGenericReset       0x800'ac89    0x94  Code  Gb  queue.o [1]
xQueueGenericSend        0x800'ae67   0x1a6  Code  Gb  queue.o [1]
xQueueGenericSendFromISR
                         0x800'b00d    0xe4  Code  Gb  queue.o [1]
xQueueReceive            0x800'b0f1   0x16a  Code  Gb  queue.o [1]
xQueueReceiveFromISR     0x800'b261    0xb0  Code  Gb  queue.o [1]
xQueueRegistry          0x2000'6778    0x40  Data  Gb  queue.o [1]
xSchedulerRunning       0x2000'6a34     0x4  Data  Lc  tasks.o [1]
xStart                  0x2000'6970     0x8  Data  Lc  heap_4.o [1]
xSuspendedTaskList      0x2000'6910    0x14  Data  Lc  tasks.o [1]
xTaskCheckForTimeOut     0x800'670d    0x8e  Code  Gb  tasks.o [1]
xTaskCreate              0x800'5f8b    0x7a  Code  Gb  tasks.o [1]
xTaskCreateStatic        0x800'5eed    0x9e  Code  Gb  tasks.o [1]
xTaskGenericNotify       0x800'6a35   0x11a  Code  Gb  tasks.o [1]
xTaskGetSchedulerState   0x800'68cb    0x20  Code  Gb  tasks.o [1]
xTaskGetTickCount        0x800'6413     0x8  Code  Gb  tasks.o [1]
xTaskGetTickCountFromISR
                         0x800'641b    0x10  Code  Gb  tasks.o [1]
xTaskIncrementTick       0x800'642b   0x108  Code  Gb  tasks.o [1]
xTaskNotifyWait          0x800'6991    0x9a  Code  Gb  tasks.o [1]
xTaskPriorityDisinherit
                         0x800'68f9    0x8e  Code  Gb  tasks.o [1]
xTaskRemoveFromEventList
                         0x800'6665    0x84  Code  Gb  tasks.o [1]
xTaskResumeAll           0x800'632b    0xe8  Code  Gb  tasks.o [1]
xTasksWaitingTermination
                        0x2000'68fc    0x14  Data  Lc  tasks.o [1]
xTickCount              0x2000'6a2c     0x4  Data  Lc  tasks.o [1]
xTimerCreateTimerTask    0x800'85f1    0x6c  Code  Gb  timers.o [1]
xTimerGenericCommand     0x800'865d    0x82  Code  Gb  timers.o [1]
xTimerQueue             0x2000'6a5c     0x4  Data  Lc  timers.o [1]
xTimerTaskHandle        0x2000'6a60     0x4  Data  Lc  timers.o [1]
xYieldPending           0x2000'6a3c     0x4  Data  Lc  tasks.o [1]


[1] = F:\none\Study\Other\Robot\RTS team\Robocon-FourFoot-2025\Code\Speed\EWARM\zhukongv2\Obj
[2] = dl7M_tlf.a
[3] = m7M_tls.a
[4] = rt7M_tl.a
[5] = shb_l.a

  64 406 bytes of readonly  code memory
   1 121 bytes of readonly  data memory
  28 266 bytes of readwrite data memory

Errors: none
Warnings: none
