###############################################################################
#
# IAR ELF Linker V8.32.1.169/W32 for ARM                  05/Jul/2025  01:35:58
# Copyright 2007-2018 IAR Systems AB.
#
#    Output file  =  
#        F:\none\Study\Other\Robot\RTS
#        team\Robocon-FourFoot-2025\Code\Robocon-2025-Code\Speed\EWARM\zhukongv2\Exe\zhukongv2.out
#    Map file     =  
#        F:\none\Study\Other\Robot\RTS
#        team\Robocon-FourFoot-2025\Code\Robocon-2025-Code\Speed\EWARM\zhukongv2\List\zhukongv2.map
#    Command line =  
#        -f C:\Users\86136\AppData\Local\Temp\EW4A49.tmp
#        ("F:\none\Study\Other\Robot\RTS
#        team\Robocon-FourFoot-2025\Code\Robocon-2025-Code\Speed\EWARM\zhukongv2\Obj\bsp_driver_sd.o"
#        "F:\none\Study\Other\Robot\RTS
#        team\Robocon-FourFoot-2025\Code\Robocon-2025-Code\Speed\EWARM\zhukongv2\Obj\Callback.o"
#        "F:\none\Study\Other\Robot\RTS
#        team\Robocon-FourFoot-2025\Code\Robocon-2025-Code\Speed\EWARM\zhukongv2\Obj\Camera.o"
#        "F:\none\Study\Other\Robot\RTS
#        team\Robocon-FourFoot-2025\Code\Robocon-2025-Code\Speed\EWARM\zhukongv2\Obj\can.o"
#        "F:\none\Study\Other\Robot\RTS
#        team\Robocon-FourFoot-2025\Code\Robocon-2025-Code\Speed\EWARM\zhukongv2\Obj\cc936.o"
#        "F:\none\Study\Other\Robot\RTS
#        team\Robocon-FourFoot-2025\Code\Robocon-2025-Code\Speed\EWARM\zhukongv2\Obj\cmsis_os2.o"
#        "F:\none\Study\Other\Robot\RTS
#        team\Robocon-FourFoot-2025\Code\Robocon-2025-Code\Speed\EWARM\zhukongv2\Obj\croutine.o"
#        "F:\none\Study\Other\Robot\RTS
#        team\Robocon-FourFoot-2025\Code\Robocon-2025-Code\Speed\EWARM\zhukongv2\Obj\CurvePlan.o"
#        "F:\none\Study\Other\Robot\RTS
#        team\Robocon-FourFoot-2025\Code\Robocon-2025-Code\Speed\EWARM\zhukongv2\Obj\DeepJ60_can.o"
#        "F:\none\Study\Other\Robot\RTS
#        team\Robocon-FourFoot-2025\Code\Robocon-2025-Code\Speed\EWARM\zhukongv2\Obj\DeepJ60_Motor.o"
#        "F:\none\Study\Other\Robot\RTS
#        team\Robocon-FourFoot-2025\Code\Robocon-2025-Code\Speed\EWARM\zhukongv2\Obj\diskio.o"
#        "F:\none\Study\Other\Robot\RTS
#        team\Robocon-FourFoot-2025\Code\Robocon-2025-Code\Speed\EWARM\zhukongv2\Obj\dma.o"
#        "F:\none\Study\Other\Robot\RTS
#        team\Robocon-FourFoot-2025\Code\Robocon-2025-Code\Speed\EWARM\zhukongv2\Obj\event_groups.o"
#        "F:\none\Study\Other\Robot\RTS
#        team\Robocon-FourFoot-2025\Code\Robocon-2025-Code\Speed\EWARM\zhukongv2\Obj\fatfs.o"
#        "F:\none\Study\Other\Robot\RTS
#        team\Robocon-FourFoot-2025\Code\Robocon-2025-Code\Speed\EWARM\zhukongv2\Obj\ff.o"
#        "F:\none\Study\Other\Robot\RTS
#        team\Robocon-FourFoot-2025\Code\Robocon-2025-Code\Speed\EWARM\zhukongv2\Obj\ff_gen_drv.o"
#        "F:\none\Study\Other\Robot\RTS
#        team\Robocon-FourFoot-2025\Code\Robocon-2025-Code\Speed\EWARM\zhukongv2\Obj\foot_attitude_calculation.o"
#        "F:\none\Study\Other\Robot\RTS
#        team\Robocon-FourFoot-2025\Code\Robocon-2025-Code\Speed\EWARM\zhukongv2\Obj\freertos.o"
#        "F:\none\Study\Other\Robot\RTS
#        team\Robocon-FourFoot-2025\Code\Robocon-2025-Code\Speed\EWARM\zhukongv2\Obj\GaitController.o"
#        "F:\none\Study\Other\Robot\RTS
#        team\Robocon-FourFoot-2025\Code\Robocon-2025-Code\Speed\EWARM\zhukongv2\Obj\gpio.o"
#        "F:\none\Study\Other\Robot\RTS
#        team\Robocon-FourFoot-2025\Code\Robocon-2025-Code\Speed\EWARM\zhukongv2\Obj\Handle.o"
#        "F:\none\Study\Other\Robot\RTS
#        team\Robocon-FourFoot-2025\Code\Robocon-2025-Code\Speed\EWARM\zhukongv2\Obj\heap_4.o"
#        "F:\none\Study\Other\Robot\RTS
#        team\Robocon-FourFoot-2025\Code\Robocon-2025-Code\Speed\EWARM\zhukongv2\Obj\imu.o"
#        "F:\none\Study\Other\Robot\RTS
#        team\Robocon-FourFoot-2025\Code\Robocon-2025-Code\Speed\EWARM\zhukongv2\Obj\KinematicSolution.o"
#        "F:\none\Study\Other\Robot\RTS
#        team\Robocon-FourFoot-2025\Code\Robocon-2025-Code\Speed\EWARM\zhukongv2\Obj\list.o"
#        "F:\none\Study\Other\Robot\RTS
#        team\Robocon-FourFoot-2025\Code\Robocon-2025-Code\Speed\EWARM\zhukongv2\Obj\LogSystem.o"
#        "F:\none\Study\Other\Robot\RTS
#        team\Robocon-FourFoot-2025\Code\Robocon-2025-Code\Speed\EWARM\zhukongv2\Obj\main.o"
#        "F:\none\Study\Other\Robot\RTS
#        team\Robocon-FourFoot-2025\Code\Robocon-2025-Code\Speed\EWARM\zhukongv2\Obj\port.o"
#        "F:\none\Study\Other\Robot\RTS
#        team\Robocon-FourFoot-2025\Code\Robocon-2025-Code\Speed\EWARM\zhukongv2\Obj\portasm.o"
#        "F:\none\Study\Other\Robot\RTS
#        team\Robocon-FourFoot-2025\Code\Robocon-2025-Code\Speed\EWARM\zhukongv2\Obj\queue.o"
#        "F:\none\Study\Other\Robot\RTS
#        team\Robocon-FourFoot-2025\Code\Robocon-2025-Code\Speed\EWARM\zhukongv2\Obj\sd_diskio.o"
#        "F:\none\Study\Other\Robot\RTS
#        team\Robocon-FourFoot-2025\Code\Robocon-2025-Code\Speed\EWARM\zhukongv2\Obj\sdio.o"
#        "F:\none\Study\Other\Robot\RTS
#        team\Robocon-FourFoot-2025\Code\Robocon-2025-Code\Speed\EWARM\zhukongv2\Obj\spi.o"
#        "F:\none\Study\Other\Robot\RTS
#        team\Robocon-FourFoot-2025\Code\Robocon-2025-Code\Speed\EWARM\zhukongv2\Obj\startup_stm32f427xx.o"
#        "F:\none\Study\Other\Robot\RTS
#        team\Robocon-FourFoot-2025\Code\Robocon-2025-Code\Speed\EWARM\zhukongv2\Obj\stm32f4xx_hal.o"
#        "F:\none\Study\Other\Robot\RTS
#        team\Robocon-FourFoot-2025\Code\Robocon-2025-Code\Speed\EWARM\zhukongv2\Obj\stm32f4xx_hal_can.o"
#        "F:\none\Study\Other\Robot\RTS
#        team\Robocon-FourFoot-2025\Code\Robocon-2025-Code\Speed\EWARM\zhukongv2\Obj\stm32f4xx_hal_cortex.o"
#        "F:\none\Study\Other\Robot\RTS
#        team\Robocon-FourFoot-2025\Code\Robocon-2025-Code\Speed\EWARM\zhukongv2\Obj\stm32f4xx_hal_dma.o"
#        "F:\none\Study\Other\Robot\RTS
#        team\Robocon-FourFoot-2025\Code\Robocon-2025-Code\Speed\EWARM\zhukongv2\Obj\stm32f4xx_hal_dma_ex.o"
#        "F:\none\Study\Other\Robot\RTS
#        team\Robocon-FourFoot-2025\Code\Robocon-2025-Code\Speed\EWARM\zhukongv2\Obj\stm32f4xx_hal_exti.o"
#        "F:\none\Study\Other\Robot\RTS
#        team\Robocon-FourFoot-2025\Code\Robocon-2025-Code\Speed\EWARM\zhukongv2\Obj\stm32f4xx_hal_flash.o"
#        "F:\none\Study\Other\Robot\RTS
#        team\Robocon-FourFoot-2025\Code\Robocon-2025-Code\Speed\EWARM\zhukongv2\Obj\stm32f4xx_hal_flash_ex.o"
#        "F:\none\Study\Other\Robot\RTS
#        team\Robocon-FourFoot-2025\Code\Robocon-2025-Code\Speed\EWARM\zhukongv2\Obj\stm32f4xx_hal_flash_ramfunc.o"
#        "F:\none\Study\Other\Robot\RTS
#        team\Robocon-FourFoot-2025\Code\Robocon-2025-Code\Speed\EWARM\zhukongv2\Obj\stm32f4xx_hal_gpio.o"
#        "F:\none\Study\Other\Robot\RTS
#        team\Robocon-FourFoot-2025\Code\Robocon-2025-Code\Speed\EWARM\zhukongv2\Obj\stm32f4xx_hal_msp.o"
#        "F:\none\Study\Other\Robot\RTS
#        team\Robocon-FourFoot-2025\Code\Robocon-2025-Code\Speed\EWARM\zhukongv2\Obj\stm32f4xx_hal_pwr.o"
#        "F:\none\Study\Other\Robot\RTS
#        team\Robocon-FourFoot-2025\Code\Robocon-2025-Code\Speed\EWARM\zhukongv2\Obj\stm32f4xx_hal_pwr_ex.o"
#        "F:\none\Study\Other\Robot\RTS
#        team\Robocon-FourFoot-2025\Code\Robocon-2025-Code\Speed\EWARM\zhukongv2\Obj\stm32f4xx_hal_rcc.o"
#        "F:\none\Study\Other\Robot\RTS
#        team\Robocon-FourFoot-2025\Code\Robocon-2025-Code\Speed\EWARM\zhukongv2\Obj\stm32f4xx_hal_rcc_ex.o"
#        "F:\none\Study\Other\Robot\RTS
#        team\Robocon-FourFoot-2025\Code\Robocon-2025-Code\Speed\EWARM\zhukongv2\Obj\stm32f4xx_hal_sd.o"
#        "F:\none\Study\Other\Robot\RTS
#        team\Robocon-FourFoot-2025\Code\Robocon-2025-Code\Speed\EWARM\zhukongv2\Obj\stm32f4xx_hal_spi.o"
#        "F:\none\Study\Other\Robot\RTS
#        team\Robocon-FourFoot-2025\Code\Robocon-2025-Code\Speed\EWARM\zhukongv2\Obj\stm32f4xx_hal_tim.o"
#        "F:\none\Study\Other\Robot\RTS
#        team\Robocon-FourFoot-2025\Code\Robocon-2025-Code\Speed\EWARM\zhukongv2\Obj\stm32f4xx_hal_tim_ex.o"
#        "F:\none\Study\Other\Robot\RTS
#        team\Robocon-FourFoot-2025\Code\Robocon-2025-Code\Speed\EWARM\zhukongv2\Obj\stm32f4xx_hal_uart.o"
#        "F:\none\Study\Other\Robot\RTS
#        team\Robocon-FourFoot-2025\Code\Robocon-2025-Code\Speed\EWARM\zhukongv2\Obj\stm32f4xx_it.o"
#        "F:\none\Study\Other\Robot\RTS
#        team\Robocon-FourFoot-2025\Code\Robocon-2025-Code\Speed\EWARM\zhukongv2\Obj\stm32f4xx_ll_sdmmc.o"
#        "F:\none\Study\Other\Robot\RTS
#        team\Robocon-FourFoot-2025\Code\Robocon-2025-Code\Speed\EWARM\zhukongv2\Obj\stream_buffer.o"
#        "F:\none\Study\Other\Robot\RTS
#        team\Robocon-FourFoot-2025\Code\Robocon-2025-Code\Speed\EWARM\zhukongv2\Obj\syscall.o"
#        "F:\none\Study\Other\Robot\RTS
#        team\Robocon-FourFoot-2025\Code\Robocon-2025-Code\Speed\EWARM\zhukongv2\Obj\system_stm32f4xx.o"
#        "F:\none\Study\Other\Robot\RTS
#        team\Robocon-FourFoot-2025\Code\Robocon-2025-Code\Speed\EWARM\zhukongv2\Obj\tasks.o"
#        "F:\none\Study\Other\Robot\RTS
#        team\Robocon-FourFoot-2025\Code\Robocon-2025-Code\Speed\EWARM\zhukongv2\Obj\tim.o"
#        "F:\none\Study\Other\Robot\RTS
#        team\Robocon-FourFoot-2025\Code\Robocon-2025-Code\Speed\EWARM\zhukongv2\Obj\timers.o"
#        "F:\none\Study\Other\Robot\RTS
#        team\Robocon-FourFoot-2025\Code\Robocon-2025-Code\Speed\EWARM\zhukongv2\Obj\usart.o"
#        "F:\none\Study\Other\Robot\RTS
#        team\Robocon-FourFoot-2025\Code\Robocon-2025-Code\Speed\EWARM\zhukongv2\Obj\user_diskio.o"
#        --no_out_extension -o "F:\none\Study\Other\Robot\RTS
#        team\Robocon-FourFoot-2025\Code\Robocon-2025-Code\Speed\EWARM\zhukongv2\Exe\zhukongv2.out"
#        --redirect _Printf=_PrintfFullNoMb --redirect _Scanf=_ScanfFullNoMb
#        --map "F:\none\Study\Other\Robot\RTS
#        team\Robocon-FourFoot-2025\Code\Robocon-2025-Code\Speed\EWARM\zhukongv2\List\zhukongv2.map"
#        --config "F:\none\Study\Other\Robot\RTS
#        team\Robocon-FourFoot-2025\Code\Robocon-2025-Code\Speed\EWARM/stm32f427xx_flash.icf"
#        --semihosting --entry __iar_program_start --vfe --text_out locale)
#
###############################################################################

*******************************************************************************
*** RUNTIME MODEL ATTRIBUTES
***

CppFlavor       = *
__SystemLibrary = DLib
__dlib_version  = 6


*******************************************************************************
*** HEAP SELECTION
***

The basic heap was selected because no calls to memory allocation
functions were found in the application outside of system library
functions, and there are calls to deallocation functions in the
application.


*******************************************************************************
*** PLACEMENT SUMMARY
***

"A0":  place at 0x800'0000 { ro section .intvec };
"P1":  place in [from 0x800'0000 to 0x81f'ffff] { ro };
define block CSTACK with size = 1K, alignment = 8 { };
define block HEAP with size = 512, alignment = 8 { };
"P2":  place in [from 0x2000'0000 to 0x2002'ffff] {
          rw, block CSTACK, block HEAP };
initialize by copy { rw };

  Section            Kind         Address    Size  Object
  -------            ----         -------    ----  ------
"A0":                                       0x1ac
  .intvec            ro code   0x800'0000   0x1ac  startup_stm32f427xx.o [1]
                             - 0x800'01ac   0x1ac

"P1":                                      0xfd21
  .text              ro code   0x800'01ac  0x4bc4  GaitController.o [1]
  .text              ro code   0x800'4d70    0x1a  U32ToDbl.o [3]
  .text              ro code   0x800'4d8a    0x7a  lz77_init_single.o [4]
  .text              ro code   0x800'4e04   0x1a2  DblMul.o [3]
  .text              ro code   0x800'4fa6    0x3a  zero_init3.o [4]
  .text              ro code   0x800'4fe0    0x68  DblToFlt.o [3]
  .text              ro code   0x800'5048   0x534  stm32f4xx_hal_spi.o [1]
  .text              ro code   0x800'557c   0x91c  DeepJ60_Motor.o [1]
  .text              ro code   0x800'5e98   0xd14  tasks.o [1]
  .text              ro code   0x800'6bac   0x2b0  KinematicSolution.o [1]
  .text              ro code   0x800'6e5c     0x6  ABImemclr4.o [4]
  .text              ro code   0x800'6e64    0x48  FltToDbl.o [3]
  .text              ro code   0x800'6eac   0x246  DblDiv.o [3]
  .text              ro code   0x800'70f4   0x33c  CurvePlan.o [1]
  .text              ro code   0x800'7430   0x17a  DblAdd.o [3]
  .text              ro code   0x800'75ac    0xe2  DblSub.o [3]
  .text              ro code   0x800'7690    0x2e  DblCmpLe.o [3]
  .text              ro code   0x800'76c0    0x2e  DblCmpGe.o [3]
  .text              ro code   0x800'76f0    0xa6  ABImemcpy.o [4]
  .text              ro code   0x800'7798   0x178  spi.o [1]
  .text              ro code   0x800'7910     0xc  stm32f4xx_hal.o [1]
  .text              ro code   0x800'791c   0x548  stm32f4xx_hal_dma.o [1]
  .text              ro code   0x800'7e64     0x2  stm32f4xx_hal_spi.o [1]
  .text              ro code   0x800'7e68   0x138  DeepJ60_can.o [1]
  .text              ro code   0x800'7fa0   0x288  heap_4.o [1]
  .text              ro code   0x800'8228    0x66  ABImemset.o [4]
  .text              ro code   0x800'828e    0x9a  list.o [1]
  .text              ro code   0x800'8328   0x25c  port.o [1]
  .text              ro code   0x800'8584    0x18  cmsis_os2.o [1]
  .text              ro code   0x800'859c   0x4d4  timers.o [1]
  .text              ro code   0x800'8a70  0x1044  freertos.o [1]
  .text              ro code   0x800'9ab4   0x102  sqrt.o [3]
  .text              ro code   0x800'9bb8    0x12  math_wrappers64.o [3]
  .text              ro code   0x800'9bcc    0x62  round.o [3]
  .text              ro code   0x800'9c30    0x32  ABImemset48.o [4]
  .text              ro code   0x800'9c64   0x250  main.o [1]
  .text              ro code   0x800'9eb4   0x29c  stm32f4xx_hal_gpio.o [1]
  .text              ro code   0x800'a150   0x15c  stm32f4xx_hal_cortex.o [1]
  .text              ro code   0x800'a2ac   0x7e2  stm32f4xx_hal_can.o [1]
  CODE               ro code   0x800'aa90    0xb0  portasm.o [1]
  .text              ro code   0x800'ab40    0x18  cmsis_os2.o [1]
  .text              ro code   0x800'ab58   0x878  queue.o [1]
  .text              ro code   0x800'b3d0   0x3d4  cmsis_os2.o [1]
  .text              ro code   0x800'b7a4     0x8  abs.o [2]
  .text              ro code   0x800'b7ac   0x590  stm32f4xx_hal_tim.o [1]
  .text              ro code   0x800'bd3c    0xa8  Handle.o [1]
  .text              ro code   0x800'bde4    0x30  Camera.o [1]
  .text              ro code   0x800'be14    0xc8  acos64.o [3]
  .text              ro code   0x800'bedc    0x34  stm32f4xx_hal.o [1]
  .text              ro code   0x800'bf10   0x154  gpio.o [1]
  .text              ro code   0x800'c064    0x58  dma.o [1]
  .text              ro code   0x800'c0bc   0x274  can.o [1]
  .text              ro code   0x800'c330    0xc4  tim.o [1]
  .text              ro code   0x800'c3f4    0xe4  sdio.o [1]
  .text              ro code   0x800'c4d8    0x34  fatfs.o [1]
  .text              ro code   0x800'c50c   0x33c  usart.o [1]
  .text              ro code   0x800'c848    0x28  stm32f4xx_hal.o [1]
  .text              ro code   0x800'c870   0xb5c  stm32f4xx_hal_uart.o [1]
  .text              ro code   0x800'd3cc   0x3ec  stm32f4xx_hal_rcc.o [1]
  .text              ro code   0x800'd7b8    0x7c  stm32f4xx_hal_pwr_ex.o [1]
  .text              ro code   0x800'd834   0x22c  stm32f4xx_hal_rcc.o [1]
  .text              ro code   0x800'da60     0x2  stm32f4xx_hal_can.o [1]
  .text              ro code   0x800'da62     0x2  stm32f4xx_hal_can.o [1]
  .text              ro code   0x800'da64     0x2  stm32f4xx_hal_can.o [1]
  .text              ro code   0x800'da66     0x2  stm32f4xx_hal_can.o [1]
  .text              ro code   0x800'da68     0x2  stm32f4xx_hal_can.o [1]
  .text              ro code   0x800'da6a     0x2  stm32f4xx_hal_can.o [1]
  .text              ro code   0x800'da6c     0x2  stm32f4xx_hal_can.o [1]
  .text              ro code   0x800'da70   0x120  Callback.o [1]
  .text              ro code   0x800'db90     0x2  stm32f4xx_hal_can.o [1]
  .text              ro code   0x800'db92     0x2  stm32f4xx_hal_can.o [1]
  .text              ro code   0x800'db94     0x2  stm32f4xx_hal_can.o [1]
  .text              ro code   0x800'db96     0x2  stm32f4xx_hal_can.o [1]
  .text              ro code   0x800'db98     0x2  stm32f4xx_hal_can.o [1]
  .text              ro code   0x800'db9a     0x2  stm32f4xx_hal_tim.o [1]
  .text              ro code   0x800'db9c     0x2  stm32f4xx_hal_tim.o [1]
  .text              ro code   0x800'db9e     0x2  stm32f4xx_hal_tim.o [1]
  .text              ro code   0x800'dba0     0x2  stm32f4xx_hal_tim_ex.o [1]
  .text              ro code   0x800'dba2     0x2  stm32f4xx_hal_tim.o [1]
  .text              ro code   0x800'dba4     0x2  stm32f4xx_hal_tim_ex.o [1]
  .text              ro code   0x800'dba8   0x1d0  iar_Atan64.o [3]
  .text              ro code   0x800'dd78    0x4c  stm32f4xx_hal.o [1]
  .text              ro code   0x800'ddc4    0x48  stm32f4xx_hal_msp.o [1]
  .text              ro code   0x800'de0c    0xac  stm32f4xx_hal_tim_ex.o [1]
  .text              ro code   0x800'deb8    0x60  ff_gen_drv.o [1]
  .text              ro code   0x800'df18     0x2  stm32f4xx_hal_uart.o [1]
  .text              ro code   0x800'df1a     0x2  stm32f4xx_hal_uart.o [1]
  .text              ro code   0x800'df1c     0x2  stm32f4xx_hal_uart.o [1]
  .text              ro code   0x800'df20   0x230  I64DivMod.o [4]
  .text              ro code   0x800'e150    0x20  DblCmpEq.o [3]
  .text              ro code   0x800'e170     0x2  I64DivZer.o [4]
  .text              ro code   0x800'e174   0xc26  stm32f4xx_hal_sd.o [1]
  .text              ro code   0x800'ed9c   0x6d8  stm32f4xx_ll_sdmmc.o [1]
  .text              ro code   0x800'f474     0x2  stm32f4xx_hal_sd.o [1]
  .text              ro code   0x800'f476    0x20  bsp_driver_sd.o [1]
  .text              ro code   0x800'f498   0x22c  sd_diskio.o [1]
  .text              ro code   0x800'f6c4    0x1c  bsp_driver_sd.o [1]
  .text              ro code   0x800'f6e0    0x20  bsp_driver_sd.o [1]
  .text              ro code   0x800'f700    0x28  bsp_driver_sd.o [1]
  .text              ro code   0x800'f728    0x28  bsp_driver_sd.o [1]
  .text              ro code   0x800'f750    0x14  bsp_driver_sd.o [1]
  .text              ro code   0x800'f764    0x10  bsp_driver_sd.o [1]
  .text              ro code   0x800'f774    0xc0  stm32f4xx_it.o [1]
  .text              ro code   0x800'f834    0x18  stm32f4xx_hal.o [1]
  .rodata            const     0x800'f850    0x40  iar_Atan64.o [3]
  .text              ro code   0x800'f890    0x38  user_diskio.o [1]
  .text              ro code   0x800'f8c8    0x28  data_init.o [4]
  .rodata            const     0x800'f8f0    0x24  freertos.o [1]
  .rodata            const     0x800'f914    0x24  freertos.o [1]
  .rodata            const     0x800'f938    0x24  freertos.o [1]
  .rodata            const     0x800'f95c    0x24  freertos.o [1]
  .rodata            const     0x800'f980    0x24  freertos.o [1]
  .rodata            const     0x800'f9a4    0x24  freertos.o [1]
  .rodata            const     0x800'f9c8    0x24  freertos.o [1]
  .rodata            const     0x800'f9ec    0x24  freertos.o [1]
  .rodata            const     0x800'fa10    0x24  freertos.o [1]
  .rodata            const     0x800'fa34    0x24  freertos.o [1]
  .rodata            const     0x800'fa58    0x24  freertos.o [1]
  .rodata            const     0x800'fa7c    0x24  freertos.o [1]
  .rodata            const     0x800'faa0    0x24  freertos.o [1]
  .rodata            const     0x800'fac4    0x24  freertos.o [1]
  .rodata            const     0x800'fae8    0x24  freertos.o [1]
  .rodata            const     0x800'fb0c    0x24  freertos.o [1]
  .text              ro code   0x800'fb30    0x22  fpinit_M.o [3]
  .iar.init_table    const     0x800'fb54    0x20  - Linker created -
  .text              ro code   0x800'fb74    0x1e  cmain.o [4]
  .text              ro code   0x800'fb92     0x4  low_level_init.o [2]
  .text              ro code   0x800'fb96     0x4  exit.o [2]
  .text              ro code   0x800'fb9c     0xa  cexit.o [4]
  .text              ro code   0x800'fba8    0x14  exit.o [5]
  .rodata            const     0x800'fbbc    0x14  sd_diskio.o [1]
  .rodata            const     0x800'fbd0    0x10  freertos.o [1]
  .rodata            const     0x800'fbe0    0x10  freertos.o [1]
  .rodata            const     0x800'fbf0    0x10  GaitController.o [1]
  .rodata            const     0x800'fc00    0x10  system_stm32f4xx.o [1]
  .text              ro code   0x800'fc10    0x10  startup_stm32f427xx.o [1]
  .text              ro code   0x800'fc20    0x10  system_stm32f4xx.o [1]
  .rodata            const     0x800'fc30     0xc  freertos.o [1]
  .rodata            const     0x800'fc3c     0xc  freertos.o [1]
  .rodata            const     0x800'fc48     0xc  freertos.o [1]
  .rodata            const     0x800'fc54     0xc  freertos.o [1]
  .rodata            const     0x800'fc60     0xc  freertos.o [1]
  .rodata            const     0x800'fc6c     0xc  freertos.o [1]
  .rodata            const     0x800'fc78     0xc  freertos.o [1]
  .rodata            const     0x800'fc84     0xc  freertos.o [1]
  .rodata            const     0x800'fc90     0xc  freertos.o [1]
  .rodata            const     0x800'fc9c     0xc  freertos.o [1]
  .rodata            const     0x800'fca8     0xc  freertos.o [1]
  .rodata            const     0x800'fcb4     0xc  freertos.o [1]
  .text              ro code   0x800'fcc0     0xc  cstartup_M.o [4]
  .rodata            const     0x800'fccc     0x8  freertos.o [1]
  .rodata            const     0x800'fcd4     0x8  freertos.o [1]
  .rodata            const     0x800'fcdc     0x8  stm32f4xx_hal_dma.o [1]
  .rodata            const     0x800'fce4     0x8  system_stm32f4xx.o [1]
  .rodata            const     0x800'fcec     0x8  tasks.o [1]
  .rodata            const     0x800'fcf4     0x8  tim.o [1]
  .rodata            const     0x800'fcfc     0x8  timers.o [1]
  .rodata            const     0x800'fd04     0x8  timers.o [1]
  .rodata            const     0x800'fd0c     0x4  heap_4.o [1]
  .rodata            const     0x800'fd10     0x4  port.o [1]
  .text              ro code   0x800'fd14     0x4  startup_stm32f427xx.o [1]
  .text              ro code   0x800'fd18     0x4  startup_stm32f427xx.o [1]
  .text              ro code   0x800'fd1c     0x4  startup_stm32f427xx.o [1]
  .text              ro code   0x800'fd20     0x4  startup_stm32f427xx.o [1]
  .text              ro code   0x800'fd24     0x4  startup_stm32f427xx.o [1]
  .text              ro code   0x800'fd28     0x4  startup_stm32f427xx.o [1]
  .text              ro code   0x800'fd2c     0x4  startup_stm32f427xx.o [1]
  .text              ro code   0x800'fd30     0x4  startup_stm32f427xx.o [1]
  .text              ro code   0x800'fd34     0x4  startup_stm32f427xx.o [1]
  .text              ro code   0x800'fd38     0x4  startup_stm32f427xx.o [1]
  .text              ro code   0x800'fd3c     0x4  startup_stm32f427xx.o [1]
  .text              ro code   0x800'fd40     0x4  startup_stm32f427xx.o [1]
  .text              ro code   0x800'fd44     0x4  startup_stm32f427xx.o [1]
  .text              ro code   0x800'fd48     0x4  startup_stm32f427xx.o [1]
  .text              ro code   0x800'fd4c     0x4  startup_stm32f427xx.o [1]
  .text              ro code   0x800'fd50     0x4  startup_stm32f427xx.o [1]
  .text              ro code   0x800'fd54     0x4  startup_stm32f427xx.o [1]
  .text              ro code   0x800'fd58     0x4  startup_stm32f427xx.o [1]
  .text              ro code   0x800'fd5c     0x4  startup_stm32f427xx.o [1]
  .text              ro code   0x800'fd60     0x4  startup_stm32f427xx.o [1]
  .text              ro code   0x800'fd64     0x4  startup_stm32f427xx.o [1]
  .text              ro code   0x800'fd68     0x4  startup_stm32f427xx.o [1]
  .text              ro code   0x800'fd6c     0x4  startup_stm32f427xx.o [1]
  .text              ro code   0x800'fd70     0x4  startup_stm32f427xx.o [1]
  .text              ro code   0x800'fd74     0x4  startup_stm32f427xx.o [1]
  .text              ro code   0x800'fd78     0x4  startup_stm32f427xx.o [1]
  .text              ro code   0x800'fd7c     0x4  startup_stm32f427xx.o [1]
  .text              ro code   0x800'fd80     0x4  startup_stm32f427xx.o [1]
  .text              ro code   0x800'fd84     0x4  startup_stm32f427xx.o [1]
  .text              ro code   0x800'fd88     0x4  startup_stm32f427xx.o [1]
  .text              ro code   0x800'fd8c     0x4  startup_stm32f427xx.o [1]
  .text              ro code   0x800'fd90     0x4  startup_stm32f427xx.o [1]
  .text              ro code   0x800'fd94     0x4  startup_stm32f427xx.o [1]
  .text              ro code   0x800'fd98     0x4  startup_stm32f427xx.o [1]
  .text              ro code   0x800'fd9c     0x4  startup_stm32f427xx.o [1]
  .text              ro code   0x800'fda0     0x4  startup_stm32f427xx.o [1]
  .text              ro code   0x800'fda4     0x4  startup_stm32f427xx.o [1]
  .text              ro code   0x800'fda8     0x4  startup_stm32f427xx.o [1]
  .text              ro code   0x800'fdac     0x4  startup_stm32f427xx.o [1]
  .text              ro code   0x800'fdb0     0x4  startup_stm32f427xx.o [1]
  .text              ro code   0x800'fdb4     0x4  startup_stm32f427xx.o [1]
  .text              ro code   0x800'fdb8     0x4  startup_stm32f427xx.o [1]
  .text              ro code   0x800'fdbc     0x4  startup_stm32f427xx.o [1]
  .text              ro code   0x800'fdc0     0x4  startup_stm32f427xx.o [1]
  .text              ro code   0x800'fdc4     0x4  startup_stm32f427xx.o [1]
  .text              ro code   0x800'fdc8     0x4  startup_stm32f427xx.o [1]
  .text              ro code   0x800'fdcc     0x4  startup_stm32f427xx.o [1]
  .text              ro code   0x800'fdd0     0x4  startup_stm32f427xx.o [1]
  .text              ro code   0x800'fdd4     0x4  startup_stm32f427xx.o [1]
  .text              ro code   0x800'fdd8     0x4  startup_stm32f427xx.o [1]
  .text              ro code   0x800'fddc     0x4  startup_stm32f427xx.o [1]
  .text              ro code   0x800'fde0     0x4  startup_stm32f427xx.o [1]
  .text              ro code   0x800'fde4     0x4  startup_stm32f427xx.o [1]
  .text              ro code   0x800'fde8     0x4  startup_stm32f427xx.o [1]
  .text              ro code   0x800'fdec     0x4  startup_stm32f427xx.o [1]
  .text              ro code   0x800'fdf0     0x4  startup_stm32f427xx.o [1]
  .text              ro code   0x800'fdf4     0x4  startup_stm32f427xx.o [1]
  .text              ro code   0x800'fdf8     0x4  startup_stm32f427xx.o [1]
  .text              ro code   0x800'fdfc     0x4  startup_stm32f427xx.o [1]
  .text              ro code   0x800'fe00     0x4  startup_stm32f427xx.o [1]
  .text              ro code   0x800'fe04     0x4  startup_stm32f427xx.o [1]
  .text              ro code   0x800'fe08     0x4  startup_stm32f427xx.o [1]
  .text              ro code   0x800'fe0c     0x4  startup_stm32f427xx.o [1]
  .text              ro code   0x800'fe10     0x4  startup_stm32f427xx.o [1]
  .text              ro code   0x800'fe14     0x4  startup_stm32f427xx.o [1]
  .text              ro code   0x800'fe18     0x4  startup_stm32f427xx.o [1]
  .text              ro code   0x800'fe1c     0x4  startup_stm32f427xx.o [1]
  .text              ro code   0x800'fe20     0x4  startup_stm32f427xx.o [1]
  .text              ro code   0x800'fe24     0x4  startup_stm32f427xx.o [1]
  .text              ro code   0x800'fe28     0x4  startup_stm32f427xx.o [1]
  .text              ro code   0x800'fe2c     0x4  startup_stm32f427xx.o [1]
  .text              ro code   0x800'fe30     0x4  startup_stm32f427xx.o [1]
  .text              ro code   0x800'fe34     0x4  startup_stm32f427xx.o [1]
  .text              ro code   0x800'fe38     0x4  startup_stm32f427xx.o [1]
  .text              ro code   0x800'fe3c     0x4  startup_stm32f427xx.o [1]
  .text              ro code   0x800'fe40     0x4  startup_stm32f427xx.o [1]
  .rodata            const     0x800'fe44     0x0  zero_init3.o [4]
  .rodata            const     0x800'fe44     0x0  lz77_init_single.o [4]
  Initializer bytes  const     0x800'fe44    0x89  <for P2-1>
                             - 0x800'fecd  0xfd21

"P2", part 1 of 3:                          0x513
  P2-1                        0x2000'0000   0x513  <Init block>
    .data            inited   0x2000'0000     0x4  Camera.o [1]
    .data            inited   0x2000'0004     0x4  Camera.o [1]
    .data            inited   0x2000'0008     0x4  freertos.o [1]
    .data            inited   0x2000'000c    0x98  GaitController.o [1]
    .data            inited   0x2000'00a4    0x98  GaitController.o [1]
    .data            inited   0x2000'013c    0x94  GaitController.o [1]
    .data            inited   0x2000'01d0    0x94  GaitController.o [1]
    .data            inited   0x2000'0264    0x98  GaitController.o [1]
    .data            inited   0x2000'02fc    0x98  GaitController.o [1]
    .data            inited   0x2000'0394    0x98  GaitController.o [1]
    .data            inited   0x2000'042c    0x98  GaitController.o [1]
    .data            inited   0x2000'04c4     0x4  GaitController.o [1]
    .data            inited   0x2000'04c8     0x4  GaitController.o [1]
    .data            inited   0x2000'04cc     0x4  GaitController.o [1]
    .data            inited   0x2000'04d0    0x10  GaitController.o [1]
    .data            inited   0x2000'04e0    0x10  GaitController.o [1]
    .data            inited   0x2000'04f0     0x4  port.o [1]
    .data            inited   0x2000'04f4     0x4  stm32f4xx_hal.o [1]
    .data            inited   0x2000'04f8     0x4  system_stm32f4xx.o [1]
    .data            inited   0x2000'04fc    0x14  user_diskio.o [1]
    .data            inited   0x2000'0510     0x1  sd_diskio.o [1]
    .data            inited   0x2000'0511     0x1  stm32f4xx_hal.o [1]
    .data            inited   0x2000'0512     0x1  user_diskio.o [1]
                            - 0x2000'0513   0x513

"P2", part 2 of 3:                         0x6554
  .bss               zero     0x2000'0514  0x4e20  heap_4.o [1]
  .bss               zero     0x2000'5334   0x460  tasks.o [1]
  .bss               zero     0x2000'5794   0x400  cmsis_os2.o [1]
  .bss               zero     0x2000'5b94   0x240  DeepJ60_Motor.o [1]
  .bss               zero     0x2000'5dd4   0x240  DeepJ60_Motor.o [1]
  .bss               zero     0x2000'6014   0x200  cmsis_os2.o [1]
  .bss               zero     0x2000'6214    0xa0  timers.o [1]
  .bss               zero     0x2000'62b4    0x84  sdio.o [1]
  .bss               zero     0x2000'6338    0x60  usart.o [1]
  .bss               zero     0x2000'6398    0x60  usart.o [1]
  .bss               zero     0x2000'63f8    0x5c  cmsis_os2.o [1]
  .bss               zero     0x2000'6454    0x5c  cmsis_os2.o [1]
  .bss               zero     0x2000'64b0    0x5c  DeepJ60_can.o [1]
  .bss               zero     0x2000'650c    0x58  spi.o [1]
  .bss               zero     0x2000'6564    0x58  spi.o [1]
  .bss               zero     0x2000'65bc    0x50  timers.o [1]
  .bss               zero     0x2000'660c    0x48  tim.o [1]
  .bss               zero     0x2000'6654    0x48  usart.o [1]
  .bss               zero     0x2000'669c    0x48  usart.o [1]
  .bss               zero     0x2000'66e4    0x48  usart.o [1]
  .bss               zero     0x2000'672c    0x48  usart.o [1]
  .bss               zero     0x2000'6774    0x40  queue.o [1]
  .bss               zero     0x2000'67b4    0x3c  GaitController.o [1]
  .bss               zero     0x2000'67f0    0x28  can.o [1]
  .bss               zero     0x2000'6818    0x28  can.o [1]
  .bss               zero     0x2000'6840    0x20  GaitController.o [1]
  .bss               zero     0x2000'6860    0x20  GaitController.o [1]
  .bss               zero     0x2000'6880    0x20  GaitController.o [1]
  .bss               zero     0x2000'68a0    0x1c  DeepJ60_can.o [1]
  .bss               zero     0x2000'68bc    0x14  tasks.o [1]
  .bss               zero     0x2000'68d0    0x14  tasks.o [1]
  .bss               zero     0x2000'68e4    0x14  tasks.o [1]
  .bss               zero     0x2000'68f8    0x14  tasks.o [1]
  .bss               zero     0x2000'690c    0x14  tasks.o [1]
  .bss               zero     0x2000'6920    0x14  timers.o [1]
  .bss               zero     0x2000'6934    0x14  timers.o [1]
  .bss               zero     0x2000'6948    0x10  ff_gen_drv.o [1]
  .bss               zero     0x2000'6958     0xc  Handle.o [1]
  .bss               zero     0x2000'6964     0x8  Handle.o [1]
  .bss               zero     0x2000'696c     0x8  heap_4.o [1]
  .bss               zero     0x2000'6974     0x4  Camera.o [1]
  .bss               zero     0x2000'6978     0x4  can.o [1]
  .bss               zero     0x2000'697c     0x4  cmsis_os2.o [1]
  .bss               zero     0x2000'6980     0x4  DeepJ60_can.o [1]
  .bss               zero     0x2000'6984     0x4  fatfs.o [1]
  .bss               zero     0x2000'6988     0x4  fatfs.o [1]
  .bss               zero     0x2000'698c     0x4  freertos.o [1]
  .bss               zero     0x2000'6990     0x4  freertos.o [1]
  .bss               zero     0x2000'6994     0x4  freertos.o [1]
  .bss               zero     0x2000'6998     0x4  freertos.o [1]
  .bss               zero     0x2000'699c     0x4  freertos.o [1]
  .bss               zero     0x2000'69a0     0x4  freertos.o [1]
  .bss               zero     0x2000'69a4     0x4  freertos.o [1]
  .bss               zero     0x2000'69a8     0x4  freertos.o [1]
  .bss               zero     0x2000'69ac     0x4  freertos.o [1]
  .bss               zero     0x2000'69b0     0x4  freertos.o [1]
  .bss               zero     0x2000'69b4     0x4  freertos.o [1]
  .bss               zero     0x2000'69b8     0x4  freertos.o [1]
  .bss               zero     0x2000'69bc     0x4  freertos.o [1]
  .bss               zero     0x2000'69c0     0x4  freertos.o [1]
  .bss               zero     0x2000'69c4     0x4  freertos.o [1]
  .bss               zero     0x2000'69c8     0x4  freertos.o [1]
  .bss               zero     0x2000'69cc     0x4  freertos.o [1]
  .bss               zero     0x2000'69d0     0x4  freertos.o [1]
  .bss               zero     0x2000'69d4     0x4  GaitController.o [1]
  .bss               zero     0x2000'69d8     0x4  GaitController.o [1]
  .bss               zero     0x2000'69dc     0x4  GaitController.o [1]
  .bss               zero     0x2000'69e0     0x4  GaitController.o [1]
  .bss               zero     0x2000'69e4     0x4  heap_4.o [1]
  .bss               zero     0x2000'69e8     0x4  heap_4.o [1]
  .bss               zero     0x2000'69ec     0x4  heap_4.o [1]
  .bss               zero     0x2000'69f0     0x4  heap_4.o [1]
  .bss               zero     0x2000'69f4     0x4  heap_4.o [1]
  .bss               zero     0x2000'69f8     0x4  heap_4.o [1]
  .bss               zero     0x2000'69fc     0x4  main.o [1]
  .bss               zero     0x2000'6a00     0x4  main.o [1]
  .bss               zero     0x2000'6a04     0x4  main.o [1]
  .bss               zero     0x2000'6a08     0x4  port.o [1]
  .bss               zero     0x2000'6a0c     0x4  sd_diskio.o [1]
  .bss               zero     0x2000'6a10     0x4  stm32f4xx_hal.o [1]
  .bss               zero     0x2000'6a14     0x4  tasks.o [1]
  .bss               zero     0x2000'6a18     0x4  tasks.o [1]
  .bss               zero     0x2000'6a1c     0x4  tasks.o [1]
  .bss               zero     0x2000'6a20     0x4  tasks.o [1]
  .bss               zero     0x2000'6a24     0x4  tasks.o [1]
  .bss               zero     0x2000'6a28     0x4  tasks.o [1]
  .bss               zero     0x2000'6a2c     0x4  tasks.o [1]
  .bss               zero     0x2000'6a30     0x4  tasks.o [1]
  .bss               zero     0x2000'6a34     0x4  tasks.o [1]
  .bss               zero     0x2000'6a38     0x4  tasks.o [1]
  .bss               zero     0x2000'6a3c     0x4  tasks.o [1]
  .bss               zero     0x2000'6a40     0x4  tasks.o [1]
  .bss               zero     0x2000'6a44     0x4  tasks.o [1]
  .bss               zero     0x2000'6a48     0x4  tasks.o [1]
  .bss               zero     0x2000'6a4c     0x4  tasks.o [1]
  .bss               zero     0x2000'6a50     0x4  timers.o [1]
  .bss               zero     0x2000'6a54     0x4  timers.o [1]
  .bss               zero     0x2000'6a58     0x4  timers.o [1]
  .bss               zero     0x2000'6a5c     0x4  timers.o [1]
  .bss               zero     0x2000'6a60     0x4  timers.o [1]
  .bss               zero     0x2000'6a64     0x1  fatfs.o [1]
  .bss               zero     0x2000'6a65     0x1  fatfs.o [1]
  .bss               zero     0x2000'6a66     0x1  port.o [1]
                            - 0x2000'6a67  0x6553

"P2", part 3 of 3:                          0x400
  CSTACK                      0x2000'6a68   0x400  <Block>
    CSTACK           uninit   0x2000'6a68   0x400  <Block tail>
                            - 0x2000'6e68   0x400

Unused ranges:

         From           To       Size
         ----           --       ----
   0x800'fecd   0x81f'ffff  0x1f'0133
  0x2000'0513  0x2000'0513        0x1
  0x2000'6e68  0x2002'ffff   0x2'9198


*******************************************************************************
*** INIT TABLE
***

          Address      Size
          -------      ----
Zero (__iar_zero_init3)
    1 destination range, total size 0x6553:
          0x2000'0514  0x6553

Copy/lz77 (__iar_lz77_init_single3)
    1 source range, total size 0x89 (10% of destination):
           0x800'fe44    0x89
    1 destination range, total size 0x513:
          0x2000'0000   0x513



*******************************************************************************
*** MODULE SUMMARY
***

    Module                  ro code  ro data  rw data
    ------                  -------  -------  -------
command line/config:
    -------------------------------------------------
    Total:

F:\none\Study\Other\Robot\RTS team\Robocon-FourFoot-2025\Code\Robocon-2025-Code\Speed\EWARM\zhukongv2\Obj: [1]
    Callback.o                  288
    Camera.o                     48                12
    CurvePlan.o                 828
    DeepJ60_Motor.o           2 332             1 152
    DeepJ60_can.o               312               124
    GaitController.o         19 396      148    1 424
    Handle.o                    168                20
    KinematicSolution.o         688
    bsp_driver_sd.o             208
    can.o                       628                84
    cmsis_os2.o               1 028             1 724
    dma.o                        88
    fatfs.o                      52                10
    ff_gen_drv.o                 96                16
    freertos.o                4 164      769       76
    gpio.o                      340
    heap_4.o                    648        4   20 032
    list.o                      154
    main.o                      592                12
    port.o                      604        4        9
    portasm.o                   176
    queue.o                   2 168                64
    sd_diskio.o                 556       20        5
    sdio.o                      228               132
    spi.o                       376               176
    startup_stm32f427xx.o       748
    stm32f4xx_hal.o             204        1        9
    stm32f4xx_hal_can.o       2 042
    stm32f4xx_hal_cortex.o      348
    stm32f4xx_hal_dma.o       1 352        8
    stm32f4xx_hal_gpio.o        668
    stm32f4xx_hal_msp.o          72
    stm32f4xx_hal_pwr_ex.o      124
    stm32f4xx_hal_rcc.o       1 560
    stm32f4xx_hal_sd.o        3 112
    stm32f4xx_hal_spi.o       1 334
    stm32f4xx_hal_tim.o       1 432
    stm32f4xx_hal_tim_ex.o      176
    stm32f4xx_hal_uart.o      2 914
    stm32f4xx_it.o              192
    stm32f4xx_ll_sdmmc.o      1 752
    system_stm32f4xx.o           16       24        4
    tasks.o                   3 348        8    1 280
    tim.o                       196        8       72
    timers.o                  1 236       16      300
    usart.o                     828               480
    user_diskio.o                56        3       21
    -------------------------------------------------
    Total:                   59 876    1 013   27 238

dl7M_tlf.a: [2]
    abs.o                         8
    exit.o                        4
    low_level_init.o              4
    -------------------------------------------------
    Total:                       16

m7M_tls.a: [3]
    DblAdd.o                    378
    DblCmpEq.o                   32
    DblCmpGe.o                   46
    DblCmpLe.o                   46
    DblDiv.o                    582
    DblMul.o                    418
    DblSub.o                    226
    DblToFlt.o                  104
    FltToDbl.o                   72
    U32ToDbl.o                   26
    acos64.o                    200
    fpinit_M.o                   34
    iar_Atan64.o                464       64
    math_wrappers64.o            18
    round.o                      98
    sqrt.o                      258
    -------------------------------------------------
    Total:                    3 002       64

rt7M_tl.a: [4]
    ABImemclr4.o                  6
    ABImemcpy.o                 166
    ABImemset.o                 102
    ABImemset48.o                50
    I64DivMod.o                 560
    I64DivZer.o                   2
    cexit.o                      10
    cmain.o                      30
    cstartup_M.o                 12
    data_init.o                  40
    lz77_init_single.o          122
    zero_init3.o                 58
    -------------------------------------------------
    Total:                    1 158

shb_l.a: [5]
    exit.o                       20
    -------------------------------------------------
    Total:                       20

    Gaps                         42        6
    Linker created                        32    1 024
-----------------------------------------------------
    Grand Total:             64 114    1 115   28 262


*******************************************************************************
*** ENTRY LIST
***

Entry                       Address    Size  Type      Object
-----                       -------    ----  ----      ------
.iar.init_table$$Base    0x800'fb54           --   Gb  - Linker created -
.iar.init_table$$Limit   0x800'fb74           --   Gb  - Linker created -
?main                    0x800'fb75          Code  Gb  cmain.o [4]
AHBPrescTable            0x800'fc00    0x10  Data  Gb  system_stm32f4xx.o [1]
APBPrescTable            0x800'fce4     0x8  Data  Gb  system_stm32f4xx.o [1]
AnalyseJ60MotorReceiveData_new
                         0x800'5e55    0x30  Code  Gb  DeepJ60_Motor.o [1]
BSP_SD_GetCardInfo       0x800'f751    0x14  Code  Wk  bsp_driver_sd.o [1]
BSP_SD_GetCardState      0x800'f6c5    0x1c  Code  Wk  bsp_driver_sd.o [1]
BSP_SD_Init              0x800'f6e1    0x20  Code  Wk  bsp_driver_sd.o [1]
BSP_SD_ReadBlocks_DMA    0x800'f701    0x28  Code  Wk  bsp_driver_sd.o [1]
BSP_SD_ReadCpltCallback
                         0x800'f6a3    0x18  Code  Gb  sd_diskio.o [1]
BSP_SD_WriteBlocks_DMA   0x800'f729    0x28  Code  Wk  bsp_driver_sd.o [1]
BSP_SD_WriteCpltCallback
                         0x800'f68b    0x18  Code  Gb  sd_diskio.o [1]
BusFault_Handler         0x800'f77b     0x2  Code  Gb  stm32f4xx_it.o [1]
CAN1_FilterConfig        0x800'c29b    0x38  Code  Gb  can.o [1]
CAN1_RX0_IRQHandler      0x800'f79f     0xa  Code  Gb  stm32f4xx_it.o [1]
CAN1_RX1_IRQHandler      0x800'f7a9     0xa  Code  Gb  stm32f4xx_it.o [1]
CAN2_FilterConfig        0x800'c2d3    0x38  Code  Gb  can.o [1]
CAN2_RX0_IRQHandler      0x800'f7e5     0xa  Code  Gb  stm32f4xx_it.o [1]
CAN2_RX1_IRQHandler      0x800'f7ef     0xa  Code  Gb  stm32f4xx_it.o [1]
CSTACK$$Base            0x2000'6a68           --   Gb  - Linker created -
CSTACK$$Limit           0x2000'6e68           --   Gb  - Linker created -
Can                     0x2000'64b0    0x5c  Data  Gb  DeepJ60_can.o [1]
CanDataToRealData        0x800'7e93    0x2a  Code  Gb  DeepJ60_can.o [1]
CanRxInformation        0x2000'68a0    0x1c  Data  Gb  DeepJ60_can.o [1]
Can_Receive_new          0x800'7f6f    0x20  Code  Gb  DeepJ60_can.o [1]
Can_Send                 0x800'7ebd    0xb2  Code  Gb  DeepJ60_can.o [1]
CheckRxData              0x800'bd3d    0x74  Code  Gb  Handle.o [1]
CompareCommand           0x800'bdcb    0x1a  Code  Gb  Handle.o [1]
DMA1_Stream1_IRQHandler
                         0x800'f795     0xa  Code  Gb  stm32f4xx_it.o [1]
DMA2_Stream1_IRQHandler
                         0x800'f7db     0xa  Code  Gb  stm32f4xx_it.o [1]
DMA_CalcBaseAndBitshift
                         0x800'7d89    0x30  Code  Lc  stm32f4xx_hal_dma.o [1]
DMA_CalcBaseAndBitshift::flagBitshiftOffset
                         0x800'fcdc     0x8  Data  Lc  stm32f4xx_hal_dma.o [1]
DMA_CheckFifoParam       0x800'7dc9    0x9c  Code  Lc  stm32f4xx_hal_dma.o [1]
DMA_SetConfig            0x800'7d5b    0x2e  Code  Lc  stm32f4xx_hal_dma.o [1]
DebugMon_Handler         0x800'f77f     0x2  Code  Gb  stm32f4xx_it.o [1]
EnableJ60Motor           0x800'582d    0x3c  Code  Gb  DeepJ60_Motor.o [1]
Error_Handler            0x800'9eb1     0x4  Code  Gb  main.o [1]
FATFS_LinkDriver         0x800'df01    0x12  Code  Gb  ff_gen_drv.o [1]
FATFS_LinkDriverEx       0x800'deb9    0x48  Code  Gb  ff_gen_drv.o [1]
GetJ60MotorCanID         0x800'5819     0xe  Code  Gb  DeepJ60_Motor.o [1]
HAL_CAN_ActivateNotification
                         0x800'a837    0x34  Code  Gb  stm32f4xx_hal_can.o [1]
HAL_CAN_AddTxMessage     0x800'a5a1   0x126  Code  Gb  stm32f4xx_hal_can.o [1]
HAL_CAN_ConfigFilter     0x800'a419   0x128  Code  Gb  stm32f4xx_hal_can.o [1]
HAL_CAN_GetRxMessage     0x800'a6c7   0x170  Code  Gb  stm32f4xx_hal_can.o [1]
HAL_CAN_IRQHandler       0x800'a86b   0x224  Code  Gb  stm32f4xx_hal_can.o [1]
HAL_CAN_Init             0x800'a2ad   0x16c  Code  Gb  stm32f4xx_hal_can.o [1]
HAL_CAN_MspInit          0x800'c16d   0x12e  Code  Gb  can.o [1]
HAL_CAN_RxFifo0MsgPendingCallback
                         0x800'da71    0x34  Code  Gb  Callback.o [1]
HAL_CAN_Start            0x800'a541    0x5c  Code  Gb  stm32f4xx_hal_can.o [1]
HAL_DMA_Abort            0x800'7a8b    0x9c  Code  Gb  stm32f4xx_hal_dma.o [1]
HAL_DMA_Abort_IT         0x800'7b27    0x28  Code  Gb  stm32f4xx_hal_dma.o [1]
HAL_DMA_GetError         0x800'7d57     0x4  Code  Gb  stm32f4xx_hal_dma.o [1]
HAL_DMA_IRQHandler       0x800'7b4f   0x208  Code  Gb  stm32f4xx_hal_dma.o [1]
HAL_DMA_Init             0x800'791d    0xe2  Code  Gb  stm32f4xx_hal_dma.o [1]
HAL_DMA_Start_IT         0x800'79ff    0x8c  Code  Gb  stm32f4xx_hal_dma.o [1]
HAL_Delay                0x800'c849    0x28  Code  Wk  stm32f4xx_hal.o [1]
HAL_GPIO_Init            0x800'9eb5   0x240  Code  Gb  stm32f4xx_hal_gpio.o [1]
HAL_GPIO_WritePin        0x800'a0f5    0x1a  Code  Gb  stm32f4xx_hal_gpio.o [1]
HAL_GetTick              0x800'7911     0xc  Code  Wk  stm32f4xx_hal.o [1]
HAL_IncTick              0x800'f835    0x18  Code  Wk  stm32f4xx_hal.o [1]
HAL_Init                 0x800'bedd    0x30  Code  Gb  stm32f4xx_hal.o [1]
HAL_InitTick             0x800'dd79    0x4c  Code  Wk  stm32f4xx_hal.o [1]
HAL_MspInit              0x800'ddc5    0x48  Code  Gb  stm32f4xx_hal_msp.o [1]
HAL_NVIC_EnableIRQ       0x800'a273     0xe  Code  Gb  stm32f4xx_hal_cortex.o [1]
HAL_NVIC_SetPriority     0x800'a249    0x2a  Code  Gb  stm32f4xx_hal_cortex.o [1]
HAL_NVIC_SetPriorityGrouping
                         0x800'a23d     0xc  Code  Gb  stm32f4xx_hal_cortex.o [1]
HAL_PWREx_EnableOverDrive
                         0x800'd7b9    0x6a  Code  Gb  stm32f4xx_hal_pwr_ex.o [1]
HAL_RCC_CAN1_CLK_ENABLED
                        0x2000'6978     0x4  Data  Lc  can.o [1]
HAL_RCC_ClockConfig      0x800'd835   0x140  Code  Gb  stm32f4xx_hal_rcc.o [1]
HAL_RCC_GetHCLKFreq      0x800'd975     0x6  Code  Gb  stm32f4xx_hal_rcc.o [1]
HAL_RCC_GetPCLK1Freq     0x800'd97b    0x16  Code  Gb  stm32f4xx_hal_rcc.o [1]
HAL_RCC_GetPCLK2Freq     0x800'd991    0x16  Code  Gb  stm32f4xx_hal_rcc.o [1]
HAL_RCC_OscConfig        0x800'd3cd   0x3ec  Code  Wk  stm32f4xx_hal_rcc.o [1]
HAL_SD_AbortCallback     0x800'f477     0xa  Code  Gb  bsp_driver_sd.o [1]
HAL_SD_GetCardCSD        0x800'e711   0x1f4  Code  Gb  stm32f4xx_hal_sd.o [1]
HAL_SD_GetCardInfo       0x800'e905    0x26  Code  Gb  stm32f4xx_hal_sd.o [1]
HAL_SD_GetCardState      0x800'e92b    0x24  Code  Gb  stm32f4xx_hal_sd.o [1]
HAL_SD_IRQHandler        0x800'e53d   0x1d4  Code  Gb  stm32f4xx_hal_sd.o [1]
HAL_SD_Init              0x800'e175    0x44  Code  Gb  stm32f4xx_hal_sd.o [1]
HAL_SD_InitCard          0x800'e1b9    0xbe  Code  Gb  stm32f4xx_hal_sd.o [1]
HAL_SD_MspInit           0x800'c415    0xaa  Code  Gb  sdio.o [1]
HAL_SD_ReadBlocks_DMA    0x800'e277   0x15a  Code  Gb  stm32f4xx_hal_sd.o [1]
HAL_SD_RxCpltCallback    0x800'f48b     0xa  Code  Gb  bsp_driver_sd.o [1]
HAL_SD_TxCpltCallback    0x800'f481     0xa  Code  Gb  bsp_driver_sd.o [1]
HAL_SD_WriteBlocks_DMA   0x800'e3d1   0x162  Code  Gb  stm32f4xx_hal_sd.o [1]
HAL_SPI_IRQHandler       0x800'52d7   0x128  Code  Gb  stm32f4xx_hal_spi.o [1]
HAL_SPI_Init             0x800'5049    0xce  Code  Gb  stm32f4xx_hal_spi.o [1]
HAL_SPI_MspInit          0x800'781f    0xce  Code  Gb  spi.o [1]
HAL_SPI_Transmit         0x800'5117   0x1c0  Code  Gb  stm32f4xx_hal_spi.o [1]
HAL_SYSTICK_Config       0x800'a281     0xc  Code  Gb  stm32f4xx_hal_cortex.o [1]
HAL_TIMEx_BreakCallback
                         0x800'dba1     0x2  Code  Wk  stm32f4xx_hal_tim_ex.o [1]
HAL_TIMEx_CommutCallback
                         0x800'dba5     0x2  Code  Wk  stm32f4xx_hal_tim_ex.o [1]
HAL_TIMEx_MasterConfigSynchronization
                         0x800'de0d    0x8e  Code  Gb  stm32f4xx_hal_tim_ex.o [1]
HAL_TIM_Base_Start_IT    0x800'b7ad    0x9a  Code  Gb  stm32f4xx_hal_tim.o [1]
HAL_TIM_Base_Stop_IT     0x800'b847    0x3c  Code  Gb  stm32f4xx_hal_tim.o [1]
HAL_TIM_IRQHandler       0x800'b90d   0x13e  Code  Gb  stm32f4xx_hal_tim.o [1]
HAL_TIM_OC_ConfigChannel
                         0x800'ba4b    0x68  Code  Gb  stm32f4xx_hal_tim.o [1]
HAL_TIM_OC_Init          0x800'b883    0x6e  Code  Gb  stm32f4xx_hal_tim.o [1]
HAL_TIM_OC_MspInit       0x800'c3b1    0x36  Code  Gb  tim.o [1]
HAL_TIM_PeriodElapsedCallback
                         0x800'db1d    0x30  Code  Gb  Callback.o [1]
HAL_UARTEx_ReceiveToIdle_DMA
                         0x800'c921    0x82  Code  Gb  stm32f4xx_hal_uart.o [1]
HAL_UARTEx_RxEventCallback
                         0x800'daa5    0x60  Code  Gb  Callback.o [1]
HAL_UART_IRQHandler      0x800'c9a3   0x2d4  Code  Gb  stm32f4xx_hal_uart.o [1]
HAL_UART_Init            0x800'c871    0x7a  Code  Gb  stm32f4xx_hal_uart.o [1]
HAL_UART_MspInit         0x800'c5e1   0x220  Code  Gb  usart.o [1]
HAL_UART_Receive_IT      0x800'c8eb    0x36  Code  Gb  stm32f4xx_hal_uart.o [1]
HAL_UART_RxCpltCallback
                         0x800'db05    0x18  Code  Gb  Callback.o [1]
HardFault_Handler        0x800'f777     0x2  Code  Gb  stm32f4xx_it.o [1]
HorizontalMove_FSM       0x800'47e9   0x554  Code  Gb  GaitController.o [1]
IK_leg                   0x800'6bad   0x294  Code  Gb  KinematicSolution.o [1]
J60MotorConfigToSendCanData
                         0x800'5735    0x28  Code  Gb  DeepJ60_Motor.o [1]
J60MotorDataToSendCanData
                         0x800'57e5    0x34  Code  Gb  DeepJ60_Motor.o [1]
J60MotorMotionDataToSendCanData
                         0x800'5675    0xae  Code  Gb  DeepJ60_Motor.o [1]
J60Motor_CAN1           0x2000'5b94   0x240  Data  Gb  DeepJ60_Motor.o [1]
J60Motor_CAN2           0x2000'5dd4   0x240  Data  Gb  DeepJ60_Motor.o [1]
J60Motor_StandUpData_CAN1
                        0x2000'04d0    0x10  Data  Gb  GaitController.o [1]
J60Motor_StandUpData_CAN2
                        0x2000'04e0    0x10  Data  Gb  GaitController.o [1]
JumpForwardHandle       0x2000'69b4     0x4  Data  Gb  freertos.o [1]
JumpForwardTask          0x800'9369    0x80  Code  Gb  freertos.o [1]
JumpForward_FSM          0x800'1eb9   0x55c  Code  Gb  GaitController.o [1]
JumpForward_attributes   0x800'fa10    0x24  Data  Gb  freertos.o [1]
JumpUpHandle            0x2000'69b0     0x4  Data  Gb  freertos.o [1]
JumpUpTask               0x800'92e5    0x82  Code  Gb  freertos.o [1]
JumpUp_FSM               0x800'15e1   0x4aa  Code  Gb  GaitController.o [1]
JumpUp_attributes        0x800'f9ec    0x24  Data  Gb  freertos.o [1]
KernelState             0x2000'697c     0x4  Data  Lc  cmsis_os2.o [1]
LinePlan                 0x800'73e9    0x48  Code  Gb  CurvePlan.o [1]
MX_CAN1_Init             0x800'c0bd    0x58  Code  Gb  can.o [1]
MX_CAN2_Init             0x800'c115    0x58  Code  Gb  can.o [1]
MX_DMA_Init              0x800'c065    0x58  Code  Gb  dma.o [1]
MX_FATFS_Init            0x800'c4d9    0x1c  Code  Gb  fatfs.o [1]
MX_FREERTOS_Init         0x800'8a7b   0x144  Code  Gb  freertos.o [1]
MX_GPIO_Init             0x800'bf11   0x154  Code  Gb  gpio.o [1]
MX_SDIO_SD_Init          0x800'c3f5    0x20  Code  Gb  sdio.o [1]
MX_SPI2_Init             0x800'7799    0x40  Code  Gb  spi.o [1]
MX_SPI4_Init             0x800'77d9    0x46  Code  Gb  spi.o [1]
MX_TIM2_Init             0x800'c331    0x80  Code  Gb  tim.o [1]
MX_UART7_Init            0x800'c50d    0x38  Code  Gb  usart.o [1]
MX_USART2_UART_Init      0x800'c545    0x34  Code  Gb  usart.o [1]
MX_USART3_UART_Init      0x800'c579    0x34  Code  Gb  usart.o [1]
MX_USART6_UART_Init      0x800'c5ad    0x34  Code  Gb  usart.o [1]
MemManage_Handler        0x800'f779     0x2  Code  Gb  stm32f4xx_it.o [1]
MoveLeftHandle          0x2000'69a8     0x4  Data  Gb  freertos.o [1]
MoveLeftTask             0x800'90ed    0xf8  Code  Gb  freertos.o [1]
MoveLeft_attributes      0x800'f9a4    0x24  Data  Gb  freertos.o [1]
MoveRightHandle         0x2000'69ac     0x4  Data  Gb  freertos.o [1]
MoveRightTask            0x800'91ed    0xf8  Code  Gb  freertos.o [1]
MoveRight_attributes     0x800'f9c8    0x24  Data  Gb  freertos.o [1]
NMI_Handler              0x800'f775     0x2  Code  Gb  stm32f4xx_it.o [1]
NVIC_EncodePriority      0x800'a1cd    0x40  Code  Lc  stm32f4xx_hal_cortex.o [1]
NotifyActionHandle      0x2000'69cc     0x4  Data  Gb  freertos.o [1]
NotifyActionTask         0x800'9719   0x2f6  Code  Gb  freertos.o [1]
NotifyAction_attributes
                         0x800'fae8    0x24  Data  Gb  freertos.o [1]
ParseCameraHandle       0x2000'69d0     0x4  Data  Gb  freertos.o [1]
ParseCameraTask          0x800'9a15    0x1e  Code  Gb  freertos.o [1]
ParseCamera_attributes   0x800'fb0c    0x24  Data  Gb  freertos.o [1]
ParseHandle              0x800'bdb1    0x1a  Code  Gb  Handle.o [1]
ParseHandleHandle       0x2000'69c4     0x4  Data  Gb  freertos.o [1]
ParseHandleTask          0x800'964d    0x8c  Code  Gb  freertos.o [1]
ParseHandle_attributes   0x800'faa0    0x24  Data  Gb  freertos.o [1]
ParseIMUHandle          0x2000'69c8     0x4  Data  Gb  freertos.o [1]
ParseIMUTask             0x800'970d     0xc  Code  Gb  freertos.o [1]
ParseIMU_attributes      0x800'fac4    0x24  Data  Gb  freertos.o [1]
PendSV_Handler           0x800'aa91          Code  Gb  portasm.o [1]
RealDataToCanData        0x800'7e69    0x2a  Code  Gb  DeepJ60_can.o [1]
ReceiveCanDataToJ60MotorConfig
                         0x800'575d    0x28  Code  Gb  DeepJ60_Motor.o [1]
ReceiveCanDataToJ60MotorData_new
                         0x800'5dfd    0x58  Code  Gb  DeepJ60_Motor.o [1]
ReceiveCanDataToJ60MotorMotionData_new
                         0x800'5cf9    0xfe  Code  Gb  DeepJ60_Motor.o [1]
ReceiveCommandStatusToJ60MotorCommandStatus
                         0x800'5785     0x6  Code  Gb  DeepJ60_Motor.o [1]
ReceiveStatusWordToJ60MotorStatusWord
                         0x800'578b    0x5a  Code  Gb  DeepJ60_Motor.o [1]
Region$$Table$$Base      0x800'fb54           --   Gb  - Linker created -
Region$$Table$$Limit     0x800'fb74           --   Gb  - Linker created -
RotateLeftHandle        0x2000'69a0     0x4  Data  Gb  freertos.o [1]
RotateLeftTask           0x800'8fad    0x9c  Code  Gb  freertos.o [1]
RotateLeft_attributes    0x800'f95c    0x24  Data  Gb  freertos.o [1]
RotateRightHandle       0x2000'69a4     0x4  Data  Gb  freertos.o [1]
RotateRightTask          0x800'9049    0x9a  Code  Gb  freertos.o [1]
RotateRight_attributes   0x800'f980    0x24  Data  Gb  freertos.o [1]
Rotate_FSM               0x800'1041   0x4b4  Code  Gb  GaitController.o [1]
RunJ60Motor              0x800'5bbd   0x13a  Code  Gb  DeepJ60_Motor.o [1]
RunJ60MotorKdMode        0x800'59ad    0x62  Code  Gb  DeepJ60_Motor.o [1]
RunJ60MotorPositionMode
                         0x800'5875    0x6a  Code  Gb  DeepJ60_Motor.o [1]
RunJ60MotorPositionTorqueMode
                         0x800'5a69    0x6e  Code  Gb  DeepJ60_Motor.o [1]
RunJ60MotorPositonVelocityTorqueMode
                         0x800'5b49    0x72  Code  Gb  DeepJ60_Motor.o [1]
RunJ60MotorTorqueMode    0x800'5949    0x62  Code  Gb  DeepJ60_Motor.o [1]
RunJ60MotorVelocityMode
                         0x800'58e1    0x66  Code  Gb  DeepJ60_Motor.o [1]
RunJ60MotorVelocityTorqueMode
                         0x800'5ad9    0x6a  Code  Gb  DeepJ60_Motor.o [1]
RunJ60MotorZeroTorqueMode
                         0x800'5a11    0x56  Code  Gb  DeepJ60_Motor.o [1]
SDIO_ConfigData          0x800'ee2d    0x2e  Code  Gb  stm32f4xx_ll_sdmmc.o [1]
SDIO_GetCommandResponse
                         0x800'ee1b     0x6  Code  Gb  stm32f4xx_ll_sdmmc.o [1]
SDIO_GetPowerState       0x800'ede9     0x8  Code  Gb  stm32f4xx_ll_sdmmc.o [1]
SDIO_GetResponse         0x800'ee21     0xc  Code  Gb  stm32f4xx_ll_sdmmc.o [1]
SDIO_IRQHandler          0x800'f7d1     0xa  Code  Gb  stm32f4xx_it.o [1]
SDIO_Init                0x800'ed9d    0x30  Code  Gb  stm32f4xx_ll_sdmmc.o [1]
SDIO_PowerState_ON       0x800'eddf     0xa  Code  Gb  stm32f4xx_ll_sdmmc.o [1]
SDIO_ReadFIFO            0x800'edcd     0x6  Code  Gb  stm32f4xx_ll_sdmmc.o [1]
SDIO_SendCommand         0x800'edf1    0x2a  Code  Gb  stm32f4xx_ll_sdmmc.o [1]
SDIO_WriteFIFO           0x800'edd3     0xc  Code  Gb  stm32f4xx_ll_sdmmc.o [1]
SDMMC_CmdAppCommand      0x800'f027    0x34  Code  Gb  stm32f4xx_ll_sdmmc.o [1]
SDMMC_CmdAppOperCommand
                         0x800'f05b    0x34  Code  Gb  stm32f4xx_ll_sdmmc.o [1]
SDMMC_CmdBlockLength     0x800'ee5b    0x34  Code  Gb  stm32f4xx_ll_sdmmc.o [1]
SDMMC_CmdGoIdleState     0x800'efc9    0x2e  Code  Gb  stm32f4xx_ll_sdmmc.o [1]
SDMMC_CmdOperCond        0x800'eff7    0x30  Code  Gb  stm32f4xx_ll_sdmmc.o [1]
SDMMC_CmdReadMultiBlock
                         0x800'eec3    0x34  Code  Gb  stm32f4xx_ll_sdmmc.o [1]
SDMMC_CmdReadSingleBlock
                         0x800'ee8f    0x34  Code  Gb  stm32f4xx_ll_sdmmc.o [1]
SDMMC_CmdSelDesel        0x800'ef93    0x36  Code  Gb  stm32f4xx_ll_sdmmc.o [1]
SDMMC_CmdSendCID         0x800'f08f    0x2e  Code  Gb  stm32f4xx_ll_sdmmc.o [1]
SDMMC_CmdSendCSD         0x800'f0bd    0x2e  Code  Gb  stm32f4xx_ll_sdmmc.o [1]
SDMMC_CmdSendStatus      0x800'f11f    0x34  Code  Gb  stm32f4xx_ll_sdmmc.o [1]
SDMMC_CmdSetRelAdd       0x800'f0eb    0x34  Code  Gb  stm32f4xx_ll_sdmmc.o [1]
SDMMC_CmdStopTransfer    0x800'ef5f    0x34  Code  Gb  stm32f4xx_ll_sdmmc.o [1]
SDMMC_CmdWriteMultiBlock
                         0x800'ef2b    0x34  Code  Gb  stm32f4xx_ll_sdmmc.o [1]
SDMMC_CmdWriteSingleBlock
                         0x800'eef7    0x34  Code  Gb  stm32f4xx_ll_sdmmc.o [1]
SDMMC_GetCmdError        0x800'f42d    0x32  Code  Lc  stm32f4xx_ll_sdmmc.o [1]
SDMMC_GetCmdResp1        0x800'f153   0x13a  Code  Gb  stm32f4xx_ll_sdmmc.o [1]
SDMMC_GetCmdResp2        0x800'f28d    0x56  Code  Gb  stm32f4xx_ll_sdmmc.o [1]
SDMMC_GetCmdResp3        0x800'f2e3    0x48  Code  Gb  stm32f4xx_ll_sdmmc.o [1]
SDMMC_GetCmdResp6        0x800'f32b    0xa6  Code  Gb  stm32f4xx_ll_sdmmc.o [1]
SDMMC_GetCmdResp7        0x800'f3d1    0x5c  Code  Gb  stm32f4xx_ll_sdmmc.o [1]
SDPath                  0x2000'6984     0x4  Data  Gb  fatfs.o [1]
SDQueueID               0x2000'6a0c     0x4  Data  Lc  sd_diskio.o [1]
SD_CheckStatus           0x800'f4bf    0x1e  Code  Lc  sd_diskio.o [1]
SD_CheckStatusWithTimeout
                         0x800'f499    0x26  Code  Lc  sd_diskio.o [1]
SD_DMAError              0x800'e9ad    0x88  Code  Lc  stm32f4xx_hal_sd.o [1]
SD_DMAReceiveCplt        0x800'e961    0x4a  Code  Lc  stm32f4xx_hal_sd.o [1]
SD_DMARxAbort            0x800'ea85    0x4a  Code  Lc  stm32f4xx_hal_sd.o [1]
SD_DMATransmitCplt       0x800'e951    0x10  Code  Lc  stm32f4xx_hal_sd.o [1]
SD_DMATxAbort            0x800'ea39    0x4a  Code  Lc  stm32f4xx_hal_sd.o [1]
SD_Driver                0x800'fbbc    0x14  Data  Gb  sd_diskio.o [1]
SD_InitCard              0x800'eacf   0x10a  Code  Lc  stm32f4xx_hal_sd.o [1]
SD_PowerON               0x800'ebd9    0xcc  Code  Lc  stm32f4xx_hal_sd.o [1]
SD_Read_IT               0x800'eceb    0x58  Code  Lc  stm32f4xx_hal_sd.o [1]
SD_SendStatus            0x800'ecb9    0x32  Code  Lc  stm32f4xx_hal_sd.o [1]
SD_Write_IT              0x800'ed43    0x58  Code  Lc  stm32f4xx_hal_sd.o [1]
SD_initialize            0x800'f4dd    0x50  Code  Gb  sd_diskio.o [1]
SD_ioctl                 0x800'f627    0x64  Code  Gb  sd_diskio.o [1]
SD_read                  0x800'f53b    0x7a  Code  Gb  sd_diskio.o [1]
SD_status                0x800'f52d     0xe  Code  Gb  sd_diskio.o [1]
SD_write                 0x800'f5b5    0x72  Code  Gb  sd_diskio.o [1]
SPI4_IRQHandler          0x800'f803     0xa  Code  Gb  stm32f4xx_it.o [1]
SPI_DMAAbortOnError      0x800'5401    0x16  Code  Lc  stm32f4xx_hal_spi.o [1]
SPI_EndRxTxTransaction   0x800'54f3    0x7c  Code  Lc  stm32f4xx_hal_spi.o [1]
SPI_WaitFlagStateUntilTimeout
                         0x800'5419    0xda  Code  Lc  stm32f4xx_hal_spi.o [1]
SVC_Handler              0x800'aae9          Code  Gb  portasm.o [1]
SVC_Setup                0x800'b401     0xe  Code  Lc  cmsis_os2.o [1]
SetJumpForwardBezierControlPoints0
                         0x800'1a99   0x15c  Code  Gb  GaitController.o [1]
SetJumpForwardBezierControlPoints1
                         0x800'1c09   0x296  Code  Gb  GaitController.o [1]
SetJumpUpBezierControlPoints
                         0x800'1519    0xc6  Code  Gb  GaitController.o [1]
SetMotionCommand         0x800'561f    0x4e  Code  Gb  DeepJ60_Motor.o [1]
SetMotionParameters      0x800'557d    0xa2  Code  Gb  DeepJ60_Motor.o [1]
SetMotor                 0x800'01ad   0x20e  Code  Gb  GaitController.o [1]
SetMoveBezierControlPoints
                         0x800'4409   0x3be  Code  Gb  GaitController.o [1]
SetNormalCommand         0x800'566d     0x8  Code  Gb  DeepJ60_Motor.o [1]
SetRotateBezierControlPoints
                         0x800'0d65   0x2c2  Code  Gb  GaitController.o [1]
SetThreeOrderBezierControlPoints
                         0x800'70f5    0x22  Code  Gb  CurvePlan.o [1]
SetThreeOrderBezierPeriod
                         0x800'7117     0x6  Code  Gb  CurvePlan.o [1]
SetTrotBezierControlPoints
                         0x800'050d   0x306  Code  Gb  GaitController.o [1]
SetTurnBezierControlPoints
                         0x800'2431   0x33e  Code  Gb  GaitController.o [1]
SetWalkSlopeBezierControlPoints
                         0x800'2f11   0x39a  Code  Gb  GaitController.o [1]
SetWalk_LR_SlopeBezierControlPoints
                         0x800'3a55   0x31c  Code  Gb  GaitController.o [1]
Stand                    0x800'03bd   0x148  Code  Gb  GaitController.o [1]
StandHandle             0x2000'69c0     0x4  Data  Gb  freertos.o [1]
StandTask                0x800'95a1    0x8c  Code  Gb  freertos.o [1]
Stand_attributes         0x800'fa7c    0x24  Data  Gb  freertos.o [1]
Stand_on_LR_slope        0x800'3951    0xce  Code  Gb  GaitController.o [1]
Stand_on_slope           0x800'2e2d    0xb8  Code  Gb  GaitController.o [1]
StartDefaultTask         0x800'8bc1     0xc  Code  Gb  freertos.o [1]
Stat                    0x2000'0510     0x1  Data  Lc  sd_diskio.o [1]
Stat                    0x2000'0512     0x1  Data  Lc  user_diskio.o [1]
SysTick_Config           0x800'a20d    0x30  Code  Lc  stm32f4xx_hal_cortex.o [1]
SysTick_Handler          0x800'f781    0x14  Code  Gb  stm32f4xx_it.o [1]
SystemClock_Config       0x800'9dcb    0xae  Code  Gb  main.o [1]
SystemCoreClock         0x2000'04f8     0x4  Data  Gb  system_stm32f4xx.o [1]
SystemInit               0x800'fc21     0xc  Code  Gb  system_stm32f4xx.o [1]
TIM2_IRQHandler          0x800'f7b3     0xa  Code  Gb  stm32f4xx_it.o [1]
TIM_Base_SetConfig       0x800'bab3    0xd2  Code  Gb  stm32f4xx_hal_tim.o [1]
TIM_OC1_SetConfig        0x800'bb85    0x64  Code  Lc  stm32f4xx_hal_tim.o [1]
TIM_OC2_SetConfig        0x800'bbe9    0x6e  Code  Gb  stm32f4xx_hal_tim.o [1]
TIM_OC3_SetConfig        0x800'bc59    0x6c  Code  Lc  stm32f4xx_hal_tim.o [1]
TIM_OC4_SetConfig        0x800'bcc5    0x4c  Code  Lc  stm32f4xx_hal_tim.o [1]
TaskHandle              0x2000'698c     0x4  Data  Gb  freertos.o [1]
ThreeOrderBezierPlan     0x800'711d   0x2c0  Code  Gb  CurvePlan.o [1]
Torque                  0x2000'6880    0x20  Data  Gb  GaitController.o [1]
TrotBackHandle          0x2000'699c     0x4  Data  Gb  freertos.o [1]
TrotBackTask             0x800'8ec5    0xe2  Code  Gb  freertos.o [1]
TrotBack_attributes      0x800'f938    0x24  Data  Gb  freertos.o [1]
TrotForwardHandle       0x2000'6998     0x4  Data  Gb  freertos.o [1]
TrotForwardTask          0x800'8bcd   0x2de  Code  Gb  freertos.o [1]
TrotForward_attributes   0x800'f914    0x24  Data  Gb  freertos.o [1]
Trot_FSM                 0x800'081d   0x51e  Code  Gb  GaitController.o [1]
Turn_FSM                 0x800'2791   0x69c  Code  Gb  GaitController.o [1]
TxMailBox               0x2000'6980     0x4  Data  Gb  DeepJ60_can.o [1]
UART_DMAAbortOnError     0x800'cf25    0x16  Code  Lc  stm32f4xx_hal_uart.o [1]
UART_DMAError            0x800'cd47    0x58  Code  Lc  stm32f4xx_hal_uart.o [1]
UART_DMAReceiveCplt      0x800'cc77    0xaa  Code  Lc  stm32f4xx_hal_uart.o [1]
UART_DMARxHalfCplt       0x800'cd21    0x26  Code  Lc  stm32f4xx_hal_uart.o [1]
UART_EndRxTransfer       0x800'cebd    0x66  Code  Lc  stm32f4xx_hal_uart.o [1]
UART_EndTransmit_IT      0x800'cfa3    0x20  Code  Lc  stm32f4xx_hal_uart.o [1]
UART_EndTxTransfer       0x800'ce99    0x24  Code  Lc  stm32f4xx_hal_uart.o [1]
UART_Receive_IT          0x800'cfc3    0xf6  Code  Lc  stm32f4xx_hal_uart.o [1]
UART_SetConfig           0x800'd0b9   0x2fc  Code  Lc  stm32f4xx_hal_uart.o [1]
UART_Start_Receive_DMA   0x800'cde3    0xb6  Code  Gb  stm32f4xx_hal_uart.o [1]
UART_Start_Receive_IT    0x800'cd9f    0x44  Code  Gb  stm32f4xx_hal_uart.o [1]
UART_Transmit_IT         0x800'cf3d    0x66  Code  Lc  stm32f4xx_hal_uart.o [1]
USART2_IRQHandler        0x800'f7bd     0xa  Code  Gb  stm32f4xx_it.o [1]
USART3_IRQHandler        0x800'f7c7     0xa  Code  Gb  stm32f4xx_it.o [1]
USART6_IRQHandler        0x800'f7f9     0xa  Code  Gb  stm32f4xx_it.o [1]
USERPath                0x2000'6988     0x4  Data  Gb  fatfs.o [1]
USER_Driver             0x2000'04fc    0x14  Data  Gb  user_diskio.o [1]
USER_initialize          0x800'f891     0xc  Code  Gb  user_diskio.o [1]
USER_ioctl               0x800'f8c1     0x8  Code  Gb  user_diskio.o [1]
USER_read                0x800'f8ad     0xa  Code  Gb  user_diskio.o [1]
USER_status              0x800'f89d     0xc  Code  Gb  user_diskio.o [1]
USER_write               0x800'f8b7     0xa  Code  Gb  user_diskio.o [1]
UsageFault_Handler       0x800'f77d     0x2  Code  Gb  stm32f4xx_it.o [1]
Velocity                0x2000'6860    0x20  Data  Gb  GaitController.o [1]
WalkSlopeHandle         0x2000'69b8     0x4  Data  Gb  freertos.o [1]
WalkSlopeLRTask          0x800'94b9    0x9c  Code  Gb  freertos.o [1]
WalkSlopeTask            0x800'93ed    0x9c  Code  Gb  freertos.o [1]
WalkSlope_FSM            0x800'32cd   0x680  Code  Gb  GaitController.o [1]
WalkSlope_LRHandle      0x2000'69bc     0x4  Data  Gb  freertos.o [1]
WalkSlope_LR_FSM         0x800'3da9   0x650  Code  Gb  GaitController.o [1]
WalkSlope_LR_attributes
                         0x800'fa58    0x24  Data  Gb  freertos.o [1]
WalkSlope_attributes     0x800'fa34    0x24  Data  Gb  freertos.o [1]
__NVIC_EnableIRQ         0x800'a181    0x20  Code  Lc  stm32f4xx_hal_cortex.o [1]
__NVIC_GetPriorityGrouping
                         0x800'a173     0xc  Code  Lc  stm32f4xx_hal_cortex.o [1]
__NVIC_SetPriority       0x800'b3d1    0x30  Code  Lc  cmsis_os2.o [1]
__NVIC_SetPriority       0x800'a1a1    0x2c  Code  Lc  stm32f4xx_hal_cortex.o [1]
__NVIC_SetPriorityGrouping
                         0x800'a151    0x22  Code  Lc  stm32f4xx_hal_cortex.o [1]
__aeabi_cdcmpeq          0x800'e151          Code  Gb  DblCmpEq.o [3]
__aeabi_cdcmple          0x800'7691          Code  Gb  DblCmpLe.o [3]
__aeabi_cdrcmple         0x800'76c1          Code  Gb  DblCmpGe.o [3]
__aeabi_d2f              0x800'4fe1          Code  Gb  DblToFlt.o [3]
__aeabi_dadd             0x800'7431          Code  Gb  DblAdd.o [3]
__aeabi_ddiv             0x800'6ead          Code  Gb  DblDiv.o [3]
__aeabi_dmul             0x800'4e05          Code  Gb  DblMul.o [3]
__aeabi_dsub             0x800'75ad          Code  Gb  DblSub.o [3]
__aeabi_f2d              0x800'6e65          Code  Gb  FltToDbl.o [3]
__aeabi_ldiv0            0x800'e171          Code  Gb  I64DivZer.o [4]
__aeabi_memclr4          0x800'6e5d          Code  Gb  ABImemclr4.o [4]
__aeabi_memcpy           0x800'76f1          Code  Gb  ABImemcpy.o [4]
__aeabi_memcpy4          0x800'7711          Code  Gb  ABImemcpy.o [4]
__aeabi_memcpy8          0x800'7711          Code  Gb  ABImemcpy.o [4]
__aeabi_memset           0x800'8229          Code  Gb  ABImemset.o [4]
__aeabi_ui2d             0x800'4d71          Code  Gb  U32ToDbl.o [3]
__aeabi_uldivmod         0x800'df21          Code  Gb  I64DivMod.o [4]
__cmain                  0x800'fb75          Code  Gb  cmain.o [4]
__exit                   0x800'fba9    0x14  Code  Gb  exit.o [5]
__iar_Atan64             0x800'dba9   0x1d0  Code  Gb  iar_Atan64.o [3]
__iar_Memset             0x800'8229          Code  Gb  ABImemset.o [4]
__iar_Memset4_word       0x800'9c31          Code  Gb  ABImemset48.o [4]
__iar_Memset8_word       0x800'9c31          Code  Gb  ABImemset48.o [4]
__iar_Memset_word        0x800'8231          Code  Gb  ABImemset.o [4]
__iar_acos64             0x800'be15    0xc8  Code  Gb  acos64.o [3]
__iar_dadd               0x800'75bd          Code  Gb  DblSub.o [3]
__iar_data_init3         0x800'f8c9    0x28  Code  Gb  data_init.o [4]
__iar_dsub               0x800'7441          Code  Gb  DblAdd.o [3]
__iar_dsubStart          0x800'7453          Code  Gb  DblAdd.o [3]
__iar_init_vfp           0x800'fb31          Code  Gb  fpinit_M.o [3]
__iar_lz77_init_single3
                         0x800'4d8b    0x7a  Code  Gb  lz77_init_single.o [4]
__iar_program_start      0x800'fcc1          Code  Gb  cstartup_M.o [4]
__iar_round64            0x800'9bdd          Code  Gb  round.o [3]
__iar_sqrt64             0x800'9ac5          Code  Gb  sqrt.o [3]
__iar_vfp___iar_round64
                         0x800'9bcd          Code  Gb  round.o [3]
__iar_vfp___iar_sqrt64   0x800'9ab5          Code  Gb  sqrt.o [3]
__iar_vfp_acos           0x800'9bbf     0xc  Code  Gb  math_wrappers64.o [3]
__iar_vfp_round          0x800'9bcd          Code  Gb  round.o [3]
__iar_vfp_roundl         0x800'9bcd          Code  Gb  round.o [3]
__iar_vfp_sqrt           0x800'9ab5          Code  Gb  sqrt.o [3]
__iar_vfp_sqrtl          0x800'9ab5          Code  Gb  sqrt.o [3]
__iar_zero_init3         0x800'4fa7    0x3a  Code  Gb  zero_init3.o [4]
__low_level_init         0x800'fb93     0x4  Code  Gb  low_level_init.o [2]
__vector_table           0x800'0000          Data  Gb  startup_stm32f427xx.o [1]
_call_main               0x800'fb81          Code  Gb  cmain.o [4]
_exit                    0x800'fb9d          Code  Gb  cexit.o [4]
_main                    0x800'fb8f          Code  Gb  cmain.o [4]
a                        0x800'f850    0x40  Data  Lc  iar_Atan64.o [3]
abs                      0x800'b7a5     0x8  Code  Gb  abs.o [2]
acos                     0x800'be15    0xc8  Code  Gb  acos64.o [3]
acosl                    0x800'be15    0xc8  Code  Gb  acos64.o [3]
angle                   0x2000'6840    0x20  Data  Gb  GaitController.o [1]
camera_queue            0x2000'6a04     0x4  Data  Gb  main.o [1]
check_rx_bytes           0x800'bde5    0x16  Code  Gb  Camera.o [1]
cmd_queue               0x2000'69fc     0x4  Data  Gb  main.o [1]
defaultTaskHandle       0x2000'6994     0x4  Data  Gb  freertos.o [1]
defaultTask_attributes   0x800'f8f0    0x24  Data  Gb  freertos.o [1]
disk                    0x2000'6948    0x10  Data  Gb  ff_gen_drv.o [1]
dma_buffer              0x2000'6958     0xc  Data  Gb  Handle.o [1]
exit                     0x800'fb97     0x4  Code  Gb  exit.o [2]
handle_command          0x2000'6964     0x8  Data  Gb  Handle.o [1]
hcan1                   0x2000'67f0    0x28  Data  Gb  can.o [1]
hcan2                   0x2000'6818    0x28  Data  Gb  can.o [1]
hdma_usart3_rx          0x2000'6338    0x60  Data  Gb  usart.o [1]
hdma_usart6_rx          0x2000'6398    0x60  Data  Gb  usart.o [1]
hsd                     0x2000'62b4    0x84  Data  Gb  sdio.o [1]
hspi2                   0x2000'650c    0x58  Data  Gb  spi.o [1]
hspi4                   0x2000'6564    0x58  Data  Gb  spi.o [1]
htim2                   0x2000'660c    0x48  Data  Gb  tim.o [1]
huart2                  0x2000'669c    0x48  Data  Gb  usart.o [1]
huart3                  0x2000'66e4    0x48  Data  Gb  usart.o [1]
huart6                  0x2000'672c    0x48  Data  Gb  usart.o [1]
huart7                  0x2000'6654    0x48  Data  Gb  usart.o [1]
imu_queue               0x2000'6a00     0x4  Data  Gb  main.o [1]
isSlope                 0x2000'69dc     0x4  Data  Gb  GaitController.o [1]
isStop                  0x2000'69e0     0x4  Data  Gb  GaitController.o [1]
is_stack_overflow       0x2000'6990     0x4  Data  Gb  freertos.o [1]
jump_forward_controller
                        0x2000'01d0    0x94  Data  Gb  GaitController.o [1]
jump_up_controller      0x2000'013c    0x94  Data  Gb  GaitController.o [1]
main                     0x800'9c65   0x166  Code  Gb  main.o [1]
mid_value               0x2000'0000     0x4  Data  Gb  Camera.o [1]
move_controller         0x2000'042c    0x98  Data  Gb  GaitController.o [1]
osDelay                  0x800'b587    0x22  Code  Gb  cmsis_os2.o [1]
osKernelGetState         0x800'b435    0x28  Code  Gb  cmsis_os2.o [1]
osKernelGetTickCount     0x800'b48d    0x16  Code  Gb  cmsis_os2.o [1]
osKernelInitialize       0x800'b40f    0x26  Code  Gb  cmsis_os2.o [1]
osKernelStart            0x800'b45d    0x30  Code  Gb  cmsis_os2.o [1]
osMessageQueueGet        0x800'b707    0x98  Code  Gb  cmsis_os2.o [1]
osMessageQueueNew        0x800'b5b5    0xb6  Code  Gb  cmsis_os2.o [1]
osMessageQueuePut        0x800'b66b    0x9c  Code  Gb  cmsis_os2.o [1]
osThreadNew              0x800'b4a3    0xe4  Code  Gb  cmsis_os2.o [1]
parse_camera_bytes       0x800'bdfb     0xe  Code  Gb  Camera.o [1]
pcInterruptPriorityRegisters
                         0x800'fd10     0x4  Data  Lc  port.o [1]
pre_t                   0x2000'69d8     0x4  Data  Gb  GaitController.o [1]
prvAddCurrentTaskToDelayedList
                         0x800'6b0d    0x6c  Code  Lc  tasks.o [1]
prvAddNewTaskToReadyList
                         0x800'6097    0x9e  Code  Lc  tasks.o [1]
prvCheckForValidListAndQueue
                         0x800'89f5    0x4c  Code  Lc  timers.o [1]
prvCheckForValidListAndQueue{1}{2}{3}{4}::ucStaticTimerQueueStorage
                        0x2000'6214    0xa0  Data  Lc  timers.o [1]
prvCheckForValidListAndQueue{1}{2}{3}{4}::xStaticTimerQueue
                        0x2000'65bc    0x50  Data  Lc  timers.o [1]
prvCheckTasksWaitingTermination
                         0x800'67c9    0x3e  Code  Lc  tasks.o [1]
prvCopyDataFromQueue     0x800'b27d    0x36  Code  Lc  queue.o [1]
prvCopyDataToQueue       0x800'b1e1    0x9c  Code  Lc  queue.o [1]
prvDeleteTCB             0x800'680d    0x44  Code  Lc  tasks.o [1]
prvGetNextExpireTime     0x800'8787    0x28  Code  Lc  timers.o [1]
prvHeapInit              0x800'8145    0x62  Code  Lc  heap_4.o [1]
prvIdleTask              0x800'6751    0x24  Code  Lc  tasks.o [1]
prvInitialiseNewQueue    0x800'ad01    0x36  Code  Lc  queue.o [1]
prvInitialiseNewTask     0x800'5fb1    0xe6  Code  Lc  tasks.o [1]
prvInitialiseTaskLists   0x800'6775    0x54  Code  Lc  tasks.o [1]
prvInsertBlockIntoFreeList
                         0x800'81a7    0x5e  Code  Lc  heap_4.o [1]
prvInsertTimerInActiveList
                         0x800'87d7    0x52  Code  Lc  timers.o [1]
prvIsQueueEmpty          0x800'b321    0x1c  Code  Lc  queue.o [1]
prvIsQueueFull           0x800'b33d    0x1e  Code  Lc  queue.o [1]
prvProcessExpiredTimer   0x800'868b    0x6c  Code  Lc  timers.o [1]
prvProcessReceivedCommands
                         0x800'8829   0x13e  Code  Lc  timers.o [1]
prvProcessTimerOrBlockTask
                         0x800'8713    0x74  Code  Lc  timers.o [1]
prvResetNextTaskUnblockTime
                         0x800'6851    0x26  Code  Lc  tasks.o [1]
prvSampleTimeNow         0x800'87af    0x28  Code  Lc  timers.o [1]
prvSampleTimeNow::xLastTime
                        0x2000'6a60     0x4  Data  Lc  timers.o [1]
prvSwitchTimerLists      0x800'8967    0x8e  Code  Lc  timers.o [1]
prvTaskExitError         0x800'8351    0x2a  Code  Lc  port.o [1]
prvTimerTask             0x800'86f9    0x1a  Code  Lc  timers.o [1]
prvUnlockQueue           0x800'b2b3    0x6e  Code  Lc  queue.o [1]
pvPortMalloc             0x800'7fa1   0x128  Code  Gb  heap_4.o [1]
pxCurrentTCB            0x2000'6a14     0x4  Data  Gb  tasks.o [1]
pxCurrentTimerList      0x2000'6a50     0x4  Data  Lc  timers.o [1]
pxDelayedTaskList       0x2000'6a18     0x4  Data  Lc  tasks.o [1]
pxEnd                   0x2000'69e4     0x4  Data  Lc  heap_4.o [1]
pxOverflowDelayedTaskList
                        0x2000'6a1c     0x4  Data  Lc  tasks.o [1]
pxOverflowTimerList     0x2000'6a54     0x4  Data  Lc  timers.o [1]
pxPortInitialiseStack    0x800'8329    0x28  Code  Gb  port.o [1]
pxReadyTasksLists       0x2000'5334   0x460  Data  Lc  tasks.o [1]
retSD                   0x2000'6a64     0x1  Data  Gb  fatfs.o [1]
retUSER                 0x2000'6a65     0x1  Data  Gb  fatfs.o [1]
robot_height            0x2000'04c4     0x4  Data  Gb  GaitController.o [1]
rotate_controller       0x2000'00a4    0x98  Data  Gb  GaitController.o [1]
round                    0x800'9bdd          Code  Gb  round.o [3]
roundl                   0x800'9bdd          Code  Gb  round.o [3]
rx_bytes                0x2000'6974     0x4  Data  Gb  Camera.o [1]
slope                   0x2000'0004     0x4  Data  Gb  Camera.o [1]
spi_motor_data          0x2000'67b4    0x3c  Data  Gb  GaitController.o [1]
sqrt                     0x800'9ac5          Code  Gb  sqrt.o [3]
sqrtl                    0x800'9ac5          Code  Gb  sqrt.o [3]
t                       0x2000'69d4     0x4  Data  Gb  GaitController.o [1]
tan_LR_slope_theta      0x2000'04cc     0x4  Data  Gb  GaitController.o [1]
tan_slope_theta         0x2000'04c8     0x4  Data  Gb  GaitController.o [1]
trot_controller         0x2000'000c    0x98  Data  Gb  GaitController.o [1]
trot_length             0x2000'0008     0x4  Data  Gb  freertos.o [1]
turn_controller         0x2000'0264    0x98  Data  Gb  GaitController.o [1]
ucHeap                  0x2000'0514  0x4e20  Data  Lc  heap_4.o [1]
ucMaxSysCallPriority    0x2000'6a66     0x1  Data  Lc  port.o [1]
ulMaxPRIGROUPValue      0x2000'6a08     0x4  Data  Lc  port.o [1]
uwTick                  0x2000'6a10     0x4  Data  Gb  stm32f4xx_hal.o [1]
uwTickFreq              0x2000'0511     0x1  Data  Gb  stm32f4xx_hal.o [1]
uwTickPrio              0x2000'04f4     0x4  Data  Gb  stm32f4xx_hal.o [1]
uxCriticalNesting       0x2000'04f0     0x4  Data  Lc  port.o [1]
uxCurrentNumberOfTasks  0x2000'6a24     0x4  Data  Lc  tasks.o [1]
uxDeletedTasksWaitingCleanUp
                        0x2000'6a20     0x4  Data  Lc  tasks.o [1]
uxListRemove             0x800'8301    0x28  Code  Gb  list.o [1]
uxSchedulerSuspended    0x2000'6a4c     0x4  Data  Lc  tasks.o [1]
uxTaskNumber            0x2000'6a40     0x4  Data  Lc  tasks.o [1]
uxTopReadyPriority      0x2000'6a2c     0x4  Data  Lc  tasks.o [1]
vApplicationGetIdleTaskMemory
                         0x800'8585    0x18  Code  Wk  cmsis_os2.o [1]
vApplicationGetIdleTaskMemory::Idle_Stack
                        0x2000'6014   0x200  Data  Lc  cmsis_os2.o [1]
vApplicationGetIdleTaskMemory::Idle_TCB
                        0x2000'63f8    0x5c  Data  Lc  cmsis_os2.o [1]
vApplicationGetTimerTaskMemory
                         0x800'ab41    0x18  Code  Wk  cmsis_os2.o [1]
vApplicationGetTimerTaskMemory::Timer_Stack
                        0x2000'5794   0x400  Data  Lc  cmsis_os2.o [1]
vApplicationGetTimerTaskMemory::Timer_TCB
                        0x2000'6454    0x5c  Data  Lc  cmsis_os2.o [1]
vApplicationStackOverflowHook
                         0x800'8a71     0xa  Code  Gb  freertos.o [1]
vListInitialise          0x800'828f    0x1e  Code  Gb  list.o [1]
vListInitialiseItem      0x800'82ad     0x6  Code  Gb  list.o [1]
vListInsert              0x800'82cb    0x36  Code  Gb  list.o [1]
vListInsertEnd           0x800'82b3    0x18  Code  Gb  list.o [1]
vPortEnableVFP           0x800'ab25          Code  Gb  portasm.o [1]
vPortEnterCritical       0x800'8449    0x34  Code  Gb  port.o [1]
vPortExitCritical        0x800'847d    0x2c  Code  Gb  port.o [1]
vPortFree                0x800'80c9    0x7c  Code  Gb  heap_4.o [1]
vPortStartFirstTask      0x800'ab05          Code  Gb  portasm.o [1]
vPortValidateInterruptPriority
                         0x800'84d1    0x4e  Code  Gb  port.o [1]
vQueueAddToRegistry      0x800'b35b    0x26  Code  Gb  queue.o [1]
vQueueWaitForMessageRestricted
                         0x800'b385    0x4c  Code  Gb  queue.o [1]
vTaskDelay               0x800'61e3    0x4e  Code  Gb  tasks.o [1]
vTaskDelayUntil          0x800'6135    0xae  Code  Gb  tasks.o [1]
vTaskInternalSetTimeOutState
                         0x800'669d    0x12  Code  Gb  tasks.o [1]
vTaskMissedYield         0x800'6747     0xa  Code  Gb  tasks.o [1]
vTaskPlaceOnEventList    0x800'6585    0x34  Code  Gb  tasks.o [1]
vTaskPlaceOnEventListRestricted
                         0x800'65c9    0x40  Code  Gb  tasks.o [1]
vTaskStartScheduler      0x800'6231    0x9a  Code  Gb  tasks.o [1]
vTaskSuspendAll          0x800'62cb     0xc  Code  Gb  tasks.o [1]
vTaskSwitchContext       0x800'64df    0x9c  Code  Gb  tasks.o [1]
walk_LR_slope_controller
                        0x2000'0394    0x98  Data  Gb  GaitController.o [1]
walk_slope_controller   0x2000'02fc    0x98  Data  Gb  GaitController.o [1]
xActiveTimerList1       0x2000'6920    0x14  Data  Lc  timers.o [1]
xActiveTimerList2       0x2000'6934    0x14  Data  Lc  timers.o [1]
xBlockAllocatedBit      0x2000'69f8     0x4  Data  Lc  heap_4.o [1]
xDelayedTaskList1       0x2000'68bc    0x14  Data  Lc  tasks.o [1]
xDelayedTaskList2       0x2000'68d0    0x14  Data  Lc  tasks.o [1]
xFreeBytesRemaining     0x2000'69e8     0x4  Data  Lc  heap_4.o [1]
xHeapStructSize          0x800'fd0c     0x4  Data  Lc  heap_4.o [1]
xIdleTaskHandle         0x2000'6a48     0x4  Data  Lc  tasks.o [1]
xMinimumEverFreeBytesRemaining
                        0x2000'69ec     0x4  Data  Lc  heap_4.o [1]
xNextTaskUnblockTime    0x2000'6a44     0x4  Data  Lc  tasks.o [1]
xNumOfOverflows         0x2000'6a3c     0x4  Data  Lc  tasks.o [1]
xNumberOfSuccessfulAllocations
                        0x2000'69f0     0x4  Data  Lc  heap_4.o [1]
xNumberOfSuccessfulFrees
                        0x2000'69f4     0x4  Data  Lc  heap_4.o [1]
xPendedTicks            0x2000'6a34     0x4  Data  Lc  tasks.o [1]
xPendingReadyList       0x2000'68e4    0x14  Data  Lc  tasks.o [1]
xPortStartScheduler      0x800'837b    0xce  Code  Gb  port.o [1]
xPortSysTickHandler      0x800'84a9    0x28  Code  Gb  port.o [1]
xQueueGenericCreate      0x800'acaf    0x52  Code  Gb  queue.o [1]
xQueueGenericCreateStatic
                         0x800'abed    0xc2  Code  Gb  queue.o [1]
xQueueGenericReset       0x800'ab59    0x94  Code  Gb  queue.o [1]
xQueueGenericSend        0x800'ad37   0x1a6  Code  Gb  queue.o [1]
xQueueGenericSendFromISR
                         0x800'aedd    0xe4  Code  Gb  queue.o [1]
xQueueReceive            0x800'afc1   0x16a  Code  Gb  queue.o [1]
xQueueReceiveFromISR     0x800'b131    0xb0  Code  Gb  queue.o [1]
xQueueRegistry          0x2000'6774    0x40  Data  Gb  queue.o [1]
xSchedulerRunning       0x2000'6a30     0x4  Data  Lc  tasks.o [1]
xStart                  0x2000'696c     0x8  Data  Lc  heap_4.o [1]
xSuspendedTaskList      0x2000'690c    0x14  Data  Lc  tasks.o [1]
xTaskCheckForTimeOut     0x800'66b9    0x8e  Code  Gb  tasks.o [1]
xTaskCreate              0x800'5f37    0x7a  Code  Gb  tasks.o [1]
xTaskCreateStatic        0x800'5e99    0x9e  Code  Gb  tasks.o [1]
xTaskGenericNotify       0x800'69e1   0x11a  Code  Gb  tasks.o [1]
xTaskGetSchedulerState   0x800'6877    0x20  Code  Gb  tasks.o [1]
xTaskGetTickCount        0x800'63bf     0x8  Code  Gb  tasks.o [1]
xTaskGetTickCountFromISR
                         0x800'63c7    0x10  Code  Gb  tasks.o [1]
xTaskIncrementTick       0x800'63d7   0x108  Code  Gb  tasks.o [1]
xTaskNotifyWait          0x800'693d    0x9a  Code  Gb  tasks.o [1]
xTaskPriorityDisinherit
                         0x800'68a5    0x8e  Code  Gb  tasks.o [1]
xTaskRemoveFromEventList
                         0x800'6611    0x84  Code  Gb  tasks.o [1]
xTaskResumeAll           0x800'62d7    0xe8  Code  Gb  tasks.o [1]
xTasksWaitingTermination
                        0x2000'68f8    0x14  Data  Lc  tasks.o [1]
xTickCount              0x2000'6a28     0x4  Data  Lc  tasks.o [1]
xTimerCreateTimerTask    0x800'859d    0x6c  Code  Gb  timers.o [1]
xTimerGenericCommand     0x800'8609    0x82  Code  Gb  timers.o [1]
xTimerQueue             0x2000'6a58     0x4  Data  Lc  timers.o [1]
xTimerTaskHandle        0x2000'6a5c     0x4  Data  Lc  timers.o [1]
xYieldPending           0x2000'6a38     0x4  Data  Lc  tasks.o [1]


[1] = F:\none\Study\Other\Robot\RTS team\Robocon-FourFoot-2025\Code\Robocon-2025-Code\Speed\EWARM\zhukongv2\Obj
[2] = dl7M_tlf.a
[3] = m7M_tls.a
[4] = rt7M_tl.a
[5] = shb_l.a

  64 114 bytes of readonly  code memory
   1 115 bytes of readonly  data memory
  28 262 bytes of readwrite data memory

Errors: none
Warnings: none
