###############################################################################
#
# IAR ELF Linker V8.32.1.169/W32 for ARM                  10/Jan/2025  23:44:52
# Copyright 2007-2018 IAR Systems AB.
#
#    Output file  =  
#        F:\none\Study\Other\Robot\RTS
#        team\Robocon-FourFoot-2025\Code\Quadruped_Robot_20241025_backup\EWARM\Quadruped_Robot_20241025\Exe\Quadruped_Robot_20241025.out
#    Map file     =  
#        F:\none\Study\Other\Robot\RTS
#        team\Robocon-FourFoot-2025\Code\Quadruped_Robot_20241025_backup\EWARM\Quadruped_Robot_20241025\List\Quadruped_Robot_20241025.map
#    Command line =  
#        -f C:\Users\86136\AppData\Local\Temp\EWDC62.tmp
#        ("F:\none\Study\Other\Robot\RTS
#        team\Robocon-FourFoot-2025\Code\Quadruped_Robot_20241025_backup\EWARM\Quadruped_Robot_20241025\Obj\bsp_driver_sd.o"
#        "F:\none\Study\Other\Robot\RTS
#        team\Robocon-FourFoot-2025\Code\Quadruped_Robot_20241025_backup\EWARM\Quadruped_Robot_20241025\Obj\Callback.o"
#        "F:\none\Study\Other\Robot\RTS
#        team\Robocon-FourFoot-2025\Code\Quadruped_Robot_20241025_backup\EWARM\Quadruped_Robot_20241025\Obj\can.o"
#        "F:\none\Study\Other\Robot\RTS
#        team\Robocon-FourFoot-2025\Code\Quadruped_Robot_20241025_backup\EWARM\Quadruped_Robot_20241025\Obj\cc936.o"
#        "F:\none\Study\Other\Robot\RTS
#        team\Robocon-FourFoot-2025\Code\Quadruped_Robot_20241025_backup\EWARM\Quadruped_Robot_20241025\Obj\DeepJ60_can.o"
#        "F:\none\Study\Other\Robot\RTS
#        team\Robocon-FourFoot-2025\Code\Quadruped_Robot_20241025_backup\EWARM\Quadruped_Robot_20241025\Obj\DeepJ60_Motor.o"
#        "F:\none\Study\Other\Robot\RTS
#        team\Robocon-FourFoot-2025\Code\Quadruped_Robot_20241025_backup\EWARM\Quadruped_Robot_20241025\Obj\diskio.o"
#        "F:\none\Study\Other\Robot\RTS
#        team\Robocon-FourFoot-2025\Code\Quadruped_Robot_20241025_backup\EWARM\Quadruped_Robot_20241025\Obj\fatfs.o"
#        "F:\none\Study\Other\Robot\RTS
#        team\Robocon-FourFoot-2025\Code\Quadruped_Robot_20241025_backup\EWARM\Quadruped_Robot_20241025\Obj\ff.o"
#        "F:\none\Study\Other\Robot\RTS
#        team\Robocon-FourFoot-2025\Code\Quadruped_Robot_20241025_backup\EWARM\Quadruped_Robot_20241025\Obj\ff_gen_drv.o"
#        "F:\none\Study\Other\Robot\RTS
#        team\Robocon-FourFoot-2025\Code\Quadruped_Robot_20241025_backup\EWARM\Quadruped_Robot_20241025\Obj\gpio.o"
#        "F:\none\Study\Other\Robot\RTS
#        team\Robocon-FourFoot-2025\Code\Quadruped_Robot_20241025_backup\EWARM\Quadruped_Robot_20241025\Obj\leg_control.o"
#        "F:\none\Study\Other\Robot\RTS
#        team\Robocon-FourFoot-2025\Code\Quadruped_Robot_20241025_backup\EWARM\Quadruped_Robot_20241025\Obj\LogSystem.o"
#        "F:\none\Study\Other\Robot\RTS
#        team\Robocon-FourFoot-2025\Code\Quadruped_Robot_20241025_backup\EWARM\Quadruped_Robot_20241025\Obj\main.o"
#        "F:\none\Study\Other\Robot\RTS
#        team\Robocon-FourFoot-2025\Code\Quadruped_Robot_20241025_backup\EWARM\Quadruped_Robot_20241025\Obj\sd_diskio.o"
#        "F:\none\Study\Other\Robot\RTS
#        team\Robocon-FourFoot-2025\Code\Quadruped_Robot_20241025_backup\EWARM\Quadruped_Robot_20241025\Obj\sdio.o"
#        "F:\none\Study\Other\Robot\RTS
#        team\Robocon-FourFoot-2025\Code\Quadruped_Robot_20241025_backup\EWARM\Quadruped_Robot_20241025\Obj\startup_stm32f427xx.o"
#        "F:\none\Study\Other\Robot\RTS
#        team\Robocon-FourFoot-2025\Code\Quadruped_Robot_20241025_backup\EWARM\Quadruped_Robot_20241025\Obj\stm32f4xx_hal.o"
#        "F:\none\Study\Other\Robot\RTS
#        team\Robocon-FourFoot-2025\Code\Quadruped_Robot_20241025_backup\EWARM\Quadruped_Robot_20241025\Obj\stm32f4xx_hal_can.o"
#        "F:\none\Study\Other\Robot\RTS
#        team\Robocon-FourFoot-2025\Code\Quadruped_Robot_20241025_backup\EWARM\Quadruped_Robot_20241025\Obj\stm32f4xx_hal_cortex.o"
#        "F:\none\Study\Other\Robot\RTS
#        team\Robocon-FourFoot-2025\Code\Quadruped_Robot_20241025_backup\EWARM\Quadruped_Robot_20241025\Obj\stm32f4xx_hal_dma.o"
#        "F:\none\Study\Other\Robot\RTS
#        team\Robocon-FourFoot-2025\Code\Quadruped_Robot_20241025_backup\EWARM\Quadruped_Robot_20241025\Obj\stm32f4xx_hal_dma_ex.o"
#        "F:\none\Study\Other\Robot\RTS
#        team\Robocon-FourFoot-2025\Code\Quadruped_Robot_20241025_backup\EWARM\Quadruped_Robot_20241025\Obj\stm32f4xx_hal_exti.o"
#        "F:\none\Study\Other\Robot\RTS
#        team\Robocon-FourFoot-2025\Code\Quadruped_Robot_20241025_backup\EWARM\Quadruped_Robot_20241025\Obj\stm32f4xx_hal_flash.o"
#        "F:\none\Study\Other\Robot\RTS
#        team\Robocon-FourFoot-2025\Code\Quadruped_Robot_20241025_backup\EWARM\Quadruped_Robot_20241025\Obj\stm32f4xx_hal_flash_ex.o"
#        "F:\none\Study\Other\Robot\RTS
#        team\Robocon-FourFoot-2025\Code\Quadruped_Robot_20241025_backup\EWARM\Quadruped_Robot_20241025\Obj\stm32f4xx_hal_flash_ramfunc.o"
#        "F:\none\Study\Other\Robot\RTS
#        team\Robocon-FourFoot-2025\Code\Quadruped_Robot_20241025_backup\EWARM\Quadruped_Robot_20241025\Obj\stm32f4xx_hal_gpio.o"
#        "F:\none\Study\Other\Robot\RTS
#        team\Robocon-FourFoot-2025\Code\Quadruped_Robot_20241025_backup\EWARM\Quadruped_Robot_20241025\Obj\stm32f4xx_hal_msp.o"
#        "F:\none\Study\Other\Robot\RTS
#        team\Robocon-FourFoot-2025\Code\Quadruped_Robot_20241025_backup\EWARM\Quadruped_Robot_20241025\Obj\stm32f4xx_hal_pwr.o"
#        "F:\none\Study\Other\Robot\RTS
#        team\Robocon-FourFoot-2025\Code\Quadruped_Robot_20241025_backup\EWARM\Quadruped_Robot_20241025\Obj\stm32f4xx_hal_pwr_ex.o"
#        "F:\none\Study\Other\Robot\RTS
#        team\Robocon-FourFoot-2025\Code\Quadruped_Robot_20241025_backup\EWARM\Quadruped_Robot_20241025\Obj\stm32f4xx_hal_rcc.o"
#        "F:\none\Study\Other\Robot\RTS
#        team\Robocon-FourFoot-2025\Code\Quadruped_Robot_20241025_backup\EWARM\Quadruped_Robot_20241025\Obj\stm32f4xx_hal_rcc_ex.o"
#        "F:\none\Study\Other\Robot\RTS
#        team\Robocon-FourFoot-2025\Code\Quadruped_Robot_20241025_backup\EWARM\Quadruped_Robot_20241025\Obj\stm32f4xx_hal_sd.o"
#        "F:\none\Study\Other\Robot\RTS
#        team\Robocon-FourFoot-2025\Code\Quadruped_Robot_20241025_backup\EWARM\Quadruped_Robot_20241025\Obj\stm32f4xx_hal_tim.o"
#        "F:\none\Study\Other\Robot\RTS
#        team\Robocon-FourFoot-2025\Code\Quadruped_Robot_20241025_backup\EWARM\Quadruped_Robot_20241025\Obj\stm32f4xx_hal_tim_ex.o"
#        "F:\none\Study\Other\Robot\RTS
#        team\Robocon-FourFoot-2025\Code\Quadruped_Robot_20241025_backup\EWARM\Quadruped_Robot_20241025\Obj\stm32f4xx_hal_uart.o"
#        "F:\none\Study\Other\Robot\RTS
#        team\Robocon-FourFoot-2025\Code\Quadruped_Robot_20241025_backup\EWARM\Quadruped_Robot_20241025\Obj\stm32f4xx_it.o"
#        "F:\none\Study\Other\Robot\RTS
#        team\Robocon-FourFoot-2025\Code\Quadruped_Robot_20241025_backup\EWARM\Quadruped_Robot_20241025\Obj\stm32f4xx_ll_sdmmc.o"
#        "F:\none\Study\Other\Robot\RTS
#        team\Robocon-FourFoot-2025\Code\Quadruped_Robot_20241025_backup\EWARM\Quadruped_Robot_20241025\Obj\syscall.o"
#        "F:\none\Study\Other\Robot\RTS
#        team\Robocon-FourFoot-2025\Code\Quadruped_Robot_20241025_backup\EWARM\Quadruped_Robot_20241025\Obj\system_stm32f4xx.o"
#        "F:\none\Study\Other\Robot\RTS
#        team\Robocon-FourFoot-2025\Code\Quadruped_Robot_20241025_backup\EWARM\Quadruped_Robot_20241025\Obj\usart.o"
#        "F:\none\Study\Other\Robot\RTS
#        team\Robocon-FourFoot-2025\Code\Quadruped_Robot_20241025_backup\EWARM\Quadruped_Robot_20241025\Obj\user_diskio.o"
#        --no_out_extension -o "F:\none\Study\Other\Robot\RTS
#        team\Robocon-FourFoot-2025\Code\Quadruped_Robot_20241025_backup\EWARM\Quadruped_Robot_20241025\Exe\Quadruped_Robot_20241025.out"
#        --redirect _Printf=_PrintfFullNoMb --redirect _Scanf=_ScanfFullNoMb
#        --map "F:\none\Study\Other\Robot\RTS
#        team\Robocon-FourFoot-2025\Code\Quadruped_Robot_20241025_backup\EWARM\Quadruped_Robot_20241025\List\Quadruped_Robot_20241025.map"
#        --config "F:\none\Study\Other\Robot\RTS
#        team\Robocon-FourFoot-2025\Code\Quadruped_Robot_20241025_backup\EWARM/stm32f427xx_flash.icf"
#        --semihosting --entry __iar_program_start --vfe --text_out locale)
#
###############################################################################

*******************************************************************************
*** RUNTIME MODEL ATTRIBUTES
***

CppFlavor       = *
__Heap_Handler  = Basic
__SystemLibrary = DLib
__dlib_version  = 6


*******************************************************************************
*** HEAP SELECTION
***

The basic heap was selected because no calls to memory allocation
functions were found in the application outside of system library
functions, and there are calls to deallocation functions in the
application.


*******************************************************************************
*** PLACEMENT SUMMARY
***

"A0":  place at 0x800'0000 { ro section .intvec };
"P1":  place in [from 0x800'0000 to 0x81f'ffff] { ro };
define block CSTACK with size = 1K, alignment = 8 { };
define block HEAP with size = 512, alignment = 8 { };
"P2":  place in [from 0x2000'0000 to 0x2002'ffff] {
          rw, block CSTACK, block HEAP };
initialize by copy { rw };

  Section            Kind         Address    Size  Object
  -------            ----         -------    ----  ------
"A0":                                       0x1ac
  .intvec            ro code   0x800'0000   0x1ac  startup_stm32f427xx.o [1]
                             - 0x800'01ac   0x1ac

"P1":                                      0x7318
  .text              ro code   0x800'01ac   0xe70  leg_control.o [1]
  .text              ro code   0x800'101c    0x48  FltToDbl.o [3]
  .text              ro code   0x800'1064    0x2a  math_wrappers64.o [3]
  .text              ro code   0x800'108e    0x3a  zero_init3.o [4]
  .text              ro code   0x800'10c8    0x68  DblToFlt.o [3]
  .text              ro code   0x800'1130   0x102  sqrt.o [3]
  .text              ro code   0x800'1234   0x246  DblDiv.o [3]
  .text              ro code   0x800'147c   0x1a2  DblMul.o [3]
  .text              ro code   0x800'1620    0xe2  DblSub.o [3]
  .text              ro code   0x800'1704    0x62  round.o [3]
  .text              ro code   0x800'1768   0x17a  DblAdd.o [3]
  .text              ro code   0x800'18e4   0xa1c  stm32f4xx_hal_uart.o [1]
  .text              ro code   0x800'2300   0x91c  DeepJ60_Motor.o [1]
  .text              ro code   0x800'2c1c    0x28  stm32f4xx_hal.o [1]
  .text              ro code   0x800'2c44    0xc8  acos64.o [3]
  .text              ro code   0x800'2d0c   0x444  cos_sin64.o [3]
  .text              ro code   0x800'3150   0x220  usart.o [1]
  .text              ro code   0x800'3370     0xc  stm32f4xx_hal.o [1]
  .text              ro code   0x800'337c    0xc4  stm32f4xx_hal_dma.o [1]
  .text              ro code   0x800'3440     0x2  stm32f4xx_hal_uart.o [1]
  .text              ro code   0x800'3442     0x2  stm32f4xx_hal_uart.o [1]
  .text              ro code   0x800'3444     0x2  stm32f4xx_hal_uart.o [1]
  .text              ro code   0x800'3448   0x100  Callback.o [1]
  .text              ro code   0x800'3548   0x22c  stm32f4xx_hal_rcc.o [1]
  .text              ro code   0x800'3774   0x230  I64DivMod.o [4]
  .text              ro code   0x800'39a4   0x138  DeepJ60_can.o [1]
  .text              ro code   0x800'3adc    0x2e  DblCmpLe.o [3]
  .text              ro code   0x800'3b0c   0x1d0  iar_Atan64.o [3]
  .text              ro code   0x800'3cdc    0x3a  DblToS32.o [3]
  .text              ro code   0x800'3d18    0x22  S32ToDbl.o [3]
  .text              ro code   0x800'3d3c   0x4e8  main.o [1]
  .text              ro code   0x800'4224     0x6  ABImemclr4.o [4]
  .text              ro code   0x800'422c   0x2c2  stm32f4xx_hal_gpio.o [1]
  .text              ro code   0x800'44f0   0x15c  stm32f4xx_hal_cortex.o [1]
  .text              ro code   0x800'464c    0x4c  stm32f4xx_hal.o [1]
  .text              ro code   0x800'4698     0x2  I64DivZer.o [4]
  .text              ro code   0x800'469c   0x7e2  stm32f4xx_hal_can.o [1]
  .text              ro code   0x800'4e80    0x20  DblCmpEq.o [3]
  .text              ro code   0x800'4ea0    0x2e  DblCmpGe.o [3]
  .text              ro code   0x800'4ed0    0x34  stm32f4xx_hal.o [1]
  .text              ro code   0x800'4f04   0x114  gpio.o [1]
  .text              ro code   0x800'5018   0x27c  can.o [1]
  .text              ro code   0x800'5294    0xe4  sdio.o [1]
  .text              ro code   0x800'5378    0x34  fatfs.o [1]
  .text              ro code   0x800'53ac   0x3ec  stm32f4xx_hal_rcc.o [1]
  .text              ro code   0x800'5798    0x7c  stm32f4xx_hal_pwr_ex.o [1]
  .text              ro code   0x800'5814    0x32  ABImemset48.o [4]
  .text              ro code   0x800'5846     0x2  stm32f4xx_hal_can.o [1]
  .text              ro code   0x800'5848     0x2  stm32f4xx_hal_can.o [1]
  .text              ro code   0x800'584a     0x2  stm32f4xx_hal_can.o [1]
  .text              ro code   0x800'584c     0x2  stm32f4xx_hal_can.o [1]
  .text              ro code   0x800'584e     0x2  stm32f4xx_hal_can.o [1]
  .text              ro code   0x800'5850     0x2  stm32f4xx_hal_can.o [1]
  .text              ro code   0x800'5852     0x2  stm32f4xx_hal_can.o [1]
  .text              ro code   0x800'5854     0x2  stm32f4xx_hal_can.o [1]
  .text              ro code   0x800'5856     0x2  stm32f4xx_hal_can.o [1]
  .text              ro code   0x800'5858     0x2  stm32f4xx_hal_can.o [1]
  .text              ro code   0x800'585a     0x2  stm32f4xx_hal_can.o [1]
  .text              ro code   0x800'585c     0x2  stm32f4xx_hal_can.o [1]
  .text              ro code   0x800'5860    0x40  stm32f4xx_hal_msp.o [1]
  .text              ro code   0x800'58a0    0x60  ff_gen_drv.o [1]
  .text              ro code   0x800'5900   0xe32  stm32f4xx_hal_sd.o [1]
  .text              ro code   0x800'6734    0x86  ABImemcpy.o [4]
  .text              ro code   0x800'67bc   0x6d8  stm32f4xx_ll_sdmmc.o [1]
  .text              ro code   0x800'6e94     0x2  stm32f4xx_hal_sd.o [1]
  .text              ro code   0x800'6e96    0x20  bsp_driver_sd.o [1]
  .text              ro code   0x800'6eb6     0x2  bsp_driver_sd.o [1]
  .text              ro code   0x800'6eb8     0x2  bsp_driver_sd.o [1]
  .text              ro code   0x800'6ebc   0x120  sd_diskio.o [1]
  .text              ro code   0x800'6fdc    0x1c  bsp_driver_sd.o [1]
  .text              ro code   0x800'6ff8    0x20  bsp_driver_sd.o [1]
  .text              ro code   0x800'7018    0x34  bsp_driver_sd.o [1]
  .text              ro code   0x800'704c    0x34  bsp_driver_sd.o [1]
  .text              ro code   0x800'7080    0x14  bsp_driver_sd.o [1]
  .text              ro code   0x800'7094    0x10  bsp_driver_sd.o [1]
  .text              ro code   0x800'70a4    0x8c  stm32f4xx_it.o [1]
  .text              ro code   0x800'7130    0x18  stm32f4xx_hal.o [1]
  Initializer bytes  const     0x800'7148    0x4c  <for P2-1>
  .rodata            const     0x800'7198    0x40  iar_Atan64.o [3]
  .text              ro code   0x800'71d8    0x38  user_diskio.o [1]
  .text              ro code   0x800'7210    0x30  iarttio.o [5]
  .text              ro code   0x800'7240     0xc  XShttio.o [2]
  .text              ro code   0x800'724c    0x2c  copy_init3.o [4]
  .text              ro code   0x800'7278    0x28  data_init.o [4]
  .text              ro code   0x800'72a0    0x22  fpinit_M.o [3]
  .iar.init_table    const     0x800'72c4    0x24  - Linker created -
  .text              ro code   0x800'72e8    0x1e  cmain.o [4]
  .text              ro code   0x800'7306     0x4  low_level_init.o [2]
  .text              ro code   0x800'730a     0x4  exit.o [2]
  .text              ro code   0x800'7310     0xa  cexit.o [4]
  .text              ro code   0x800'731c    0x14  exit.o [5]
  .rodata            const     0x800'7330    0x14  sd_diskio.o [1]
  .rodata            const     0x800'7344    0x10  system_stm32f4xx.o [1]
  .text              ro code   0x800'7354    0x10  startup_stm32f427xx.o [1]
  .text              ro code   0x800'7364    0x10  system_stm32f4xx.o [1]
  .text              ro code   0x800'7374     0xc  cstartup_M.o [4]
  .rodata            const     0x800'7380     0x8  system_stm32f4xx.o [1]
  .text              ro code   0x800'7388     0x4  startup_stm32f427xx.o [1]
  .text              ro code   0x800'738c     0x4  startup_stm32f427xx.o [1]
  .text              ro code   0x800'7390     0x4  startup_stm32f427xx.o [1]
  .text              ro code   0x800'7394     0x4  startup_stm32f427xx.o [1]
  .text              ro code   0x800'7398     0x4  startup_stm32f427xx.o [1]
  .text              ro code   0x800'739c     0x4  startup_stm32f427xx.o [1]
  .text              ro code   0x800'73a0     0x4  startup_stm32f427xx.o [1]
  .text              ro code   0x800'73a4     0x4  startup_stm32f427xx.o [1]
  .text              ro code   0x800'73a8     0x4  startup_stm32f427xx.o [1]
  .text              ro code   0x800'73ac     0x4  startup_stm32f427xx.o [1]
  .text              ro code   0x800'73b0     0x4  startup_stm32f427xx.o [1]
  .text              ro code   0x800'73b4     0x4  startup_stm32f427xx.o [1]
  .text              ro code   0x800'73b8     0x4  startup_stm32f427xx.o [1]
  .text              ro code   0x800'73bc     0x4  startup_stm32f427xx.o [1]
  .text              ro code   0x800'73c0     0x4  startup_stm32f427xx.o [1]
  .text              ro code   0x800'73c4     0x4  startup_stm32f427xx.o [1]
  .text              ro code   0x800'73c8     0x4  startup_stm32f427xx.o [1]
  .text              ro code   0x800'73cc     0x4  startup_stm32f427xx.o [1]
  .text              ro code   0x800'73d0     0x4  startup_stm32f427xx.o [1]
  .text              ro code   0x800'73d4     0x4  startup_stm32f427xx.o [1]
  .text              ro code   0x800'73d8     0x4  startup_stm32f427xx.o [1]
  .text              ro code   0x800'73dc     0x4  startup_stm32f427xx.o [1]
  .text              ro code   0x800'73e0     0x4  startup_stm32f427xx.o [1]
  .text              ro code   0x800'73e4     0x4  startup_stm32f427xx.o [1]
  .text              ro code   0x800'73e8     0x4  startup_stm32f427xx.o [1]
  .text              ro code   0x800'73ec     0x4  startup_stm32f427xx.o [1]
  .text              ro code   0x800'73f0     0x4  startup_stm32f427xx.o [1]
  .text              ro code   0x800'73f4     0x4  startup_stm32f427xx.o [1]
  .text              ro code   0x800'73f8     0x4  startup_stm32f427xx.o [1]
  .text              ro code   0x800'73fc     0x4  startup_stm32f427xx.o [1]
  .text              ro code   0x800'7400     0x4  startup_stm32f427xx.o [1]
  .text              ro code   0x800'7404     0x4  startup_stm32f427xx.o [1]
  .text              ro code   0x800'7408     0x4  startup_stm32f427xx.o [1]
  .text              ro code   0x800'740c     0x4  startup_stm32f427xx.o [1]
  .text              ro code   0x800'7410     0x4  startup_stm32f427xx.o [1]
  .text              ro code   0x800'7414     0x4  startup_stm32f427xx.o [1]
  .text              ro code   0x800'7418     0x4  startup_stm32f427xx.o [1]
  .text              ro code   0x800'741c     0x4  startup_stm32f427xx.o [1]
  .text              ro code   0x800'7420     0x4  startup_stm32f427xx.o [1]
  .text              ro code   0x800'7424     0x4  startup_stm32f427xx.o [1]
  .text              ro code   0x800'7428     0x4  startup_stm32f427xx.o [1]
  .text              ro code   0x800'742c     0x4  startup_stm32f427xx.o [1]
  .text              ro code   0x800'7430     0x4  startup_stm32f427xx.o [1]
  .text              ro code   0x800'7434     0x4  startup_stm32f427xx.o [1]
  .text              ro code   0x800'7438     0x4  startup_stm32f427xx.o [1]
  .text              ro code   0x800'743c     0x4  startup_stm32f427xx.o [1]
  .text              ro code   0x800'7440     0x4  startup_stm32f427xx.o [1]
  .text              ro code   0x800'7444     0x4  startup_stm32f427xx.o [1]
  .text              ro code   0x800'7448     0x4  startup_stm32f427xx.o [1]
  .text              ro code   0x800'744c     0x4  startup_stm32f427xx.o [1]
  .text              ro code   0x800'7450     0x4  startup_stm32f427xx.o [1]
  .text              ro code   0x800'7454     0x4  startup_stm32f427xx.o [1]
  .text              ro code   0x800'7458     0x4  startup_stm32f427xx.o [1]
  .text              ro code   0x800'745c     0x4  startup_stm32f427xx.o [1]
  .text              ro code   0x800'7460     0x4  startup_stm32f427xx.o [1]
  .text              ro code   0x800'7464     0x4  startup_stm32f427xx.o [1]
  .text              ro code   0x800'7468     0x4  startup_stm32f427xx.o [1]
  .text              ro code   0x800'746c     0x4  startup_stm32f427xx.o [1]
  .text              ro code   0x800'7470     0x4  startup_stm32f427xx.o [1]
  .text              ro code   0x800'7474     0x4  startup_stm32f427xx.o [1]
  .text              ro code   0x800'7478     0x4  startup_stm32f427xx.o [1]
  .text              ro code   0x800'747c     0x4  startup_stm32f427xx.o [1]
  .text              ro code   0x800'7480     0x4  startup_stm32f427xx.o [1]
  .text              ro code   0x800'7484     0x4  startup_stm32f427xx.o [1]
  .text              ro code   0x800'7488     0x4  startup_stm32f427xx.o [1]
  .text              ro code   0x800'748c     0x4  startup_stm32f427xx.o [1]
  .text              ro code   0x800'7490     0x4  startup_stm32f427xx.o [1]
  .text              ro code   0x800'7494     0x4  startup_stm32f427xx.o [1]
  .text              ro code   0x800'7498     0x4  startup_stm32f427xx.o [1]
  .text              ro code   0x800'749c     0x4  startup_stm32f427xx.o [1]
  .text              ro code   0x800'74a0     0x4  startup_stm32f427xx.o [1]
  .text              ro code   0x800'74a4     0x4  startup_stm32f427xx.o [1]
  .text              ro code   0x800'74a8     0x4  startup_stm32f427xx.o [1]
  .text              ro code   0x800'74ac     0x4  startup_stm32f427xx.o [1]
  .text              ro code   0x800'74b0     0x4  startup_stm32f427xx.o [1]
  .text              ro code   0x800'74b4     0x4  startup_stm32f427xx.o [1]
  .text              ro code   0x800'74b8     0x4  startup_stm32f427xx.o [1]
  .text              ro code   0x800'74bc     0x4  startup_stm32f427xx.o [1]
  .text              ro code   0x800'74c0     0x4  startup_stm32f427xx.o [1]
  .rodata            const     0x800'74c4     0x0  zero_init3.o [4]
  .rodata            const     0x800'74c4     0x0  copy_init3.o [4]
                             - 0x800'74c4  0x7318

"P2", part 1 of 3:                           0x4c
  P2-1                        0x2000'0000    0x4b  <Init block>
    .data            inited   0x2000'0000    0x10  leg_control.o [1]
    .data            inited   0x2000'0010    0x10  leg_control.o [1]
    .data            inited   0x2000'0020     0x4  main.o [1]
    .data            inited   0x2000'0024     0x4  stm32f4xx_hal.o [1]
    .data            inited   0x2000'0028     0x4  system_stm32f4xx.o [1]
    .data            inited   0x2000'002c    0x14  user_diskio.o [1]
    .data            inited   0x2000'0040     0x8  XShttio.o [2]
    .data            inited   0x2000'0048     0x1  sd_diskio.o [1]
    .data            inited   0x2000'0049     0x1  stm32f4xx_hal.o [1]
    .data            inited   0x2000'004a     0x1  user_diskio.o [1]
                            - 0x2000'004b    0x4b

"P2", part 2 of 3:                          0x708
  .bss               zero     0x2000'004c   0x240  DeepJ60_Motor.o [1]
  .bss               zero     0x2000'028c   0x240  DeepJ60_Motor.o [1]
  .bss               zero     0x2000'04cc    0x84  sdio.o [1]
  .bss               zero     0x2000'0550    0x5c  DeepJ60_can.o [1]
  .bss               zero     0x2000'05ac    0x48  usart.o [1]
  .bss               zero     0x2000'05f4    0x48  usart.o [1]
  .bss               zero     0x2000'063c    0x48  usart.o [1]
  .bss               zero     0x2000'0684    0x28  can.o [1]
  .bss               zero     0x2000'06ac    0x28  can.o [1]
  .bss               zero     0x2000'06d4    0x20  main.o [1]
  .bss               zero     0x2000'06f4    0x1c  DeepJ60_can.o [1]
  .bss               zero     0x2000'0710    0x10  ff_gen_drv.o [1]
  .bss               zero     0x2000'0720    0x10  leg_control.o [1]
  .bss               zero     0x2000'0730     0x4  can.o [1]
  .bss               zero     0x2000'0734     0x4  DeepJ60_can.o [1]
  .bss               zero     0x2000'0738     0x4  fatfs.o [1]
  .bss               zero     0x2000'073c     0x4  fatfs.o [1]
  .bss               zero     0x2000'0740     0x4  main.o [1]
  .bss               zero     0x2000'0744     0x4  main.o [1]
  .bss               zero     0x2000'0748     0x4  stm32f4xx_hal.o [1]
  .bss               zero     0x2000'074c     0x4  usart.o [1]
  .bss               zero     0x2000'0750     0x1  fatfs.o [1]
  .bss               zero     0x2000'0751     0x1  fatfs.o [1]
  .bss               zero     0x2000'0752     0x1  main.o [1]
  .bss               zero     0x2000'0753     0x1  main.o [1]
                            - 0x2000'0754   0x708

"P2", part 3 of 3:                          0x400
  CSTACK                      0x2000'0758   0x400  <Block>
    CSTACK           uninit   0x2000'0758   0x400  <Block tail>
                            - 0x2000'0b58   0x400

Unused ranges:

         From           To       Size
         ----           --       ----
   0x800'74c4   0x81f'ffff  0x1f'8b3c
  0x2000'0754  0x2000'0757        0x4
  0x2000'0b58  0x2002'ffff   0x2'f4a8


*******************************************************************************
*** INIT TABLE
***

          Address      Size
          -------      ----
Zero (__iar_zero_init3)
    1 destination range, total size 0x708:
          0x2000'004c  0x708

Copy (__iar_copy_init3)
    1 source range, total size 0x4c (101% of destination):
           0x800'7148   0x4c
    1 destination range, total size 0x4b:
          0x2000'0000   0x4b



*******************************************************************************
*** MODULE SUMMARY
***

    Module                  ro code  ro data  rw data
    ------                  -------  -------  -------
command line/config:
    -------------------------------------------------
    Total:

F:\none\Study\Other\Robot\RTS team\Robocon-FourFoot-2025\Code\Quadruped_Robot_20241025_backup\EWARM\Quadruped_Robot_20241025\Obj: [1]
    Callback.o                  256
    DeepJ60_Motor.o           2 332             1 152
    DeepJ60_can.o               312               124
    bsp_driver_sd.o             236
    can.o                       636                84
    fatfs.o                      52                10
    ff_gen_drv.o                 96                16
    gpio.o                      276
    leg_control.o             3 696       32       48
    main.o                    1 256        4       46
    sd_diskio.o                 288       21        1
    sdio.o                      228               132
    startup_stm32f427xx.o       760
    stm32f4xx_hal.o             204        5        9
    stm32f4xx_hal_can.o       2 042
    stm32f4xx_hal_cortex.o      348
    stm32f4xx_hal_dma.o         196
    stm32f4xx_hal_gpio.o        706
    stm32f4xx_hal_msp.o          64
    stm32f4xx_hal_pwr_ex.o      124
    stm32f4xx_hal_rcc.o       1 560
    stm32f4xx_hal_sd.o        3 636
    stm32f4xx_hal_uart.o      2 594
    stm32f4xx_it.o              140
    stm32f4xx_ll_sdmmc.o      1 752
    system_stm32f4xx.o           16       28        4
    usart.o                     544               220
    user_diskio.o                56       21       21
    -------------------------------------------------
    Total:                   24 406      111    1 867

dl7M_tlf.a: [2]
    XShttio.o                    12        8        8
    exit.o                        4
    low_level_init.o              4
    -------------------------------------------------
    Total:                       20        8        8

m7M_tls.a: [3]
    DblAdd.o                    378
    DblCmpEq.o                   32
    DblCmpGe.o                   46
    DblCmpLe.o                   46
    DblDiv.o                    582
    DblMul.o                    418
    DblSub.o                    226
    DblToFlt.o                  104
    DblToS32.o                   58
    FltToDbl.o                   72
    S32ToDbl.o                   34
    acos64.o                    200
    cos_sin64.o               1 092
    fpinit_M.o                   34
    iar_Atan64.o                464       64
    math_wrappers64.o            42
    round.o                      98
    sqrt.o                      258
    -------------------------------------------------
    Total:                    4 184       64

rt7M_tl.a: [4]
    ABImemclr4.o                  6
    ABImemcpy.o                 134
    ABImemset48.o                50
    I64DivMod.o                 560
    I64DivZer.o                   2
    cexit.o                      10
    cmain.o                      30
    copy_init3.o                 44
    cstartup_M.o                 12
    data_init.o                  40
    zero_init3.o                 58
    -------------------------------------------------
    Total:                      946

shb_l.a: [5]
    exit.o                       20
    iarttio.o                    48
    -------------------------------------------------
    Total:                       68

    Gaps                         42        6
    Linker created                        37    1 024
-----------------------------------------------------
    Grand Total:             29 666      226    2 899


*******************************************************************************
*** ENTRY LIST
***

Entry                       Address   Size  Type      Object
-----                       -------   ----  ----      ------
.iar.init_table$$Base    0x800'72c4          --   Gb  - Linker created -
.iar.init_table$$Limit   0x800'72e8          --   Gb  - Linker created -
?main                    0x800'72e9         Code  Gb  cmain.o [4]
AHBPrescTable            0x800'7344   0x10  Data  Gb  system_stm32f4xx.o [1]
APBPrescTable            0x800'7380    0x8  Data  Gb  system_stm32f4xx.o [1]
AnalyseJ60MotorReceiveData_new
                         0x800'2bd9   0x30  Code  Gb  DeepJ60_Motor.o [1]
BSP_SD_GetCardInfo       0x800'7081   0x14  Code  Wk  bsp_driver_sd.o [1]
BSP_SD_GetCardState      0x800'6fdd   0x1c  Code  Wk  bsp_driver_sd.o [1]
BSP_SD_Init              0x800'6ff9   0x20  Code  Wk  bsp_driver_sd.o [1]
BSP_SD_ReadBlocks        0x800'7019   0x34  Code  Wk  bsp_driver_sd.o [1]
BSP_SD_WriteBlocks       0x800'704d   0x34  Code  Wk  bsp_driver_sd.o [1]
BusFault_Handler         0x800'70ab    0x2  Code  Gb  stm32f4xx_it.o [1]
CAN1_FilterConfig        0x800'51fd   0x38  Code  Gb  can.o [1]
CAN1_RX0_IRQHandler      0x800'70c7    0xa  Code  Gb  stm32f4xx_it.o [1]
CAN1_RX1_IRQHandler      0x800'70d1    0xa  Code  Gb  stm32f4xx_it.o [1]
CAN2_FilterConfig        0x800'5235   0x38  Code  Gb  can.o [1]
CAN2_RX0_IRQHandler      0x800'70e5    0xa  Code  Gb  stm32f4xx_it.o [1]
CAN2_RX1_IRQHandler      0x800'70ef    0xa  Code  Gb  stm32f4xx_it.o [1]
CSTACK$$Base            0x2000'0758          --   Gb  - Linker created -
CSTACK$$Limit           0x2000'0b58          --   Gb  - Linker created -
Can                     0x2000'0550   0x5c  Data  Gb  DeepJ60_can.o [1]
CanDataToRealData        0x800'39cf   0x2a  Code  Gb  DeepJ60_can.o [1]
CanRxInformation        0x2000'06f4   0x1c  Data  Gb  DeepJ60_can.o [1]
Can_Receive_new          0x800'3aab   0x20  Code  Gb  DeepJ60_can.o [1]
Can_Send                 0x800'39f9   0xb2  Code  Gb  DeepJ60_can.o [1]
DebugMon_Handler         0x800'70b1    0x2  Code  Gb  stm32f4xx_it.o [1]
EXTI1_IRQHandler         0x800'70bd    0xa  Code  Gb  stm32f4xx_it.o [1]
EnableJ60Motor           0x800'25b1   0x3c  Code  Gb  DeepJ60_Motor.o [1]
Error_Handler            0x800'4221    0x4  Code  Gb  main.o [1]
FATFS_LinkDriver         0x800'58e9   0x12  Code  Gb  ff_gen_drv.o [1]
FATFS_LinkDriverEx       0x800'58a1   0x48  Code  Gb  ff_gen_drv.o [1]
GetJ60MotorCanID         0x800'259d    0xe  Code  Gb  DeepJ60_Motor.o [1]
HAL_CAN_ActivateNotification
                         0x800'4c27   0x34  Code  Gb  stm32f4xx_hal_can.o [1]
HAL_CAN_AddTxMessage     0x800'4991  0x126  Code  Gb  stm32f4xx_hal_can.o [1]
HAL_CAN_ConfigFilter     0x800'4809  0x128  Code  Gb  stm32f4xx_hal_can.o [1]
HAL_CAN_GetRxMessage     0x800'4ab7  0x170  Code  Gb  stm32f4xx_hal_can.o [1]
HAL_CAN_IRQHandler       0x800'4c5b  0x224  Code  Gb  stm32f4xx_hal_can.o [1]
HAL_CAN_Init             0x800'469d  0x16c  Code  Gb  stm32f4xx_hal_can.o [1]
HAL_CAN_MspInit          0x800'50cd  0x130  Code  Gb  can.o [1]
HAL_CAN_RxFifo0MsgPendingCallback
                         0x800'3449   0x34  Code  Gb  Callback.o [1]
HAL_CAN_Start            0x800'4931   0x5c  Code  Gb  stm32f4xx_hal_can.o [1]
HAL_DMA_Abort            0x800'337d   0x9c  Code  Gb  stm32f4xx_hal_dma.o [1]
HAL_DMA_Abort_IT         0x800'3419   0x28  Code  Gb  stm32f4xx_hal_dma.o [1]
HAL_Delay                0x800'2c1d   0x28  Code  Wk  stm32f4xx_hal.o [1]
HAL_GPIO_EXTI_IRQHandler
                         0x800'4487   0x20  Code  Gb  stm32f4xx_hal_gpio.o [1]
HAL_GPIO_Init            0x800'422d  0x240  Code  Gb  stm32f4xx_hal_gpio.o [1]
HAL_GPIO_WritePin        0x800'446d   0x1a  Code  Gb  stm32f4xx_hal_gpio.o [1]
HAL_GetTick              0x800'3371    0xc  Code  Wk  stm32f4xx_hal.o [1]
HAL_IncTick              0x800'7131   0x18  Code  Wk  stm32f4xx_hal.o [1]
HAL_Init                 0x800'4ed1   0x30  Code  Gb  stm32f4xx_hal.o [1]
HAL_InitTick             0x800'464d   0x4c  Code  Wk  stm32f4xx_hal.o [1]
HAL_MspInit              0x800'5861   0x40  Code  Gb  stm32f4xx_hal_msp.o [1]
HAL_NVIC_EnableIRQ       0x800'4613    0xe  Code  Gb  stm32f4xx_hal_cortex.o [1]
HAL_NVIC_SetPriority     0x800'45e9   0x2a  Code  Gb  stm32f4xx_hal_cortex.o [1]
HAL_NVIC_SetPriorityGrouping
                         0x800'45dd    0xc  Code  Gb  stm32f4xx_hal_cortex.o [1]
HAL_PWREx_EnableOverDrive
                         0x800'5799   0x6a  Code  Gb  stm32f4xx_hal_pwr_ex.o [1]
HAL_RCC_CAN1_CLK_ENABLED
                        0x2000'0730    0x4  Data  Lc  can.o [1]
HAL_RCC_ClockConfig      0x800'3549  0x140  Code  Gb  stm32f4xx_hal_rcc.o [1]
HAL_RCC_GetHCLKFreq      0x800'3689    0x6  Code  Gb  stm32f4xx_hal_rcc.o [1]
HAL_RCC_GetPCLK1Freq     0x800'368f   0x16  Code  Gb  stm32f4xx_hal_rcc.o [1]
HAL_RCC_GetPCLK2Freq     0x800'36a5   0x16  Code  Gb  stm32f4xx_hal_rcc.o [1]
HAL_RCC_OscConfig        0x800'53ad  0x3ec  Code  Wk  stm32f4xx_hal_rcc.o [1]
HAL_SD_AbortCallback     0x800'6e97    0xa  Code  Gb  bsp_driver_sd.o [1]
HAL_SD_GetCardCSD        0x800'6195  0x1f4  Code  Gb  stm32f4xx_hal_sd.o [1]
HAL_SD_GetCardInfo       0x800'6389   0x26  Code  Gb  stm32f4xx_hal_sd.o [1]
HAL_SD_GetCardState      0x800'63af   0x24  Code  Gb  stm32f4xx_hal_sd.o [1]
HAL_SD_IRQHandler        0x800'5fc1  0x1d4  Code  Gb  stm32f4xx_hal_sd.o [1]
HAL_SD_Init              0x800'5901   0x44  Code  Gb  stm32f4xx_hal_sd.o [1]
HAL_SD_InitCard          0x800'5945   0xbe  Code  Gb  stm32f4xx_hal_sd.o [1]
HAL_SD_MspInit           0x800'52b5   0xaa  Code  Gb  sdio.o [1]
HAL_SD_ReadBlocks        0x800'5a03  0x310  Code  Gb  stm32f4xx_hal_sd.o [1]
HAL_SD_RxCpltCallback    0x800'6eab    0xa  Code  Gb  bsp_driver_sd.o [1]
HAL_SD_TxCpltCallback    0x800'6ea1    0xa  Code  Gb  bsp_driver_sd.o [1]
HAL_SD_WriteBlocks       0x800'5d13  0x2a4  Code  Gb  stm32f4xx_hal_sd.o [1]
HAL_SYSTICK_Config       0x800'4621    0xc  Code  Gb  stm32f4xx_hal_cortex.o [1]
HAL_UART_IRQHandler      0x800'1a61  0x2d4  Code  Gb  stm32f4xx_hal_uart.o [1]
HAL_UART_Init            0x800'18e5   0x7a  Code  Gb  stm32f4xx_hal_uart.o [1]
HAL_UART_MspInit         0x800'31f9  0x144  Code  Gb  usart.o [1]
HAL_UART_Receive_IT      0x800'1a2b   0x36  Code  Gb  stm32f4xx_hal_uart.o [1]
HAL_UART_RxCpltCallback
                         0x800'347d   0x9e  Code  Gb  Callback.o [1]
HAL_UART_Transmit        0x800'195f   0xcc  Code  Gb  stm32f4xx_hal_uart.o [1]
HardFault_Handler        0x800'70a7    0x2  Code  Gb  stm32f4xx_it.o [1]
IK_leg                   0x800'01ad  0x24e  Code  Gb  leg_control.o [1]
J60MotorConfigToSendCanData
                         0x800'24b9   0x28  Code  Gb  DeepJ60_Motor.o [1]
J60MotorDataToSendCanData
                         0x800'2569   0x34  Code  Gb  DeepJ60_Motor.o [1]
J60MotorMotionDataToSendCanData
                         0x800'23f9   0xae  Code  Gb  DeepJ60_Motor.o [1]
J60Motor_CAN1           0x2000'004c  0x240  Data  Gb  DeepJ60_Motor.o [1]
J60Motor_CAN2           0x2000'028c  0x240  Data  Gb  DeepJ60_Motor.o [1]
J60Motor_StandUpData_CAN1
                        0x2000'0000   0x10  Data  Gb  leg_control.o [1]
J60Motor_StandUpData_CAN2
                        0x2000'0010   0x10  Data  Gb  leg_control.o [1]
Jump                     0x800'0b21  0x4d8  Code  Gb  leg_control.o [1]
JumpEnable              0x2000'0753    0x1  Data  Gb  main.o [1]
Leg_cyloid               0x800'040d  0x4da  Code  Gb  leg_control.o [1]
MX_CAN1_Init             0x800'5019   0x5a  Code  Gb  can.o [1]
MX_CAN2_Init             0x800'5073   0x5a  Code  Gb  can.o [1]
MX_FATFS_Init            0x800'5379   0x1c  Code  Gb  fatfs.o [1]
MX_GPIO_Init             0x800'4f05  0x114  Code  Gb  gpio.o [1]
MX_SDIO_SD_Init          0x800'5295   0x20  Code  Gb  sdio.o [1]
MX_UART7_Init            0x800'3151   0x34  Code  Gb  usart.o [1]
MX_UART8_Init            0x800'3185   0x40  Code  Gb  usart.o [1]
MX_USART6_UART_Init      0x800'31c5   0x34  Code  Gb  usart.o [1]
MemManage_Handler        0x800'70a9    0x2  Code  Gb  stm32f4xx_it.o [1]
NMI_Handler              0x800'70a5    0x2  Code  Gb  stm32f4xx_it.o [1]
NVIC_EncodePriority      0x800'456d   0x40  Code  Lc  stm32f4xx_hal_cortex.o [1]
PendSV_Handler           0x800'70b3    0x2  Code  Gb  stm32f4xx_it.o [1]
Quadruped_gait           0x800'08f9  0x228  Code  Gb  leg_control.o [1]
RealDataToCanData        0x800'39a5   0x2a  Code  Gb  DeepJ60_can.o [1]
ReceiveCanDataToJ60MotorConfig
                         0x800'24e1   0x28  Code  Gb  DeepJ60_Motor.o [1]
ReceiveCanDataToJ60MotorData_new
                         0x800'2b81   0x58  Code  Gb  DeepJ60_Motor.o [1]
ReceiveCanDataToJ60MotorMotionData_new
                         0x800'2a7d   0xfe  Code  Gb  DeepJ60_Motor.o [1]
ReceiveCommandStatusToJ60MotorCommandStatus
                         0x800'2509    0x6  Code  Gb  DeepJ60_Motor.o [1]
ReceiveStatusWordToJ60MotorStatusWord
                         0x800'250f   0x5a  Code  Gb  DeepJ60_Motor.o [1]
Region$$Table$$Base      0x800'72c4          --   Gb  - Linker created -
Region$$Table$$Limit     0x800'72e8          --   Gb  - Linker created -
RunJ60Motor              0x800'2941  0x13a  Code  Gb  DeepJ60_Motor.o [1]
RunJ60MotorKdMode        0x800'2731   0x62  Code  Gb  DeepJ60_Motor.o [1]
RunJ60MotorPositionMode
                         0x800'25f9   0x6a  Code  Gb  DeepJ60_Motor.o [1]
RunJ60MotorPositionTorqueMode
                         0x800'27ed   0x6e  Code  Gb  DeepJ60_Motor.o [1]
RunJ60MotorPositonVelocityTorqueMode
                         0x800'28cd   0x72  Code  Gb  DeepJ60_Motor.o [1]
RunJ60MotorTorqueMode    0x800'26cd   0x62  Code  Gb  DeepJ60_Motor.o [1]
RunJ60MotorVelocityMode
                         0x800'2665   0x66  Code  Gb  DeepJ60_Motor.o [1]
RunJ60MotorVelocityTorqueMode
                         0x800'285d   0x6a  Code  Gb  DeepJ60_Motor.o [1]
RunJ60MotorZeroTorqueMode
                         0x800'2795   0x56  Code  Gb  DeepJ60_Motor.o [1]
SDIO_ConfigData          0x800'684d   0x2e  Code  Gb  stm32f4xx_ll_sdmmc.o [1]
SDIO_GetCommandResponse
                         0x800'683b    0x6  Code  Gb  stm32f4xx_ll_sdmmc.o [1]
SDIO_GetPowerState       0x800'6809    0x8  Code  Gb  stm32f4xx_ll_sdmmc.o [1]
SDIO_GetResponse         0x800'6841    0xc  Code  Gb  stm32f4xx_ll_sdmmc.o [1]
SDIO_IRQHandler          0x800'70db    0xa  Code  Gb  stm32f4xx_it.o [1]
SDIO_Init                0x800'67bd   0x30  Code  Gb  stm32f4xx_ll_sdmmc.o [1]
SDIO_PowerState_ON       0x800'67ff    0xa  Code  Gb  stm32f4xx_ll_sdmmc.o [1]
SDIO_ReadFIFO            0x800'67ed    0x6  Code  Gb  stm32f4xx_ll_sdmmc.o [1]
SDIO_SendCommand         0x800'6811   0x2a  Code  Gb  stm32f4xx_ll_sdmmc.o [1]
SDIO_WriteFIFO           0x800'67f3    0xc  Code  Gb  stm32f4xx_ll_sdmmc.o [1]
SDMMC_CmdAppCommand      0x800'6a47   0x34  Code  Gb  stm32f4xx_ll_sdmmc.o [1]
SDMMC_CmdAppOperCommand
                         0x800'6a7b   0x34  Code  Gb  stm32f4xx_ll_sdmmc.o [1]
SDMMC_CmdBlockLength     0x800'687b   0x34  Code  Gb  stm32f4xx_ll_sdmmc.o [1]
SDMMC_CmdGoIdleState     0x800'69e9   0x2e  Code  Gb  stm32f4xx_ll_sdmmc.o [1]
SDMMC_CmdOperCond        0x800'6a17   0x30  Code  Gb  stm32f4xx_ll_sdmmc.o [1]
SDMMC_CmdReadMultiBlock
                         0x800'68e3   0x34  Code  Gb  stm32f4xx_ll_sdmmc.o [1]
SDMMC_CmdReadSingleBlock
                         0x800'68af   0x34  Code  Gb  stm32f4xx_ll_sdmmc.o [1]
SDMMC_CmdSelDesel        0x800'69b3   0x36  Code  Gb  stm32f4xx_ll_sdmmc.o [1]
SDMMC_CmdSendCID         0x800'6aaf   0x2e  Code  Gb  stm32f4xx_ll_sdmmc.o [1]
SDMMC_CmdSendCSD         0x800'6add   0x2e  Code  Gb  stm32f4xx_ll_sdmmc.o [1]
SDMMC_CmdSendStatus      0x800'6b3f   0x34  Code  Gb  stm32f4xx_ll_sdmmc.o [1]
SDMMC_CmdSetRelAdd       0x800'6b0b   0x34  Code  Gb  stm32f4xx_ll_sdmmc.o [1]
SDMMC_CmdStopTransfer    0x800'697f   0x34  Code  Gb  stm32f4xx_ll_sdmmc.o [1]
SDMMC_CmdWriteMultiBlock
                         0x800'694b   0x34  Code  Gb  stm32f4xx_ll_sdmmc.o [1]
SDMMC_CmdWriteSingleBlock
                         0x800'6917   0x34  Code  Gb  stm32f4xx_ll_sdmmc.o [1]
SDMMC_GetCmdError        0x800'6e4d   0x32  Code  Lc  stm32f4xx_ll_sdmmc.o [1]
SDMMC_GetCmdResp1        0x800'6b73  0x13a  Code  Gb  stm32f4xx_ll_sdmmc.o [1]
SDMMC_GetCmdResp2        0x800'6cad   0x56  Code  Gb  stm32f4xx_ll_sdmmc.o [1]
SDMMC_GetCmdResp3        0x800'6d03   0x48  Code  Gb  stm32f4xx_ll_sdmmc.o [1]
SDMMC_GetCmdResp6        0x800'6d4b   0xa6  Code  Gb  stm32f4xx_ll_sdmmc.o [1]
SDMMC_GetCmdResp7        0x800'6df1   0x5c  Code  Gb  stm32f4xx_ll_sdmmc.o [1]
SDPath                  0x2000'0738    0x4  Data  Gb  fatfs.o [1]
SD_CheckStatus           0x800'6ebd   0x1e  Code  Lc  sd_diskio.o [1]
SD_DMARxAbort            0x800'6421   0x4a  Code  Lc  stm32f4xx_hal_sd.o [1]
SD_DMATxAbort            0x800'63d5   0x4a  Code  Lc  stm32f4xx_hal_sd.o [1]
SD_Driver                0x800'7330   0x14  Data  Gb  sd_diskio.o [1]
SD_InitCard              0x800'646b  0x10a  Code  Lc  stm32f4xx_hal_sd.o [1]
SD_PowerON               0x800'6575   0xcc  Code  Lc  stm32f4xx_hal_sd.o [1]
SD_Read_IT               0x800'6683   0x58  Code  Lc  stm32f4xx_hal_sd.o [1]
SD_SendStatus            0x800'6651   0x32  Code  Lc  stm32f4xx_hal_sd.o [1]
SD_Write_IT              0x800'66db   0x58  Code  Lc  stm32f4xx_hal_sd.o [1]
SD_initialize            0x800'6edb   0x20  Code  Gb  sd_diskio.o [1]
SD_ioctl                 0x800'6f75   0x64  Code  Gb  sd_diskio.o [1]
SD_read                  0x800'6f09   0x36  Code  Gb  sd_diskio.o [1]
SD_status                0x800'6efb    0xe  Code  Gb  sd_diskio.o [1]
SD_write                 0x800'6f3f   0x36  Code  Gb  sd_diskio.o [1]
SVC_Handler              0x800'70af    0x2  Code  Gb  stm32f4xx_it.o [1]
SetMotionCommand         0x800'23a3   0x4e  Code  Gb  DeepJ60_Motor.o [1]
SetMotionParameters      0x800'2301   0xa2  Code  Gb  DeepJ60_Motor.o [1]
SetNormalCommand         0x800'23f1    0x8  Code  Gb  DeepJ60_Motor.o [1]
Stat                    0x2000'0048    0x1  Data  Lc  sd_diskio.o [1]
Stat                    0x2000'004a    0x1  Data  Lc  user_diskio.o [1]
SysTick_Config           0x800'45ad   0x30  Code  Lc  stm32f4xx_hal_cortex.o [1]
SysTick_Handler          0x800'70b5    0x8  Code  Gb  stm32f4xx_it.o [1]
SystemClock_Config       0x800'4129   0xae  Code  Gb  main.o [1]
SystemCoreClock         0x2000'0028    0x4  Data  Gb  system_stm32f4xx.o [1]
SystemInit               0x800'7365    0xc  Code  Gb  system_stm32f4xx.o [1]
TrotDirection           0x2000'0740    0x4  Data  Gb  main.o [1]
TrotEnable              0x2000'0752    0x1  Data  Gb  main.o [1]
TxMailBox               0x2000'0734    0x4  Data  Gb  DeepJ60_can.o [1]
UART7_IRQHandler         0x800'7103    0xa  Code  Gb  stm32f4xx_it.o [1]
UART8_IRQHandler         0x800'710d    0xa  Code  Gb  stm32f4xx_it.o [1]
UART_DMAAbortOnError     0x800'1e65   0x16  Code  Lc  stm32f4xx_hal_uart.o [1]
UART_EndRxTransfer       0x800'1dfd   0x66  Code  Lc  stm32f4xx_hal_uart.o [1]
UART_EndTransmit_IT      0x800'1ee3   0x20  Code  Lc  stm32f4xx_hal_uart.o [1]
UART_Receive_IT          0x800'1f03   0xf6  Code  Lc  stm32f4xx_hal_uart.o [1]
UART_SetConfig           0x800'1ff9  0x2fc  Code  Lc  stm32f4xx_hal_uart.o [1]
UART_Start_Receive_IT    0x800'1db9   0x44  Code  Gb  stm32f4xx_hal_uart.o [1]
UART_Transmit_IT         0x800'1e7d   0x66  Code  Lc  stm32f4xx_hal_uart.o [1]
UART_WaitOnFlagUntilTimeout
                         0x800'1d35   0x84  Code  Lc  stm32f4xx_hal_uart.o [1]
USART6_IRQHandler        0x800'70f9    0xa  Code  Gb  stm32f4xx_it.o [1]
USERPath                0x2000'073c    0x4  Data  Gb  fatfs.o [1]
USER_Driver             0x2000'002c   0x14  Data  Gb  user_diskio.o [1]
USER_initialize          0x800'71d9    0xc  Code  Gb  user_diskio.o [1]
USER_ioctl               0x800'7209    0x8  Code  Gb  user_diskio.o [1]
USER_read                0x800'71f5    0xa  Code  Gb  user_diskio.o [1]
USER_status              0x800'71e5    0xc  Code  Gb  user_diskio.o [1]
USER_write               0x800'71ff    0xa  Code  Gb  user_diskio.o [1]
UsageFault_Handler       0x800'70ad    0x2  Code  Gb  stm32f4xx_it.o [1]
__NVIC_EnableIRQ         0x800'4521   0x20  Code  Lc  stm32f4xx_hal_cortex.o [1]
__NVIC_GetPriorityGrouping
                         0x800'4513    0xc  Code  Lc  stm32f4xx_hal_cortex.o [1]
__NVIC_SetPriority       0x800'4541   0x2c  Code  Lc  stm32f4xx_hal_cortex.o [1]
__NVIC_SetPriorityGrouping
                         0x800'44f1   0x22  Code  Lc  stm32f4xx_hal_cortex.o [1]
__aeabi_cdcmpeq          0x800'4e81         Code  Gb  DblCmpEq.o [3]
__aeabi_cdcmple          0x800'3add         Code  Gb  DblCmpLe.o [3]
__aeabi_cdrcmple         0x800'4ea1         Code  Gb  DblCmpGe.o [3]
__aeabi_d2f              0x800'10c9         Code  Gb  DblToFlt.o [3]
__aeabi_d2iz             0x800'3cdd         Code  Gb  DblToS32.o [3]
__aeabi_dadd             0x800'1769         Code  Gb  DblAdd.o [3]
__aeabi_ddiv             0x800'1235         Code  Gb  DblDiv.o [3]
__aeabi_dmul             0x800'147d         Code  Gb  DblMul.o [3]
__aeabi_dsub             0x800'1621         Code  Gb  DblSub.o [3]
__aeabi_f2d              0x800'101d         Code  Gb  FltToDbl.o [3]
__aeabi_i2d              0x800'3d19         Code  Gb  S32ToDbl.o [3]
__aeabi_ldiv0            0x800'4699         Code  Gb  I64DivZer.o [4]
__aeabi_memclr4          0x800'4225         Code  Gb  ABImemclr4.o [4]
__aeabi_memcpy4          0x800'6735         Code  Gb  ABImemcpy.o [4]
__aeabi_memcpy8          0x800'6735         Code  Gb  ABImemcpy.o [4]
__aeabi_uldivmod         0x800'3775         Code  Gb  I64DivMod.o [4]
__cmain                  0x800'72e9         Code  Gb  cmain.o [4]
__exit                   0x800'731d   0x14  Code  Gb  exit.o [5]
__iar_Atan64             0x800'3b0d  0x1d0  Code  Gb  iar_Atan64.o [3]
__iar_Memset4_word       0x800'5815         Code  Gb  ABImemset48.o [4]
__iar_Memset8_word       0x800'5815         Code  Gb  ABImemset48.o [4]
__iar_Sin64              0x800'2d0d  0x3aa  Code  Lc  cos_sin64.o [3]
__iar_acos64             0x800'2c45   0xc8  Code  Gb  acos64.o [3]
__iar_close_ttio         0x800'7211   0x2e  Code  Gb  iarttio.o [5]
__iar_copy_init3         0x800'724d   0x2c  Code  Gb  copy_init3.o [4]
__iar_cos64              0x800'3149    0x4  Code  Gb  cos_sin64.o [3]
__iar_cos_medium         0x800'3149    0x4  Code  Gb  cos_sin64.o [3]
__iar_cos_medium64       0x800'3149    0x4  Code  Gb  cos_sin64.o [3]
__iar_cos_mediuml        0x800'3149    0x4  Code  Gb  cos_sin64.o [3]
__iar_dadd               0x800'1631         Code  Gb  DblSub.o [3]
__iar_data_init3         0x800'7279   0x28  Code  Gb  data_init.o [4]
__iar_dsub               0x800'1779         Code  Gb  DblAdd.o [3]
__iar_dsubStart          0x800'178b         Code  Gb  DblAdd.o [3]
__iar_init_vfp           0x800'72a1         Code  Gb  fpinit_M.o [3]
__iar_lookup_ttioh       0x800'7241    0x4  Code  Gb  XShttio.o [2]
__iar_program_start      0x800'7375         Code  Gb  cstartup_M.o [4]
__iar_round64            0x800'1715         Code  Gb  round.o [3]
__iar_sin64              0x800'314d    0x4  Code  Gb  cos_sin64.o [3]
__iar_sin_medium         0x800'314d    0x4  Code  Gb  cos_sin64.o [3]
__iar_sin_medium64       0x800'314d    0x4  Code  Gb  cos_sin64.o [3]
__iar_sin_mediuml        0x800'314d    0x4  Code  Gb  cos_sin64.o [3]
__iar_sqrt64             0x800'1141         Code  Gb  sqrt.o [3]
__iar_ttio_handles      0x2000'0040    0x8  Data  Lc  XShttio.o [2]
__iar_vfp___iar_round64
                         0x800'1705         Code  Gb  round.o [3]
__iar_vfp___iar_sqrt64   0x800'1131         Code  Gb  sqrt.o [3]
__iar_vfp_acos           0x800'106b    0xc  Code  Gb  math_wrappers64.o [3]
__iar_vfp_cos            0x800'1077    0xc  Code  Gb  math_wrappers64.o [3]
__iar_vfp_round          0x800'1705         Code  Gb  round.o [3]
__iar_vfp_roundl         0x800'1705         Code  Gb  round.o [3]
__iar_vfp_sin            0x800'1083    0xc  Code  Gb  math_wrappers64.o [3]
__iar_vfp_sqrt           0x800'1131         Code  Gb  sqrt.o [3]
__iar_vfp_sqrtl          0x800'1131         Code  Gb  sqrt.o [3]
__iar_zero_init3         0x800'108f   0x3a  Code  Gb  zero_init3.o [4]
__low_level_init         0x800'7307    0x4  Code  Gb  low_level_init.o [2]
__vector_table           0x800'0000         Data  Gb  startup_stm32f427xx.o [1]
_call_main               0x800'72f5         Code  Gb  cmain.o [4]
_exit                    0x800'7311         Code  Gb  cexit.o [4]
_main                    0x800'7303         Code  Gb  cmain.o [4]
a                        0x800'7198   0x40  Data  Lc  iar_Atan64.o [3]
acos                     0x800'2c45   0xc8  Code  Gb  acos64.o [3]
acosl                    0x800'2c45   0xc8  Code  Gb  acos64.o [3]
angle                   0x2000'06d4   0x20  Data  Gb  main.o [1]
controller_signal       0x2000'074c    0x4  Data  Gb  usart.o [1]
cos                      0x800'3149    0x4  Code  Gb  cos_sin64.o [3]
cosl                     0x800'3149    0x4  Code  Gb  cos_sin64.o [3]
disk                    0x2000'0710   0x10  Data  Gb  ff_gen_drv.o [1]
exit                     0x800'730b    0x4  Code  Gb  exit.o [2]
hcan1                   0x2000'0684   0x28  Data  Gb  can.o [1]
hcan2                   0x2000'06ac   0x28  Data  Gb  can.o [1]
hsd                     0x2000'04cc   0x84  Data  Gb  sdio.o [1]
huart6                  0x2000'063c   0x48  Data  Gb  usart.o [1]
huart7                  0x2000'05ac   0x48  Data  Gb  usart.o [1]
huart8                  0x2000'05f4   0x48  Data  Gb  usart.o [1]
main                     0x800'3d3d  0x3dc  Code  Gb  main.o [1]
retSD                   0x2000'0750    0x1  Data  Gb  fatfs.o [1]
retUSER                 0x2000'0751    0x1  Data  Gb  fatfs.o [1]
round                    0x800'1715         Code  Gb  round.o [3]
roundl                   0x800'1715         Code  Gb  round.o [3]
sin                      0x800'314d    0x4  Code  Gb  cos_sin64.o [3]
sinl                     0x800'314d    0x4  Code  Gb  cos_sin64.o [3]
speed                   0x2000'0020    0x4  Data  Gb  main.o [1]
sqrt                     0x800'1141         Code  Gb  sqrt.o [3]
sqrtl                    0x800'1141         Code  Gb  sqrt.o [3]
t                       0x2000'0744    0x4  Data  Gb  main.o [1]
usart_motor_data        0x2000'0720   0x10  Data  Gb  leg_control.o [1]
uwTick                  0x2000'0748    0x4  Data  Gb  stm32f4xx_hal.o [1]
uwTickFreq              0x2000'0049    0x1  Data  Gb  stm32f4xx_hal.o [1]
uwTickPrio              0x2000'0024    0x4  Data  Gb  stm32f4xx_hal.o [1]


[1] = F:\none\Study\Other\Robot\RTS team\Robocon-FourFoot-2025\Code\Quadruped_Robot_20241025_backup\EWARM\Quadruped_Robot_20241025\Obj
[2] = dl7M_tlf.a
[3] = m7M_tls.a
[4] = rt7M_tl.a
[5] = shb_l.a

  29 666 bytes of readonly  code memory
     226 bytes of readonly  data memory
   2 899 bytes of readwrite data memory

Errors: none
Warnings: none
