###############################################################################
#
# IAR ELF Linker V8.32.1.169/W32 for ARM                  14/Feb/2025  22:50:14
# Copyright 2007-2018 IAR Systems AB.
#
#    Output file  =  
#        F:\none\Study\Other\Robot\RTS
#        team\Robocon-FourFoot-2025\Code\Quadruped_Robot_20241025_backup\EWARM\Quadruped_Robot_20241025\Exe\Quadruped_Robot_20241025.out
#    Map file     =  
#        F:\none\Study\Other\Robot\RTS
#        team\Robocon-FourFoot-2025\Code\Quadruped_Robot_20241025_backup\EWARM\Quadruped_Robot_20241025\List\Quadruped_Robot_20241025.map
#    Command line =  
#        -f C:\Users\86136\AppData\Local\Temp\EW9770.tmp
#        ("F:\none\Study\Other\Robot\RTS
#        team\Robocon-FourFoot-2025\Code\Quadruped_Robot_20241025_backup\EWARM\Quadruped_Robot_20241025\Obj\bsp_driver_sd.o"
#        "F:\none\Study\Other\Robot\RTS
#        team\Robocon-FourFoot-2025\Code\Quadruped_Robot_20241025_backup\EWARM\Quadruped_Robot_20241025\Obj\Callback.o"
#        "F:\none\Study\Other\Robot\RTS
#        team\Robocon-FourFoot-2025\Code\Quadruped_Robot_20241025_backup\EWARM\Quadruped_Robot_20241025\Obj\can.o"
#        "F:\none\Study\Other\Robot\RTS
#        team\Robocon-FourFoot-2025\Code\Quadruped_Robot_20241025_backup\EWARM\Quadruped_Robot_20241025\Obj\cc936.o"
#        "F:\none\Study\Other\Robot\RTS
#        team\Robocon-FourFoot-2025\Code\Quadruped_Robot_20241025_backup\EWARM\Quadruped_Robot_20241025\Obj\CurvePlan.o"
#        "F:\none\Study\Other\Robot\RTS
#        team\Robocon-FourFoot-2025\Code\Quadruped_Robot_20241025_backup\EWARM\Quadruped_Robot_20241025\Obj\DeepJ60_can.o"
#        "F:\none\Study\Other\Robot\RTS
#        team\Robocon-FourFoot-2025\Code\Quadruped_Robot_20241025_backup\EWARM\Quadruped_Robot_20241025\Obj\DeepJ60_Motor.o"
#        "F:\none\Study\Other\Robot\RTS
#        team\Robocon-FourFoot-2025\Code\Quadruped_Robot_20241025_backup\EWARM\Quadruped_Robot_20241025\Obj\diskio.o"
#        "F:\none\Study\Other\Robot\RTS
#        team\Robocon-FourFoot-2025\Code\Quadruped_Robot_20241025_backup\EWARM\Quadruped_Robot_20241025\Obj\fatfs.o"
#        "F:\none\Study\Other\Robot\RTS
#        team\Robocon-FourFoot-2025\Code\Quadruped_Robot_20241025_backup\EWARM\Quadruped_Robot_20241025\Obj\ff.o"
#        "F:\none\Study\Other\Robot\RTS
#        team\Robocon-FourFoot-2025\Code\Quadruped_Robot_20241025_backup\EWARM\Quadruped_Robot_20241025\Obj\ff_gen_drv.o"
#        "F:\none\Study\Other\Robot\RTS
#        team\Robocon-FourFoot-2025\Code\Quadruped_Robot_20241025_backup\EWARM\Quadruped_Robot_20241025\Obj\GaitController.o"
#        "F:\none\Study\Other\Robot\RTS
#        team\Robocon-FourFoot-2025\Code\Quadruped_Robot_20241025_backup\EWARM\Quadruped_Robot_20241025\Obj\gpio.o"
#        "F:\none\Study\Other\Robot\RTS
#        team\Robocon-FourFoot-2025\Code\Quadruped_Robot_20241025_backup\EWARM\Quadruped_Robot_20241025\Obj\leg_control.o"
#        "F:\none\Study\Other\Robot\RTS
#        team\Robocon-FourFoot-2025\Code\Quadruped_Robot_20241025_backup\EWARM\Quadruped_Robot_20241025\Obj\LogSystem.o"
#        "F:\none\Study\Other\Robot\RTS
#        team\Robocon-FourFoot-2025\Code\Quadruped_Robot_20241025_backup\EWARM\Quadruped_Robot_20241025\Obj\main.o"
#        "F:\none\Study\Other\Robot\RTS
#        team\Robocon-FourFoot-2025\Code\Quadruped_Robot_20241025_backup\EWARM\Quadruped_Robot_20241025\Obj\sd_diskio.o"
#        "F:\none\Study\Other\Robot\RTS
#        team\Robocon-FourFoot-2025\Code\Quadruped_Robot_20241025_backup\EWARM\Quadruped_Robot_20241025\Obj\sdio.o"
#        "F:\none\Study\Other\Robot\RTS
#        team\Robocon-FourFoot-2025\Code\Quadruped_Robot_20241025_backup\EWARM\Quadruped_Robot_20241025\Obj\startup_stm32f427xx.o"
#        "F:\none\Study\Other\Robot\RTS
#        team\Robocon-FourFoot-2025\Code\Quadruped_Robot_20241025_backup\EWARM\Quadruped_Robot_20241025\Obj\stm32f4xx_hal.o"
#        "F:\none\Study\Other\Robot\RTS
#        team\Robocon-FourFoot-2025\Code\Quadruped_Robot_20241025_backup\EWARM\Quadruped_Robot_20241025\Obj\stm32f4xx_hal_can.o"
#        "F:\none\Study\Other\Robot\RTS
#        team\Robocon-FourFoot-2025\Code\Quadruped_Robot_20241025_backup\EWARM\Quadruped_Robot_20241025\Obj\stm32f4xx_hal_cortex.o"
#        "F:\none\Study\Other\Robot\RTS
#        team\Robocon-FourFoot-2025\Code\Quadruped_Robot_20241025_backup\EWARM\Quadruped_Robot_20241025\Obj\stm32f4xx_hal_dma.o"
#        "F:\none\Study\Other\Robot\RTS
#        team\Robocon-FourFoot-2025\Code\Quadruped_Robot_20241025_backup\EWARM\Quadruped_Robot_20241025\Obj\stm32f4xx_hal_dma_ex.o"
#        "F:\none\Study\Other\Robot\RTS
#        team\Robocon-FourFoot-2025\Code\Quadruped_Robot_20241025_backup\EWARM\Quadruped_Robot_20241025\Obj\stm32f4xx_hal_exti.o"
#        "F:\none\Study\Other\Robot\RTS
#        team\Robocon-FourFoot-2025\Code\Quadruped_Robot_20241025_backup\EWARM\Quadruped_Robot_20241025\Obj\stm32f4xx_hal_flash.o"
#        "F:\none\Study\Other\Robot\RTS
#        team\Robocon-FourFoot-2025\Code\Quadruped_Robot_20241025_backup\EWARM\Quadruped_Robot_20241025\Obj\stm32f4xx_hal_flash_ex.o"
#        "F:\none\Study\Other\Robot\RTS
#        team\Robocon-FourFoot-2025\Code\Quadruped_Robot_20241025_backup\EWARM\Quadruped_Robot_20241025\Obj\stm32f4xx_hal_flash_ramfunc.o"
#        "F:\none\Study\Other\Robot\RTS
#        team\Robocon-FourFoot-2025\Code\Quadruped_Robot_20241025_backup\EWARM\Quadruped_Robot_20241025\Obj\stm32f4xx_hal_gpio.o"
#        "F:\none\Study\Other\Robot\RTS
#        team\Robocon-FourFoot-2025\Code\Quadruped_Robot_20241025_backup\EWARM\Quadruped_Robot_20241025\Obj\stm32f4xx_hal_msp.o"
#        "F:\none\Study\Other\Robot\RTS
#        team\Robocon-FourFoot-2025\Code\Quadruped_Robot_20241025_backup\EWARM\Quadruped_Robot_20241025\Obj\stm32f4xx_hal_pwr.o"
#        "F:\none\Study\Other\Robot\RTS
#        team\Robocon-FourFoot-2025\Code\Quadruped_Robot_20241025_backup\EWARM\Quadruped_Robot_20241025\Obj\stm32f4xx_hal_pwr_ex.o"
#        "F:\none\Study\Other\Robot\RTS
#        team\Robocon-FourFoot-2025\Code\Quadruped_Robot_20241025_backup\EWARM\Quadruped_Robot_20241025\Obj\stm32f4xx_hal_rcc.o"
#        "F:\none\Study\Other\Robot\RTS
#        team\Robocon-FourFoot-2025\Code\Quadruped_Robot_20241025_backup\EWARM\Quadruped_Robot_20241025\Obj\stm32f4xx_hal_rcc_ex.o"
#        "F:\none\Study\Other\Robot\RTS
#        team\Robocon-FourFoot-2025\Code\Quadruped_Robot_20241025_backup\EWARM\Quadruped_Robot_20241025\Obj\stm32f4xx_hal_sd.o"
#        "F:\none\Study\Other\Robot\RTS
#        team\Robocon-FourFoot-2025\Code\Quadruped_Robot_20241025_backup\EWARM\Quadruped_Robot_20241025\Obj\stm32f4xx_hal_tim.o"
#        "F:\none\Study\Other\Robot\RTS
#        team\Robocon-FourFoot-2025\Code\Quadruped_Robot_20241025_backup\EWARM\Quadruped_Robot_20241025\Obj\stm32f4xx_hal_tim_ex.o"
#        "F:\none\Study\Other\Robot\RTS
#        team\Robocon-FourFoot-2025\Code\Quadruped_Robot_20241025_backup\EWARM\Quadruped_Robot_20241025\Obj\stm32f4xx_hal_uart.o"
#        "F:\none\Study\Other\Robot\RTS
#        team\Robocon-FourFoot-2025\Code\Quadruped_Robot_20241025_backup\EWARM\Quadruped_Robot_20241025\Obj\stm32f4xx_it.o"
#        "F:\none\Study\Other\Robot\RTS
#        team\Robocon-FourFoot-2025\Code\Quadruped_Robot_20241025_backup\EWARM\Quadruped_Robot_20241025\Obj\stm32f4xx_ll_sdmmc.o"
#        "F:\none\Study\Other\Robot\RTS
#        team\Robocon-FourFoot-2025\Code\Quadruped_Robot_20241025_backup\EWARM\Quadruped_Robot_20241025\Obj\syscall.o"
#        "F:\none\Study\Other\Robot\RTS
#        team\Robocon-FourFoot-2025\Code\Quadruped_Robot_20241025_backup\EWARM\Quadruped_Robot_20241025\Obj\system_stm32f4xx.o"
#        "F:\none\Study\Other\Robot\RTS
#        team\Robocon-FourFoot-2025\Code\Quadruped_Robot_20241025_backup\EWARM\Quadruped_Robot_20241025\Obj\tim.o"
#        "F:\none\Study\Other\Robot\RTS
#        team\Robocon-FourFoot-2025\Code\Quadruped_Robot_20241025_backup\EWARM\Quadruped_Robot_20241025\Obj\usart.o"
#        "F:\none\Study\Other\Robot\RTS
#        team\Robocon-FourFoot-2025\Code\Quadruped_Robot_20241025_backup\EWARM\Quadruped_Robot_20241025\Obj\user_diskio.o"
#        --no_out_extension -o "F:\none\Study\Other\Robot\RTS
#        team\Robocon-FourFoot-2025\Code\Quadruped_Robot_20241025_backup\EWARM\Quadruped_Robot_20241025\Exe\Quadruped_Robot_20241025.out"
#        --redirect _Printf=_PrintfFullNoMb --redirect _Scanf=_ScanfFullNoMb
#        --map "F:\none\Study\Other\Robot\RTS
#        team\Robocon-FourFoot-2025\Code\Quadruped_Robot_20241025_backup\EWARM\Quadruped_Robot_20241025\List\Quadruped_Robot_20241025.map"
#        --config "F:\none\Study\Other\Robot\RTS
#        team\Robocon-FourFoot-2025\Code\Quadruped_Robot_20241025_backup\EWARM/stm32f427xx_flash.icf"
#        --semihosting --entry __iar_program_start --vfe --text_out locale)
#
###############################################################################

*******************************************************************************
*** RUNTIME MODEL ATTRIBUTES
***

CppFlavor       = *
__SystemLibrary = DLib
__dlib_version  = 6


*******************************************************************************
*** HEAP SELECTION
***

The basic heap was selected because no calls to memory allocation
functions were found in the application outside of system library
functions, and there are calls to deallocation functions in the
application.


*******************************************************************************
*** PLACEMENT SUMMARY
***

"A0":  place at 0x800'0000 { ro section .intvec };
"P1":  place in [from 0x800'0000 to 0x81f'ffff] { ro };
define block CSTACK with size = 1K, alignment = 8 { };
define block HEAP with size = 512, alignment = 8 { };
"P2":  place in [from 0x2000'0000 to 0x2002'ffff] {
          rw, block CSTACK, block HEAP };
initialize by copy { rw };

  Section            Kind         Address    Size  Object
  -------            ----         -------    ----  ------
"A0":                                       0x1ac
  .intvec            ro code   0x800'0000   0x1ac  startup_stm32f427xx.o [1]
                             - 0x800'01ac   0x1ac

"P1":                                      0x870a
  .text              ro code   0x800'01ac  0x19d8  GaitController.o [1]
  .text              ro code   0x800'1b84    0x1a  U32ToDbl.o [3]
  .text              ro code   0x800'1b9e    0x3a  zero_init3.o [4]
  .text              ro code   0x800'1bd8   0x1a2  DblMul.o [3]
  .text              ro code   0x800'1d7c    0x68  DblToFlt.o [3]
  .text              ro code   0x800'1de4   0xa1c  stm32f4xx_hal_uart.o [1]
  .text              ro code   0x800'2800   0x91c  DeepJ60_Motor.o [1]
  .text              ro code   0x800'311c    0x28  stm32f4xx_hal.o [1]
  .text              ro code   0x800'3144     0x6  ABImemclr4.o [4]
  .text              ro code   0x800'314c   0x5d8  leg_control.o [1]
  .text              ro code   0x800'3724    0x48  FltToDbl.o [3]
  .text              ro code   0x800'376c   0x17a  DblAdd.o [3]
  .text              ro code   0x800'38e8   0x2c8  usart.o [1]
  .text              ro code   0x800'3bb0     0xc  stm32f4xx_hal.o [1]
  .text              ro code   0x800'3bbc    0xc4  stm32f4xx_hal_dma.o [1]
  .text              ro code   0x800'3c80     0x2  stm32f4xx_hal_uart.o [1]
  .text              ro code   0x800'3c82     0x2  stm32f4xx_hal_uart.o [1]
  .text              ro code   0x800'3c84     0x2  stm32f4xx_hal_uart.o [1]
  .text              ro code   0x800'3c88   0x304  Callback.o [1]
  .text              ro code   0x800'3f8c   0x22c  stm32f4xx_hal_rcc.o [1]
  .text              ro code   0x800'41b8   0x230  I64DivMod.o [4]
  .text              ro code   0x800'43e8   0x138  DeepJ60_can.o [1]
  .text              ro code   0x800'4520    0x32  ABImemset48.o [4]
  .text              ro code   0x800'4554    0x12  math_wrappers64.o [3]
  .text              ro code   0x800'4568   0x102  sqrt.o [3]
  .text              ro code   0x800'466c   0x246  DblDiv.o [3]
  .text              ro code   0x800'48b4    0xe2  DblSub.o [3]
  .text              ro code   0x800'4998    0x62  round.o [3]
  .text              ro code   0x800'49fc   0x290  main.o [1]
  .text              ro code   0x800'4c8c   0x2c2  stm32f4xx_hal_gpio.o [1]
  .text              ro code   0x800'4f50   0x15c  stm32f4xx_hal_cortex.o [1]
  .text              ro code   0x800'50ac   0x590  stm32f4xx_hal_tim.o [1]
  .text              ro code   0x800'563c    0x4c  stm32f4xx_hal.o [1]
  .text              ro code   0x800'5688     0x2  I64DivZer.o [4]
  .text              ro code   0x800'568c   0x7e2  stm32f4xx_hal_can.o [1]
  .text              ro code   0x800'5e70    0xc8  acos64.o [3]
  .text              ro code   0x800'5f38    0x34  stm32f4xx_hal.o [1]
  .text              ro code   0x800'5f6c   0x114  gpio.o [1]
  .text              ro code   0x800'6080   0x27c  can.o [1]
  .text              ro code   0x800'62fc    0xe4  sdio.o [1]
  .text              ro code   0x800'63e0    0x34  fatfs.o [1]
  .text              ro code   0x800'6414    0xc0  tim.o [1]
  .text              ro code   0x800'64d4   0x3ec  stm32f4xx_hal_rcc.o [1]
  .text              ro code   0x800'68c0    0x7c  stm32f4xx_hal_pwr_ex.o [1]
  .text              ro code   0x800'693c     0x2  stm32f4xx_hal_tim.o [1]
  .text              ro code   0x800'693e     0x2  stm32f4xx_hal_tim.o [1]
  .text              ro code   0x800'6940     0x2  stm32f4xx_hal_tim.o [1]
  .text              ro code   0x800'6942     0x2  stm32f4xx_hal_tim_ex.o [1]
  .text              ro code   0x800'6944     0x2  stm32f4xx_hal_tim.o [1]
  .text              ro code   0x800'6946     0x2  stm32f4xx_hal_tim_ex.o [1]
  .text              ro code   0x800'6948     0x2  stm32f4xx_hal_can.o [1]
  .text              ro code   0x800'694a     0x2  stm32f4xx_hal_can.o [1]
  .text              ro code   0x800'694c     0x2  stm32f4xx_hal_can.o [1]
  .text              ro code   0x800'694e     0x2  stm32f4xx_hal_can.o [1]
  .text              ro code   0x800'6950     0x2  stm32f4xx_hal_can.o [1]
  .text              ro code   0x800'6952     0x2  stm32f4xx_hal_can.o [1]
  .text              ro code   0x800'6954     0x2  stm32f4xx_hal_can.o [1]
  .text              ro code   0x800'6956     0x2  stm32f4xx_hal_can.o [1]
  .text              ro code   0x800'6958     0x2  stm32f4xx_hal_can.o [1]
  .text              ro code   0x800'695a     0x2  stm32f4xx_hal_can.o [1]
  .text              ro code   0x800'695c     0x2  stm32f4xx_hal_can.o [1]
  .text              ro code   0x800'695e     0x2  stm32f4xx_hal_can.o [1]
  .text              ro code   0x800'6960    0x2e  DblCmpLe.o [3]
  .text              ro code   0x800'6990   0x1d0  iar_Atan64.o [3]
  .text              ro code   0x800'6b60    0x40  stm32f4xx_hal_msp.o [1]
  .text              ro code   0x800'6ba0    0x60  ff_gen_drv.o [1]
  .text              ro code   0x800'6c00    0xac  stm32f4xx_hal_tim_ex.o [1]
  .text              ro code   0x800'6cac    0x20  DblCmpEq.o [3]
  .text              ro code   0x800'6ccc    0x2e  DblCmpGe.o [3]
  .text              ro code   0x800'6cfc   0xe32  stm32f4xx_hal_sd.o [1]
  .text              ro code   0x800'7b30    0x86  ABImemcpy.o [4]
  .text              ro code   0x800'7bb8   0x6d8  stm32f4xx_ll_sdmmc.o [1]
  .text              ro code   0x800'8290     0x2  stm32f4xx_hal_sd.o [1]
  .text              ro code   0x800'8292    0x20  bsp_driver_sd.o [1]
  .text              ro code   0x800'82b2     0x2  bsp_driver_sd.o [1]
  .text              ro code   0x800'82b4     0x2  bsp_driver_sd.o [1]
  .text              ro code   0x800'82b8   0x120  sd_diskio.o [1]
  .text              ro code   0x800'83d8    0x1c  bsp_driver_sd.o [1]
  .text              ro code   0x800'83f4    0x20  bsp_driver_sd.o [1]
  .text              ro code   0x800'8414    0x34  bsp_driver_sd.o [1]
  .text              ro code   0x800'8448    0x34  bsp_driver_sd.o [1]
  .text              ro code   0x800'847c    0x14  bsp_driver_sd.o [1]
  .text              ro code   0x800'8490    0x10  bsp_driver_sd.o [1]
  .text              ro code   0x800'84a0    0xa8  stm32f4xx_it.o [1]
  .text              ro code   0x800'8548    0x18  stm32f4xx_hal.o [1]
  .rodata            const     0x800'8560    0x14  sd_diskio.o [1]
  .rodata            const     0x800'8578    0x40  iar_Atan64.o [3]
  .text              ro code   0x800'85b8    0x38  user_diskio.o [1]
  .text              ro code   0x800'85f0    0x38  packbits_init_single.o [4]
  .text              ro code   0x800'8628    0x28  data_init.o [4]
  .text              ro code   0x800'8650    0x22  fpinit_M.o [3]
  .iar.init_table    const     0x800'8674    0x20  - Linker created -
  .text              ro code   0x800'8694    0x1e  cmain.o [4]
  .text              ro code   0x800'86b2     0x4  low_level_init.o [2]
  .text              ro code   0x800'86b6     0x4  exit.o [2]
  .text              ro code   0x800'86bc     0xa  cexit.o [4]
  .text              ro code   0x800'86c8    0x14  exit.o [5]
  .rodata            const     0x800'86dc    0x10  system_stm32f4xx.o [1]
  .text              ro code   0x800'86ec    0x10  startup_stm32f427xx.o [1]
  .text              ro code   0x800'86fc    0x10  system_stm32f4xx.o [1]
  .text              ro code   0x800'870c     0xc  cstartup_M.o [4]
  .rodata            const     0x800'8718     0x8  system_stm32f4xx.o [1]
  .rodata            const     0x800'8720     0x8  tim.o [1]
  .text              ro code   0x800'8728     0x4  startup_stm32f427xx.o [1]
  .text              ro code   0x800'872c     0x4  startup_stm32f427xx.o [1]
  .text              ro code   0x800'8730     0x4  startup_stm32f427xx.o [1]
  .text              ro code   0x800'8734     0x4  startup_stm32f427xx.o [1]
  .text              ro code   0x800'8738     0x4  startup_stm32f427xx.o [1]
  .text              ro code   0x800'873c     0x4  startup_stm32f427xx.o [1]
  .text              ro code   0x800'8740     0x4  startup_stm32f427xx.o [1]
  .text              ro code   0x800'8744     0x4  startup_stm32f427xx.o [1]
  .text              ro code   0x800'8748     0x4  startup_stm32f427xx.o [1]
  .text              ro code   0x800'874c     0x4  startup_stm32f427xx.o [1]
  .text              ro code   0x800'8750     0x4  startup_stm32f427xx.o [1]
  .text              ro code   0x800'8754     0x4  startup_stm32f427xx.o [1]
  .text              ro code   0x800'8758     0x4  startup_stm32f427xx.o [1]
  .text              ro code   0x800'875c     0x4  startup_stm32f427xx.o [1]
  .text              ro code   0x800'8760     0x4  startup_stm32f427xx.o [1]
  .text              ro code   0x800'8764     0x4  startup_stm32f427xx.o [1]
  .text              ro code   0x800'8768     0x4  startup_stm32f427xx.o [1]
  .text              ro code   0x800'876c     0x4  startup_stm32f427xx.o [1]
  .text              ro code   0x800'8770     0x4  startup_stm32f427xx.o [1]
  .text              ro code   0x800'8774     0x4  startup_stm32f427xx.o [1]
  .text              ro code   0x800'8778     0x4  startup_stm32f427xx.o [1]
  .text              ro code   0x800'877c     0x4  startup_stm32f427xx.o [1]
  .text              ro code   0x800'8780     0x4  startup_stm32f427xx.o [1]
  .text              ro code   0x800'8784     0x4  startup_stm32f427xx.o [1]
  .text              ro code   0x800'8788     0x4  startup_stm32f427xx.o [1]
  .text              ro code   0x800'878c     0x4  startup_stm32f427xx.o [1]
  .text              ro code   0x800'8790     0x4  startup_stm32f427xx.o [1]
  .text              ro code   0x800'8794     0x4  startup_stm32f427xx.o [1]
  .text              ro code   0x800'8798     0x4  startup_stm32f427xx.o [1]
  .text              ro code   0x800'879c     0x4  startup_stm32f427xx.o [1]
  .text              ro code   0x800'87a0     0x4  startup_stm32f427xx.o [1]
  .text              ro code   0x800'87a4     0x4  startup_stm32f427xx.o [1]
  .text              ro code   0x800'87a8     0x4  startup_stm32f427xx.o [1]
  .text              ro code   0x800'87ac     0x4  startup_stm32f427xx.o [1]
  .text              ro code   0x800'87b0     0x4  startup_stm32f427xx.o [1]
  .text              ro code   0x800'87b4     0x4  startup_stm32f427xx.o [1]
  .text              ro code   0x800'87b8     0x4  startup_stm32f427xx.o [1]
  .text              ro code   0x800'87bc     0x4  startup_stm32f427xx.o [1]
  .text              ro code   0x800'87c0     0x4  startup_stm32f427xx.o [1]
  .text              ro code   0x800'87c4     0x4  startup_stm32f427xx.o [1]
  .text              ro code   0x800'87c8     0x4  startup_stm32f427xx.o [1]
  .text              ro code   0x800'87cc     0x4  startup_stm32f427xx.o [1]
  .text              ro code   0x800'87d0     0x4  startup_stm32f427xx.o [1]
  .text              ro code   0x800'87d4     0x4  startup_stm32f427xx.o [1]
  .text              ro code   0x800'87d8     0x4  startup_stm32f427xx.o [1]
  .text              ro code   0x800'87dc     0x4  startup_stm32f427xx.o [1]
  .text              ro code   0x800'87e0     0x4  startup_stm32f427xx.o [1]
  .text              ro code   0x800'87e4     0x4  startup_stm32f427xx.o [1]
  .text              ro code   0x800'87e8     0x4  startup_stm32f427xx.o [1]
  .text              ro code   0x800'87ec     0x4  startup_stm32f427xx.o [1]
  .text              ro code   0x800'87f0     0x4  startup_stm32f427xx.o [1]
  .text              ro code   0x800'87f4     0x4  startup_stm32f427xx.o [1]
  .text              ro code   0x800'87f8     0x4  startup_stm32f427xx.o [1]
  .text              ro code   0x800'87fc     0x4  startup_stm32f427xx.o [1]
  .text              ro code   0x800'8800     0x4  startup_stm32f427xx.o [1]
  .text              ro code   0x800'8804     0x4  startup_stm32f427xx.o [1]
  .text              ro code   0x800'8808     0x4  startup_stm32f427xx.o [1]
  .text              ro code   0x800'880c     0x4  startup_stm32f427xx.o [1]
  .text              ro code   0x800'8810     0x4  startup_stm32f427xx.o [1]
  .text              ro code   0x800'8814     0x4  startup_stm32f427xx.o [1]
  .text              ro code   0x800'8818     0x4  startup_stm32f427xx.o [1]
  .text              ro code   0x800'881c     0x4  startup_stm32f427xx.o [1]
  .text              ro code   0x800'8820     0x4  startup_stm32f427xx.o [1]
  .text              ro code   0x800'8824     0x4  startup_stm32f427xx.o [1]
  .text              ro code   0x800'8828     0x4  startup_stm32f427xx.o [1]
  .text              ro code   0x800'882c     0x4  startup_stm32f427xx.o [1]
  .text              ro code   0x800'8830     0x4  startup_stm32f427xx.o [1]
  .text              ro code   0x800'8834     0x4  startup_stm32f427xx.o [1]
  .text              ro code   0x800'8838     0x4  startup_stm32f427xx.o [1]
  .text              ro code   0x800'883c     0x4  startup_stm32f427xx.o [1]
  .text              ro code   0x800'8840     0x4  startup_stm32f427xx.o [1]
  .text              ro code   0x800'8844     0x4  startup_stm32f427xx.o [1]
  .text              ro code   0x800'8848     0x4  startup_stm32f427xx.o [1]
  .text              ro code   0x800'884c     0x4  startup_stm32f427xx.o [1]
  .text              ro code   0x800'8850     0x4  startup_stm32f427xx.o [1]
  .text              ro code   0x800'8854     0x4  startup_stm32f427xx.o [1]
  .text              ro code   0x800'8858     0x4  startup_stm32f427xx.o [1]
  .rodata            const     0x800'885c     0x0  zero_init3.o [4]
  .rodata            const     0x800'885c     0x0  packbits_init_single.o [4]
  Initializer bytes  const     0x800'885c    0x5a  <for P2-1>
                             - 0x800'88b6  0x870a

"P2", part 1 of 3:                           0x6f
  P2-1                        0x2000'0000    0x6f  <Init block>
    .data            inited   0x2000'0000    0x10  GaitController.o [1]
    .data            inited   0x2000'0010    0x10  GaitController.o [1]
    .data            inited   0x2000'0020     0xc  GaitController.o [1]
    .data            inited   0x2000'002c    0x10  leg_control.o [1]
    .data            inited   0x2000'003c    0x10  leg_control.o [1]
    .data            inited   0x2000'004c     0x4  main.o [1]
    .data            inited   0x2000'0050     0x4  stm32f4xx_hal.o [1]
    .data            inited   0x2000'0054     0x4  system_stm32f4xx.o [1]
    .data            inited   0x2000'0058    0x14  user_diskio.o [1]
    .data            inited   0x2000'006c     0x1  sd_diskio.o [1]
    .data            inited   0x2000'006d     0x1  stm32f4xx_hal.o [1]
    .data            inited   0x2000'006e     0x1  user_diskio.o [1]
                            - 0x2000'006f    0x6f

"P2", part 2 of 3:                          0x810
  .bss               zero     0x2000'0070   0x240  DeepJ60_Motor.o [1]
  .bss               zero     0x2000'02b0   0x240  DeepJ60_Motor.o [1]
  .bss               zero     0x2000'04f0    0x84  sdio.o [1]
  .bss               zero     0x2000'0574    0x5c  DeepJ60_can.o [1]
  .bss               zero     0x2000'05d0    0x48  tim.o [1]
  .bss               zero     0x2000'0618    0x48  usart.o [1]
  .bss               zero     0x2000'0660    0x48  usart.o [1]
  .bss               zero     0x2000'06a8    0x48  usart.o [1]
  .bss               zero     0x2000'06f0    0x48  usart.o [1]
  .bss               zero     0x2000'0738    0x3c  leg_control.o [1]
  .bss               zero     0x2000'0774    0x28  can.o [1]
  .bss               zero     0x2000'079c    0x28  can.o [1]
  .bss               zero     0x2000'07c4    0x20  GaitController.o [1]
  .bss               zero     0x2000'07e4    0x20  GaitController.o [1]
  .bss               zero     0x2000'0804    0x20  main.o [1]
  .bss               zero     0x2000'0824    0x1c  DeepJ60_can.o [1]
  .bss               zero     0x2000'0840    0x10  ff_gen_drv.o [1]
  .bss               zero     0x2000'0850     0x4  can.o [1]
  .bss               zero     0x2000'0854     0x4  DeepJ60_can.o [1]
  .bss               zero     0x2000'0858     0x4  fatfs.o [1]
  .bss               zero     0x2000'085c     0x4  fatfs.o [1]
  .bss               zero     0x2000'0860     0x4  GaitController.o [1]
  .bss               zero     0x2000'0864     0x4  GaitController.o [1]
  .bss               zero     0x2000'0868     0x4  GaitController.o [1]
  .bss               zero     0x2000'086c     0x4  GaitController.o [1]
  .bss               zero     0x2000'0870     0x4  main.o [1]
  .bss               zero     0x2000'0874     0x4  stm32f4xx_hal.o [1]
  .bss               zero     0x2000'0878     0x4  usart.o [1]
  .bss               zero     0x2000'087c     0x1  fatfs.o [1]
  .bss               zero     0x2000'087d     0x1  fatfs.o [1]
                            - 0x2000'087e   0x80e

"P2", part 3 of 3:                          0x400
  CSTACK                      0x2000'0880   0x400  <Block>
    CSTACK           uninit   0x2000'0880   0x400  <Block tail>
                            - 0x2000'0c80   0x400

Unused ranges:

         From           To       Size
         ----           --       ----
   0x800'88b6   0x81f'ffff  0x1f'774a
  0x2000'006f  0x2000'006f        0x1
  0x2000'0c80  0x2002'ffff   0x2'f380


*******************************************************************************
*** INIT TABLE
***

          Address      Size
          -------      ----
Zero (__iar_zero_init3)
    1 destination range, total size 0x80e:
          0x2000'0070  0x80e

Copy/packbits (__iar_packbits_init_single3)
    1 source range, total size 0x5a (81% of destination):
           0x800'885c   0x5a
    1 destination range, total size 0x6f:
          0x2000'0000   0x6f



*******************************************************************************
*** MODULE SUMMARY
***

    Module                  ro code  ro data  rw data
    ------                  -------  -------  -------
command line/config:
    -------------------------------------------------
    Total:

F:\none\Study\Other\Robot\RTS team\Robocon-FourFoot-2025\Code\Quadruped_Robot_20241025_backup\EWARM\Quadruped_Robot_20241025\Obj: [1]
    Callback.o                  772
    DeepJ60_Motor.o           2 332             1 152
    DeepJ60_can.o               312               124
    GaitController.o          6 616       35      124
    bsp_driver_sd.o             236
    can.o                       636                84
    fatfs.o                      52                10
    ff_gen_drv.o                 96                16
    gpio.o                      276
    leg_control.o             1 496       26       92
    main.o                      656        3       40
    sd_diskio.o                 288       21        1
    sdio.o                      228               132
    startup_stm32f427xx.o       752
    stm32f4xx_hal.o             204        5        9
    stm32f4xx_hal_can.o       2 042
    stm32f4xx_hal_cortex.o      348
    stm32f4xx_hal_dma.o         196
    stm32f4xx_hal_gpio.o        706
    stm32f4xx_hal_msp.o          64
    stm32f4xx_hal_pwr_ex.o      124
    stm32f4xx_hal_rcc.o       1 560
    stm32f4xx_hal_sd.o        3 636
    stm32f4xx_hal_tim.o       1 432
    stm32f4xx_hal_tim_ex.o      176
    stm32f4xx_hal_uart.o      2 594
    stm32f4xx_it.o              168
    stm32f4xx_ll_sdmmc.o      1 752
    system_stm32f4xx.o           16       27        4
    tim.o                       192        8       72
    usart.o                     712               292
    user_diskio.o                56       17       21
    -------------------------------------------------
    Total:                   30 726      142    2 173

dl7M_tlf.a: [2]
    exit.o                        4
    low_level_init.o              4
    -------------------------------------------------
    Total:                        8

m7M_tls.a: [3]
    DblAdd.o                    378
    DblCmpEq.o                   32
    DblCmpGe.o                   46
    DblCmpLe.o                   46
    DblDiv.o                    582
    DblMul.o                    418
    DblSub.o                    226
    DblToFlt.o                  104
    FltToDbl.o                   72
    U32ToDbl.o                   26
    acos64.o                    200
    fpinit_M.o                   34
    iar_Atan64.o                464       64
    math_wrappers64.o            18
    round.o                      98
    sqrt.o                      258
    -------------------------------------------------
    Total:                    3 002       64

rt7M_tl.a: [4]
    ABImemclr4.o                  6
    ABImemcpy.o                 134
    ABImemset48.o                50
    I64DivMod.o                 560
    I64DivZer.o                   2
    cexit.o                      10
    cmain.o                      30
    cstartup_M.o                 12
    data_init.o                  40
    packbits_init_single.o       56
    zero_init3.o                 58
    -------------------------------------------------
    Total:                      958

shb_l.a: [5]
    exit.o                       20
    -------------------------------------------------
    Total:                       20

    Gaps                         40        6
    Linker created                        32    1 024
-----------------------------------------------------
    Grand Total:             34 754      244    3 197


*******************************************************************************
*** ENTRY LIST
***

Entry                       Address   Size  Type      Object
-----                       -------   ----  ----      ------
.iar.init_table$$Base    0x800'8674          --   Gb  - Linker created -
.iar.init_table$$Limit   0x800'8694          --   Gb  - Linker created -
?main                    0x800'8695         Code  Gb  cmain.o [4]
AHBPrescTable            0x800'86dc   0x10  Data  Gb  system_stm32f4xx.o [1]
APBPrescTable            0x800'8718    0x8  Data  Gb  system_stm32f4xx.o [1]
AnalyseJ60MotorReceiveData_new
                         0x800'30d9   0x30  Code  Gb  DeepJ60_Motor.o [1]
BSP_SD_GetCardInfo       0x800'847d   0x14  Code  Wk  bsp_driver_sd.o [1]
BSP_SD_GetCardState      0x800'83d9   0x1c  Code  Wk  bsp_driver_sd.o [1]
BSP_SD_Init              0x800'83f5   0x20  Code  Wk  bsp_driver_sd.o [1]
BSP_SD_ReadBlocks        0x800'8415   0x34  Code  Wk  bsp_driver_sd.o [1]
BSP_SD_WriteBlocks       0x800'8449   0x34  Code  Wk  bsp_driver_sd.o [1]
BusFault_Handler         0x800'84a7    0x2  Code  Gb  stm32f4xx_it.o [1]
CAN1_FilterConfig        0x800'6265   0x38  Code  Gb  can.o [1]
CAN1_RX0_IRQHandler      0x800'84c3    0xa  Code  Gb  stm32f4xx_it.o [1]
CAN1_RX1_IRQHandler      0x800'84cd    0xa  Code  Gb  stm32f4xx_it.o [1]
CAN2_FilterConfig        0x800'629d   0x38  Code  Gb  can.o [1]
CAN2_RX0_IRQHandler      0x800'84f5    0xa  Code  Gb  stm32f4xx_it.o [1]
CAN2_RX1_IRQHandler      0x800'84ff    0xa  Code  Gb  stm32f4xx_it.o [1]
CSTACK$$Base            0x2000'0880          --   Gb  - Linker created -
CSTACK$$Limit           0x2000'0c80          --   Gb  - Linker created -
Can                     0x2000'0574   0x5c  Data  Gb  DeepJ60_can.o [1]
CanDataToRealData        0x800'4413   0x2a  Code  Gb  DeepJ60_can.o [1]
CanRxInformation        0x2000'0824   0x1c  Data  Gb  DeepJ60_can.o [1]
Can_Receive_new          0x800'44ef   0x20  Code  Gb  DeepJ60_can.o [1]
Can_Send                 0x800'443d   0xb2  Code  Gb  DeepJ60_can.o [1]
Cubic_Bezier             0x800'33ad  0x354  Code  Gb  leg_control.o [1]
Debug1                  0x2000'0860    0x4  Data  Gb  GaitController.o [1]
Debug2                  0x2000'0864    0x4  Data  Gb  GaitController.o [1]
Debug3                  0x2000'0868    0x4  Data  Gb  GaitController.o [1]
Debug4                  0x2000'086c    0x4  Data  Gb  GaitController.o [1]
DebugMon_Handler         0x800'84ad    0x2  Code  Gb  stm32f4xx_it.o [1]
EXTI1_IRQHandler         0x800'84b9    0xa  Code  Gb  stm32f4xx_it.o [1]
EnableJ60Motor           0x800'2ab1   0x3c  Code  Gb  DeepJ60_Motor.o [1]
Error_Handler            0x800'4c89    0x4  Code  Gb  main.o [1]
FATFS_LinkDriver         0x800'6be9   0x12  Code  Gb  ff_gen_drv.o [1]
FATFS_LinkDriverEx       0x800'6ba1   0x48  Code  Gb  ff_gen_drv.o [1]
GetJ60MotorCanID         0x800'2a9d    0xe  Code  Gb  DeepJ60_Motor.o [1]
HAL_CAN_ActivateNotification
                         0x800'5c17   0x34  Code  Gb  stm32f4xx_hal_can.o [1]
HAL_CAN_AddTxMessage     0x800'5981  0x126  Code  Gb  stm32f4xx_hal_can.o [1]
HAL_CAN_ConfigFilter     0x800'57f9  0x128  Code  Gb  stm32f4xx_hal_can.o [1]
HAL_CAN_GetRxMessage     0x800'5aa7  0x170  Code  Gb  stm32f4xx_hal_can.o [1]
HAL_CAN_IRQHandler       0x800'5c4b  0x224  Code  Gb  stm32f4xx_hal_can.o [1]
HAL_CAN_Init             0x800'568d  0x16c  Code  Gb  stm32f4xx_hal_can.o [1]
HAL_CAN_MspInit          0x800'6135  0x130  Code  Gb  can.o [1]
HAL_CAN_RxFifo0MsgPendingCallback
                         0x800'3c89   0x34  Code  Gb  Callback.o [1]
HAL_CAN_Start            0x800'5921   0x5c  Code  Gb  stm32f4xx_hal_can.o [1]
HAL_DMA_Abort            0x800'3bbd   0x9c  Code  Gb  stm32f4xx_hal_dma.o [1]
HAL_DMA_Abort_IT         0x800'3c59   0x28  Code  Gb  stm32f4xx_hal_dma.o [1]
HAL_Delay                0x800'311d   0x28  Code  Wk  stm32f4xx_hal.o [1]
HAL_GPIO_EXTI_IRQHandler
                         0x800'4ee7   0x20  Code  Gb  stm32f4xx_hal_gpio.o [1]
HAL_GPIO_Init            0x800'4c8d  0x240  Code  Gb  stm32f4xx_hal_gpio.o [1]
HAL_GPIO_WritePin        0x800'4ecd   0x1a  Code  Gb  stm32f4xx_hal_gpio.o [1]
HAL_GetTick              0x800'3bb1    0xc  Code  Wk  stm32f4xx_hal.o [1]
HAL_IncTick              0x800'8549   0x18  Code  Wk  stm32f4xx_hal.o [1]
HAL_Init                 0x800'5f39   0x30  Code  Gb  stm32f4xx_hal.o [1]
HAL_InitTick             0x800'563d   0x4c  Code  Wk  stm32f4xx_hal.o [1]
HAL_MspInit              0x800'6b61   0x40  Code  Gb  stm32f4xx_hal_msp.o [1]
HAL_NVIC_EnableIRQ       0x800'5073    0xe  Code  Gb  stm32f4xx_hal_cortex.o [1]
HAL_NVIC_SetPriority     0x800'5049   0x2a  Code  Gb  stm32f4xx_hal_cortex.o [1]
HAL_NVIC_SetPriorityGrouping
                         0x800'503d    0xc  Code  Gb  stm32f4xx_hal_cortex.o [1]
HAL_PWREx_EnableOverDrive
                         0x800'68c1   0x6a  Code  Gb  stm32f4xx_hal_pwr_ex.o [1]
HAL_RCC_CAN1_CLK_ENABLED
                        0x2000'0850    0x4  Data  Lc  can.o [1]
HAL_RCC_ClockConfig      0x800'3f8d  0x140  Code  Gb  stm32f4xx_hal_rcc.o [1]
HAL_RCC_GetHCLKFreq      0x800'40cd    0x6  Code  Gb  stm32f4xx_hal_rcc.o [1]
HAL_RCC_GetPCLK1Freq     0x800'40d3   0x16  Code  Gb  stm32f4xx_hal_rcc.o [1]
HAL_RCC_GetPCLK2Freq     0x800'40e9   0x16  Code  Gb  stm32f4xx_hal_rcc.o [1]
HAL_RCC_OscConfig        0x800'64d5  0x3ec  Code  Wk  stm32f4xx_hal_rcc.o [1]
HAL_SD_AbortCallback     0x800'8293    0xa  Code  Gb  bsp_driver_sd.o [1]
HAL_SD_GetCardCSD        0x800'7591  0x1f4  Code  Gb  stm32f4xx_hal_sd.o [1]
HAL_SD_GetCardInfo       0x800'7785   0x26  Code  Gb  stm32f4xx_hal_sd.o [1]
HAL_SD_GetCardState      0x800'77ab   0x24  Code  Gb  stm32f4xx_hal_sd.o [1]
HAL_SD_IRQHandler        0x800'73bd  0x1d4  Code  Gb  stm32f4xx_hal_sd.o [1]
HAL_SD_Init              0x800'6cfd   0x44  Code  Gb  stm32f4xx_hal_sd.o [1]
HAL_SD_InitCard          0x800'6d41   0xbe  Code  Gb  stm32f4xx_hal_sd.o [1]
HAL_SD_MspInit           0x800'631d   0xaa  Code  Gb  sdio.o [1]
HAL_SD_ReadBlocks        0x800'6dff  0x310  Code  Gb  stm32f4xx_hal_sd.o [1]
HAL_SD_RxCpltCallback    0x800'82a7    0xa  Code  Gb  bsp_driver_sd.o [1]
HAL_SD_TxCpltCallback    0x800'829d    0xa  Code  Gb  bsp_driver_sd.o [1]
HAL_SD_WriteBlocks       0x800'710f  0x2a4  Code  Gb  stm32f4xx_hal_sd.o [1]
HAL_SYSTICK_Config       0x800'5081    0xc  Code  Gb  stm32f4xx_hal_cortex.o [1]
HAL_TIMEx_BreakCallback
                         0x800'6943    0x2  Code  Wk  stm32f4xx_hal_tim_ex.o [1]
HAL_TIMEx_CommutCallback
                         0x800'6947    0x2  Code  Wk  stm32f4xx_hal_tim_ex.o [1]
HAL_TIMEx_MasterConfigSynchronization
                         0x800'6c01   0x8e  Code  Gb  stm32f4xx_hal_tim_ex.o [1]
HAL_TIM_Base_Start_IT    0x800'50ad   0x9a  Code  Gb  stm32f4xx_hal_tim.o [1]
HAL_TIM_Base_Stop_IT     0x800'5147   0x3c  Code  Gb  stm32f4xx_hal_tim.o [1]
HAL_TIM_IRQHandler       0x800'520d  0x13e  Code  Gb  stm32f4xx_hal_tim.o [1]
HAL_TIM_OC_ConfigChannel
                         0x800'534b   0x68  Code  Gb  stm32f4xx_hal_tim.o [1]
HAL_TIM_OC_Init          0x800'5183   0x6e  Code  Gb  stm32f4xx_hal_tim.o [1]
HAL_TIM_OC_MspInit       0x800'6493   0x36  Code  Gb  tim.o [1]
HAL_TIM_PeriodElapsedCallback
                         0x800'3e01  0x138  Code  Gb  Callback.o [1]
HAL_UART_IRQHandler      0x800'1f61  0x2d4  Code  Gb  stm32f4xx_hal_uart.o [1]
HAL_UART_Init            0x800'1de5   0x7a  Code  Gb  stm32f4xx_hal_uart.o [1]
HAL_UART_MspInit         0x800'39c5  0x1ac  Code  Gb  usart.o [1]
HAL_UART_Receive_IT      0x800'1f2b   0x36  Code  Gb  stm32f4xx_hal_uart.o [1]
HAL_UART_RxCpltCallback
                         0x800'3cbd  0x142  Code  Gb  Callback.o [1]
HAL_UART_Transmit        0x800'1e5f   0xcc  Code  Gb  stm32f4xx_hal_uart.o [1]
HardFault_Handler        0x800'84a3    0x2  Code  Gb  stm32f4xx_it.o [1]
IK_leg                   0x800'314d  0x24e  Code  Gb  leg_control.o [1]
J60MotorConfigToSendCanData
                         0x800'29b9   0x28  Code  Gb  DeepJ60_Motor.o [1]
J60MotorDataToSendCanData
                         0x800'2a69   0x34  Code  Gb  DeepJ60_Motor.o [1]
J60MotorMotionDataToSendCanData
                         0x800'28f9   0xae  Code  Gb  DeepJ60_Motor.o [1]
J60Motor_CAN1           0x2000'0070  0x240  Data  Gb  DeepJ60_Motor.o [1]
J60Motor_CAN2           0x2000'02b0  0x240  Data  Gb  DeepJ60_Motor.o [1]
J60Motor_StandUpData_CAN1
                        0x2000'002c   0x10  Data  Gb  leg_control.o [1]
J60Motor_StandUpData_CAN2
                        0x2000'003c   0x10  Data  Gb  leg_control.o [1]
Jump_FSM                 0x800'1499  0x6ac  Code  Gb  GaitController.o [1]
MX_CAN1_Init             0x800'6081   0x5a  Code  Gb  can.o [1]
MX_CAN2_Init             0x800'60db   0x5a  Code  Gb  can.o [1]
MX_FATFS_Init            0x800'63e1   0x1c  Code  Gb  fatfs.o [1]
MX_GPIO_Init             0x800'5f6d  0x114  Code  Gb  gpio.o [1]
MX_SDIO_SD_Init          0x800'62fd   0x20  Code  Gb  sdio.o [1]
MX_TIM2_Init             0x800'6415   0x7e  Code  Gb  tim.o [1]
MX_UART7_Init            0x800'38e9   0x34  Code  Gb  usart.o [1]
MX_UART8_Init            0x800'391d   0x40  Code  Gb  usart.o [1]
MX_USART3_UART_Init      0x800'395d   0x34  Code  Gb  usart.o [1]
MX_USART6_UART_Init      0x800'3991   0x34  Code  Gb  usart.o [1]
MemManage_Handler        0x800'84a5    0x2  Code  Gb  stm32f4xx_it.o [1]
NMI_Handler              0x800'84a1    0x2  Code  Gb  stm32f4xx_it.o [1]
NVIC_EncodePriority      0x800'4fcd   0x40  Code  Lc  stm32f4xx_hal_cortex.o [1]
PendSV_Handler           0x800'84af    0x2  Code  Gb  stm32f4xx_it.o [1]
RealDataToCanData        0x800'43e9   0x2a  Code  Gb  DeepJ60_can.o [1]
ReceiveCanDataToJ60MotorConfig
                         0x800'29e1   0x28  Code  Gb  DeepJ60_Motor.o [1]
ReceiveCanDataToJ60MotorData_new
                         0x800'3081   0x58  Code  Gb  DeepJ60_Motor.o [1]
ReceiveCanDataToJ60MotorMotionData_new
                         0x800'2f7d   0xfe  Code  Gb  DeepJ60_Motor.o [1]
ReceiveCommandStatusToJ60MotorCommandStatus
                         0x800'2a09    0x6  Code  Gb  DeepJ60_Motor.o [1]
ReceiveStatusWordToJ60MotorStatusWord
                         0x800'2a0f   0x5a  Code  Gb  DeepJ60_Motor.o [1]
Region$$Table$$Base      0x800'8674          --   Gb  - Linker created -
Region$$Table$$Limit     0x800'8694          --   Gb  - Linker created -
Rotate_FSM               0x800'0c29  0x82a  Code  Gb  GaitController.o [1]
RunJ60Motor              0x800'2e41  0x13a  Code  Gb  DeepJ60_Motor.o [1]
RunJ60MotorKdMode        0x800'2c31   0x62  Code  Gb  DeepJ60_Motor.o [1]
RunJ60MotorPositionMode
                         0x800'2af9   0x6a  Code  Gb  DeepJ60_Motor.o [1]
RunJ60MotorPositionTorqueMode
                         0x800'2ced   0x6e  Code  Gb  DeepJ60_Motor.o [1]
RunJ60MotorPositonVelocityTorqueMode
                         0x800'2dcd   0x72  Code  Gb  DeepJ60_Motor.o [1]
RunJ60MotorTorqueMode    0x800'2bcd   0x62  Code  Gb  DeepJ60_Motor.o [1]
RunJ60MotorVelocityMode
                         0x800'2b65   0x66  Code  Gb  DeepJ60_Motor.o [1]
RunJ60MotorVelocityTorqueMode
                         0x800'2d5d   0x6a  Code  Gb  DeepJ60_Motor.o [1]
RunJ60MotorZeroTorqueMode
                         0x800'2c95   0x56  Code  Gb  DeepJ60_Motor.o [1]
SDIO_ConfigData          0x800'7c49   0x2e  Code  Gb  stm32f4xx_ll_sdmmc.o [1]
SDIO_GetCommandResponse
                         0x800'7c37    0x6  Code  Gb  stm32f4xx_ll_sdmmc.o [1]
SDIO_GetPowerState       0x800'7c05    0x8  Code  Gb  stm32f4xx_ll_sdmmc.o [1]
SDIO_GetResponse         0x800'7c3d    0xc  Code  Gb  stm32f4xx_ll_sdmmc.o [1]
SDIO_IRQHandler          0x800'84eb    0xa  Code  Gb  stm32f4xx_it.o [1]
SDIO_Init                0x800'7bb9   0x30  Code  Gb  stm32f4xx_ll_sdmmc.o [1]
SDIO_PowerState_ON       0x800'7bfb    0xa  Code  Gb  stm32f4xx_ll_sdmmc.o [1]
SDIO_ReadFIFO            0x800'7be9    0x6  Code  Gb  stm32f4xx_ll_sdmmc.o [1]
SDIO_SendCommand         0x800'7c0d   0x2a  Code  Gb  stm32f4xx_ll_sdmmc.o [1]
SDIO_WriteFIFO           0x800'7bef    0xc  Code  Gb  stm32f4xx_ll_sdmmc.o [1]
SDMMC_CmdAppCommand      0x800'7e43   0x34  Code  Gb  stm32f4xx_ll_sdmmc.o [1]
SDMMC_CmdAppOperCommand
                         0x800'7e77   0x34  Code  Gb  stm32f4xx_ll_sdmmc.o [1]
SDMMC_CmdBlockLength     0x800'7c77   0x34  Code  Gb  stm32f4xx_ll_sdmmc.o [1]
SDMMC_CmdGoIdleState     0x800'7de5   0x2e  Code  Gb  stm32f4xx_ll_sdmmc.o [1]
SDMMC_CmdOperCond        0x800'7e13   0x30  Code  Gb  stm32f4xx_ll_sdmmc.o [1]
SDMMC_CmdReadMultiBlock
                         0x800'7cdf   0x34  Code  Gb  stm32f4xx_ll_sdmmc.o [1]
SDMMC_CmdReadSingleBlock
                         0x800'7cab   0x34  Code  Gb  stm32f4xx_ll_sdmmc.o [1]
SDMMC_CmdSelDesel        0x800'7daf   0x36  Code  Gb  stm32f4xx_ll_sdmmc.o [1]
SDMMC_CmdSendCID         0x800'7eab   0x2e  Code  Gb  stm32f4xx_ll_sdmmc.o [1]
SDMMC_CmdSendCSD         0x800'7ed9   0x2e  Code  Gb  stm32f4xx_ll_sdmmc.o [1]
SDMMC_CmdSendStatus      0x800'7f3b   0x34  Code  Gb  stm32f4xx_ll_sdmmc.o [1]
SDMMC_CmdSetRelAdd       0x800'7f07   0x34  Code  Gb  stm32f4xx_ll_sdmmc.o [1]
SDMMC_CmdStopTransfer    0x800'7d7b   0x34  Code  Gb  stm32f4xx_ll_sdmmc.o [1]
SDMMC_CmdWriteMultiBlock
                         0x800'7d47   0x34  Code  Gb  stm32f4xx_ll_sdmmc.o [1]
SDMMC_CmdWriteSingleBlock
                         0x800'7d13   0x34  Code  Gb  stm32f4xx_ll_sdmmc.o [1]
SDMMC_GetCmdError        0x800'8249   0x32  Code  Lc  stm32f4xx_ll_sdmmc.o [1]
SDMMC_GetCmdResp1        0x800'7f6f  0x13a  Code  Gb  stm32f4xx_ll_sdmmc.o [1]
SDMMC_GetCmdResp2        0x800'80a9   0x56  Code  Gb  stm32f4xx_ll_sdmmc.o [1]
SDMMC_GetCmdResp3        0x800'80ff   0x48  Code  Gb  stm32f4xx_ll_sdmmc.o [1]
SDMMC_GetCmdResp6        0x800'8147   0xa6  Code  Gb  stm32f4xx_ll_sdmmc.o [1]
SDMMC_GetCmdResp7        0x800'81ed   0x5c  Code  Gb  stm32f4xx_ll_sdmmc.o [1]
SDPath                  0x2000'0858    0x4  Data  Gb  fatfs.o [1]
SD_CheckStatus           0x800'82b9   0x1e  Code  Lc  sd_diskio.o [1]
SD_DMARxAbort            0x800'781d   0x4a  Code  Lc  stm32f4xx_hal_sd.o [1]
SD_DMATxAbort            0x800'77d1   0x4a  Code  Lc  stm32f4xx_hal_sd.o [1]
SD_Driver                0x800'8560   0x14  Data  Gb  sd_diskio.o [1]
SD_InitCard              0x800'7867  0x10a  Code  Lc  stm32f4xx_hal_sd.o [1]
SD_PowerON               0x800'7971   0xcc  Code  Lc  stm32f4xx_hal_sd.o [1]
SD_Read_IT               0x800'7a7f   0x58  Code  Lc  stm32f4xx_hal_sd.o [1]
SD_SendStatus            0x800'7a4d   0x32  Code  Lc  stm32f4xx_hal_sd.o [1]
SD_Write_IT              0x800'7ad7   0x58  Code  Lc  stm32f4xx_hal_sd.o [1]
SD_initialize            0x800'82d7   0x20  Code  Gb  sd_diskio.o [1]
SD_ioctl                 0x800'8371   0x64  Code  Gb  sd_diskio.o [1]
SD_read                  0x800'8305   0x36  Code  Gb  sd_diskio.o [1]
SD_status                0x800'82f7    0xe  Code  Gb  sd_diskio.o [1]
SD_write                 0x800'833b   0x36  Code  Gb  sd_diskio.o [1]
SVC_Handler              0x800'84ab    0x2  Code  Gb  stm32f4xx_it.o [1]
SetMotionCommand         0x800'28a3   0x4e  Code  Gb  DeepJ60_Motor.o [1]
SetMotionParameters      0x800'2801   0xa2  Code  Gb  DeepJ60_Motor.o [1]
SetMotor                 0x800'01ad  0x20a  Code  Gb  GaitController.o [1]
SetNormalCommand         0x800'28f1    0x8  Code  Gb  DeepJ60_Motor.o [1]
Stat                    0x2000'006c    0x1  Data  Lc  sd_diskio.o [1]
Stat                    0x2000'006e    0x1  Data  Lc  user_diskio.o [1]
SysTick_Config           0x800'500d   0x30  Code  Lc  stm32f4xx_hal_cortex.o [1]
SysTick_Handler          0x800'84b1    0x8  Code  Gb  stm32f4xx_it.o [1]
SystemClock_Config       0x800'4ba5   0xae  Code  Gb  main.o [1]
SystemCoreClock         0x2000'0054    0x4  Data  Gb  system_stm32f4xx.o [1]
SystemInit               0x800'86fd    0xc  Code  Gb  system_stm32f4xx.o [1]
TIM2_IRQHandler          0x800'84d7    0xa  Code  Gb  stm32f4xx_it.o [1]
TIM_Base_SetConfig       0x800'53b3   0xd2  Code  Gb  stm32f4xx_hal_tim.o [1]
TIM_OC1_SetConfig        0x800'5485   0x64  Code  Lc  stm32f4xx_hal_tim.o [1]
TIM_OC2_SetConfig        0x800'54e9   0x6e  Code  Gb  stm32f4xx_hal_tim.o [1]
TIM_OC3_SetConfig        0x800'5559   0x6c  Code  Lc  stm32f4xx_hal_tim.o [1]
TIM_OC4_SetConfig        0x800'55c5   0x4c  Code  Lc  stm32f4xx_hal_tim.o [1]
Torque                  0x2000'07e4   0x20  Data  Gb  GaitController.o [1]
Trot_FSM                 0x800'03bd  0x822  Code  Gb  GaitController.o [1]
TxMailBox               0x2000'0854    0x4  Data  Gb  DeepJ60_can.o [1]
UART7_IRQHandler         0x800'8513    0xa  Code  Gb  stm32f4xx_it.o [1]
UART8_IRQHandler         0x800'851d    0xa  Code  Gb  stm32f4xx_it.o [1]
UART_DMAAbortOnError     0x800'2365   0x16  Code  Lc  stm32f4xx_hal_uart.o [1]
UART_EndRxTransfer       0x800'22fd   0x66  Code  Lc  stm32f4xx_hal_uart.o [1]
UART_EndTransmit_IT      0x800'23e3   0x20  Code  Lc  stm32f4xx_hal_uart.o [1]
UART_Receive_IT          0x800'2403   0xf6  Code  Lc  stm32f4xx_hal_uart.o [1]
UART_SetConfig           0x800'24f9  0x2fc  Code  Lc  stm32f4xx_hal_uart.o [1]
UART_Start_Receive_IT    0x800'22b9   0x44  Code  Gb  stm32f4xx_hal_uart.o [1]
UART_Transmit_IT         0x800'237d   0x66  Code  Lc  stm32f4xx_hal_uart.o [1]
UART_WaitOnFlagUntilTimeout
                         0x800'2235   0x84  Code  Lc  stm32f4xx_hal_uart.o [1]
USART3_IRQHandler        0x800'84e1    0xa  Code  Gb  stm32f4xx_it.o [1]
USART6_IRQHandler        0x800'8509    0xa  Code  Gb  stm32f4xx_it.o [1]
USERPath                0x2000'085c    0x4  Data  Gb  fatfs.o [1]
USER_Driver             0x2000'0058   0x14  Data  Gb  user_diskio.o [1]
USER_initialize          0x800'85b9    0xc  Code  Gb  user_diskio.o [1]
USER_ioctl               0x800'85e9    0x8  Code  Gb  user_diskio.o [1]
USER_read                0x800'85d5    0xa  Code  Gb  user_diskio.o [1]
USER_status              0x800'85c5    0xc  Code  Gb  user_diskio.o [1]
USER_write               0x800'85df    0xa  Code  Gb  user_diskio.o [1]
UsageFault_Handler       0x800'84a9    0x2  Code  Gb  stm32f4xx_it.o [1]
Velocity                0x2000'07c4   0x20  Data  Gb  GaitController.o [1]
__NVIC_EnableIRQ         0x800'4f81   0x20  Code  Lc  stm32f4xx_hal_cortex.o [1]
__NVIC_GetPriorityGrouping
                         0x800'4f73    0xc  Code  Lc  stm32f4xx_hal_cortex.o [1]
__NVIC_SetPriority       0x800'4fa1   0x2c  Code  Lc  stm32f4xx_hal_cortex.o [1]
__NVIC_SetPriorityGrouping
                         0x800'4f51   0x22  Code  Lc  stm32f4xx_hal_cortex.o [1]
__aeabi_cdcmpeq          0x800'6cad         Code  Gb  DblCmpEq.o [3]
__aeabi_cdcmple          0x800'6961         Code  Gb  DblCmpLe.o [3]
__aeabi_cdrcmple         0x800'6ccd         Code  Gb  DblCmpGe.o [3]
__aeabi_d2f              0x800'1d7d         Code  Gb  DblToFlt.o [3]
__aeabi_dadd             0x800'376d         Code  Gb  DblAdd.o [3]
__aeabi_ddiv             0x800'466d         Code  Gb  DblDiv.o [3]
__aeabi_dmul             0x800'1bd9         Code  Gb  DblMul.o [3]
__aeabi_dsub             0x800'48b5         Code  Gb  DblSub.o [3]
__aeabi_f2d              0x800'3725         Code  Gb  FltToDbl.o [3]
__aeabi_ldiv0            0x800'5689         Code  Gb  I64DivZer.o [4]
__aeabi_memclr4          0x800'3145         Code  Gb  ABImemclr4.o [4]
__aeabi_memcpy4          0x800'7b31         Code  Gb  ABImemcpy.o [4]
__aeabi_memcpy8          0x800'7b31         Code  Gb  ABImemcpy.o [4]
__aeabi_ui2d             0x800'1b85         Code  Gb  U32ToDbl.o [3]
__aeabi_uldivmod         0x800'41b9         Code  Gb  I64DivMod.o [4]
__cmain                  0x800'8695         Code  Gb  cmain.o [4]
__exit                   0x800'86c9   0x14  Code  Gb  exit.o [5]
__iar_Atan64             0x800'6991  0x1d0  Code  Gb  iar_Atan64.o [3]
__iar_Memset4_word       0x800'4521         Code  Gb  ABImemset48.o [4]
__iar_Memset8_word       0x800'4521         Code  Gb  ABImemset48.o [4]
__iar_acos64             0x800'5e71   0xc8  Code  Gb  acos64.o [3]
__iar_dadd               0x800'48c5         Code  Gb  DblSub.o [3]
__iar_data_init3         0x800'8629   0x28  Code  Gb  data_init.o [4]
__iar_dsub               0x800'377d         Code  Gb  DblAdd.o [3]
__iar_dsubStart          0x800'378f         Code  Gb  DblAdd.o [3]
__iar_init_vfp           0x800'8651         Code  Gb  fpinit_M.o [3]
__iar_packbits_init_single3
                         0x800'85f1   0x38  Code  Gb  packbits_init_single.o [4]
__iar_program_start      0x800'870d         Code  Gb  cstartup_M.o [4]
__iar_round64            0x800'49a9         Code  Gb  round.o [3]
__iar_sqrt64             0x800'4579         Code  Gb  sqrt.o [3]
__iar_vfp___iar_round64
                         0x800'4999         Code  Gb  round.o [3]
__iar_vfp___iar_sqrt64   0x800'4569         Code  Gb  sqrt.o [3]
__iar_vfp_acos           0x800'455b    0xc  Code  Gb  math_wrappers64.o [3]
__iar_vfp_round          0x800'4999         Code  Gb  round.o [3]
__iar_vfp_roundl         0x800'4999         Code  Gb  round.o [3]
__iar_vfp_sqrt           0x800'4569         Code  Gb  sqrt.o [3]
__iar_vfp_sqrtl          0x800'4569         Code  Gb  sqrt.o [3]
__iar_zero_init3         0x800'1b9f   0x3a  Code  Gb  zero_init3.o [4]
__low_level_init         0x800'86b3    0x4  Code  Gb  low_level_init.o [2]
__vector_table           0x800'0000         Data  Gb  startup_stm32f427xx.o [1]
_call_main               0x800'86a1         Code  Gb  cmain.o [4]
_exit                    0x800'86bd         Code  Gb  cexit.o [4]
_main                    0x800'86af         Code  Gb  cmain.o [4]
a                        0x800'8578   0x40  Data  Lc  iar_Atan64.o [3]
acos                     0x800'5e71   0xc8  Code  Gb  acos64.o [3]
acosl                    0x800'5e71   0xc8  Code  Gb  acos64.o [3]
angle                   0x2000'0804   0x20  Data  Gb  main.o [1]
controller_signal       0x2000'0878    0x4  Data  Gb  usart.o [1]
disk                    0x2000'0840   0x10  Data  Gb  ff_gen_drv.o [1]
exit                     0x800'86b7    0x4  Code  Gb  exit.o [2]
hcan1                   0x2000'0774   0x28  Data  Gb  can.o [1]
hcan2                   0x2000'079c   0x28  Data  Gb  can.o [1]
hsd                     0x2000'04f0   0x84  Data  Gb  sdio.o [1]
htim2                   0x2000'05d0   0x48  Data  Gb  tim.o [1]
huart3                  0x2000'06a8   0x48  Data  Gb  usart.o [1]
huart6                  0x2000'06f0   0x48  Data  Gb  usart.o [1]
huart7                  0x2000'0618   0x48  Data  Gb  usart.o [1]
huart8                  0x2000'0660   0x48  Data  Gb  usart.o [1]
jump_controller         0x2000'0020    0xc  Data  Gb  GaitController.o [1]
last_t                  0x2000'004c    0x4  Data  Gb  main.o [1]
main                     0x800'49fd  0x1a8  Code  Gb  main.o [1]
retSD                   0x2000'087c    0x1  Data  Gb  fatfs.o [1]
retUSER                 0x2000'087d    0x1  Data  Gb  fatfs.o [1]
rotate_controller       0x2000'0010   0x10  Data  Gb  GaitController.o [1]
round                    0x800'49a9         Code  Gb  round.o [3]
roundl                   0x800'49a9         Code  Gb  round.o [3]
sqrt                     0x800'4579         Code  Gb  sqrt.o [3]
sqrtl                    0x800'4579         Code  Gb  sqrt.o [3]
t                       0x2000'0870    0x4  Data  Gb  main.o [1]
trot_controller         0x2000'0000   0x10  Data  Gb  GaitController.o [1]
usart_motor_data        0x2000'0738   0x3c  Data  Gb  leg_control.o [1]
uwTick                  0x2000'0874    0x4  Data  Gb  stm32f4xx_hal.o [1]
uwTickFreq              0x2000'006d    0x1  Data  Gb  stm32f4xx_hal.o [1]
uwTickPrio              0x2000'0050    0x4  Data  Gb  stm32f4xx_hal.o [1]


[1] = F:\none\Study\Other\Robot\RTS team\Robocon-FourFoot-2025\Code\Quadruped_Robot_20241025_backup\EWARM\Quadruped_Robot_20241025\Obj
[2] = dl7M_tlf.a
[3] = m7M_tls.a
[4] = rt7M_tl.a
[5] = shb_l.a

  34 754 bytes of readonly  code memory
     244 bytes of readonly  data memory
   3 197 bytes of readwrite data memory

Errors: none
Warnings: none
