###############################################################################
#
# IAR ELF Linker V8.32.1.169/W32 for ARM                  17/Jan/2025  14:10:52
# Copyright 2007-2018 IAR Systems AB.
#
#    Output file  =  
#        F:\none\Study\Other\Robot\RTS
#        team\Robocon-FourFoot-2025\Code\Quadruped_Robot_20241025_backup\EWARM\Quadruped_Robot_20241025\Exe\Quadruped_Robot_20241025.out
#    Map file     =  
#        F:\none\Study\Other\Robot\RTS
#        team\Robocon-FourFoot-2025\Code\Quadruped_Robot_20241025_backup\EWARM\Quadruped_Robot_20241025\List\Quadruped_Robot_20241025.map
#    Command line =  
#        -f C:\Users\86136\AppData\Local\Temp\EW1851.tmp
#        ("F:\none\Study\Other\Robot\RTS
#        team\Robocon-FourFoot-2025\Code\Quadruped_Robot_20241025_backup\EWARM\Quadruped_Robot_20241025\Obj\bsp_driver_sd.o"
#        "F:\none\Study\Other\Robot\RTS
#        team\Robocon-FourFoot-2025\Code\Quadruped_Robot_20241025_backup\EWARM\Quadruped_Robot_20241025\Obj\Callback.o"
#        "F:\none\Study\Other\Robot\RTS
#        team\Robocon-FourFoot-2025\Code\Quadruped_Robot_20241025_backup\EWARM\Quadruped_Robot_20241025\Obj\can.o"
#        "F:\none\Study\Other\Robot\RTS
#        team\Robocon-FourFoot-2025\Code\Quadruped_Robot_20241025_backup\EWARM\Quadruped_Robot_20241025\Obj\cc936.o"
#        "F:\none\Study\Other\Robot\RTS
#        team\Robocon-FourFoot-2025\Code\Quadruped_Robot_20241025_backup\EWARM\Quadruped_Robot_20241025\Obj\CurvePlan.o"
#        "F:\none\Study\Other\Robot\RTS
#        team\Robocon-FourFoot-2025\Code\Quadruped_Robot_20241025_backup\EWARM\Quadruped_Robot_20241025\Obj\DeepJ60_can.o"
#        "F:\none\Study\Other\Robot\RTS
#        team\Robocon-FourFoot-2025\Code\Quadruped_Robot_20241025_backup\EWARM\Quadruped_Robot_20241025\Obj\DeepJ60_Motor.o"
#        "F:\none\Study\Other\Robot\RTS
#        team\Robocon-FourFoot-2025\Code\Quadruped_Robot_20241025_backup\EWARM\Quadruped_Robot_20241025\Obj\diskio.o"
#        "F:\none\Study\Other\Robot\RTS
#        team\Robocon-FourFoot-2025\Code\Quadruped_Robot_20241025_backup\EWARM\Quadruped_Robot_20241025\Obj\fatfs.o"
#        "F:\none\Study\Other\Robot\RTS
#        team\Robocon-FourFoot-2025\Code\Quadruped_Robot_20241025_backup\EWARM\Quadruped_Robot_20241025\Obj\ff.o"
#        "F:\none\Study\Other\Robot\RTS
#        team\Robocon-FourFoot-2025\Code\Quadruped_Robot_20241025_backup\EWARM\Quadruped_Robot_20241025\Obj\ff_gen_drv.o"
#        "F:\none\Study\Other\Robot\RTS
#        team\Robocon-FourFoot-2025\Code\Quadruped_Robot_20241025_backup\EWARM\Quadruped_Robot_20241025\Obj\GaitController.o"
#        "F:\none\Study\Other\Robot\RTS
#        team\Robocon-FourFoot-2025\Code\Quadruped_Robot_20241025_backup\EWARM\Quadruped_Robot_20241025\Obj\gpio.o"
#        "F:\none\Study\Other\Robot\RTS
#        team\Robocon-FourFoot-2025\Code\Quadruped_Robot_20241025_backup\EWARM\Quadruped_Robot_20241025\Obj\leg_control.o"
#        "F:\none\Study\Other\Robot\RTS
#        team\Robocon-FourFoot-2025\Code\Quadruped_Robot_20241025_backup\EWARM\Quadruped_Robot_20241025\Obj\LogSystem.o"
#        "F:\none\Study\Other\Robot\RTS
#        team\Robocon-FourFoot-2025\Code\Quadruped_Robot_20241025_backup\EWARM\Quadruped_Robot_20241025\Obj\main.o"
#        "F:\none\Study\Other\Robot\RTS
#        team\Robocon-FourFoot-2025\Code\Quadruped_Robot_20241025_backup\EWARM\Quadruped_Robot_20241025\Obj\sd_diskio.o"
#        "F:\none\Study\Other\Robot\RTS
#        team\Robocon-FourFoot-2025\Code\Quadruped_Robot_20241025_backup\EWARM\Quadruped_Robot_20241025\Obj\sdio.o"
#        "F:\none\Study\Other\Robot\RTS
#        team\Robocon-FourFoot-2025\Code\Quadruped_Robot_20241025_backup\EWARM\Quadruped_Robot_20241025\Obj\startup_stm32f427xx.o"
#        "F:\none\Study\Other\Robot\RTS
#        team\Robocon-FourFoot-2025\Code\Quadruped_Robot_20241025_backup\EWARM\Quadruped_Robot_20241025\Obj\stm32f4xx_hal.o"
#        "F:\none\Study\Other\Robot\RTS
#        team\Robocon-FourFoot-2025\Code\Quadruped_Robot_20241025_backup\EWARM\Quadruped_Robot_20241025\Obj\stm32f4xx_hal_can.o"
#        "F:\none\Study\Other\Robot\RTS
#        team\Robocon-FourFoot-2025\Code\Quadruped_Robot_20241025_backup\EWARM\Quadruped_Robot_20241025\Obj\stm32f4xx_hal_cortex.o"
#        "F:\none\Study\Other\Robot\RTS
#        team\Robocon-FourFoot-2025\Code\Quadruped_Robot_20241025_backup\EWARM\Quadruped_Robot_20241025\Obj\stm32f4xx_hal_dma.o"
#        "F:\none\Study\Other\Robot\RTS
#        team\Robocon-FourFoot-2025\Code\Quadruped_Robot_20241025_backup\EWARM\Quadruped_Robot_20241025\Obj\stm32f4xx_hal_dma_ex.o"
#        "F:\none\Study\Other\Robot\RTS
#        team\Robocon-FourFoot-2025\Code\Quadruped_Robot_20241025_backup\EWARM\Quadruped_Robot_20241025\Obj\stm32f4xx_hal_exti.o"
#        "F:\none\Study\Other\Robot\RTS
#        team\Robocon-FourFoot-2025\Code\Quadruped_Robot_20241025_backup\EWARM\Quadruped_Robot_20241025\Obj\stm32f4xx_hal_flash.o"
#        "F:\none\Study\Other\Robot\RTS
#        team\Robocon-FourFoot-2025\Code\Quadruped_Robot_20241025_backup\EWARM\Quadruped_Robot_20241025\Obj\stm32f4xx_hal_flash_ex.o"
#        "F:\none\Study\Other\Robot\RTS
#        team\Robocon-FourFoot-2025\Code\Quadruped_Robot_20241025_backup\EWARM\Quadruped_Robot_20241025\Obj\stm32f4xx_hal_flash_ramfunc.o"
#        "F:\none\Study\Other\Robot\RTS
#        team\Robocon-FourFoot-2025\Code\Quadruped_Robot_20241025_backup\EWARM\Quadruped_Robot_20241025\Obj\stm32f4xx_hal_gpio.o"
#        "F:\none\Study\Other\Robot\RTS
#        team\Robocon-FourFoot-2025\Code\Quadruped_Robot_20241025_backup\EWARM\Quadruped_Robot_20241025\Obj\stm32f4xx_hal_msp.o"
#        "F:\none\Study\Other\Robot\RTS
#        team\Robocon-FourFoot-2025\Code\Quadruped_Robot_20241025_backup\EWARM\Quadruped_Robot_20241025\Obj\stm32f4xx_hal_pwr.o"
#        "F:\none\Study\Other\Robot\RTS
#        team\Robocon-FourFoot-2025\Code\Quadruped_Robot_20241025_backup\EWARM\Quadruped_Robot_20241025\Obj\stm32f4xx_hal_pwr_ex.o"
#        "F:\none\Study\Other\Robot\RTS
#        team\Robocon-FourFoot-2025\Code\Quadruped_Robot_20241025_backup\EWARM\Quadruped_Robot_20241025\Obj\stm32f4xx_hal_rcc.o"
#        "F:\none\Study\Other\Robot\RTS
#        team\Robocon-FourFoot-2025\Code\Quadruped_Robot_20241025_backup\EWARM\Quadruped_Robot_20241025\Obj\stm32f4xx_hal_rcc_ex.o"
#        "F:\none\Study\Other\Robot\RTS
#        team\Robocon-FourFoot-2025\Code\Quadruped_Robot_20241025_backup\EWARM\Quadruped_Robot_20241025\Obj\stm32f4xx_hal_sd.o"
#        "F:\none\Study\Other\Robot\RTS
#        team\Robocon-FourFoot-2025\Code\Quadruped_Robot_20241025_backup\EWARM\Quadruped_Robot_20241025\Obj\stm32f4xx_hal_tim.o"
#        "F:\none\Study\Other\Robot\RTS
#        team\Robocon-FourFoot-2025\Code\Quadruped_Robot_20241025_backup\EWARM\Quadruped_Robot_20241025\Obj\stm32f4xx_hal_tim_ex.o"
#        "F:\none\Study\Other\Robot\RTS
#        team\Robocon-FourFoot-2025\Code\Quadruped_Robot_20241025_backup\EWARM\Quadruped_Robot_20241025\Obj\stm32f4xx_hal_uart.o"
#        "F:\none\Study\Other\Robot\RTS
#        team\Robocon-FourFoot-2025\Code\Quadruped_Robot_20241025_backup\EWARM\Quadruped_Robot_20241025\Obj\stm32f4xx_it.o"
#        "F:\none\Study\Other\Robot\RTS
#        team\Robocon-FourFoot-2025\Code\Quadruped_Robot_20241025_backup\EWARM\Quadruped_Robot_20241025\Obj\stm32f4xx_ll_sdmmc.o"
#        "F:\none\Study\Other\Robot\RTS
#        team\Robocon-FourFoot-2025\Code\Quadruped_Robot_20241025_backup\EWARM\Quadruped_Robot_20241025\Obj\syscall.o"
#        "F:\none\Study\Other\Robot\RTS
#        team\Robocon-FourFoot-2025\Code\Quadruped_Robot_20241025_backup\EWARM\Quadruped_Robot_20241025\Obj\system_stm32f4xx.o"
#        "F:\none\Study\Other\Robot\RTS
#        team\Robocon-FourFoot-2025\Code\Quadruped_Robot_20241025_backup\EWARM\Quadruped_Robot_20241025\Obj\tim.o"
#        "F:\none\Study\Other\Robot\RTS
#        team\Robocon-FourFoot-2025\Code\Quadruped_Robot_20241025_backup\EWARM\Quadruped_Robot_20241025\Obj\usart.o"
#        "F:\none\Study\Other\Robot\RTS
#        team\Robocon-FourFoot-2025\Code\Quadruped_Robot_20241025_backup\EWARM\Quadruped_Robot_20241025\Obj\user_diskio.o"
#        --no_out_extension -o "F:\none\Study\Other\Robot\RTS
#        team\Robocon-FourFoot-2025\Code\Quadruped_Robot_20241025_backup\EWARM\Quadruped_Robot_20241025\Exe\Quadruped_Robot_20241025.out"
#        --redirect _Printf=_PrintfFullNoMb --redirect _Scanf=_ScanfFullNoMb
#        --map "F:\none\Study\Other\Robot\RTS
#        team\Robocon-FourFoot-2025\Code\Quadruped_Robot_20241025_backup\EWARM\Quadruped_Robot_20241025\List\Quadruped_Robot_20241025.map"
#        --config "F:\none\Study\Other\Robot\RTS
#        team\Robocon-FourFoot-2025\Code\Quadruped_Robot_20241025_backup\EWARM/stm32f427xx_flash.icf"
#        --semihosting --entry __iar_program_start --vfe --text_out locale)
#
###############################################################################

*******************************************************************************
*** RUNTIME MODEL ATTRIBUTES
***

CppFlavor       = *
__SystemLibrary = DLib
__dlib_version  = 6


*******************************************************************************
*** HEAP SELECTION
***

The basic heap was selected because no calls to memory allocation
functions were found in the application outside of system library
functions, and there are calls to deallocation functions in the
application.


*******************************************************************************
*** PLACEMENT SUMMARY
***

"A0":  place at 0x800'0000 { ro section .intvec };
"P1":  place in [from 0x800'0000 to 0x81f'ffff] { ro };
define block CSTACK with size = 1K, alignment = 8 { };
define block HEAP with size = 512, alignment = 8 { };
"P2":  place in [from 0x2000'0000 to 0x2002'ffff] {
          rw, block CSTACK, block HEAP };
initialize by copy { rw };

  Section            Kind         Address    Size  Object
  -------            ----         -------    ----  ------
"A0":                                       0x1ac
  .intvec            ro code   0x800'0000   0x1ac  startup_stm32f427xx.o [1]
                             - 0x800'01ac   0x1ac

"P1":                                      0x8074
  .text              ro code   0x800'01ac  0x1514  GaitController.o [1]
  .text              ro code   0x800'16c0     0x6  ABImemclr4.o [4]
  .text              ro code   0x800'16c6    0x3a  zero_init3.o [4]
  .text              ro code   0x800'1700   0x5d8  leg_control.o [1]
  .text              ro code   0x800'1cd8   0xa1c  stm32f4xx_hal_uart.o [1]
  .text              ro code   0x800'26f4   0x91c  DeepJ60_Motor.o [1]
  .text              ro code   0x800'3010    0x28  stm32f4xx_hal.o [1]
  .text              ro code   0x800'3038    0x32  ABImemset48.o [4]
  .text              ro code   0x800'306c    0x48  FltToDbl.o [3]
  .text              ro code   0x800'30b4    0x12  math_wrappers64.o [3]
  .text              ro code   0x800'30c8    0x68  DblToFlt.o [3]
  .text              ro code   0x800'3130   0x102  sqrt.o [3]
  .text              ro code   0x800'3234   0x246  DblDiv.o [3]
  .text              ro code   0x800'347c   0x1a2  DblMul.o [3]
  .text              ro code   0x800'3620    0xe2  DblSub.o [3]
  .text              ro code   0x800'3704    0x62  round.o [3]
  .text              ro code   0x800'3768   0x17a  DblAdd.o [3]
  .text              ro code   0x800'38e4   0x220  usart.o [1]
  .text              ro code   0x800'3b04     0xc  stm32f4xx_hal.o [1]
  .text              ro code   0x800'3b10    0xc4  stm32f4xx_hal_dma.o [1]
  .text              ro code   0x800'3bd4     0x2  stm32f4xx_hal_uart.o [1]
  .text              ro code   0x800'3bd6     0x2  stm32f4xx_hal_uart.o [1]
  .text              ro code   0x800'3bd8     0x2  stm32f4xx_hal_uart.o [1]
  .text              ro code   0x800'3bdc   0x240  Callback.o [1]
  .text              ro code   0x800'3e1c   0x22c  stm32f4xx_hal_rcc.o [1]
  .text              ro code   0x800'4048   0x230  I64DivMod.o [4]
  .text              ro code   0x800'4278   0x138  DeepJ60_can.o [1]
  .text              ro code   0x800'43b0    0xc8  acos64.o [3]
  .text              ro code   0x800'4478   0x250  main.o [1]
  .text              ro code   0x800'46c8   0x2c2  stm32f4xx_hal_gpio.o [1]
  .text              ro code   0x800'498c   0x15c  stm32f4xx_hal_cortex.o [1]
  .text              ro code   0x800'4ae8   0x590  stm32f4xx_hal_tim.o [1]
  .text              ro code   0x800'5078    0x4c  stm32f4xx_hal.o [1]
  .text              ro code   0x800'50c4     0x2  I64DivZer.o [4]
  .text              ro code   0x800'50c8   0x7e2  stm32f4xx_hal_can.o [1]
  .text              ro code   0x800'58ac    0x2e  DblCmpLe.o [3]
  .text              ro code   0x800'58dc   0x1d0  iar_Atan64.o [3]
  .text              ro code   0x800'5aac    0x34  stm32f4xx_hal.o [1]
  .text              ro code   0x800'5ae0   0x114  gpio.o [1]
  .text              ro code   0x800'5bf4   0x27c  can.o [1]
  .text              ro code   0x800'5e70    0xe4  sdio.o [1]
  .text              ro code   0x800'5f54    0x34  fatfs.o [1]
  .text              ro code   0x800'5f88    0xc0  tim.o [1]
  .text              ro code   0x800'6048   0x3ec  stm32f4xx_hal_rcc.o [1]
  .text              ro code   0x800'6434    0x7c  stm32f4xx_hal_pwr_ex.o [1]
  .text              ro code   0x800'64b0     0x2  stm32f4xx_hal_tim.o [1]
  .text              ro code   0x800'64b2     0x2  stm32f4xx_hal_tim.o [1]
  .text              ro code   0x800'64b4     0x2  stm32f4xx_hal_tim.o [1]
  .text              ro code   0x800'64b6     0x2  stm32f4xx_hal_tim_ex.o [1]
  .text              ro code   0x800'64b8     0x2  stm32f4xx_hal_tim.o [1]
  .text              ro code   0x800'64ba     0x2  stm32f4xx_hal_tim_ex.o [1]
  .text              ro code   0x800'64bc     0x2  stm32f4xx_hal_can.o [1]
  .text              ro code   0x800'64be     0x2  stm32f4xx_hal_can.o [1]
  .text              ro code   0x800'64c0     0x2  stm32f4xx_hal_can.o [1]
  .text              ro code   0x800'64c2     0x2  stm32f4xx_hal_can.o [1]
  .text              ro code   0x800'64c4     0x2  stm32f4xx_hal_can.o [1]
  .text              ro code   0x800'64c6     0x2  stm32f4xx_hal_can.o [1]
  .text              ro code   0x800'64c8     0x2  stm32f4xx_hal_can.o [1]
  .text              ro code   0x800'64ca     0x2  stm32f4xx_hal_can.o [1]
  .text              ro code   0x800'64cc     0x2  stm32f4xx_hal_can.o [1]
  .text              ro code   0x800'64ce     0x2  stm32f4xx_hal_can.o [1]
  .text              ro code   0x800'64d0     0x2  stm32f4xx_hal_can.o [1]
  .text              ro code   0x800'64d2     0x2  stm32f4xx_hal_can.o [1]
  .text              ro code   0x800'64d4    0x20  DblCmpEq.o [3]
  .text              ro code   0x800'64f4    0x2e  DblCmpGe.o [3]
  .text              ro code   0x800'6524    0x40  stm32f4xx_hal_msp.o [1]
  .text              ro code   0x800'6564    0x60  ff_gen_drv.o [1]
  .text              ro code   0x800'65c4    0xac  stm32f4xx_hal_tim_ex.o [1]
  .text              ro code   0x800'6670   0xe32  stm32f4xx_hal_sd.o [1]
  .text              ro code   0x800'74a4    0x86  ABImemcpy.o [4]
  .text              ro code   0x800'752c   0x6d8  stm32f4xx_ll_sdmmc.o [1]
  .text              ro code   0x800'7c04     0x2  stm32f4xx_hal_sd.o [1]
  .text              ro code   0x800'7c06    0x20  bsp_driver_sd.o [1]
  .text              ro code   0x800'7c26     0x2  bsp_driver_sd.o [1]
  .text              ro code   0x800'7c28     0x2  bsp_driver_sd.o [1]
  .text              ro code   0x800'7c2c   0x120  sd_diskio.o [1]
  .text              ro code   0x800'7d4c    0x1c  bsp_driver_sd.o [1]
  .text              ro code   0x800'7d68    0x20  bsp_driver_sd.o [1]
  .text              ro code   0x800'7d88    0x34  bsp_driver_sd.o [1]
  .text              ro code   0x800'7dbc    0x34  bsp_driver_sd.o [1]
  .text              ro code   0x800'7df0    0x14  bsp_driver_sd.o [1]
  .text              ro code   0x800'7e04    0x10  bsp_driver_sd.o [1]
  .text              ro code   0x800'7e14    0x98  stm32f4xx_it.o [1]
  .text              ro code   0x800'7eac    0x18  stm32f4xx_hal.o [1]
  Initializer bytes  const     0x800'7ec4    0x64  <for P2-1>
  .text              ro code   0x800'7f28    0x2c  copy_init3.o [4]
  .rodata            const     0x800'7f58    0x40  iar_Atan64.o [3]
  .text              ro code   0x800'7f98    0x38  user_diskio.o [1]
  .text              ro code   0x800'7fd0    0x28  data_init.o [4]
  .text              ro code   0x800'7ff8    0x22  fpinit_M.o [3]
  .iar.init_table    const     0x800'801c    0x24  - Linker created -
  .text              ro code   0x800'8040    0x1e  cmain.o [4]
  .text              ro code   0x800'805e     0x4  low_level_init.o [2]
  .text              ro code   0x800'8062     0x4  exit.o [2]
  .text              ro code   0x800'8068     0xa  cexit.o [4]
  .text              ro code   0x800'8074    0x14  exit.o [5]
  .rodata            const     0x800'8088    0x14  sd_diskio.o [1]
  .rodata            const     0x800'809c    0x10  system_stm32f4xx.o [1]
  .text              ro code   0x800'80ac    0x10  startup_stm32f427xx.o [1]
  .text              ro code   0x800'80bc    0x10  system_stm32f4xx.o [1]
  .text              ro code   0x800'80cc     0xc  cstartup_M.o [4]
  .rodata            const     0x800'80d8     0x8  system_stm32f4xx.o [1]
  .rodata            const     0x800'80e0     0x8  tim.o [1]
  .text              ro code   0x800'80e8     0x4  startup_stm32f427xx.o [1]
  .text              ro code   0x800'80ec     0x4  startup_stm32f427xx.o [1]
  .text              ro code   0x800'80f0     0x4  startup_stm32f427xx.o [1]
  .text              ro code   0x800'80f4     0x4  startup_stm32f427xx.o [1]
  .text              ro code   0x800'80f8     0x4  startup_stm32f427xx.o [1]
  .text              ro code   0x800'80fc     0x4  startup_stm32f427xx.o [1]
  .text              ro code   0x800'8100     0x4  startup_stm32f427xx.o [1]
  .text              ro code   0x800'8104     0x4  startup_stm32f427xx.o [1]
  .text              ro code   0x800'8108     0x4  startup_stm32f427xx.o [1]
  .text              ro code   0x800'810c     0x4  startup_stm32f427xx.o [1]
  .text              ro code   0x800'8110     0x4  startup_stm32f427xx.o [1]
  .text              ro code   0x800'8114     0x4  startup_stm32f427xx.o [1]
  .text              ro code   0x800'8118     0x4  startup_stm32f427xx.o [1]
  .text              ro code   0x800'811c     0x4  startup_stm32f427xx.o [1]
  .text              ro code   0x800'8120     0x4  startup_stm32f427xx.o [1]
  .text              ro code   0x800'8124     0x4  startup_stm32f427xx.o [1]
  .text              ro code   0x800'8128     0x4  startup_stm32f427xx.o [1]
  .text              ro code   0x800'812c     0x4  startup_stm32f427xx.o [1]
  .text              ro code   0x800'8130     0x4  startup_stm32f427xx.o [1]
  .text              ro code   0x800'8134     0x4  startup_stm32f427xx.o [1]
  .text              ro code   0x800'8138     0x4  startup_stm32f427xx.o [1]
  .text              ro code   0x800'813c     0x4  startup_stm32f427xx.o [1]
  .text              ro code   0x800'8140     0x4  startup_stm32f427xx.o [1]
  .text              ro code   0x800'8144     0x4  startup_stm32f427xx.o [1]
  .text              ro code   0x800'8148     0x4  startup_stm32f427xx.o [1]
  .text              ro code   0x800'814c     0x4  startup_stm32f427xx.o [1]
  .text              ro code   0x800'8150     0x4  startup_stm32f427xx.o [1]
  .text              ro code   0x800'8154     0x4  startup_stm32f427xx.o [1]
  .text              ro code   0x800'8158     0x4  startup_stm32f427xx.o [1]
  .text              ro code   0x800'815c     0x4  startup_stm32f427xx.o [1]
  .text              ro code   0x800'8160     0x4  startup_stm32f427xx.o [1]
  .text              ro code   0x800'8164     0x4  startup_stm32f427xx.o [1]
  .text              ro code   0x800'8168     0x4  startup_stm32f427xx.o [1]
  .text              ro code   0x800'816c     0x4  startup_stm32f427xx.o [1]
  .text              ro code   0x800'8170     0x4  startup_stm32f427xx.o [1]
  .text              ro code   0x800'8174     0x4  startup_stm32f427xx.o [1]
  .text              ro code   0x800'8178     0x4  startup_stm32f427xx.o [1]
  .text              ro code   0x800'817c     0x4  startup_stm32f427xx.o [1]
  .text              ro code   0x800'8180     0x4  startup_stm32f427xx.o [1]
  .text              ro code   0x800'8184     0x4  startup_stm32f427xx.o [1]
  .text              ro code   0x800'8188     0x4  startup_stm32f427xx.o [1]
  .text              ro code   0x800'818c     0x4  startup_stm32f427xx.o [1]
  .text              ro code   0x800'8190     0x4  startup_stm32f427xx.o [1]
  .text              ro code   0x800'8194     0x4  startup_stm32f427xx.o [1]
  .text              ro code   0x800'8198     0x4  startup_stm32f427xx.o [1]
  .text              ro code   0x800'819c     0x4  startup_stm32f427xx.o [1]
  .text              ro code   0x800'81a0     0x4  startup_stm32f427xx.o [1]
  .text              ro code   0x800'81a4     0x4  startup_stm32f427xx.o [1]
  .text              ro code   0x800'81a8     0x4  startup_stm32f427xx.o [1]
  .text              ro code   0x800'81ac     0x4  startup_stm32f427xx.o [1]
  .text              ro code   0x800'81b0     0x4  startup_stm32f427xx.o [1]
  .text              ro code   0x800'81b4     0x4  startup_stm32f427xx.o [1]
  .text              ro code   0x800'81b8     0x4  startup_stm32f427xx.o [1]
  .text              ro code   0x800'81bc     0x4  startup_stm32f427xx.o [1]
  .text              ro code   0x800'81c0     0x4  startup_stm32f427xx.o [1]
  .text              ro code   0x800'81c4     0x4  startup_stm32f427xx.o [1]
  .text              ro code   0x800'81c8     0x4  startup_stm32f427xx.o [1]
  .text              ro code   0x800'81cc     0x4  startup_stm32f427xx.o [1]
  .text              ro code   0x800'81d0     0x4  startup_stm32f427xx.o [1]
  .text              ro code   0x800'81d4     0x4  startup_stm32f427xx.o [1]
  .text              ro code   0x800'81d8     0x4  startup_stm32f427xx.o [1]
  .text              ro code   0x800'81dc     0x4  startup_stm32f427xx.o [1]
  .text              ro code   0x800'81e0     0x4  startup_stm32f427xx.o [1]
  .text              ro code   0x800'81e4     0x4  startup_stm32f427xx.o [1]
  .text              ro code   0x800'81e8     0x4  startup_stm32f427xx.o [1]
  .text              ro code   0x800'81ec     0x4  startup_stm32f427xx.o [1]
  .text              ro code   0x800'81f0     0x4  startup_stm32f427xx.o [1]
  .text              ro code   0x800'81f4     0x4  startup_stm32f427xx.o [1]
  .text              ro code   0x800'81f8     0x4  startup_stm32f427xx.o [1]
  .text              ro code   0x800'81fc     0x4  startup_stm32f427xx.o [1]
  .text              ro code   0x800'8200     0x4  startup_stm32f427xx.o [1]
  .text              ro code   0x800'8204     0x4  startup_stm32f427xx.o [1]
  .text              ro code   0x800'8208     0x4  startup_stm32f427xx.o [1]
  .text              ro code   0x800'820c     0x4  startup_stm32f427xx.o [1]
  .text              ro code   0x800'8210     0x4  startup_stm32f427xx.o [1]
  .text              ro code   0x800'8214     0x4  startup_stm32f427xx.o [1]
  .text              ro code   0x800'8218     0x4  startup_stm32f427xx.o [1]
  .text              ro code   0x800'821c     0x4  startup_stm32f427xx.o [1]
  .rodata            const     0x800'8220     0x0  zero_init3.o [4]
  .rodata            const     0x800'8220     0x0  copy_init3.o [4]
                             - 0x800'8220  0x8074

"P2", part 1 of 3:                           0x64
  P2-1                        0x2000'0000    0x63  <Init block>
    .data            inited   0x2000'0000    0x10  GaitController.o [1]
    .data            inited   0x2000'0010    0x10  GaitController.o [1]
    .data            inited   0x2000'0020    0x10  leg_control.o [1]
    .data            inited   0x2000'0030    0x10  leg_control.o [1]
    .data            inited   0x2000'0040     0x4  main.o [1]
    .data            inited   0x2000'0044     0x4  stm32f4xx_hal.o [1]
    .data            inited   0x2000'0048     0x4  system_stm32f4xx.o [1]
    .data            inited   0x2000'004c    0x14  user_diskio.o [1]
    .data            inited   0x2000'0060     0x1  sd_diskio.o [1]
    .data            inited   0x2000'0061     0x1  stm32f4xx_hal.o [1]
    .data            inited   0x2000'0062     0x1  user_diskio.o [1]
                            - 0x2000'0063    0x63

"P2", part 2 of 3:                          0x75c
  .bss               zero     0x2000'0064   0x240  DeepJ60_Motor.o [1]
  .bss               zero     0x2000'02a4   0x240  DeepJ60_Motor.o [1]
  .bss               zero     0x2000'04e4    0x84  sdio.o [1]
  .bss               zero     0x2000'0568    0x5c  DeepJ60_can.o [1]
  .bss               zero     0x2000'05c4    0x48  tim.o [1]
  .bss               zero     0x2000'060c    0x48  usart.o [1]
  .bss               zero     0x2000'0654    0x48  usart.o [1]
  .bss               zero     0x2000'069c    0x48  usart.o [1]
  .bss               zero     0x2000'06e4    0x28  can.o [1]
  .bss               zero     0x2000'070c    0x28  can.o [1]
  .bss               zero     0x2000'0734    0x20  main.o [1]
  .bss               zero     0x2000'0754    0x1c  DeepJ60_can.o [1]
  .bss               zero     0x2000'0770    0x10  ff_gen_drv.o [1]
  .bss               zero     0x2000'0780    0x10  leg_control.o [1]
  .bss               zero     0x2000'0790     0x4  can.o [1]
  .bss               zero     0x2000'0794     0x4  DeepJ60_can.o [1]
  .bss               zero     0x2000'0798     0x4  fatfs.o [1]
  .bss               zero     0x2000'079c     0x4  fatfs.o [1]
  .bss               zero     0x2000'07a0     0x4  GaitController.o [1]
  .bss               zero     0x2000'07a4     0x4  GaitController.o [1]
  .bss               zero     0x2000'07a8     0x4  GaitController.o [1]
  .bss               zero     0x2000'07ac     0x4  GaitController.o [1]
  .bss               zero     0x2000'07b0     0x4  main.o [1]
  .bss               zero     0x2000'07b4     0x4  stm32f4xx_hal.o [1]
  .bss               zero     0x2000'07b8     0x4  usart.o [1]
  .bss               zero     0x2000'07bc     0x1  fatfs.o [1]
  .bss               zero     0x2000'07bd     0x1  fatfs.o [1]
                            - 0x2000'07be   0x75a

"P2", part 3 of 3:                          0x400
  CSTACK                      0x2000'07c0   0x400  <Block>
    CSTACK           uninit   0x2000'07c0   0x400  <Block tail>
                            - 0x2000'0bc0   0x400

Unused ranges:

         From           To       Size
         ----           --       ----
   0x800'8220   0x81f'ffff  0x1f'7de0
  0x2000'0bc0  0x2002'ffff   0x2'f440


*******************************************************************************
*** INIT TABLE
***

          Address      Size
          -------      ----
Zero (__iar_zero_init3)
    1 destination range, total size 0x75a:
          0x2000'0064  0x75a

Copy (__iar_copy_init3)
    1 source range, total size 0x64 (101% of destination):
           0x800'7ec4   0x64
    1 destination range, total size 0x63:
          0x2000'0000   0x63



*******************************************************************************
*** MODULE SUMMARY
***

    Module                  ro code  ro data  rw data
    ------                  -------  -------  -------
command line/config:
    -------------------------------------------------
    Total:

F:\none\Study\Other\Robot\RTS team\Robocon-FourFoot-2025\Code\Quadruped_Robot_20241025_backup\EWARM\Quadruped_Robot_20241025\Obj: [1]
    Callback.o                  576
    DeepJ60_Motor.o           2 332             1 152
    DeepJ60_can.o               312               124
    GaitController.o          5 396       32       48
    bsp_driver_sd.o             236
    can.o                       636                84
    fatfs.o                      52                10
    ff_gen_drv.o                 96                16
    gpio.o                      276
    leg_control.o             1 496       32       48
    main.o                      592        4       40
    sd_diskio.o                 288       21        1
    sdio.o                      228               132
    startup_stm32f427xx.o       756
    stm32f4xx_hal.o             204        5        9
    stm32f4xx_hal_can.o       2 042
    stm32f4xx_hal_cortex.o      348
    stm32f4xx_hal_dma.o         196
    stm32f4xx_hal_gpio.o        706
    stm32f4xx_hal_msp.o          64
    stm32f4xx_hal_pwr_ex.o      124
    stm32f4xx_hal_rcc.o       1 560
    stm32f4xx_hal_sd.o        3 636
    stm32f4xx_hal_tim.o       1 432
    stm32f4xx_hal_tim_ex.o      176
    stm32f4xx_hal_uart.o      2 594
    stm32f4xx_it.o              152
    stm32f4xx_ll_sdmmc.o      1 752
    system_stm32f4xx.o           16       28        4
    tim.o                       192        8       72
    usart.o                     544               220
    user_diskio.o                56       21       21
    -------------------------------------------------
    Total:                   29 066      151    1 981

dl7M_tlf.a: [2]
    exit.o                        4
    low_level_init.o              4
    -------------------------------------------------
    Total:                        8

m7M_tls.a: [3]
    DblAdd.o                    378
    DblCmpEq.o                   32
    DblCmpGe.o                   46
    DblCmpLe.o                   46
    DblDiv.o                    582
    DblMul.o                    418
    DblSub.o                    226
    DblToFlt.o                  104
    FltToDbl.o                   72
    acos64.o                    200
    fpinit_M.o                   34
    iar_Atan64.o                464       64
    math_wrappers64.o            18
    round.o                      98
    sqrt.o                      258
    -------------------------------------------------
    Total:                    2 976       64

rt7M_tl.a: [4]
    ABImemclr4.o                  6
    ABImemcpy.o                 134
    ABImemset48.o                50
    I64DivMod.o                 560
    I64DivZer.o                   2
    cexit.o                      10
    cmain.o                      30
    copy_init3.o                 44
    cstartup_M.o                 12
    data_init.o                  40
    zero_init3.o                 58
    -------------------------------------------------
    Total:                      946

shb_l.a: [5]
    exit.o                       20
    -------------------------------------------------
    Total:                       20

    Gaps                         38        6
    Linker created                        37    1 024
-----------------------------------------------------
    Grand Total:             33 054      258    3 005


*******************************************************************************
*** ENTRY LIST
***

Entry                       Address   Size  Type      Object
-----                       -------   ----  ----      ------
.iar.init_table$$Base    0x800'801c          --   Gb  - Linker created -
.iar.init_table$$Limit   0x800'8040          --   Gb  - Linker created -
?main                    0x800'8041         Code  Gb  cmain.o [4]
AHBPrescTable            0x800'809c   0x10  Data  Gb  system_stm32f4xx.o [1]
APBPrescTable            0x800'80d8    0x8  Data  Gb  system_stm32f4xx.o [1]
AnalyseJ60MotorReceiveData_new
                         0x800'2fcd   0x30  Code  Gb  DeepJ60_Motor.o [1]
BSP_SD_GetCardInfo       0x800'7df1   0x14  Code  Wk  bsp_driver_sd.o [1]
BSP_SD_GetCardState      0x800'7d4d   0x1c  Code  Wk  bsp_driver_sd.o [1]
BSP_SD_Init              0x800'7d69   0x20  Code  Wk  bsp_driver_sd.o [1]
BSP_SD_ReadBlocks        0x800'7d89   0x34  Code  Wk  bsp_driver_sd.o [1]
BSP_SD_WriteBlocks       0x800'7dbd   0x34  Code  Wk  bsp_driver_sd.o [1]
BusFault_Handler         0x800'7e1b    0x2  Code  Gb  stm32f4xx_it.o [1]
CAN1_FilterConfig        0x800'5dd9   0x38  Code  Gb  can.o [1]
CAN1_RX0_IRQHandler      0x800'7e37    0xa  Code  Gb  stm32f4xx_it.o [1]
CAN1_RX1_IRQHandler      0x800'7e41    0xa  Code  Gb  stm32f4xx_it.o [1]
CAN2_FilterConfig        0x800'5e11   0x38  Code  Gb  can.o [1]
CAN2_RX0_IRQHandler      0x800'7e5f    0xa  Code  Gb  stm32f4xx_it.o [1]
CAN2_RX1_IRQHandler      0x800'7e69    0xa  Code  Gb  stm32f4xx_it.o [1]
CSTACK$$Base            0x2000'07c0          --   Gb  - Linker created -
CSTACK$$Limit           0x2000'0bc0          --   Gb  - Linker created -
Can                     0x2000'0568   0x5c  Data  Gb  DeepJ60_can.o [1]
CanDataToRealData        0x800'42a3   0x2a  Code  Gb  DeepJ60_can.o [1]
CanRxInformation        0x2000'0754   0x1c  Data  Gb  DeepJ60_can.o [1]
Can_Receive_new          0x800'437f   0x20  Code  Gb  DeepJ60_can.o [1]
Can_Send                 0x800'42cd   0xb2  Code  Gb  DeepJ60_can.o [1]
Cubic_Bezier             0x800'1961  0x354  Code  Gb  leg_control.o [1]
Debug1                  0x2000'07a0    0x4  Data  Gb  GaitController.o [1]
Debug2                  0x2000'07a4    0x4  Data  Gb  GaitController.o [1]
Debug3                  0x2000'07a8    0x4  Data  Gb  GaitController.o [1]
Debug4                  0x2000'07ac    0x4  Data  Gb  GaitController.o [1]
DebugMon_Handler         0x800'7e21    0x2  Code  Gb  stm32f4xx_it.o [1]
EXTI1_IRQHandler         0x800'7e2d    0xa  Code  Gb  stm32f4xx_it.o [1]
EnableJ60Motor           0x800'29a5   0x3c  Code  Gb  DeepJ60_Motor.o [1]
Error_Handler            0x800'46c5    0x4  Code  Gb  main.o [1]
FATFS_LinkDriver         0x800'65ad   0x12  Code  Gb  ff_gen_drv.o [1]
FATFS_LinkDriverEx       0x800'6565   0x48  Code  Gb  ff_gen_drv.o [1]
GetJ60MotorCanID         0x800'2991    0xe  Code  Gb  DeepJ60_Motor.o [1]
HAL_CAN_ActivateNotification
                         0x800'5653   0x34  Code  Gb  stm32f4xx_hal_can.o [1]
HAL_CAN_AddTxMessage     0x800'53bd  0x126  Code  Gb  stm32f4xx_hal_can.o [1]
HAL_CAN_ConfigFilter     0x800'5235  0x128  Code  Gb  stm32f4xx_hal_can.o [1]
HAL_CAN_GetRxMessage     0x800'54e3  0x170  Code  Gb  stm32f4xx_hal_can.o [1]
HAL_CAN_IRQHandler       0x800'5687  0x224  Code  Gb  stm32f4xx_hal_can.o [1]
HAL_CAN_Init             0x800'50c9  0x16c  Code  Gb  stm32f4xx_hal_can.o [1]
HAL_CAN_MspInit          0x800'5ca9  0x130  Code  Gb  can.o [1]
HAL_CAN_RxFifo0MsgPendingCallback
                         0x800'3bdd   0x34  Code  Gb  Callback.o [1]
HAL_CAN_Start            0x800'535d   0x5c  Code  Gb  stm32f4xx_hal_can.o [1]
HAL_DMA_Abort            0x800'3b11   0x9c  Code  Gb  stm32f4xx_hal_dma.o [1]
HAL_DMA_Abort_IT         0x800'3bad   0x28  Code  Gb  stm32f4xx_hal_dma.o [1]
HAL_Delay                0x800'3011   0x28  Code  Wk  stm32f4xx_hal.o [1]
HAL_GPIO_EXTI_IRQHandler
                         0x800'4923   0x20  Code  Gb  stm32f4xx_hal_gpio.o [1]
HAL_GPIO_Init            0x800'46c9  0x240  Code  Gb  stm32f4xx_hal_gpio.o [1]
HAL_GPIO_WritePin        0x800'4909   0x1a  Code  Gb  stm32f4xx_hal_gpio.o [1]
HAL_GetTick              0x800'3b05    0xc  Code  Wk  stm32f4xx_hal.o [1]
HAL_IncTick              0x800'7ead   0x18  Code  Wk  stm32f4xx_hal.o [1]
HAL_Init                 0x800'5aad   0x30  Code  Gb  stm32f4xx_hal.o [1]
HAL_InitTick             0x800'5079   0x4c  Code  Wk  stm32f4xx_hal.o [1]
HAL_MspInit              0x800'6525   0x40  Code  Gb  stm32f4xx_hal_msp.o [1]
HAL_NVIC_EnableIRQ       0x800'4aaf    0xe  Code  Gb  stm32f4xx_hal_cortex.o [1]
HAL_NVIC_SetPriority     0x800'4a85   0x2a  Code  Gb  stm32f4xx_hal_cortex.o [1]
HAL_NVIC_SetPriorityGrouping
                         0x800'4a79    0xc  Code  Gb  stm32f4xx_hal_cortex.o [1]
HAL_PWREx_EnableOverDrive
                         0x800'6435   0x6a  Code  Gb  stm32f4xx_hal_pwr_ex.o [1]
HAL_RCC_CAN1_CLK_ENABLED
                        0x2000'0790    0x4  Data  Lc  can.o [1]
HAL_RCC_ClockConfig      0x800'3e1d  0x140  Code  Gb  stm32f4xx_hal_rcc.o [1]
HAL_RCC_GetHCLKFreq      0x800'3f5d    0x6  Code  Gb  stm32f4xx_hal_rcc.o [1]
HAL_RCC_GetPCLK1Freq     0x800'3f63   0x16  Code  Gb  stm32f4xx_hal_rcc.o [1]
HAL_RCC_GetPCLK2Freq     0x800'3f79   0x16  Code  Gb  stm32f4xx_hal_rcc.o [1]
HAL_RCC_OscConfig        0x800'6049  0x3ec  Code  Wk  stm32f4xx_hal_rcc.o [1]
HAL_SD_AbortCallback     0x800'7c07    0xa  Code  Gb  bsp_driver_sd.o [1]
HAL_SD_GetCardCSD        0x800'6f05  0x1f4  Code  Gb  stm32f4xx_hal_sd.o [1]
HAL_SD_GetCardInfo       0x800'70f9   0x26  Code  Gb  stm32f4xx_hal_sd.o [1]
HAL_SD_GetCardState      0x800'711f   0x24  Code  Gb  stm32f4xx_hal_sd.o [1]
HAL_SD_IRQHandler        0x800'6d31  0x1d4  Code  Gb  stm32f4xx_hal_sd.o [1]
HAL_SD_Init              0x800'6671   0x44  Code  Gb  stm32f4xx_hal_sd.o [1]
HAL_SD_InitCard          0x800'66b5   0xbe  Code  Gb  stm32f4xx_hal_sd.o [1]
HAL_SD_MspInit           0x800'5e91   0xaa  Code  Gb  sdio.o [1]
HAL_SD_ReadBlocks        0x800'6773  0x310  Code  Gb  stm32f4xx_hal_sd.o [1]
HAL_SD_RxCpltCallback    0x800'7c1b    0xa  Code  Gb  bsp_driver_sd.o [1]
HAL_SD_TxCpltCallback    0x800'7c11    0xa  Code  Gb  bsp_driver_sd.o [1]
HAL_SD_WriteBlocks       0x800'6a83  0x2a4  Code  Gb  stm32f4xx_hal_sd.o [1]
HAL_SYSTICK_Config       0x800'4abd    0xc  Code  Gb  stm32f4xx_hal_cortex.o [1]
HAL_TIMEx_BreakCallback
                         0x800'64b7    0x2  Code  Wk  stm32f4xx_hal_tim_ex.o [1]
HAL_TIMEx_CommutCallback
                         0x800'64bb    0x2  Code  Wk  stm32f4xx_hal_tim_ex.o [1]
HAL_TIMEx_MasterConfigSynchronization
                         0x800'65c5   0x8e  Code  Gb  stm32f4xx_hal_tim_ex.o [1]
HAL_TIM_Base_Start_IT    0x800'4ae9   0x9a  Code  Gb  stm32f4xx_hal_tim.o [1]
HAL_TIM_Base_Stop_IT     0x800'4b83   0x3c  Code  Gb  stm32f4xx_hal_tim.o [1]
HAL_TIM_IRQHandler       0x800'4c49  0x13e  Code  Gb  stm32f4xx_hal_tim.o [1]
HAL_TIM_OC_ConfigChannel
                         0x800'4d87   0x68  Code  Gb  stm32f4xx_hal_tim.o [1]
HAL_TIM_OC_Init          0x800'4bbf   0x6e  Code  Gb  stm32f4xx_hal_tim.o [1]
HAL_TIM_OC_MspInit       0x800'6007   0x36  Code  Gb  tim.o [1]
HAL_TIM_PeriodElapsedCallback
                         0x800'3d01   0xd0  Code  Gb  Callback.o [1]
HAL_UART_IRQHandler      0x800'1e55  0x2d4  Code  Gb  stm32f4xx_hal_uart.o [1]
HAL_UART_Init            0x800'1cd9   0x7a  Code  Gb  stm32f4xx_hal_uart.o [1]
HAL_UART_MspInit         0x800'398d  0x144  Code  Gb  usart.o [1]
HAL_UART_Receive_IT      0x800'1e1f   0x36  Code  Gb  stm32f4xx_hal_uart.o [1]
HAL_UART_RxCpltCallback
                         0x800'3c11   0xf0  Code  Gb  Callback.o [1]
HAL_UART_Transmit        0x800'1d53   0xcc  Code  Gb  stm32f4xx_hal_uart.o [1]
HardFault_Handler        0x800'7e17    0x2  Code  Gb  stm32f4xx_it.o [1]
IK_leg                   0x800'1701  0x24e  Code  Gb  leg_control.o [1]
J60MotorConfigToSendCanData
                         0x800'28ad   0x28  Code  Gb  DeepJ60_Motor.o [1]
J60MotorDataToSendCanData
                         0x800'295d   0x34  Code  Gb  DeepJ60_Motor.o [1]
J60MotorMotionDataToSendCanData
                         0x800'27ed   0xae  Code  Gb  DeepJ60_Motor.o [1]
J60Motor_CAN1           0x2000'0064  0x240  Data  Gb  DeepJ60_Motor.o [1]
J60Motor_CAN2           0x2000'02a4  0x240  Data  Gb  DeepJ60_Motor.o [1]
J60Motor_StandUpData_CAN1
                        0x2000'0020   0x10  Data  Gb  leg_control.o [1]
J60Motor_StandUpData_CAN2
                        0x2000'0030   0x10  Data  Gb  leg_control.o [1]
MX_CAN1_Init             0x800'5bf5   0x5a  Code  Gb  can.o [1]
MX_CAN2_Init             0x800'5c4f   0x5a  Code  Gb  can.o [1]
MX_FATFS_Init            0x800'5f55   0x1c  Code  Gb  fatfs.o [1]
MX_GPIO_Init             0x800'5ae1  0x114  Code  Gb  gpio.o [1]
MX_SDIO_SD_Init          0x800'5e71   0x20  Code  Gb  sdio.o [1]
MX_TIM2_Init             0x800'5f89   0x7e  Code  Gb  tim.o [1]
MX_UART7_Init            0x800'38e5   0x34  Code  Gb  usart.o [1]
MX_UART8_Init            0x800'3919   0x40  Code  Gb  usart.o [1]
MX_USART6_UART_Init      0x800'3959   0x34  Code  Gb  usart.o [1]
MemManage_Handler        0x800'7e19    0x2  Code  Gb  stm32f4xx_it.o [1]
NMI_Handler              0x800'7e15    0x2  Code  Gb  stm32f4xx_it.o [1]
NVIC_EncodePriority      0x800'4a09   0x40  Code  Lc  stm32f4xx_hal_cortex.o [1]
PendSV_Handler           0x800'7e23    0x2  Code  Gb  stm32f4xx_it.o [1]
RealDataToCanData        0x800'4279   0x2a  Code  Gb  DeepJ60_can.o [1]
ReceiveCanDataToJ60MotorConfig
                         0x800'28d5   0x28  Code  Gb  DeepJ60_Motor.o [1]
ReceiveCanDataToJ60MotorData_new
                         0x800'2f75   0x58  Code  Gb  DeepJ60_Motor.o [1]
ReceiveCanDataToJ60MotorMotionData_new
                         0x800'2e71   0xfe  Code  Gb  DeepJ60_Motor.o [1]
ReceiveCommandStatusToJ60MotorCommandStatus
                         0x800'28fd    0x6  Code  Gb  DeepJ60_Motor.o [1]
ReceiveStatusWordToJ60MotorStatusWord
                         0x800'2903   0x5a  Code  Gb  DeepJ60_Motor.o [1]
Region$$Table$$Base      0x800'801c          --   Gb  - Linker created -
Region$$Table$$Limit     0x800'8040          --   Gb  - Linker created -
Rotate_FSM               0x800'0c4d  0xa28  Code  Gb  GaitController.o [1]
RunJ60Motor              0x800'2d35  0x13a  Code  Gb  DeepJ60_Motor.o [1]
RunJ60MotorKdMode        0x800'2b25   0x62  Code  Gb  DeepJ60_Motor.o [1]
RunJ60MotorPositionMode
                         0x800'29ed   0x6a  Code  Gb  DeepJ60_Motor.o [1]
RunJ60MotorPositionTorqueMode
                         0x800'2be1   0x6e  Code  Gb  DeepJ60_Motor.o [1]
RunJ60MotorPositonVelocityTorqueMode
                         0x800'2cc1   0x72  Code  Gb  DeepJ60_Motor.o [1]
RunJ60MotorTorqueMode    0x800'2ac1   0x62  Code  Gb  DeepJ60_Motor.o [1]
RunJ60MotorVelocityMode
                         0x800'2a59   0x66  Code  Gb  DeepJ60_Motor.o [1]
RunJ60MotorVelocityTorqueMode
                         0x800'2c51   0x6a  Code  Gb  DeepJ60_Motor.o [1]
RunJ60MotorZeroTorqueMode
                         0x800'2b89   0x56  Code  Gb  DeepJ60_Motor.o [1]
SDIO_ConfigData          0x800'75bd   0x2e  Code  Gb  stm32f4xx_ll_sdmmc.o [1]
SDIO_GetCommandResponse
                         0x800'75ab    0x6  Code  Gb  stm32f4xx_ll_sdmmc.o [1]
SDIO_GetPowerState       0x800'7579    0x8  Code  Gb  stm32f4xx_ll_sdmmc.o [1]
SDIO_GetResponse         0x800'75b1    0xc  Code  Gb  stm32f4xx_ll_sdmmc.o [1]
SDIO_IRQHandler          0x800'7e55    0xa  Code  Gb  stm32f4xx_it.o [1]
SDIO_Init                0x800'752d   0x30  Code  Gb  stm32f4xx_ll_sdmmc.o [1]
SDIO_PowerState_ON       0x800'756f    0xa  Code  Gb  stm32f4xx_ll_sdmmc.o [1]
SDIO_ReadFIFO            0x800'755d    0x6  Code  Gb  stm32f4xx_ll_sdmmc.o [1]
SDIO_SendCommand         0x800'7581   0x2a  Code  Gb  stm32f4xx_ll_sdmmc.o [1]
SDIO_WriteFIFO           0x800'7563    0xc  Code  Gb  stm32f4xx_ll_sdmmc.o [1]
SDMMC_CmdAppCommand      0x800'77b7   0x34  Code  Gb  stm32f4xx_ll_sdmmc.o [1]
SDMMC_CmdAppOperCommand
                         0x800'77eb   0x34  Code  Gb  stm32f4xx_ll_sdmmc.o [1]
SDMMC_CmdBlockLength     0x800'75eb   0x34  Code  Gb  stm32f4xx_ll_sdmmc.o [1]
SDMMC_CmdGoIdleState     0x800'7759   0x2e  Code  Gb  stm32f4xx_ll_sdmmc.o [1]
SDMMC_CmdOperCond        0x800'7787   0x30  Code  Gb  stm32f4xx_ll_sdmmc.o [1]
SDMMC_CmdReadMultiBlock
                         0x800'7653   0x34  Code  Gb  stm32f4xx_ll_sdmmc.o [1]
SDMMC_CmdReadSingleBlock
                         0x800'761f   0x34  Code  Gb  stm32f4xx_ll_sdmmc.o [1]
SDMMC_CmdSelDesel        0x800'7723   0x36  Code  Gb  stm32f4xx_ll_sdmmc.o [1]
SDMMC_CmdSendCID         0x800'781f   0x2e  Code  Gb  stm32f4xx_ll_sdmmc.o [1]
SDMMC_CmdSendCSD         0x800'784d   0x2e  Code  Gb  stm32f4xx_ll_sdmmc.o [1]
SDMMC_CmdSendStatus      0x800'78af   0x34  Code  Gb  stm32f4xx_ll_sdmmc.o [1]
SDMMC_CmdSetRelAdd       0x800'787b   0x34  Code  Gb  stm32f4xx_ll_sdmmc.o [1]
SDMMC_CmdStopTransfer    0x800'76ef   0x34  Code  Gb  stm32f4xx_ll_sdmmc.o [1]
SDMMC_CmdWriteMultiBlock
                         0x800'76bb   0x34  Code  Gb  stm32f4xx_ll_sdmmc.o [1]
SDMMC_CmdWriteSingleBlock
                         0x800'7687   0x34  Code  Gb  stm32f4xx_ll_sdmmc.o [1]
SDMMC_GetCmdError        0x800'7bbd   0x32  Code  Lc  stm32f4xx_ll_sdmmc.o [1]
SDMMC_GetCmdResp1        0x800'78e3  0x13a  Code  Gb  stm32f4xx_ll_sdmmc.o [1]
SDMMC_GetCmdResp2        0x800'7a1d   0x56  Code  Gb  stm32f4xx_ll_sdmmc.o [1]
SDMMC_GetCmdResp3        0x800'7a73   0x48  Code  Gb  stm32f4xx_ll_sdmmc.o [1]
SDMMC_GetCmdResp6        0x800'7abb   0xa6  Code  Gb  stm32f4xx_ll_sdmmc.o [1]
SDMMC_GetCmdResp7        0x800'7b61   0x5c  Code  Gb  stm32f4xx_ll_sdmmc.o [1]
SDPath                  0x2000'0798    0x4  Data  Gb  fatfs.o [1]
SD_CheckStatus           0x800'7c2d   0x1e  Code  Lc  sd_diskio.o [1]
SD_DMARxAbort            0x800'7191   0x4a  Code  Lc  stm32f4xx_hal_sd.o [1]
SD_DMATxAbort            0x800'7145   0x4a  Code  Lc  stm32f4xx_hal_sd.o [1]
SD_Driver                0x800'8088   0x14  Data  Gb  sd_diskio.o [1]
SD_InitCard              0x800'71db  0x10a  Code  Lc  stm32f4xx_hal_sd.o [1]
SD_PowerON               0x800'72e5   0xcc  Code  Lc  stm32f4xx_hal_sd.o [1]
SD_Read_IT               0x800'73f3   0x58  Code  Lc  stm32f4xx_hal_sd.o [1]
SD_SendStatus            0x800'73c1   0x32  Code  Lc  stm32f4xx_hal_sd.o [1]
SD_Write_IT              0x800'744b   0x58  Code  Lc  stm32f4xx_hal_sd.o [1]
SD_initialize            0x800'7c4b   0x20  Code  Gb  sd_diskio.o [1]
SD_ioctl                 0x800'7ce5   0x64  Code  Gb  sd_diskio.o [1]
SD_read                  0x800'7c79   0x36  Code  Gb  sd_diskio.o [1]
SD_status                0x800'7c6b    0xe  Code  Gb  sd_diskio.o [1]
SD_write                 0x800'7caf   0x36  Code  Gb  sd_diskio.o [1]
SVC_Handler              0x800'7e1f    0x2  Code  Gb  stm32f4xx_it.o [1]
SetMotionCommand         0x800'2797   0x4e  Code  Gb  DeepJ60_Motor.o [1]
SetMotionParameters      0x800'26f5   0xa2  Code  Gb  DeepJ60_Motor.o [1]
SetNormalCommand         0x800'27e5    0x8  Code  Gb  DeepJ60_Motor.o [1]
Stat                    0x2000'0060    0x1  Data  Lc  sd_diskio.o [1]
Stat                    0x2000'0062    0x1  Data  Lc  user_diskio.o [1]
SysTick_Config           0x800'4a49   0x30  Code  Lc  stm32f4xx_hal_cortex.o [1]
SysTick_Handler          0x800'7e25    0x8  Code  Gb  stm32f4xx_it.o [1]
SystemClock_Config       0x800'45e7   0xae  Code  Gb  main.o [1]
SystemCoreClock         0x2000'0048    0x4  Data  Gb  system_stm32f4xx.o [1]
SystemInit               0x800'80bd    0xc  Code  Gb  system_stm32f4xx.o [1]
TIM2_IRQHandler          0x800'7e4b    0xa  Code  Gb  stm32f4xx_it.o [1]
TIM_Base_SetConfig       0x800'4def   0xd2  Code  Gb  stm32f4xx_hal_tim.o [1]
TIM_OC1_SetConfig        0x800'4ec1   0x64  Code  Lc  stm32f4xx_hal_tim.o [1]
TIM_OC2_SetConfig        0x800'4f25   0x6e  Code  Gb  stm32f4xx_hal_tim.o [1]
TIM_OC3_SetConfig        0x800'4f95   0x6c  Code  Lc  stm32f4xx_hal_tim.o [1]
TIM_OC4_SetConfig        0x800'5001   0x4c  Code  Lc  stm32f4xx_hal_tim.o [1]
Trot_FSM                 0x800'01ad  0xa5c  Code  Gb  GaitController.o [1]
TxMailBox               0x2000'0794    0x4  Data  Gb  DeepJ60_can.o [1]
UART7_IRQHandler         0x800'7e7d    0xa  Code  Gb  stm32f4xx_it.o [1]
UART8_IRQHandler         0x800'7e87    0xa  Code  Gb  stm32f4xx_it.o [1]
UART_DMAAbortOnError     0x800'2259   0x16  Code  Lc  stm32f4xx_hal_uart.o [1]
UART_EndRxTransfer       0x800'21f1   0x66  Code  Lc  stm32f4xx_hal_uart.o [1]
UART_EndTransmit_IT      0x800'22d7   0x20  Code  Lc  stm32f4xx_hal_uart.o [1]
UART_Receive_IT          0x800'22f7   0xf6  Code  Lc  stm32f4xx_hal_uart.o [1]
UART_SetConfig           0x800'23ed  0x2fc  Code  Lc  stm32f4xx_hal_uart.o [1]
UART_Start_Receive_IT    0x800'21ad   0x44  Code  Gb  stm32f4xx_hal_uart.o [1]
UART_Transmit_IT         0x800'2271   0x66  Code  Lc  stm32f4xx_hal_uart.o [1]
UART_WaitOnFlagUntilTimeout
                         0x800'2129   0x84  Code  Lc  stm32f4xx_hal_uart.o [1]
USART6_IRQHandler        0x800'7e73    0xa  Code  Gb  stm32f4xx_it.o [1]
USERPath                0x2000'079c    0x4  Data  Gb  fatfs.o [1]
USER_Driver             0x2000'004c   0x14  Data  Gb  user_diskio.o [1]
USER_initialize          0x800'7f99    0xc  Code  Gb  user_diskio.o [1]
USER_ioctl               0x800'7fc9    0x8  Code  Gb  user_diskio.o [1]
USER_read                0x800'7fb5    0xa  Code  Gb  user_diskio.o [1]
USER_status              0x800'7fa5    0xc  Code  Gb  user_diskio.o [1]
USER_write               0x800'7fbf    0xa  Code  Gb  user_diskio.o [1]
UsageFault_Handler       0x800'7e1d    0x2  Code  Gb  stm32f4xx_it.o [1]
__NVIC_EnableIRQ         0x800'49bd   0x20  Code  Lc  stm32f4xx_hal_cortex.o [1]
__NVIC_GetPriorityGrouping
                         0x800'49af    0xc  Code  Lc  stm32f4xx_hal_cortex.o [1]
__NVIC_SetPriority       0x800'49dd   0x2c  Code  Lc  stm32f4xx_hal_cortex.o [1]
__NVIC_SetPriorityGrouping
                         0x800'498d   0x22  Code  Lc  stm32f4xx_hal_cortex.o [1]
__aeabi_cdcmpeq          0x800'64d5         Code  Gb  DblCmpEq.o [3]
__aeabi_cdcmple          0x800'58ad         Code  Gb  DblCmpLe.o [3]
__aeabi_cdrcmple         0x800'64f5         Code  Gb  DblCmpGe.o [3]
__aeabi_d2f              0x800'30c9         Code  Gb  DblToFlt.o [3]
__aeabi_dadd             0x800'3769         Code  Gb  DblAdd.o [3]
__aeabi_ddiv             0x800'3235         Code  Gb  DblDiv.o [3]
__aeabi_dmul             0x800'347d         Code  Gb  DblMul.o [3]
__aeabi_dsub             0x800'3621         Code  Gb  DblSub.o [3]
__aeabi_f2d              0x800'306d         Code  Gb  FltToDbl.o [3]
__aeabi_ldiv0            0x800'50c5         Code  Gb  I64DivZer.o [4]
__aeabi_memclr4          0x800'16c1         Code  Gb  ABImemclr4.o [4]
__aeabi_memcpy4          0x800'74a5         Code  Gb  ABImemcpy.o [4]
__aeabi_memcpy8          0x800'74a5         Code  Gb  ABImemcpy.o [4]
__aeabi_uldivmod         0x800'4049         Code  Gb  I64DivMod.o [4]
__cmain                  0x800'8041         Code  Gb  cmain.o [4]
__exit                   0x800'8075   0x14  Code  Gb  exit.o [5]
__iar_Atan64             0x800'58dd  0x1d0  Code  Gb  iar_Atan64.o [3]
__iar_Memset4_word       0x800'3039         Code  Gb  ABImemset48.o [4]
__iar_Memset8_word       0x800'3039         Code  Gb  ABImemset48.o [4]
__iar_acos64             0x800'43b1   0xc8  Code  Gb  acos64.o [3]
__iar_copy_init3         0x800'7f29   0x2c  Code  Gb  copy_init3.o [4]
__iar_dadd               0x800'3631         Code  Gb  DblSub.o [3]
__iar_data_init3         0x800'7fd1   0x28  Code  Gb  data_init.o [4]
__iar_dsub               0x800'3779         Code  Gb  DblAdd.o [3]
__iar_dsubStart          0x800'378b         Code  Gb  DblAdd.o [3]
__iar_init_vfp           0x800'7ff9         Code  Gb  fpinit_M.o [3]
__iar_program_start      0x800'80cd         Code  Gb  cstartup_M.o [4]
__iar_round64            0x800'3715         Code  Gb  round.o [3]
__iar_sqrt64             0x800'3141         Code  Gb  sqrt.o [3]
__iar_vfp___iar_round64
                         0x800'3705         Code  Gb  round.o [3]
__iar_vfp___iar_sqrt64   0x800'3131         Code  Gb  sqrt.o [3]
__iar_vfp_acos           0x800'30bb    0xc  Code  Gb  math_wrappers64.o [3]
__iar_vfp_round          0x800'3705         Code  Gb  round.o [3]
__iar_vfp_roundl         0x800'3705         Code  Gb  round.o [3]
__iar_vfp_sqrt           0x800'3131         Code  Gb  sqrt.o [3]
__iar_vfp_sqrtl          0x800'3131         Code  Gb  sqrt.o [3]
__iar_zero_init3         0x800'16c7   0x3a  Code  Gb  zero_init3.o [4]
__low_level_init         0x800'805f    0x4  Code  Gb  low_level_init.o [2]
__vector_table           0x800'0000         Data  Gb  startup_stm32f427xx.o [1]
_call_main               0x800'804d         Code  Gb  cmain.o [4]
_exit                    0x800'8069         Code  Gb  cexit.o [4]
_main                    0x800'805b         Code  Gb  cmain.o [4]
a                        0x800'7f58   0x40  Data  Lc  iar_Atan64.o [3]
acos                     0x800'43b1   0xc8  Code  Gb  acos64.o [3]
acosl                    0x800'43b1   0xc8  Code  Gb  acos64.o [3]
angle                   0x2000'0734   0x20  Data  Gb  main.o [1]
controller_signal       0x2000'07b8    0x4  Data  Gb  usart.o [1]
disk                    0x2000'0770   0x10  Data  Gb  ff_gen_drv.o [1]
exit                     0x800'8063    0x4  Code  Gb  exit.o [2]
hcan1                   0x2000'06e4   0x28  Data  Gb  can.o [1]
hcan2                   0x2000'070c   0x28  Data  Gb  can.o [1]
hsd                     0x2000'04e4   0x84  Data  Gb  sdio.o [1]
htim2                   0x2000'05c4   0x48  Data  Gb  tim.o [1]
huart6                  0x2000'069c   0x48  Data  Gb  usart.o [1]
huart7                  0x2000'060c   0x48  Data  Gb  usart.o [1]
huart8                  0x2000'0654   0x48  Data  Gb  usart.o [1]
last_t                  0x2000'0040    0x4  Data  Gb  main.o [1]
main                     0x800'4479  0x16e  Code  Gb  main.o [1]
retSD                   0x2000'07bc    0x1  Data  Gb  fatfs.o [1]
retUSER                 0x2000'07bd    0x1  Data  Gb  fatfs.o [1]
rotate_controller       0x2000'0010   0x10  Data  Gb  GaitController.o [1]
round                    0x800'3715         Code  Gb  round.o [3]
roundl                   0x800'3715         Code  Gb  round.o [3]
sqrt                     0x800'3141         Code  Gb  sqrt.o [3]
sqrtl                    0x800'3141         Code  Gb  sqrt.o [3]
t                       0x2000'07b0    0x4  Data  Gb  main.o [1]
trot_controller         0x2000'0000   0x10  Data  Gb  GaitController.o [1]
usart_motor_data        0x2000'0780   0x10  Data  Gb  leg_control.o [1]
uwTick                  0x2000'07b4    0x4  Data  Gb  stm32f4xx_hal.o [1]
uwTickFreq              0x2000'0061    0x1  Data  Gb  stm32f4xx_hal.o [1]
uwTickPrio              0x2000'0044    0x4  Data  Gb  stm32f4xx_hal.o [1]


[1] = F:\none\Study\Other\Robot\RTS team\Robocon-FourFoot-2025\Code\Quadruped_Robot_20241025_backup\EWARM\Quadruped_Robot_20241025\Obj
[2] = dl7M_tlf.a
[3] = m7M_tls.a
[4] = rt7M_tl.a
[5] = shb_l.a

  33 054 bytes of readonly  code memory
     258 bytes of readonly  data memory
   3 005 bytes of readwrite data memory

Errors: none
Warnings: none
