###############################################################################
#
# IAR ELF Linker V8.32.1.169/W32 for ARM                  02/Mar/2025  14:10:18
# Copyright 2007-2018 IAR Systems AB.
#
#    Output file  =  
#        F:\none\Study\Other\Robot\RTS
#        team\Robocon-FourFoot-2025\Code\Quadruped_Robot_20241025_backup\EWARM\Quadruped_Robot_20241025\Exe\Quadruped_Robot_20241025.out
#    Map file     =  
#        F:\none\Study\Other\Robot\RTS
#        team\Robocon-FourFoot-2025\Code\Quadruped_Robot_20241025_backup\EWARM\Quadruped_Robot_20241025\List\Quadruped_Robot_20241025.map
#    Command line =  
#        -f C:\Users\86136\AppData\Local\Temp\EW594A.tmp
#        ("F:\none\Study\Other\Robot\RTS
#        team\Robocon-FourFoot-2025\Code\Quadruped_Robot_20241025_backup\EWARM\Quadruped_Robot_20241025\Obj\bsp_driver_sd.o"
#        "F:\none\Study\Other\Robot\RTS
#        team\Robocon-FourFoot-2025\Code\Quadruped_Robot_20241025_backup\EWARM\Quadruped_Robot_20241025\Obj\Callback.o"
#        "F:\none\Study\Other\Robot\RTS
#        team\Robocon-FourFoot-2025\Code\Quadruped_Robot_20241025_backup\EWARM\Quadruped_Robot_20241025\Obj\can.o"
#        "F:\none\Study\Other\Robot\RTS
#        team\Robocon-FourFoot-2025\Code\Quadruped_Robot_20241025_backup\EWARM\Quadruped_Robot_20241025\Obj\cc936.o"
#        "F:\none\Study\Other\Robot\RTS
#        team\Robocon-FourFoot-2025\Code\Quadruped_Robot_20241025_backup\EWARM\Quadruped_Robot_20241025\Obj\CurvePlan.o"
#        "F:\none\Study\Other\Robot\RTS
#        team\Robocon-FourFoot-2025\Code\Quadruped_Robot_20241025_backup\EWARM\Quadruped_Robot_20241025\Obj\DeepJ60_can.o"
#        "F:\none\Study\Other\Robot\RTS
#        team\Robocon-FourFoot-2025\Code\Quadruped_Robot_20241025_backup\EWARM\Quadruped_Robot_20241025\Obj\DeepJ60_Motor.o"
#        "F:\none\Study\Other\Robot\RTS
#        team\Robocon-FourFoot-2025\Code\Quadruped_Robot_20241025_backup\EWARM\Quadruped_Robot_20241025\Obj\diskio.o"
#        "F:\none\Study\Other\Robot\RTS
#        team\Robocon-FourFoot-2025\Code\Quadruped_Robot_20241025_backup\EWARM\Quadruped_Robot_20241025\Obj\fatfs.o"
#        "F:\none\Study\Other\Robot\RTS
#        team\Robocon-FourFoot-2025\Code\Quadruped_Robot_20241025_backup\EWARM\Quadruped_Robot_20241025\Obj\ff.o"
#        "F:\none\Study\Other\Robot\RTS
#        team\Robocon-FourFoot-2025\Code\Quadruped_Robot_20241025_backup\EWARM\Quadruped_Robot_20241025\Obj\ff_gen_drv.o"
#        "F:\none\Study\Other\Robot\RTS
#        team\Robocon-FourFoot-2025\Code\Quadruped_Robot_20241025_backup\EWARM\Quadruped_Robot_20241025\Obj\GaitController.o"
#        "F:\none\Study\Other\Robot\RTS
#        team\Robocon-FourFoot-2025\Code\Quadruped_Robot_20241025_backup\EWARM\Quadruped_Robot_20241025\Obj\gpio.o"
#        "F:\none\Study\Other\Robot\RTS
#        team\Robocon-FourFoot-2025\Code\Quadruped_Robot_20241025_backup\EWARM\Quadruped_Robot_20241025\Obj\KinematicSolution.o"
#        "F:\none\Study\Other\Robot\RTS
#        team\Robocon-FourFoot-2025\Code\Quadruped_Robot_20241025_backup\EWARM\Quadruped_Robot_20241025\Obj\LogSystem.o"
#        "F:\none\Study\Other\Robot\RTS
#        team\Robocon-FourFoot-2025\Code\Quadruped_Robot_20241025_backup\EWARM\Quadruped_Robot_20241025\Obj\main.o"
#        "F:\none\Study\Other\Robot\RTS
#        team\Robocon-FourFoot-2025\Code\Quadruped_Robot_20241025_backup\EWARM\Quadruped_Robot_20241025\Obj\sd_diskio.o"
#        "F:\none\Study\Other\Robot\RTS
#        team\Robocon-FourFoot-2025\Code\Quadruped_Robot_20241025_backup\EWARM\Quadruped_Robot_20241025\Obj\sdio.o"
#        "F:\none\Study\Other\Robot\RTS
#        team\Robocon-FourFoot-2025\Code\Quadruped_Robot_20241025_backup\EWARM\Quadruped_Robot_20241025\Obj\startup_stm32f427xx.o"
#        "F:\none\Study\Other\Robot\RTS
#        team\Robocon-FourFoot-2025\Code\Quadruped_Robot_20241025_backup\EWARM\Quadruped_Robot_20241025\Obj\stm32f4xx_hal.o"
#        "F:\none\Study\Other\Robot\RTS
#        team\Robocon-FourFoot-2025\Code\Quadruped_Robot_20241025_backup\EWARM\Quadruped_Robot_20241025\Obj\stm32f4xx_hal_can.o"
#        "F:\none\Study\Other\Robot\RTS
#        team\Robocon-FourFoot-2025\Code\Quadruped_Robot_20241025_backup\EWARM\Quadruped_Robot_20241025\Obj\stm32f4xx_hal_cortex.o"
#        "F:\none\Study\Other\Robot\RTS
#        team\Robocon-FourFoot-2025\Code\Quadruped_Robot_20241025_backup\EWARM\Quadruped_Robot_20241025\Obj\stm32f4xx_hal_dma.o"
#        "F:\none\Study\Other\Robot\RTS
#        team\Robocon-FourFoot-2025\Code\Quadruped_Robot_20241025_backup\EWARM\Quadruped_Robot_20241025\Obj\stm32f4xx_hal_dma_ex.o"
#        "F:\none\Study\Other\Robot\RTS
#        team\Robocon-FourFoot-2025\Code\Quadruped_Robot_20241025_backup\EWARM\Quadruped_Robot_20241025\Obj\stm32f4xx_hal_exti.o"
#        "F:\none\Study\Other\Robot\RTS
#        team\Robocon-FourFoot-2025\Code\Quadruped_Robot_20241025_backup\EWARM\Quadruped_Robot_20241025\Obj\stm32f4xx_hal_flash.o"
#        "F:\none\Study\Other\Robot\RTS
#        team\Robocon-FourFoot-2025\Code\Quadruped_Robot_20241025_backup\EWARM\Quadruped_Robot_20241025\Obj\stm32f4xx_hal_flash_ex.o"
#        "F:\none\Study\Other\Robot\RTS
#        team\Robocon-FourFoot-2025\Code\Quadruped_Robot_20241025_backup\EWARM\Quadruped_Robot_20241025\Obj\stm32f4xx_hal_flash_ramfunc.o"
#        "F:\none\Study\Other\Robot\RTS
#        team\Robocon-FourFoot-2025\Code\Quadruped_Robot_20241025_backup\EWARM\Quadruped_Robot_20241025\Obj\stm32f4xx_hal_gpio.o"
#        "F:\none\Study\Other\Robot\RTS
#        team\Robocon-FourFoot-2025\Code\Quadruped_Robot_20241025_backup\EWARM\Quadruped_Robot_20241025\Obj\stm32f4xx_hal_msp.o"
#        "F:\none\Study\Other\Robot\RTS
#        team\Robocon-FourFoot-2025\Code\Quadruped_Robot_20241025_backup\EWARM\Quadruped_Robot_20241025\Obj\stm32f4xx_hal_pwr.o"
#        "F:\none\Study\Other\Robot\RTS
#        team\Robocon-FourFoot-2025\Code\Quadruped_Robot_20241025_backup\EWARM\Quadruped_Robot_20241025\Obj\stm32f4xx_hal_pwr_ex.o"
#        "F:\none\Study\Other\Robot\RTS
#        team\Robocon-FourFoot-2025\Code\Quadruped_Robot_20241025_backup\EWARM\Quadruped_Robot_20241025\Obj\stm32f4xx_hal_rcc.o"
#        "F:\none\Study\Other\Robot\RTS
#        team\Robocon-FourFoot-2025\Code\Quadruped_Robot_20241025_backup\EWARM\Quadruped_Robot_20241025\Obj\stm32f4xx_hal_rcc_ex.o"
#        "F:\none\Study\Other\Robot\RTS
#        team\Robocon-FourFoot-2025\Code\Quadruped_Robot_20241025_backup\EWARM\Quadruped_Robot_20241025\Obj\stm32f4xx_hal_sd.o"
#        "F:\none\Study\Other\Robot\RTS
#        team\Robocon-FourFoot-2025\Code\Quadruped_Robot_20241025_backup\EWARM\Quadruped_Robot_20241025\Obj\stm32f4xx_hal_tim.o"
#        "F:\none\Study\Other\Robot\RTS
#        team\Robocon-FourFoot-2025\Code\Quadruped_Robot_20241025_backup\EWARM\Quadruped_Robot_20241025\Obj\stm32f4xx_hal_tim_ex.o"
#        "F:\none\Study\Other\Robot\RTS
#        team\Robocon-FourFoot-2025\Code\Quadruped_Robot_20241025_backup\EWARM\Quadruped_Robot_20241025\Obj\stm32f4xx_hal_uart.o"
#        "F:\none\Study\Other\Robot\RTS
#        team\Robocon-FourFoot-2025\Code\Quadruped_Robot_20241025_backup\EWARM\Quadruped_Robot_20241025\Obj\stm32f4xx_it.o"
#        "F:\none\Study\Other\Robot\RTS
#        team\Robocon-FourFoot-2025\Code\Quadruped_Robot_20241025_backup\EWARM\Quadruped_Robot_20241025\Obj\stm32f4xx_ll_sdmmc.o"
#        "F:\none\Study\Other\Robot\RTS
#        team\Robocon-FourFoot-2025\Code\Quadruped_Robot_20241025_backup\EWARM\Quadruped_Robot_20241025\Obj\syscall.o"
#        "F:\none\Study\Other\Robot\RTS
#        team\Robocon-FourFoot-2025\Code\Quadruped_Robot_20241025_backup\EWARM\Quadruped_Robot_20241025\Obj\system_stm32f4xx.o"
#        "F:\none\Study\Other\Robot\RTS
#        team\Robocon-FourFoot-2025\Code\Quadruped_Robot_20241025_backup\EWARM\Quadruped_Robot_20241025\Obj\tim.o"
#        "F:\none\Study\Other\Robot\RTS
#        team\Robocon-FourFoot-2025\Code\Quadruped_Robot_20241025_backup\EWARM\Quadruped_Robot_20241025\Obj\usart.o"
#        "F:\none\Study\Other\Robot\RTS
#        team\Robocon-FourFoot-2025\Code\Quadruped_Robot_20241025_backup\EWARM\Quadruped_Robot_20241025\Obj\user_diskio.o"
#        --no_out_extension -o "F:\none\Study\Other\Robot\RTS
#        team\Robocon-FourFoot-2025\Code\Quadruped_Robot_20241025_backup\EWARM\Quadruped_Robot_20241025\Exe\Quadruped_Robot_20241025.out"
#        --redirect _Printf=_PrintfFullNoMb --redirect _Scanf=_ScanfFullNoMb
#        --map "F:\none\Study\Other\Robot\RTS
#        team\Robocon-FourFoot-2025\Code\Quadruped_Robot_20241025_backup\EWARM\Quadruped_Robot_20241025\List\Quadruped_Robot_20241025.map"
#        --config "F:\none\Study\Other\Robot\RTS
#        team\Robocon-FourFoot-2025\Code\Quadruped_Robot_20241025_backup\EWARM/stm32f427xx_flash.icf"
#        --semihosting --entry __iar_program_start --vfe --text_out locale)
#
###############################################################################

*******************************************************************************
*** RUNTIME MODEL ATTRIBUTES
***

CppFlavor       = *
__SystemLibrary = DLib
__dlib_version  = 6


*******************************************************************************
*** HEAP SELECTION
***

The basic heap was selected because no calls to memory allocation
functions were found in the application outside of system library
functions, and there are calls to deallocation functions in the
application.


*******************************************************************************
*** PLACEMENT SUMMARY
***

"A0":  place at 0x800'0000 { ro section .intvec };
"P1":  place in [from 0x800'0000 to 0x81f'ffff] { ro };
define block CSTACK with size = 1K, alignment = 8 { };
define block HEAP with size = 512, alignment = 8 { };
"P2":  place in [from 0x2000'0000 to 0x2002'ffff] {
          rw, block CSTACK, block HEAP };
initialize by copy { rw };

  Section            Kind         Address    Size  Object
  -------            ----         -------    ----  ------
"A0":                                       0x1ac
  .intvec            ro code   0x800'0000   0x1ac  startup_stm32f427xx.o [1]
                             - 0x800'01ac   0x1ac

"P1":                                      0x98f7
  .text              ro code   0x800'01ac  0x2938  GaitController.o [1]
  .text              ro code   0x800'2ae4    0x1a  U32ToDbl.o [3]
  .text              ro code   0x800'2afe    0x7a  lz77_init_single.o [4]
  .text              ro code   0x800'2b78   0x1a2  DblMul.o [3]
  .text              ro code   0x800'2d1a    0x3a  zero_init3.o [4]
  .text              ro code   0x800'2d54    0x68  DblToFlt.o [3]
  .text              ro code   0x800'2dbc   0xa1c  stm32f4xx_hal_uart.o [1]
  .text              ro code   0x800'37d8   0x91c  DeepJ60_Motor.o [1]
  .text              ro code   0x800'40f4    0x28  stm32f4xx_hal.o [1]
  .text              ro code   0x800'411c   0x2b0  KinematicSolution.o [1]
  .text              ro code   0x800'43cc     0x6  ABImemclr4.o [4]
  .text              ro code   0x800'43d4    0x48  FltToDbl.o [3]
  .text              ro code   0x800'441c   0x246  DblDiv.o [3]
  .text              ro code   0x800'4664   0x2c8  CurvePlan.o [1]
  .text              ro code   0x800'492c   0x17a  DblAdd.o [3]
  .text              ro code   0x800'4aa8    0xe2  DblSub.o [3]
  .text              ro code   0x800'4b8c    0x2e  DblCmpLe.o [3]
  .text              ro code   0x800'4bbc    0x2e  DblCmpGe.o [3]
  .text              ro code   0x800'4bec   0x2c8  usart.o [1]
  .text              ro code   0x800'4eb4     0xc  stm32f4xx_hal.o [1]
  .text              ro code   0x800'4ec0    0xc4  stm32f4xx_hal_dma.o [1]
  .text              ro code   0x800'4f84     0x2  stm32f4xx_hal_uart.o [1]
  .text              ro code   0x800'4f86     0x2  stm32f4xx_hal_uart.o [1]
  .text              ro code   0x800'4f88     0x2  stm32f4xx_hal_uart.o [1]
  .text              ro code   0x800'4f8c   0x470  Callback.o [1]
  .text              ro code   0x800'53fc   0x22c  stm32f4xx_hal_rcc.o [1]
  .text              ro code   0x800'5628   0x230  I64DivMod.o [4]
  .text              ro code   0x800'5858   0x138  DeepJ60_can.o [1]
  .text              ro code   0x800'5990   0x102  sqrt.o [3]
  .text              ro code   0x800'5a94    0x12  math_wrappers64.o [3]
  .text              ro code   0x800'5aa8    0x62  round.o [3]
  .text              ro code   0x800'5b0c    0x32  ABImemset48.o [4]
  .text              ro code   0x800'5b40   0x3b8  main.o [1]
  .text              ro code   0x800'5ef8   0x2c2  stm32f4xx_hal_gpio.o [1]
  .text              ro code   0x800'61bc   0x15c  stm32f4xx_hal_cortex.o [1]
  .text              ro code   0x800'6318   0x590  stm32f4xx_hal_tim.o [1]
  .text              ro code   0x800'68a8    0x4c  stm32f4xx_hal.o [1]
  .text              ro code   0x800'68f4     0x2  I64DivZer.o [4]
  .text              ro code   0x800'68f8   0x7e2  stm32f4xx_hal_can.o [1]
  .text              ro code   0x800'70dc    0xc8  acos64.o [3]
  .text              ro code   0x800'71a4    0x34  stm32f4xx_hal.o [1]
  .text              ro code   0x800'71d8   0x114  gpio.o [1]
  .text              ro code   0x800'72ec   0x27c  can.o [1]
  .text              ro code   0x800'7568    0xe4  sdio.o [1]
  .text              ro code   0x800'764c    0x34  fatfs.o [1]
  .text              ro code   0x800'7680    0xc0  tim.o [1]
  .text              ro code   0x800'7740   0x3ec  stm32f4xx_hal_rcc.o [1]
  .text              ro code   0x800'7b2c    0x7c  stm32f4xx_hal_pwr_ex.o [1]
  .text              ro code   0x800'7ba8     0x2  stm32f4xx_hal_tim.o [1]
  .text              ro code   0x800'7baa     0x2  stm32f4xx_hal_tim.o [1]
  .text              ro code   0x800'7bac     0x2  stm32f4xx_hal_tim.o [1]
  .text              ro code   0x800'7bae     0x2  stm32f4xx_hal_tim_ex.o [1]
  .text              ro code   0x800'7bb0     0x2  stm32f4xx_hal_tim.o [1]
  .text              ro code   0x800'7bb2     0x2  stm32f4xx_hal_tim_ex.o [1]
  .text              ro code   0x800'7bb4     0x2  stm32f4xx_hal_can.o [1]
  .text              ro code   0x800'7bb6     0x2  stm32f4xx_hal_can.o [1]
  .text              ro code   0x800'7bb8     0x2  stm32f4xx_hal_can.o [1]
  .text              ro code   0x800'7bba     0x2  stm32f4xx_hal_can.o [1]
  .text              ro code   0x800'7bbc     0x2  stm32f4xx_hal_can.o [1]
  .text              ro code   0x800'7bbe     0x2  stm32f4xx_hal_can.o [1]
  .text              ro code   0x800'7bc0     0x2  stm32f4xx_hal_can.o [1]
  .text              ro code   0x800'7bc2     0x2  stm32f4xx_hal_can.o [1]
  .text              ro code   0x800'7bc4     0x2  stm32f4xx_hal_can.o [1]
  .text              ro code   0x800'7bc6     0x2  stm32f4xx_hal_can.o [1]
  .text              ro code   0x800'7bc8     0x2  stm32f4xx_hal_can.o [1]
  .text              ro code   0x800'7bca     0x2  stm32f4xx_hal_can.o [1]
  .text              ro code   0x800'7bcc   0x1d0  iar_Atan64.o [3]
  .text              ro code   0x800'7d9c    0x40  stm32f4xx_hal_msp.o [1]
  .text              ro code   0x800'7ddc    0x60  ff_gen_drv.o [1]
  .text              ro code   0x800'7e3c    0xac  stm32f4xx_hal_tim_ex.o [1]
  .text              ro code   0x800'7ee8    0x20  DblCmpEq.o [3]
  .text              ro code   0x800'7f08   0xe32  stm32f4xx_hal_sd.o [1]
  .text              ro code   0x800'8d3c    0x86  ABImemcpy.o [4]
  .text              ro code   0x800'8dc4   0x6d8  stm32f4xx_ll_sdmmc.o [1]
  .text              ro code   0x800'949c     0x2  stm32f4xx_hal_sd.o [1]
  .text              ro code   0x800'949e    0x20  bsp_driver_sd.o [1]
  .text              ro code   0x800'94be     0x2  bsp_driver_sd.o [1]
  .text              ro code   0x800'94c0     0x2  bsp_driver_sd.o [1]
  .text              ro code   0x800'94c4   0x120  sd_diskio.o [1]
  .text              ro code   0x800'95e4    0x1c  bsp_driver_sd.o [1]
  .text              ro code   0x800'9600    0x20  bsp_driver_sd.o [1]
  .text              ro code   0x800'9620    0x34  bsp_driver_sd.o [1]
  .text              ro code   0x800'9654    0x34  bsp_driver_sd.o [1]
  .text              ro code   0x800'9688    0x14  bsp_driver_sd.o [1]
  .text              ro code   0x800'969c    0x10  bsp_driver_sd.o [1]
  .text              ro code   0x800'96ac    0xa8  stm32f4xx_it.o [1]
  .text              ro code   0x800'9754    0x18  stm32f4xx_hal.o [1]
  .rodata            const     0x800'9770    0x40  iar_Atan64.o [3]
  .text              ro code   0x800'97b0    0x38  user_diskio.o [1]
  .text              ro code   0x800'97e8    0x28  data_init.o [4]
  .text              ro code   0x800'9810    0x22  fpinit_M.o [3]
  .iar.init_table    const     0x800'9834    0x20  - Linker created -
  .text              ro code   0x800'9854    0x1e  cmain.o [4]
  .text              ro code   0x800'9872     0x4  low_level_init.o [2]
  .text              ro code   0x800'9876     0x4  exit.o [2]
  .text              ro code   0x800'987c     0xa  cexit.o [4]
  .text              ro code   0x800'9888    0x14  exit.o [5]
  .rodata            const     0x800'989c    0x14  sd_diskio.o [1]
  .rodata            const     0x800'98b0    0x10  system_stm32f4xx.o [1]
  .text              ro code   0x800'98c0    0x10  startup_stm32f427xx.o [1]
  .text              ro code   0x800'98d0    0x10  system_stm32f4xx.o [1]
  .text              ro code   0x800'98e0     0xc  cstartup_M.o [4]
  .rodata            const     0x800'98ec     0x8  system_stm32f4xx.o [1]
  .rodata            const     0x800'98f4     0x8  tim.o [1]
  .text              ro code   0x800'98fc     0x4  startup_stm32f427xx.o [1]
  .text              ro code   0x800'9900     0x4  startup_stm32f427xx.o [1]
  .text              ro code   0x800'9904     0x4  startup_stm32f427xx.o [1]
  .text              ro code   0x800'9908     0x4  startup_stm32f427xx.o [1]
  .text              ro code   0x800'990c     0x4  startup_stm32f427xx.o [1]
  .text              ro code   0x800'9910     0x4  startup_stm32f427xx.o [1]
  .text              ro code   0x800'9914     0x4  startup_stm32f427xx.o [1]
  .text              ro code   0x800'9918     0x4  startup_stm32f427xx.o [1]
  .text              ro code   0x800'991c     0x4  startup_stm32f427xx.o [1]
  .text              ro code   0x800'9920     0x4  startup_stm32f427xx.o [1]
  .text              ro code   0x800'9924     0x4  startup_stm32f427xx.o [1]
  .text              ro code   0x800'9928     0x4  startup_stm32f427xx.o [1]
  .text              ro code   0x800'992c     0x4  startup_stm32f427xx.o [1]
  .text              ro code   0x800'9930     0x4  startup_stm32f427xx.o [1]
  .text              ro code   0x800'9934     0x4  startup_stm32f427xx.o [1]
  .text              ro code   0x800'9938     0x4  startup_stm32f427xx.o [1]
  .text              ro code   0x800'993c     0x4  startup_stm32f427xx.o [1]
  .text              ro code   0x800'9940     0x4  startup_stm32f427xx.o [1]
  .text              ro code   0x800'9944     0x4  startup_stm32f427xx.o [1]
  .text              ro code   0x800'9948     0x4  startup_stm32f427xx.o [1]
  .text              ro code   0x800'994c     0x4  startup_stm32f427xx.o [1]
  .text              ro code   0x800'9950     0x4  startup_stm32f427xx.o [1]
  .text              ro code   0x800'9954     0x4  startup_stm32f427xx.o [1]
  .text              ro code   0x800'9958     0x4  startup_stm32f427xx.o [1]
  .text              ro code   0x800'995c     0x4  startup_stm32f427xx.o [1]
  .text              ro code   0x800'9960     0x4  startup_stm32f427xx.o [1]
  .text              ro code   0x800'9964     0x4  startup_stm32f427xx.o [1]
  .text              ro code   0x800'9968     0x4  startup_stm32f427xx.o [1]
  .text              ro code   0x800'996c     0x4  startup_stm32f427xx.o [1]
  .text              ro code   0x800'9970     0x4  startup_stm32f427xx.o [1]
  .text              ro code   0x800'9974     0x4  startup_stm32f427xx.o [1]
  .text              ro code   0x800'9978     0x4  startup_stm32f427xx.o [1]
  .text              ro code   0x800'997c     0x4  startup_stm32f427xx.o [1]
  .text              ro code   0x800'9980     0x4  startup_stm32f427xx.o [1]
  .text              ro code   0x800'9984     0x4  startup_stm32f427xx.o [1]
  .text              ro code   0x800'9988     0x4  startup_stm32f427xx.o [1]
  .text              ro code   0x800'998c     0x4  startup_stm32f427xx.o [1]
  .text              ro code   0x800'9990     0x4  startup_stm32f427xx.o [1]
  .text              ro code   0x800'9994     0x4  startup_stm32f427xx.o [1]
  .text              ro code   0x800'9998     0x4  startup_stm32f427xx.o [1]
  .text              ro code   0x800'999c     0x4  startup_stm32f427xx.o [1]
  .text              ro code   0x800'99a0     0x4  startup_stm32f427xx.o [1]
  .text              ro code   0x800'99a4     0x4  startup_stm32f427xx.o [1]
  .text              ro code   0x800'99a8     0x4  startup_stm32f427xx.o [1]
  .text              ro code   0x800'99ac     0x4  startup_stm32f427xx.o [1]
  .text              ro code   0x800'99b0     0x4  startup_stm32f427xx.o [1]
  .text              ro code   0x800'99b4     0x4  startup_stm32f427xx.o [1]
  .text              ro code   0x800'99b8     0x4  startup_stm32f427xx.o [1]
  .text              ro code   0x800'99bc     0x4  startup_stm32f427xx.o [1]
  .text              ro code   0x800'99c0     0x4  startup_stm32f427xx.o [1]
  .text              ro code   0x800'99c4     0x4  startup_stm32f427xx.o [1]
  .text              ro code   0x800'99c8     0x4  startup_stm32f427xx.o [1]
  .text              ro code   0x800'99cc     0x4  startup_stm32f427xx.o [1]
  .text              ro code   0x800'99d0     0x4  startup_stm32f427xx.o [1]
  .text              ro code   0x800'99d4     0x4  startup_stm32f427xx.o [1]
  .text              ro code   0x800'99d8     0x4  startup_stm32f427xx.o [1]
  .text              ro code   0x800'99dc     0x4  startup_stm32f427xx.o [1]
  .text              ro code   0x800'99e0     0x4  startup_stm32f427xx.o [1]
  .text              ro code   0x800'99e4     0x4  startup_stm32f427xx.o [1]
  .text              ro code   0x800'99e8     0x4  startup_stm32f427xx.o [1]
  .text              ro code   0x800'99ec     0x4  startup_stm32f427xx.o [1]
  .text              ro code   0x800'99f0     0x4  startup_stm32f427xx.o [1]
  .text              ro code   0x800'99f4     0x4  startup_stm32f427xx.o [1]
  .text              ro code   0x800'99f8     0x4  startup_stm32f427xx.o [1]
  .text              ro code   0x800'99fc     0x4  startup_stm32f427xx.o [1]
  .text              ro code   0x800'9a00     0x4  startup_stm32f427xx.o [1]
  .text              ro code   0x800'9a04     0x4  startup_stm32f427xx.o [1]
  .text              ro code   0x800'9a08     0x4  startup_stm32f427xx.o [1]
  .text              ro code   0x800'9a0c     0x4  startup_stm32f427xx.o [1]
  .text              ro code   0x800'9a10     0x4  startup_stm32f427xx.o [1]
  .text              ro code   0x800'9a14     0x4  startup_stm32f427xx.o [1]
  .text              ro code   0x800'9a18     0x4  startup_stm32f427xx.o [1]
  .text              ro code   0x800'9a1c     0x4  startup_stm32f427xx.o [1]
  .text              ro code   0x800'9a20     0x4  startup_stm32f427xx.o [1]
  .text              ro code   0x800'9a24     0x4  startup_stm32f427xx.o [1]
  .text              ro code   0x800'9a28     0x4  startup_stm32f427xx.o [1]
  .text              ro code   0x800'9a2c     0x4  startup_stm32f427xx.o [1]
  .rodata            const     0x800'9a30     0x0  zero_init3.o [4]
  .rodata            const     0x800'9a30     0x0  lz77_init_single.o [4]
  Initializer bytes  const     0x800'9a30    0x73  <for P2-1>
                             - 0x800'9aa3  0x98f7

"P2", part 1 of 3:                          0x3ff
  P2-1                        0x2000'0000   0x3ff  <Init block>
    .data            inited   0x2000'0000    0xa0  GaitController.o [1]
    .data            inited   0x2000'00a0    0xa0  GaitController.o [1]
    .data            inited   0x2000'0140    0x9c  GaitController.o [1]
    .data            inited   0x2000'01dc    0x9c  GaitController.o [1]
    .data            inited   0x2000'0278    0xa0  GaitController.o [1]
    .data            inited   0x2000'0318    0xa0  GaitController.o [1]
    .data            inited   0x2000'03b8     0x4  GaitController.o [1]
    .data            inited   0x2000'03bc     0x4  GaitController.o [1]
    .data            inited   0x2000'03c0    0x10  GaitController.o [1]
    .data            inited   0x2000'03d0    0x10  GaitController.o [1]
    .data            inited   0x2000'03e0     0x4  stm32f4xx_hal.o [1]
    .data            inited   0x2000'03e4     0x4  system_stm32f4xx.o [1]
    .data            inited   0x2000'03e8    0x14  user_diskio.o [1]
    .data            inited   0x2000'03fc     0x1  sd_diskio.o [1]
    .data            inited   0x2000'03fd     0x1  stm32f4xx_hal.o [1]
    .data            inited   0x2000'03fe     0x1  user_diskio.o [1]
                            - 0x2000'03ff   0x3ff

"P2", part 2 of 3:                          0x800
  .bss               zero     0x2000'0400   0x240  DeepJ60_Motor.o [1]
  .bss               zero     0x2000'0640   0x240  DeepJ60_Motor.o [1]
  .bss               zero     0x2000'0880    0x84  sdio.o [1]
  .bss               zero     0x2000'0904    0x5c  DeepJ60_can.o [1]
  .bss               zero     0x2000'0960    0x48  tim.o [1]
  .bss               zero     0x2000'09a8    0x48  usart.o [1]
  .bss               zero     0x2000'09f0    0x48  usart.o [1]
  .bss               zero     0x2000'0a38    0x48  usart.o [1]
  .bss               zero     0x2000'0a80    0x48  usart.o [1]
  .bss               zero     0x2000'0ac8    0x3c  GaitController.o [1]
  .bss               zero     0x2000'0b04    0x28  can.o [1]
  .bss               zero     0x2000'0b2c    0x28  can.o [1]
  .bss               zero     0x2000'0b54    0x20  GaitController.o [1]
  .bss               zero     0x2000'0b74    0x20  GaitController.o [1]
  .bss               zero     0x2000'0b94    0x20  GaitController.o [1]
  .bss               zero     0x2000'0bb4    0x1c  DeepJ60_can.o [1]
  .bss               zero     0x2000'0bd0    0x10  ff_gen_drv.o [1]
  .bss               zero     0x2000'0be0     0x4  can.o [1]
  .bss               zero     0x2000'0be4     0x4  DeepJ60_can.o [1]
  .bss               zero     0x2000'0be8     0x4  fatfs.o [1]
  .bss               zero     0x2000'0bec     0x4  fatfs.o [1]
  .bss               zero     0x2000'0bf0     0x4  GaitController.o [1]
  .bss               zero     0x2000'0bf4     0x4  stm32f4xx_hal.o [1]
  .bss               zero     0x2000'0bf8     0x4  usart.o [1]
  .bss               zero     0x2000'0bfc     0x1  fatfs.o [1]
  .bss               zero     0x2000'0bfd     0x1  fatfs.o [1]
                            - 0x2000'0bfe   0x7fe

"P2", part 3 of 3:                          0x400
  CSTACK                      0x2000'0c00   0x400  <Block>
    CSTACK           uninit   0x2000'0c00   0x400  <Block tail>
                            - 0x2000'1000   0x400

Unused ranges:

         From           To       Size
         ----           --       ----
   0x800'9aa3   0x81f'ffff  0x1f'655d
  0x2000'03ff  0x2000'03ff        0x1
  0x2000'1000  0x2002'ffff   0x2'f000


*******************************************************************************
*** INIT TABLE
***

          Address      Size
          -------      ----
Zero (__iar_zero_init3)
    1 destination range, total size 0x7fe:
          0x2000'0400  0x7fe

Copy/lz77 (__iar_lz77_init_single3)
    1 source range, total size 0x73 (11% of destination):
           0x800'9a30   0x73
    1 destination range, total size 0x3ff:
          0x2000'0000  0x3ff



*******************************************************************************
*** MODULE SUMMARY
***

    Module                  ro code  ro data  rw data
    ------                  -------  -------  -------
command line/config:
    -------------------------------------------------
    Total:

F:\none\Study\Other\Robot\RTS team\Robocon-FourFoot-2025\Code\Quadruped_Robot_20241025_backup\EWARM\Quadruped_Robot_20241025\Obj: [1]
    Callback.o                1 136
    CurvePlan.o                 712
    DeepJ60_Motor.o           2 332             1 152
    DeepJ60_can.o               312               124
    GaitController.o         10 552      111    1 152
    KinematicSolution.o         688
    bsp_driver_sd.o             236
    can.o                       636                84
    fatfs.o                      52                10
    ff_gen_drv.o                 96                16
    gpio.o                      276
    main.o                      952
    sd_diskio.o                 288       20        1
    sdio.o                      228               132
    startup_stm32f427xx.o       752
    stm32f4xx_hal.o             204                 9
    stm32f4xx_hal_can.o       2 042
    stm32f4xx_hal_cortex.o      348
    stm32f4xx_hal_dma.o         196
    stm32f4xx_hal_gpio.o        706
    stm32f4xx_hal_msp.o          64
    stm32f4xx_hal_pwr_ex.o      124
    stm32f4xx_hal_rcc.o       1 560
    stm32f4xx_hal_sd.o        3 636
    stm32f4xx_hal_tim.o       1 432
    stm32f4xx_hal_tim_ex.o      176
    stm32f4xx_hal_uart.o      2 594
    stm32f4xx_it.o              168
    stm32f4xx_ll_sdmmc.o      1 752
    system_stm32f4xx.o           16       25        4
    tim.o                       192        8       72
    usart.o                     712               292
    user_diskio.o                56        3       21
    -------------------------------------------------
    Total:                   35 226      167    3 069

dl7M_tlf.a: [2]
    exit.o                        4
    low_level_init.o              4
    -------------------------------------------------
    Total:                        8

m7M_tls.a: [3]
    DblAdd.o                    378
    DblCmpEq.o                   32
    DblCmpGe.o                   46
    DblCmpLe.o                   46
    DblDiv.o                    582
    DblMul.o                    418
    DblSub.o                    226
    DblToFlt.o                  104
    FltToDbl.o                   72
    U32ToDbl.o                   26
    acos64.o                    200
    fpinit_M.o                   34
    iar_Atan64.o                464       64
    math_wrappers64.o            18
    round.o                      98
    sqrt.o                      258
    -------------------------------------------------
    Total:                    3 002       64

rt7M_tl.a: [4]
    ABImemclr4.o                  6
    ABImemcpy.o                 134
    ABImemset48.o                50
    I64DivMod.o                 560
    I64DivZer.o                   2
    cexit.o                      10
    cmain.o                      30
    cstartup_M.o                 12
    data_init.o                  40
    lz77_init_single.o          122
    zero_init3.o                 58
    -------------------------------------------------
    Total:                    1 024

shb_l.a: [5]
    exit.o                       20
    -------------------------------------------------
    Total:                       20

    Gaps                         38        6
    Linker created                        32    1 024
-----------------------------------------------------
    Grand Total:             39 318      269    4 093


*******************************************************************************
*** ENTRY LIST
***

Entry                       Address   Size  Type      Object
-----                       -------   ----  ----      ------
.iar.init_table$$Base    0x800'9834          --   Gb  - Linker created -
.iar.init_table$$Limit   0x800'9854          --   Gb  - Linker created -
?main                    0x800'9855         Code  Gb  cmain.o [4]
AHBPrescTable            0x800'98b0   0x10  Data  Gb  system_stm32f4xx.o [1]
APBPrescTable            0x800'98ec    0x8  Data  Gb  system_stm32f4xx.o [1]
AnalyseJ60MotorReceiveData_new
                         0x800'40b1   0x30  Code  Gb  DeepJ60_Motor.o [1]
BSP_SD_GetCardInfo       0x800'9689   0x14  Code  Wk  bsp_driver_sd.o [1]
BSP_SD_GetCardState      0x800'95e5   0x1c  Code  Wk  bsp_driver_sd.o [1]
BSP_SD_Init              0x800'9601   0x20  Code  Wk  bsp_driver_sd.o [1]
BSP_SD_ReadBlocks        0x800'9621   0x34  Code  Wk  bsp_driver_sd.o [1]
BSP_SD_WriteBlocks       0x800'9655   0x34  Code  Wk  bsp_driver_sd.o [1]
BusFault_Handler         0x800'96b3    0x2  Code  Gb  stm32f4xx_it.o [1]
CAN1_FilterConfig        0x800'74d1   0x38  Code  Gb  can.o [1]
CAN1_RX0_IRQHandler      0x800'96cf    0xa  Code  Gb  stm32f4xx_it.o [1]
CAN1_RX1_IRQHandler      0x800'96d9    0xa  Code  Gb  stm32f4xx_it.o [1]
CAN2_FilterConfig        0x800'7509   0x38  Code  Gb  can.o [1]
CAN2_RX0_IRQHandler      0x800'9701    0xa  Code  Gb  stm32f4xx_it.o [1]
CAN2_RX1_IRQHandler      0x800'970b    0xa  Code  Gb  stm32f4xx_it.o [1]
CSTACK$$Base            0x2000'0c00          --   Gb  - Linker created -
CSTACK$$Limit           0x2000'1000          --   Gb  - Linker created -
Can                     0x2000'0904   0x5c  Data  Gb  DeepJ60_can.o [1]
CanDataToRealData        0x800'5883   0x2a  Code  Gb  DeepJ60_can.o [1]
CanRxInformation        0x2000'0bb4   0x1c  Data  Gb  DeepJ60_can.o [1]
Can_Receive_new          0x800'595f   0x20  Code  Gb  DeepJ60_can.o [1]
Can_Send                 0x800'58ad   0xb2  Code  Gb  DeepJ60_can.o [1]
DebugMon_Handler         0x800'96b9    0x2  Code  Gb  stm32f4xx_it.o [1]
EXTI1_IRQHandler         0x800'96c5    0xa  Code  Gb  stm32f4xx_it.o [1]
EnableJ60Motor           0x800'3a89   0x3c  Code  Gb  DeepJ60_Motor.o [1]
Error_Handler            0x800'5ef5    0x4  Code  Gb  main.o [1]
FATFS_LinkDriver         0x800'7e25   0x12  Code  Gb  ff_gen_drv.o [1]
FATFS_LinkDriverEx       0x800'7ddd   0x48  Code  Gb  ff_gen_drv.o [1]
GetJ60MotorCanID         0x800'3a75    0xe  Code  Gb  DeepJ60_Motor.o [1]
HAL_CAN_ActivateNotification
                         0x800'6e83   0x34  Code  Gb  stm32f4xx_hal_can.o [1]
HAL_CAN_AddTxMessage     0x800'6bed  0x126  Code  Gb  stm32f4xx_hal_can.o [1]
HAL_CAN_ConfigFilter     0x800'6a65  0x128  Code  Gb  stm32f4xx_hal_can.o [1]
HAL_CAN_GetRxMessage     0x800'6d13  0x170  Code  Gb  stm32f4xx_hal_can.o [1]
HAL_CAN_IRQHandler       0x800'6eb7  0x224  Code  Gb  stm32f4xx_hal_can.o [1]
HAL_CAN_Init             0x800'68f9  0x16c  Code  Gb  stm32f4xx_hal_can.o [1]
HAL_CAN_MspInit          0x800'73a1  0x130  Code  Gb  can.o [1]
HAL_CAN_RxFifo0MsgPendingCallback
                         0x800'4f8d   0x44  Code  Gb  Callback.o [1]
HAL_CAN_Start            0x800'6b8d   0x5c  Code  Gb  stm32f4xx_hal_can.o [1]
HAL_DMA_Abort            0x800'4ec1   0x9c  Code  Gb  stm32f4xx_hal_dma.o [1]
HAL_DMA_Abort_IT         0x800'4f5d   0x28  Code  Gb  stm32f4xx_hal_dma.o [1]
HAL_Delay                0x800'40f5   0x28  Code  Wk  stm32f4xx_hal.o [1]
HAL_GPIO_EXTI_IRQHandler
                         0x800'6153   0x20  Code  Gb  stm32f4xx_hal_gpio.o [1]
HAL_GPIO_Init            0x800'5ef9  0x240  Code  Gb  stm32f4xx_hal_gpio.o [1]
HAL_GPIO_WritePin        0x800'6139   0x1a  Code  Gb  stm32f4xx_hal_gpio.o [1]
HAL_GetTick              0x800'4eb5    0xc  Code  Wk  stm32f4xx_hal.o [1]
HAL_IncTick              0x800'9755   0x18  Code  Wk  stm32f4xx_hal.o [1]
HAL_Init                 0x800'71a5   0x30  Code  Gb  stm32f4xx_hal.o [1]
HAL_InitTick             0x800'68a9   0x4c  Code  Wk  stm32f4xx_hal.o [1]
HAL_MspInit              0x800'7d9d   0x40  Code  Gb  stm32f4xx_hal_msp.o [1]
HAL_NVIC_EnableIRQ       0x800'62df    0xe  Code  Gb  stm32f4xx_hal_cortex.o [1]
HAL_NVIC_SetPriority     0x800'62b5   0x2a  Code  Gb  stm32f4xx_hal_cortex.o [1]
HAL_NVIC_SetPriorityGrouping
                         0x800'62a9    0xc  Code  Gb  stm32f4xx_hal_cortex.o [1]
HAL_PWREx_EnableOverDrive
                         0x800'7b2d   0x6a  Code  Gb  stm32f4xx_hal_pwr_ex.o [1]
HAL_RCC_CAN1_CLK_ENABLED
                        0x2000'0be0    0x4  Data  Lc  can.o [1]
HAL_RCC_ClockConfig      0x800'53fd  0x140  Code  Gb  stm32f4xx_hal_rcc.o [1]
HAL_RCC_GetHCLKFreq      0x800'553d    0x6  Code  Gb  stm32f4xx_hal_rcc.o [1]
HAL_RCC_GetPCLK1Freq     0x800'5543   0x16  Code  Gb  stm32f4xx_hal_rcc.o [1]
HAL_RCC_GetPCLK2Freq     0x800'5559   0x16  Code  Gb  stm32f4xx_hal_rcc.o [1]
HAL_RCC_OscConfig        0x800'7741  0x3ec  Code  Wk  stm32f4xx_hal_rcc.o [1]
HAL_SD_AbortCallback     0x800'949f    0xa  Code  Gb  bsp_driver_sd.o [1]
HAL_SD_GetCardCSD        0x800'879d  0x1f4  Code  Gb  stm32f4xx_hal_sd.o [1]
HAL_SD_GetCardInfo       0x800'8991   0x26  Code  Gb  stm32f4xx_hal_sd.o [1]
HAL_SD_GetCardState      0x800'89b7   0x24  Code  Gb  stm32f4xx_hal_sd.o [1]
HAL_SD_IRQHandler        0x800'85c9  0x1d4  Code  Gb  stm32f4xx_hal_sd.o [1]
HAL_SD_Init              0x800'7f09   0x44  Code  Gb  stm32f4xx_hal_sd.o [1]
HAL_SD_InitCard          0x800'7f4d   0xbe  Code  Gb  stm32f4xx_hal_sd.o [1]
HAL_SD_MspInit           0x800'7589   0xaa  Code  Gb  sdio.o [1]
HAL_SD_ReadBlocks        0x800'800b  0x310  Code  Gb  stm32f4xx_hal_sd.o [1]
HAL_SD_RxCpltCallback    0x800'94b3    0xa  Code  Gb  bsp_driver_sd.o [1]
HAL_SD_TxCpltCallback    0x800'94a9    0xa  Code  Gb  bsp_driver_sd.o [1]
HAL_SD_WriteBlocks       0x800'831b  0x2a4  Code  Gb  stm32f4xx_hal_sd.o [1]
HAL_SYSTICK_Config       0x800'62ed    0xc  Code  Gb  stm32f4xx_hal_cortex.o [1]
HAL_TIMEx_BreakCallback
                         0x800'7baf    0x2  Code  Wk  stm32f4xx_hal_tim_ex.o [1]
HAL_TIMEx_CommutCallback
                         0x800'7bb3    0x2  Code  Wk  stm32f4xx_hal_tim_ex.o [1]
HAL_TIMEx_MasterConfigSynchronization
                         0x800'7e3d   0x8e  Code  Gb  stm32f4xx_hal_tim_ex.o [1]
HAL_TIM_Base_Start_IT    0x800'6319   0x9a  Code  Gb  stm32f4xx_hal_tim.o [1]
HAL_TIM_Base_Stop_IT     0x800'63b3   0x3c  Code  Gb  stm32f4xx_hal_tim.o [1]
HAL_TIM_IRQHandler       0x800'6479  0x13e  Code  Gb  stm32f4xx_hal_tim.o [1]
HAL_TIM_OC_ConfigChannel
                         0x800'65b7   0x68  Code  Gb  stm32f4xx_hal_tim.o [1]
HAL_TIM_OC_Init          0x800'63ef   0x6e  Code  Gb  stm32f4xx_hal_tim.o [1]
HAL_TIM_OC_MspInit       0x800'76ff   0x36  Code  Gb  tim.o [1]
HAL_TIM_PeriodElapsedCallback
                         0x800'5151  0x240  Code  Gb  Callback.o [1]
HAL_UART_IRQHandler      0x800'2f39  0x2d4  Code  Gb  stm32f4xx_hal_uart.o [1]
HAL_UART_Init            0x800'2dbd   0x7a  Code  Gb  stm32f4xx_hal_uart.o [1]
HAL_UART_MspInit         0x800'4cc9  0x1ac  Code  Gb  usart.o [1]
HAL_UART_Receive_IT      0x800'2f03   0x36  Code  Gb  stm32f4xx_hal_uart.o [1]
HAL_UART_RxCpltCallback
                         0x800'4fd1  0x17e  Code  Gb  Callback.o [1]
HAL_UART_Transmit        0x800'2e37   0xcc  Code  Gb  stm32f4xx_hal_uart.o [1]
HardFault_Handler        0x800'96af    0x2  Code  Gb  stm32f4xx_it.o [1]
IK_leg                   0x800'411d  0x294  Code  Gb  KinematicSolution.o [1]
J60MotorConfigToSendCanData
                         0x800'3991   0x28  Code  Gb  DeepJ60_Motor.o [1]
J60MotorDataToSendCanData
                         0x800'3a41   0x34  Code  Gb  DeepJ60_Motor.o [1]
J60MotorMotionDataToSendCanData
                         0x800'38d1   0xae  Code  Gb  DeepJ60_Motor.o [1]
J60Motor_CAN1           0x2000'0400  0x240  Data  Gb  DeepJ60_Motor.o [1]
J60Motor_CAN2           0x2000'0640  0x240  Data  Gb  DeepJ60_Motor.o [1]
J60Motor_StandUpData_CAN1
                        0x2000'03c0   0x10  Data  Gb  GaitController.o [1]
J60Motor_StandUpData_CAN2
                        0x2000'03d0   0x10  Data  Gb  GaitController.o [1]
JumpForward_FSM          0x800'1bf1  0x518  Code  Gb  GaitController.o [1]
JumpUp_FSM               0x800'15a5  0x518  Code  Gb  GaitController.o [1]
MX_CAN1_Init             0x800'72ed   0x5a  Code  Gb  can.o [1]
MX_CAN2_Init             0x800'7347   0x5a  Code  Gb  can.o [1]
MX_FATFS_Init            0x800'764d   0x1c  Code  Gb  fatfs.o [1]
MX_GPIO_Init             0x800'71d9  0x114  Code  Gb  gpio.o [1]
MX_SDIO_SD_Init          0x800'7569   0x20  Code  Gb  sdio.o [1]
MX_TIM2_Init             0x800'7681   0x7e  Code  Gb  tim.o [1]
MX_UART7_Init            0x800'4bed   0x34  Code  Gb  usart.o [1]
MX_UART8_Init            0x800'4c21   0x40  Code  Gb  usart.o [1]
MX_USART3_UART_Init      0x800'4c61   0x34  Code  Gb  usart.o [1]
MX_USART6_UART_Init      0x800'4c95   0x34  Code  Gb  usart.o [1]
MemManage_Handler        0x800'96b1    0x2  Code  Gb  stm32f4xx_it.o [1]
NMI_Handler              0x800'96ad    0x2  Code  Gb  stm32f4xx_it.o [1]
NVIC_EncodePriority      0x800'6239   0x40  Code  Lc  stm32f4xx_hal_cortex.o [1]
PendSV_Handler           0x800'96bb    0x2  Code  Gb  stm32f4xx_it.o [1]
RealDataToCanData        0x800'5859   0x2a  Code  Gb  DeepJ60_can.o [1]
ReceiveCanDataToJ60MotorConfig
                         0x800'39b9   0x28  Code  Gb  DeepJ60_Motor.o [1]
ReceiveCanDataToJ60MotorData_new
                         0x800'4059   0x58  Code  Gb  DeepJ60_Motor.o [1]
ReceiveCanDataToJ60MotorMotionData_new
                         0x800'3f55   0xfe  Code  Gb  DeepJ60_Motor.o [1]
ReceiveCommandStatusToJ60MotorCommandStatus
                         0x800'39e1    0x6  Code  Gb  DeepJ60_Motor.o [1]
ReceiveStatusWordToJ60MotorStatusWord
                         0x800'39e7   0x5a  Code  Gb  DeepJ60_Motor.o [1]
Region$$Table$$Base      0x800'9834          --   Gb  - Linker created -
Region$$Table$$Limit     0x800'9854          --   Gb  - Linker created -
Rotate_FSM               0x800'0ffd  0x4c0  Code  Gb  GaitController.o [1]
RunJ60Motor              0x800'3e19  0x13a  Code  Gb  DeepJ60_Motor.o [1]
RunJ60MotorKdMode        0x800'3c09   0x62  Code  Gb  DeepJ60_Motor.o [1]
RunJ60MotorPositionMode
                         0x800'3ad1   0x6a  Code  Gb  DeepJ60_Motor.o [1]
RunJ60MotorPositionTorqueMode
                         0x800'3cc5   0x6e  Code  Gb  DeepJ60_Motor.o [1]
RunJ60MotorPositonVelocityTorqueMode
                         0x800'3da5   0x72  Code  Gb  DeepJ60_Motor.o [1]
RunJ60MotorTorqueMode    0x800'3ba5   0x62  Code  Gb  DeepJ60_Motor.o [1]
RunJ60MotorVelocityMode
                         0x800'3b3d   0x66  Code  Gb  DeepJ60_Motor.o [1]
RunJ60MotorVelocityTorqueMode
                         0x800'3d35   0x6a  Code  Gb  DeepJ60_Motor.o [1]
RunJ60MotorZeroTorqueMode
                         0x800'3c6d   0x56  Code  Gb  DeepJ60_Motor.o [1]
SDIO_ConfigData          0x800'8e55   0x2e  Code  Gb  stm32f4xx_ll_sdmmc.o [1]
SDIO_GetCommandResponse
                         0x800'8e43    0x6  Code  Gb  stm32f4xx_ll_sdmmc.o [1]
SDIO_GetPowerState       0x800'8e11    0x8  Code  Gb  stm32f4xx_ll_sdmmc.o [1]
SDIO_GetResponse         0x800'8e49    0xc  Code  Gb  stm32f4xx_ll_sdmmc.o [1]
SDIO_IRQHandler          0x800'96f7    0xa  Code  Gb  stm32f4xx_it.o [1]
SDIO_Init                0x800'8dc5   0x30  Code  Gb  stm32f4xx_ll_sdmmc.o [1]
SDIO_PowerState_ON       0x800'8e07    0xa  Code  Gb  stm32f4xx_ll_sdmmc.o [1]
SDIO_ReadFIFO            0x800'8df5    0x6  Code  Gb  stm32f4xx_ll_sdmmc.o [1]
SDIO_SendCommand         0x800'8e19   0x2a  Code  Gb  stm32f4xx_ll_sdmmc.o [1]
SDIO_WriteFIFO           0x800'8dfb    0xc  Code  Gb  stm32f4xx_ll_sdmmc.o [1]
SDMMC_CmdAppCommand      0x800'904f   0x34  Code  Gb  stm32f4xx_ll_sdmmc.o [1]
SDMMC_CmdAppOperCommand
                         0x800'9083   0x34  Code  Gb  stm32f4xx_ll_sdmmc.o [1]
SDMMC_CmdBlockLength     0x800'8e83   0x34  Code  Gb  stm32f4xx_ll_sdmmc.o [1]
SDMMC_CmdGoIdleState     0x800'8ff1   0x2e  Code  Gb  stm32f4xx_ll_sdmmc.o [1]
SDMMC_CmdOperCond        0x800'901f   0x30  Code  Gb  stm32f4xx_ll_sdmmc.o [1]
SDMMC_CmdReadMultiBlock
                         0x800'8eeb   0x34  Code  Gb  stm32f4xx_ll_sdmmc.o [1]
SDMMC_CmdReadSingleBlock
                         0x800'8eb7   0x34  Code  Gb  stm32f4xx_ll_sdmmc.o [1]
SDMMC_CmdSelDesel        0x800'8fbb   0x36  Code  Gb  stm32f4xx_ll_sdmmc.o [1]
SDMMC_CmdSendCID         0x800'90b7   0x2e  Code  Gb  stm32f4xx_ll_sdmmc.o [1]
SDMMC_CmdSendCSD         0x800'90e5   0x2e  Code  Gb  stm32f4xx_ll_sdmmc.o [1]
SDMMC_CmdSendStatus      0x800'9147   0x34  Code  Gb  stm32f4xx_ll_sdmmc.o [1]
SDMMC_CmdSetRelAdd       0x800'9113   0x34  Code  Gb  stm32f4xx_ll_sdmmc.o [1]
SDMMC_CmdStopTransfer    0x800'8f87   0x34  Code  Gb  stm32f4xx_ll_sdmmc.o [1]
SDMMC_CmdWriteMultiBlock
                         0x800'8f53   0x34  Code  Gb  stm32f4xx_ll_sdmmc.o [1]
SDMMC_CmdWriteSingleBlock
                         0x800'8f1f   0x34  Code  Gb  stm32f4xx_ll_sdmmc.o [1]
SDMMC_GetCmdError        0x800'9455   0x32  Code  Lc  stm32f4xx_ll_sdmmc.o [1]
SDMMC_GetCmdResp1        0x800'917b  0x13a  Code  Gb  stm32f4xx_ll_sdmmc.o [1]
SDMMC_GetCmdResp2        0x800'92b5   0x56  Code  Gb  stm32f4xx_ll_sdmmc.o [1]
SDMMC_GetCmdResp3        0x800'930b   0x48  Code  Gb  stm32f4xx_ll_sdmmc.o [1]
SDMMC_GetCmdResp6        0x800'9353   0xa6  Code  Gb  stm32f4xx_ll_sdmmc.o [1]
SDMMC_GetCmdResp7        0x800'93f9   0x5c  Code  Gb  stm32f4xx_ll_sdmmc.o [1]
SDPath                  0x2000'0be8    0x4  Data  Gb  fatfs.o [1]
SD_CheckStatus           0x800'94c5   0x1e  Code  Lc  sd_diskio.o [1]
SD_DMARxAbort            0x800'8a29   0x4a  Code  Lc  stm32f4xx_hal_sd.o [1]
SD_DMATxAbort            0x800'89dd   0x4a  Code  Lc  stm32f4xx_hal_sd.o [1]
SD_Driver                0x800'989c   0x14  Data  Gb  sd_diskio.o [1]
SD_InitCard              0x800'8a73  0x10a  Code  Lc  stm32f4xx_hal_sd.o [1]
SD_PowerON               0x800'8b7d   0xcc  Code  Lc  stm32f4xx_hal_sd.o [1]
SD_Read_IT               0x800'8c8b   0x58  Code  Lc  stm32f4xx_hal_sd.o [1]
SD_SendStatus            0x800'8c59   0x32  Code  Lc  stm32f4xx_hal_sd.o [1]
SD_Write_IT              0x800'8ce3   0x58  Code  Lc  stm32f4xx_hal_sd.o [1]
SD_initialize            0x800'94e3   0x20  Code  Gb  sd_diskio.o [1]
SD_ioctl                 0x800'957d   0x64  Code  Gb  sd_diskio.o [1]
SD_read                  0x800'9511   0x36  Code  Gb  sd_diskio.o [1]
SD_status                0x800'9503    0xe  Code  Gb  sd_diskio.o [1]
SD_write                 0x800'9547   0x36  Code  Gb  sd_diskio.o [1]
SVC_Handler              0x800'96b7    0x2  Code  Gb  stm32f4xx_it.o [1]
SetJumpForwardBezierControlPoints
                         0x800'1ac1  0x11a  Code  Gb  GaitController.o [1]
SetJumpUpBezierControlPoints
                         0x800'14dd   0xc6  Code  Gb  GaitController.o [1]
SetMotionCommand         0x800'387b   0x4e  Code  Gb  DeepJ60_Motor.o [1]
SetMotionParameters      0x800'37d9   0xa2  Code  Gb  DeepJ60_Motor.o [1]
SetMotor                 0x800'01ad  0x20a  Code  Gb  GaitController.o [1]
SetNormalCommand         0x800'38c9    0x8  Code  Gb  DeepJ60_Motor.o [1]
SetRotateBezierControlPoints
                         0x800'0d21  0x2c2  Code  Gb  GaitController.o [1]
SetThreeOrderBezierControlPoints
                         0x800'4665   0x22  Code  Gb  CurvePlan.o [1]
SetThreeOrderBezierPeriod
                         0x800'4687    0x6  Code  Gb  CurvePlan.o [1]
SetTrotBezierControlPoints
                         0x800'050d  0x306  Code  Gb  GaitController.o [1]
SetTurnBezierControlPoints
                         0x800'2139  0x382  Code  Gb  GaitController.o [1]
Stand                    0x800'03b9  0x14a  Code  Gb  GaitController.o [1]
Stat                    0x2000'03fc    0x1  Data  Lc  sd_diskio.o [1]
Stat                    0x2000'03fe    0x1  Data  Lc  user_diskio.o [1]
SysTick_Config           0x800'6279   0x30  Code  Lc  stm32f4xx_hal_cortex.o [1]
SysTick_Handler          0x800'96bd    0x8  Code  Gb  stm32f4xx_it.o [1]
SystemClock_Config       0x800'5df9   0xae  Code  Gb  main.o [1]
SystemCoreClock         0x2000'03e4    0x4  Data  Gb  system_stm32f4xx.o [1]
SystemInit               0x800'98d1    0xc  Code  Gb  system_stm32f4xx.o [1]
TIM2_IRQHandler          0x800'96e3    0xa  Code  Gb  stm32f4xx_it.o [1]
TIM_Base_SetConfig       0x800'661f   0xd2  Code  Gb  stm32f4xx_hal_tim.o [1]
TIM_OC1_SetConfig        0x800'66f1   0x64  Code  Lc  stm32f4xx_hal_tim.o [1]
TIM_OC2_SetConfig        0x800'6755   0x6e  Code  Gb  stm32f4xx_hal_tim.o [1]
TIM_OC3_SetConfig        0x800'67c5   0x6c  Code  Lc  stm32f4xx_hal_tim.o [1]
TIM_OC4_SetConfig        0x800'6831   0x4c  Code  Lc  stm32f4xx_hal_tim.o [1]
ThreeOrderBezierPlan     0x800'468d  0x298  Code  Gb  CurvePlan.o [1]
Torque                  0x2000'0b94   0x20  Data  Gb  GaitController.o [1]
Trot_FSM                 0x800'081d  0x4dc  Code  Gb  GaitController.o [1]
Turn_FSM                 0x800'24c9  0x5ec  Code  Gb  GaitController.o [1]
TxMailBox               0x2000'0be4    0x4  Data  Gb  DeepJ60_can.o [1]
UART7_IRQHandler         0x800'971f    0xa  Code  Gb  stm32f4xx_it.o [1]
UART8_IRQHandler         0x800'9729    0xa  Code  Gb  stm32f4xx_it.o [1]
UART_DMAAbortOnError     0x800'333d   0x16  Code  Lc  stm32f4xx_hal_uart.o [1]
UART_EndRxTransfer       0x800'32d5   0x66  Code  Lc  stm32f4xx_hal_uart.o [1]
UART_EndTransmit_IT      0x800'33bb   0x20  Code  Lc  stm32f4xx_hal_uart.o [1]
UART_Receive_IT          0x800'33db   0xf6  Code  Lc  stm32f4xx_hal_uart.o [1]
UART_SetConfig           0x800'34d1  0x2fc  Code  Lc  stm32f4xx_hal_uart.o [1]
UART_Start_Receive_IT    0x800'3291   0x44  Code  Gb  stm32f4xx_hal_uart.o [1]
UART_Transmit_IT         0x800'3355   0x66  Code  Lc  stm32f4xx_hal_uart.o [1]
UART_WaitOnFlagUntilTimeout
                         0x800'320d   0x84  Code  Lc  stm32f4xx_hal_uart.o [1]
USART3_IRQHandler        0x800'96ed    0xa  Code  Gb  stm32f4xx_it.o [1]
USART6_IRQHandler        0x800'9715    0xa  Code  Gb  stm32f4xx_it.o [1]
USERPath                0x2000'0bec    0x4  Data  Gb  fatfs.o [1]
USER_Driver             0x2000'03e8   0x14  Data  Gb  user_diskio.o [1]
USER_initialize          0x800'97b1    0xc  Code  Gb  user_diskio.o [1]
USER_ioctl               0x800'97e1    0x8  Code  Gb  user_diskio.o [1]
USER_read                0x800'97cd    0xa  Code  Gb  user_diskio.o [1]
USER_status              0x800'97bd    0xc  Code  Gb  user_diskio.o [1]
USER_write               0x800'97d7    0xa  Code  Gb  user_diskio.o [1]
UsageFault_Handler       0x800'96b5    0x2  Code  Gb  stm32f4xx_it.o [1]
Velocity                0x2000'0b74   0x20  Data  Gb  GaitController.o [1]
__NVIC_EnableIRQ         0x800'61ed   0x20  Code  Lc  stm32f4xx_hal_cortex.o [1]
__NVIC_GetPriorityGrouping
                         0x800'61df    0xc  Code  Lc  stm32f4xx_hal_cortex.o [1]
__NVIC_SetPriority       0x800'620d   0x2c  Code  Lc  stm32f4xx_hal_cortex.o [1]
__NVIC_SetPriorityGrouping
                         0x800'61bd   0x22  Code  Lc  stm32f4xx_hal_cortex.o [1]
__aeabi_cdcmpeq          0x800'7ee9         Code  Gb  DblCmpEq.o [3]
__aeabi_cdcmple          0x800'4b8d         Code  Gb  DblCmpLe.o [3]
__aeabi_cdrcmple         0x800'4bbd         Code  Gb  DblCmpGe.o [3]
__aeabi_d2f              0x800'2d55         Code  Gb  DblToFlt.o [3]
__aeabi_dadd             0x800'492d         Code  Gb  DblAdd.o [3]
__aeabi_ddiv             0x800'441d         Code  Gb  DblDiv.o [3]
__aeabi_dmul             0x800'2b79         Code  Gb  DblMul.o [3]
__aeabi_dsub             0x800'4aa9         Code  Gb  DblSub.o [3]
__aeabi_f2d              0x800'43d5         Code  Gb  FltToDbl.o [3]
__aeabi_ldiv0            0x800'68f5         Code  Gb  I64DivZer.o [4]
__aeabi_memclr4          0x800'43cd         Code  Gb  ABImemclr4.o [4]
__aeabi_memcpy4          0x800'8d3d         Code  Gb  ABImemcpy.o [4]
__aeabi_memcpy8          0x800'8d3d         Code  Gb  ABImemcpy.o [4]
__aeabi_ui2d             0x800'2ae5         Code  Gb  U32ToDbl.o [3]
__aeabi_uldivmod         0x800'5629         Code  Gb  I64DivMod.o [4]
__cmain                  0x800'9855         Code  Gb  cmain.o [4]
__exit                   0x800'9889   0x14  Code  Gb  exit.o [5]
__iar_Atan64             0x800'7bcd  0x1d0  Code  Gb  iar_Atan64.o [3]
__iar_Memset4_word       0x800'5b0d         Code  Gb  ABImemset48.o [4]
__iar_Memset8_word       0x800'5b0d         Code  Gb  ABImemset48.o [4]
__iar_acos64             0x800'70dd   0xc8  Code  Gb  acos64.o [3]
__iar_dadd               0x800'4ab9         Code  Gb  DblSub.o [3]
__iar_data_init3         0x800'97e9   0x28  Code  Gb  data_init.o [4]
__iar_dsub               0x800'493d         Code  Gb  DblAdd.o [3]
__iar_dsubStart          0x800'494f         Code  Gb  DblAdd.o [3]
__iar_init_vfp           0x800'9811         Code  Gb  fpinit_M.o [3]
__iar_lz77_init_single3
                         0x800'2aff   0x7a  Code  Gb  lz77_init_single.o [4]
__iar_program_start      0x800'98e1         Code  Gb  cstartup_M.o [4]
__iar_round64            0x800'5ab9         Code  Gb  round.o [3]
__iar_sqrt64             0x800'59a1         Code  Gb  sqrt.o [3]
__iar_vfp___iar_round64
                         0x800'5aa9         Code  Gb  round.o [3]
__iar_vfp___iar_sqrt64   0x800'5991         Code  Gb  sqrt.o [3]
__iar_vfp_acos           0x800'5a9b    0xc  Code  Gb  math_wrappers64.o [3]
__iar_vfp_round          0x800'5aa9         Code  Gb  round.o [3]
__iar_vfp_roundl         0x800'5aa9         Code  Gb  round.o [3]
__iar_vfp_sqrt           0x800'5991         Code  Gb  sqrt.o [3]
__iar_vfp_sqrtl          0x800'5991         Code  Gb  sqrt.o [3]
__iar_zero_init3         0x800'2d1b   0x3a  Code  Gb  zero_init3.o [4]
__low_level_init         0x800'9873    0x4  Code  Gb  low_level_init.o [2]
__vector_table           0x800'0000         Data  Gb  startup_stm32f427xx.o [1]
_call_main               0x800'9861         Code  Gb  cmain.o [4]
_exit                    0x800'987d         Code  Gb  cexit.o [4]
_main                    0x800'986f         Code  Gb  cmain.o [4]
a                        0x800'9770   0x40  Data  Lc  iar_Atan64.o [3]
acos                     0x800'70dd   0xc8  Code  Gb  acos64.o [3]
acosl                    0x800'70dd   0xc8  Code  Gb  acos64.o [3]
angle                   0x2000'0b54   0x20  Data  Gb  GaitController.o [1]
controller_signal       0x2000'0bf8    0x4  Data  Gb  usart.o [1]
disk                    0x2000'0bd0   0x10  Data  Gb  ff_gen_drv.o [1]
exit                     0x800'9877    0x4  Code  Gb  exit.o [2]
hcan1                   0x2000'0b04   0x28  Data  Gb  can.o [1]
hcan2                   0x2000'0b2c   0x28  Data  Gb  can.o [1]
hsd                     0x2000'0880   0x84  Data  Gb  sdio.o [1]
htim2                   0x2000'0960   0x48  Data  Gb  tim.o [1]
huart3                  0x2000'0a38   0x48  Data  Gb  usart.o [1]
huart6                  0x2000'0a80   0x48  Data  Gb  usart.o [1]
huart7                  0x2000'09a8   0x48  Data  Gb  usart.o [1]
huart8                  0x2000'09f0   0x48  Data  Gb  usart.o [1]
jump_forward_controller
                        0x2000'01dc   0x9c  Data  Gb  GaitController.o [1]
jump_up_controller      0x2000'0140   0x9c  Data  Gb  GaitController.o [1]
last_t                  0x2000'03b8    0x4  Data  Gb  GaitController.o [1]
main                     0x800'5b41  0x2b2  Code  Gb  main.o [1]
retSD                   0x2000'0bfc    0x1  Data  Gb  fatfs.o [1]
retUSER                 0x2000'0bfd    0x1  Data  Gb  fatfs.o [1]
robot_height            0x2000'03bc    0x4  Data  Gb  GaitController.o [1]
rotate_controller       0x2000'00a0   0xa0  Data  Gb  GaitController.o [1]
round                    0x800'5ab9         Code  Gb  round.o [3]
roundl                   0x800'5ab9         Code  Gb  round.o [3]
sqrt                     0x800'59a1         Code  Gb  sqrt.o [3]
sqrtl                    0x800'59a1         Code  Gb  sqrt.o [3]
t                       0x2000'0bf0    0x4  Data  Gb  GaitController.o [1]
trot_controller         0x2000'0000   0xa0  Data  Gb  GaitController.o [1]
turn_controller         0x2000'0278   0xa0  Data  Gb  GaitController.o [1]
usart_motor_data        0x2000'0ac8   0x3c  Data  Gb  GaitController.o [1]
uwTick                  0x2000'0bf4    0x4  Data  Gb  stm32f4xx_hal.o [1]
uwTickFreq              0x2000'03fd    0x1  Data  Gb  stm32f4xx_hal.o [1]
uwTickPrio              0x2000'03e0    0x4  Data  Gb  stm32f4xx_hal.o [1]
walk_slope_controller   0x2000'0318   0xa0  Data  Gb  GaitController.o [1]


[1] = F:\none\Study\Other\Robot\RTS team\Robocon-FourFoot-2025\Code\Quadruped_Robot_20241025_backup\EWARM\Quadruped_Robot_20241025\Obj
[2] = dl7M_tlf.a
[3] = m7M_tls.a
[4] = rt7M_tl.a
[5] = shb_l.a

  39 318 bytes of readonly  code memory
     269 bytes of readonly  data memory
   4 093 bytes of readwrite data memory

Errors: none
Warnings: none
