###############################################################################
#
# IAR ELF Linker V8.32.1.169/W32 for ARM                  19/Jan/2025  23:13:58
# Copyright 2007-2018 IAR Systems AB.
#
#    Output file  =  
#        F:\none\Study\Other\Robot\RTS
#        team\Robocon-FourFoot-2025\Code\Quadruped_Robot_20241025_backup\EWARM\Quadruped_Robot_20241025\Exe\Quadruped_Robot_20241025.out
#    Map file     =  
#        F:\none\Study\Other\Robot\RTS
#        team\Robocon-FourFoot-2025\Code\Quadruped_Robot_20241025_backup\EWARM\Quadruped_Robot_20241025\List\Quadruped_Robot_20241025.map
#    Command line =  
#        -f C:\Users\86136\AppData\Local\Temp\EWE91E.tmp
#        ("F:\none\Study\Other\Robot\RTS
#        team\Robocon-FourFoot-2025\Code\Quadruped_Robot_20241025_backup\EWARM\Quadruped_Robot_20241025\Obj\bsp_driver_sd.o"
#        "F:\none\Study\Other\Robot\RTS
#        team\Robocon-FourFoot-2025\Code\Quadruped_Robot_20241025_backup\EWARM\Quadruped_Robot_20241025\Obj\Callback.o"
#        "F:\none\Study\Other\Robot\RTS
#        team\Robocon-FourFoot-2025\Code\Quadruped_Robot_20241025_backup\EWARM\Quadruped_Robot_20241025\Obj\can.o"
#        "F:\none\Study\Other\Robot\RTS
#        team\Robocon-FourFoot-2025\Code\Quadruped_Robot_20241025_backup\EWARM\Quadruped_Robot_20241025\Obj\cc936.o"
#        "F:\none\Study\Other\Robot\RTS
#        team\Robocon-FourFoot-2025\Code\Quadruped_Robot_20241025_backup\EWARM\Quadruped_Robot_20241025\Obj\CurvePlan.o"
#        "F:\none\Study\Other\Robot\RTS
#        team\Robocon-FourFoot-2025\Code\Quadruped_Robot_20241025_backup\EWARM\Quadruped_Robot_20241025\Obj\DeepJ60_can.o"
#        "F:\none\Study\Other\Robot\RTS
#        team\Robocon-FourFoot-2025\Code\Quadruped_Robot_20241025_backup\EWARM\Quadruped_Robot_20241025\Obj\DeepJ60_Motor.o"
#        "F:\none\Study\Other\Robot\RTS
#        team\Robocon-FourFoot-2025\Code\Quadruped_Robot_20241025_backup\EWARM\Quadruped_Robot_20241025\Obj\diskio.o"
#        "F:\none\Study\Other\Robot\RTS
#        team\Robocon-FourFoot-2025\Code\Quadruped_Robot_20241025_backup\EWARM\Quadruped_Robot_20241025\Obj\fatfs.o"
#        "F:\none\Study\Other\Robot\RTS
#        team\Robocon-FourFoot-2025\Code\Quadruped_Robot_20241025_backup\EWARM\Quadruped_Robot_20241025\Obj\ff.o"
#        "F:\none\Study\Other\Robot\RTS
#        team\Robocon-FourFoot-2025\Code\Quadruped_Robot_20241025_backup\EWARM\Quadruped_Robot_20241025\Obj\ff_gen_drv.o"
#        "F:\none\Study\Other\Robot\RTS
#        team\Robocon-FourFoot-2025\Code\Quadruped_Robot_20241025_backup\EWARM\Quadruped_Robot_20241025\Obj\GaitController.o"
#        "F:\none\Study\Other\Robot\RTS
#        team\Robocon-FourFoot-2025\Code\Quadruped_Robot_20241025_backup\EWARM\Quadruped_Robot_20241025\Obj\gpio.o"
#        "F:\none\Study\Other\Robot\RTS
#        team\Robocon-FourFoot-2025\Code\Quadruped_Robot_20241025_backup\EWARM\Quadruped_Robot_20241025\Obj\leg_control.o"
#        "F:\none\Study\Other\Robot\RTS
#        team\Robocon-FourFoot-2025\Code\Quadruped_Robot_20241025_backup\EWARM\Quadruped_Robot_20241025\Obj\LogSystem.o"
#        "F:\none\Study\Other\Robot\RTS
#        team\Robocon-FourFoot-2025\Code\Quadruped_Robot_20241025_backup\EWARM\Quadruped_Robot_20241025\Obj\main.o"
#        "F:\none\Study\Other\Robot\RTS
#        team\Robocon-FourFoot-2025\Code\Quadruped_Robot_20241025_backup\EWARM\Quadruped_Robot_20241025\Obj\sd_diskio.o"
#        "F:\none\Study\Other\Robot\RTS
#        team\Robocon-FourFoot-2025\Code\Quadruped_Robot_20241025_backup\EWARM\Quadruped_Robot_20241025\Obj\sdio.o"
#        "F:\none\Study\Other\Robot\RTS
#        team\Robocon-FourFoot-2025\Code\Quadruped_Robot_20241025_backup\EWARM\Quadruped_Robot_20241025\Obj\startup_stm32f427xx.o"
#        "F:\none\Study\Other\Robot\RTS
#        team\Robocon-FourFoot-2025\Code\Quadruped_Robot_20241025_backup\EWARM\Quadruped_Robot_20241025\Obj\stm32f4xx_hal.o"
#        "F:\none\Study\Other\Robot\RTS
#        team\Robocon-FourFoot-2025\Code\Quadruped_Robot_20241025_backup\EWARM\Quadruped_Robot_20241025\Obj\stm32f4xx_hal_can.o"
#        "F:\none\Study\Other\Robot\RTS
#        team\Robocon-FourFoot-2025\Code\Quadruped_Robot_20241025_backup\EWARM\Quadruped_Robot_20241025\Obj\stm32f4xx_hal_cortex.o"
#        "F:\none\Study\Other\Robot\RTS
#        team\Robocon-FourFoot-2025\Code\Quadruped_Robot_20241025_backup\EWARM\Quadruped_Robot_20241025\Obj\stm32f4xx_hal_dma.o"
#        "F:\none\Study\Other\Robot\RTS
#        team\Robocon-FourFoot-2025\Code\Quadruped_Robot_20241025_backup\EWARM\Quadruped_Robot_20241025\Obj\stm32f4xx_hal_dma_ex.o"
#        "F:\none\Study\Other\Robot\RTS
#        team\Robocon-FourFoot-2025\Code\Quadruped_Robot_20241025_backup\EWARM\Quadruped_Robot_20241025\Obj\stm32f4xx_hal_exti.o"
#        "F:\none\Study\Other\Robot\RTS
#        team\Robocon-FourFoot-2025\Code\Quadruped_Robot_20241025_backup\EWARM\Quadruped_Robot_20241025\Obj\stm32f4xx_hal_flash.o"
#        "F:\none\Study\Other\Robot\RTS
#        team\Robocon-FourFoot-2025\Code\Quadruped_Robot_20241025_backup\EWARM\Quadruped_Robot_20241025\Obj\stm32f4xx_hal_flash_ex.o"
#        "F:\none\Study\Other\Robot\RTS
#        team\Robocon-FourFoot-2025\Code\Quadruped_Robot_20241025_backup\EWARM\Quadruped_Robot_20241025\Obj\stm32f4xx_hal_flash_ramfunc.o"
#        "F:\none\Study\Other\Robot\RTS
#        team\Robocon-FourFoot-2025\Code\Quadruped_Robot_20241025_backup\EWARM\Quadruped_Robot_20241025\Obj\stm32f4xx_hal_gpio.o"
#        "F:\none\Study\Other\Robot\RTS
#        team\Robocon-FourFoot-2025\Code\Quadruped_Robot_20241025_backup\EWARM\Quadruped_Robot_20241025\Obj\stm32f4xx_hal_msp.o"
#        "F:\none\Study\Other\Robot\RTS
#        team\Robocon-FourFoot-2025\Code\Quadruped_Robot_20241025_backup\EWARM\Quadruped_Robot_20241025\Obj\stm32f4xx_hal_pwr.o"
#        "F:\none\Study\Other\Robot\RTS
#        team\Robocon-FourFoot-2025\Code\Quadruped_Robot_20241025_backup\EWARM\Quadruped_Robot_20241025\Obj\stm32f4xx_hal_pwr_ex.o"
#        "F:\none\Study\Other\Robot\RTS
#        team\Robocon-FourFoot-2025\Code\Quadruped_Robot_20241025_backup\EWARM\Quadruped_Robot_20241025\Obj\stm32f4xx_hal_rcc.o"
#        "F:\none\Study\Other\Robot\RTS
#        team\Robocon-FourFoot-2025\Code\Quadruped_Robot_20241025_backup\EWARM\Quadruped_Robot_20241025\Obj\stm32f4xx_hal_rcc_ex.o"
#        "F:\none\Study\Other\Robot\RTS
#        team\Robocon-FourFoot-2025\Code\Quadruped_Robot_20241025_backup\EWARM\Quadruped_Robot_20241025\Obj\stm32f4xx_hal_sd.o"
#        "F:\none\Study\Other\Robot\RTS
#        team\Robocon-FourFoot-2025\Code\Quadruped_Robot_20241025_backup\EWARM\Quadruped_Robot_20241025\Obj\stm32f4xx_hal_tim.o"
#        "F:\none\Study\Other\Robot\RTS
#        team\Robocon-FourFoot-2025\Code\Quadruped_Robot_20241025_backup\EWARM\Quadruped_Robot_20241025\Obj\stm32f4xx_hal_tim_ex.o"
#        "F:\none\Study\Other\Robot\RTS
#        team\Robocon-FourFoot-2025\Code\Quadruped_Robot_20241025_backup\EWARM\Quadruped_Robot_20241025\Obj\stm32f4xx_hal_uart.o"
#        "F:\none\Study\Other\Robot\RTS
#        team\Robocon-FourFoot-2025\Code\Quadruped_Robot_20241025_backup\EWARM\Quadruped_Robot_20241025\Obj\stm32f4xx_it.o"
#        "F:\none\Study\Other\Robot\RTS
#        team\Robocon-FourFoot-2025\Code\Quadruped_Robot_20241025_backup\EWARM\Quadruped_Robot_20241025\Obj\stm32f4xx_ll_sdmmc.o"
#        "F:\none\Study\Other\Robot\RTS
#        team\Robocon-FourFoot-2025\Code\Quadruped_Robot_20241025_backup\EWARM\Quadruped_Robot_20241025\Obj\syscall.o"
#        "F:\none\Study\Other\Robot\RTS
#        team\Robocon-FourFoot-2025\Code\Quadruped_Robot_20241025_backup\EWARM\Quadruped_Robot_20241025\Obj\system_stm32f4xx.o"
#        "F:\none\Study\Other\Robot\RTS
#        team\Robocon-FourFoot-2025\Code\Quadruped_Robot_20241025_backup\EWARM\Quadruped_Robot_20241025\Obj\tim.o"
#        "F:\none\Study\Other\Robot\RTS
#        team\Robocon-FourFoot-2025\Code\Quadruped_Robot_20241025_backup\EWARM\Quadruped_Robot_20241025\Obj\usart.o"
#        "F:\none\Study\Other\Robot\RTS
#        team\Robocon-FourFoot-2025\Code\Quadruped_Robot_20241025_backup\EWARM\Quadruped_Robot_20241025\Obj\user_diskio.o"
#        --no_out_extension -o "F:\none\Study\Other\Robot\RTS
#        team\Robocon-FourFoot-2025\Code\Quadruped_Robot_20241025_backup\EWARM\Quadruped_Robot_20241025\Exe\Quadruped_Robot_20241025.out"
#        --redirect _Printf=_PrintfFullNoMb --redirect _Scanf=_ScanfFullNoMb
#        --map "F:\none\Study\Other\Robot\RTS
#        team\Robocon-FourFoot-2025\Code\Quadruped_Robot_20241025_backup\EWARM\Quadruped_Robot_20241025\List\Quadruped_Robot_20241025.map"
#        --config "F:\none\Study\Other\Robot\RTS
#        team\Robocon-FourFoot-2025\Code\Quadruped_Robot_20241025_backup\EWARM/stm32f427xx_flash.icf"
#        --semihosting --entry __iar_program_start --vfe --text_out locale)
#
###############################################################################

*******************************************************************************
*** RUNTIME MODEL ATTRIBUTES
***

CppFlavor       = *
__SystemLibrary = DLib
__dlib_version  = 6


*******************************************************************************
*** HEAP SELECTION
***

The basic heap was selected because no calls to memory allocation
functions were found in the application outside of system library
functions, and there are calls to deallocation functions in the
application.


*******************************************************************************
*** PLACEMENT SUMMARY
***

"A0":  place at 0x800'0000 { ro section .intvec };
"P1":  place in [from 0x800'0000 to 0x81f'ffff] { ro };
define block CSTACK with size = 1K, alignment = 8 { };
define block HEAP with size = 512, alignment = 8 { };
"P2":  place in [from 0x2000'0000 to 0x2002'ffff] {
          rw, block CSTACK, block HEAP };
initialize by copy { rw };

  Section            Kind         Address    Size  Object
  -------            ----         -------    ----  ------
"A0":                                       0x1ac
  .intvec            ro code   0x800'0000   0x1ac  startup_stm32f427xx.o [1]
                             - 0x800'01ac   0x1ac

"P1":                                      0x865e
  .text              ro code   0x800'01ac  0x1908  GaitController.o [1]
  .text              ro code   0x800'1ab4    0x1a  U32ToDbl.o [3]
  .text              ro code   0x800'1ace    0x3a  zero_init3.o [4]
  .text              ro code   0x800'1b08   0x1a2  DblMul.o [3]
  .text              ro code   0x800'1cac    0x68  DblToFlt.o [3]
  .text              ro code   0x800'1d14   0xa1c  stm32f4xx_hal_uart.o [1]
  .text              ro code   0x800'2730   0x91c  DeepJ60_Motor.o [1]
  .text              ro code   0x800'304c    0x28  stm32f4xx_hal.o [1]
  .text              ro code   0x800'3074     0x6  ABImemclr4.o [4]
  .text              ro code   0x800'307c   0x5d8  leg_control.o [1]
  .text              ro code   0x800'3654   0x2c8  usart.o [1]
  .text              ro code   0x800'391c     0xc  stm32f4xx_hal.o [1]
  .text              ro code   0x800'3928    0xc4  stm32f4xx_hal_dma.o [1]
  .text              ro code   0x800'39ec     0x2  stm32f4xx_hal_uart.o [1]
  .text              ro code   0x800'39ee     0x2  stm32f4xx_hal_uart.o [1]
  .text              ro code   0x800'39f0     0x2  stm32f4xx_hal_uart.o [1]
  .text              ro code   0x800'39f4   0x328  Callback.o [1]
  .text              ro code   0x800'3d1c   0x22c  stm32f4xx_hal_rcc.o [1]
  .text              ro code   0x800'3f48   0x230  I64DivMod.o [4]
  .text              ro code   0x800'4178   0x138  DeepJ60_can.o [1]
  .text              ro code   0x800'42b0    0x32  ABImemset48.o [4]
  .text              ro code   0x800'42e4    0x48  FltToDbl.o [3]
  .text              ro code   0x800'432c    0x12  math_wrappers64.o [3]
  .text              ro code   0x800'4340   0x102  sqrt.o [3]
  .text              ro code   0x800'4444   0x246  DblDiv.o [3]
  .text              ro code   0x800'468c    0xe2  DblSub.o [3]
  .text              ro code   0x800'4770    0x62  round.o [3]
  .text              ro code   0x800'47d4   0x17a  DblAdd.o [3]
  .text              ro code   0x800'4950   0x290  main.o [1]
  .text              ro code   0x800'4be0   0x2c2  stm32f4xx_hal_gpio.o [1]
  .text              ro code   0x800'4ea4   0x15c  stm32f4xx_hal_cortex.o [1]
  .text              ro code   0x800'5000   0x590  stm32f4xx_hal_tim.o [1]
  .text              ro code   0x800'5590    0x4c  stm32f4xx_hal.o [1]
  .text              ro code   0x800'55dc     0x2  I64DivZer.o [4]
  .text              ro code   0x800'55e0   0x7e2  stm32f4xx_hal_can.o [1]
  .text              ro code   0x800'5dc4    0xc8  acos64.o [3]
  .text              ro code   0x800'5e8c    0x34  stm32f4xx_hal.o [1]
  .text              ro code   0x800'5ec0   0x114  gpio.o [1]
  .text              ro code   0x800'5fd4   0x27c  can.o [1]
  .text              ro code   0x800'6250    0xe4  sdio.o [1]
  .text              ro code   0x800'6334    0x34  fatfs.o [1]
  .text              ro code   0x800'6368    0xc0  tim.o [1]
  .text              ro code   0x800'6428   0x3ec  stm32f4xx_hal_rcc.o [1]
  .text              ro code   0x800'6814    0x7c  stm32f4xx_hal_pwr_ex.o [1]
  .text              ro code   0x800'6890     0x2  stm32f4xx_hal_tim.o [1]
  .text              ro code   0x800'6892     0x2  stm32f4xx_hal_tim.o [1]
  .text              ro code   0x800'6894     0x2  stm32f4xx_hal_tim.o [1]
  .text              ro code   0x800'6896     0x2  stm32f4xx_hal_tim_ex.o [1]
  .text              ro code   0x800'6898     0x2  stm32f4xx_hal_tim.o [1]
  .text              ro code   0x800'689a     0x2  stm32f4xx_hal_tim_ex.o [1]
  .text              ro code   0x800'689c     0x2  stm32f4xx_hal_can.o [1]
  .text              ro code   0x800'689e     0x2  stm32f4xx_hal_can.o [1]
  .text              ro code   0x800'68a0     0x2  stm32f4xx_hal_can.o [1]
  .text              ro code   0x800'68a2     0x2  stm32f4xx_hal_can.o [1]
  .text              ro code   0x800'68a4     0x2  stm32f4xx_hal_can.o [1]
  .text              ro code   0x800'68a6     0x2  stm32f4xx_hal_can.o [1]
  .text              ro code   0x800'68a8     0x2  stm32f4xx_hal_can.o [1]
  .text              ro code   0x800'68aa     0x2  stm32f4xx_hal_can.o [1]
  .text              ro code   0x800'68ac     0x2  stm32f4xx_hal_can.o [1]
  .text              ro code   0x800'68ae     0x2  stm32f4xx_hal_can.o [1]
  .text              ro code   0x800'68b0     0x2  stm32f4xx_hal_can.o [1]
  .text              ro code   0x800'68b2     0x2  stm32f4xx_hal_can.o [1]
  .text              ro code   0x800'68b4    0x2e  DblCmpLe.o [3]
  .text              ro code   0x800'68e4   0x1d0  iar_Atan64.o [3]
  .text              ro code   0x800'6ab4    0x40  stm32f4xx_hal_msp.o [1]
  .text              ro code   0x800'6af4    0x60  ff_gen_drv.o [1]
  .text              ro code   0x800'6b54    0xac  stm32f4xx_hal_tim_ex.o [1]
  .text              ro code   0x800'6c00    0x20  DblCmpEq.o [3]
  .text              ro code   0x800'6c20    0x2e  DblCmpGe.o [3]
  .text              ro code   0x800'6c50   0xe32  stm32f4xx_hal_sd.o [1]
  .text              ro code   0x800'7a84    0x86  ABImemcpy.o [4]
  .text              ro code   0x800'7b0c   0x6d8  stm32f4xx_ll_sdmmc.o [1]
  .text              ro code   0x800'81e4     0x2  stm32f4xx_hal_sd.o [1]
  .text              ro code   0x800'81e6    0x20  bsp_driver_sd.o [1]
  .text              ro code   0x800'8206     0x2  bsp_driver_sd.o [1]
  .text              ro code   0x800'8208     0x2  bsp_driver_sd.o [1]
  .text              ro code   0x800'820c   0x120  sd_diskio.o [1]
  .text              ro code   0x800'832c    0x1c  bsp_driver_sd.o [1]
  .text              ro code   0x800'8348    0x20  bsp_driver_sd.o [1]
  .text              ro code   0x800'8368    0x34  bsp_driver_sd.o [1]
  .text              ro code   0x800'839c    0x34  bsp_driver_sd.o [1]
  .text              ro code   0x800'83d0    0x14  bsp_driver_sd.o [1]
  .text              ro code   0x800'83e4    0x10  bsp_driver_sd.o [1]
  .text              ro code   0x800'83f4    0xa8  stm32f4xx_it.o [1]
  .text              ro code   0x800'849c    0x18  stm32f4xx_hal.o [1]
  .rodata            const     0x800'84b8    0x40  iar_Atan64.o [3]
  .text              ro code   0x800'84f8    0x38  user_diskio.o [1]
  .text              ro code   0x800'8530    0x38  packbits_init_single.o [4]
  .text              ro code   0x800'8568    0x28  data_init.o [4]
  .text              ro code   0x800'8590    0x22  fpinit_M.o [3]
  .iar.init_table    const     0x800'85b4    0x20  - Linker created -
  .text              ro code   0x800'85d4    0x1e  cmain.o [4]
  .text              ro code   0x800'85f2     0x4  low_level_init.o [2]
  .text              ro code   0x800'85f6     0x4  exit.o [2]
  .text              ro code   0x800'85fc     0xa  cexit.o [4]
  .text              ro code   0x800'8608    0x14  exit.o [5]
  .rodata            const     0x800'861c    0x14  sd_diskio.o [1]
  .rodata            const     0x800'8630    0x10  system_stm32f4xx.o [1]
  .text              ro code   0x800'8640    0x10  startup_stm32f427xx.o [1]
  .text              ro code   0x800'8650    0x10  system_stm32f4xx.o [1]
  .text              ro code   0x800'8660     0xc  cstartup_M.o [4]
  .rodata            const     0x800'866c     0x8  system_stm32f4xx.o [1]
  .rodata            const     0x800'8674     0x8  tim.o [1]
  .text              ro code   0x800'867c     0x4  startup_stm32f427xx.o [1]
  .text              ro code   0x800'8680     0x4  startup_stm32f427xx.o [1]
  .text              ro code   0x800'8684     0x4  startup_stm32f427xx.o [1]
  .text              ro code   0x800'8688     0x4  startup_stm32f427xx.o [1]
  .text              ro code   0x800'868c     0x4  startup_stm32f427xx.o [1]
  .text              ro code   0x800'8690     0x4  startup_stm32f427xx.o [1]
  .text              ro code   0x800'8694     0x4  startup_stm32f427xx.o [1]
  .text              ro code   0x800'8698     0x4  startup_stm32f427xx.o [1]
  .text              ro code   0x800'869c     0x4  startup_stm32f427xx.o [1]
  .text              ro code   0x800'86a0     0x4  startup_stm32f427xx.o [1]
  .text              ro code   0x800'86a4     0x4  startup_stm32f427xx.o [1]
  .text              ro code   0x800'86a8     0x4  startup_stm32f427xx.o [1]
  .text              ro code   0x800'86ac     0x4  startup_stm32f427xx.o [1]
  .text              ro code   0x800'86b0     0x4  startup_stm32f427xx.o [1]
  .text              ro code   0x800'86b4     0x4  startup_stm32f427xx.o [1]
  .text              ro code   0x800'86b8     0x4  startup_stm32f427xx.o [1]
  .text              ro code   0x800'86bc     0x4  startup_stm32f427xx.o [1]
  .text              ro code   0x800'86c0     0x4  startup_stm32f427xx.o [1]
  .text              ro code   0x800'86c4     0x4  startup_stm32f427xx.o [1]
  .text              ro code   0x800'86c8     0x4  startup_stm32f427xx.o [1]
  .text              ro code   0x800'86cc     0x4  startup_stm32f427xx.o [1]
  .text              ro code   0x800'86d0     0x4  startup_stm32f427xx.o [1]
  .text              ro code   0x800'86d4     0x4  startup_stm32f427xx.o [1]
  .text              ro code   0x800'86d8     0x4  startup_stm32f427xx.o [1]
  .text              ro code   0x800'86dc     0x4  startup_stm32f427xx.o [1]
  .text              ro code   0x800'86e0     0x4  startup_stm32f427xx.o [1]
  .text              ro code   0x800'86e4     0x4  startup_stm32f427xx.o [1]
  .text              ro code   0x800'86e8     0x4  startup_stm32f427xx.o [1]
  .text              ro code   0x800'86ec     0x4  startup_stm32f427xx.o [1]
  .text              ro code   0x800'86f0     0x4  startup_stm32f427xx.o [1]
  .text              ro code   0x800'86f4     0x4  startup_stm32f427xx.o [1]
  .text              ro code   0x800'86f8     0x4  startup_stm32f427xx.o [1]
  .text              ro code   0x800'86fc     0x4  startup_stm32f427xx.o [1]
  .text              ro code   0x800'8700     0x4  startup_stm32f427xx.o [1]
  .text              ro code   0x800'8704     0x4  startup_stm32f427xx.o [1]
  .text              ro code   0x800'8708     0x4  startup_stm32f427xx.o [1]
  .text              ro code   0x800'870c     0x4  startup_stm32f427xx.o [1]
  .text              ro code   0x800'8710     0x4  startup_stm32f427xx.o [1]
  .text              ro code   0x800'8714     0x4  startup_stm32f427xx.o [1]
  .text              ro code   0x800'8718     0x4  startup_stm32f427xx.o [1]
  .text              ro code   0x800'871c     0x4  startup_stm32f427xx.o [1]
  .text              ro code   0x800'8720     0x4  startup_stm32f427xx.o [1]
  .text              ro code   0x800'8724     0x4  startup_stm32f427xx.o [1]
  .text              ro code   0x800'8728     0x4  startup_stm32f427xx.o [1]
  .text              ro code   0x800'872c     0x4  startup_stm32f427xx.o [1]
  .text              ro code   0x800'8730     0x4  startup_stm32f427xx.o [1]
  .text              ro code   0x800'8734     0x4  startup_stm32f427xx.o [1]
  .text              ro code   0x800'8738     0x4  startup_stm32f427xx.o [1]
  .text              ro code   0x800'873c     0x4  startup_stm32f427xx.o [1]
  .text              ro code   0x800'8740     0x4  startup_stm32f427xx.o [1]
  .text              ro code   0x800'8744     0x4  startup_stm32f427xx.o [1]
  .text              ro code   0x800'8748     0x4  startup_stm32f427xx.o [1]
  .text              ro code   0x800'874c     0x4  startup_stm32f427xx.o [1]
  .text              ro code   0x800'8750     0x4  startup_stm32f427xx.o [1]
  .text              ro code   0x800'8754     0x4  startup_stm32f427xx.o [1]
  .text              ro code   0x800'8758     0x4  startup_stm32f427xx.o [1]
  .text              ro code   0x800'875c     0x4  startup_stm32f427xx.o [1]
  .text              ro code   0x800'8760     0x4  startup_stm32f427xx.o [1]
  .text              ro code   0x800'8764     0x4  startup_stm32f427xx.o [1]
  .text              ro code   0x800'8768     0x4  startup_stm32f427xx.o [1]
  .text              ro code   0x800'876c     0x4  startup_stm32f427xx.o [1]
  .text              ro code   0x800'8770     0x4  startup_stm32f427xx.o [1]
  .text              ro code   0x800'8774     0x4  startup_stm32f427xx.o [1]
  .text              ro code   0x800'8778     0x4  startup_stm32f427xx.o [1]
  .text              ro code   0x800'877c     0x4  startup_stm32f427xx.o [1]
  .text              ro code   0x800'8780     0x4  startup_stm32f427xx.o [1]
  .text              ro code   0x800'8784     0x4  startup_stm32f427xx.o [1]
  .text              ro code   0x800'8788     0x4  startup_stm32f427xx.o [1]
  .text              ro code   0x800'878c     0x4  startup_stm32f427xx.o [1]
  .text              ro code   0x800'8790     0x4  startup_stm32f427xx.o [1]
  .text              ro code   0x800'8794     0x4  startup_stm32f427xx.o [1]
  .text              ro code   0x800'8798     0x4  startup_stm32f427xx.o [1]
  .text              ro code   0x800'879c     0x4  startup_stm32f427xx.o [1]
  .text              ro code   0x800'87a0     0x4  startup_stm32f427xx.o [1]
  .text              ro code   0x800'87a4     0x4  startup_stm32f427xx.o [1]
  .text              ro code   0x800'87a8     0x4  startup_stm32f427xx.o [1]
  .text              ro code   0x800'87ac     0x4  startup_stm32f427xx.o [1]
  .rodata            const     0x800'87b0     0x0  zero_init3.o [4]
  .rodata            const     0x800'87b0     0x0  packbits_init_single.o [4]
  Initializer bytes  const     0x800'87b0    0x5a  <for P2-1>
                             - 0x800'880a  0x865e

"P2", part 1 of 3:                           0x6f
  P2-1                        0x2000'0000    0x6f  <Init block>
    .data            inited   0x2000'0000    0x10  GaitController.o [1]
    .data            inited   0x2000'0010    0x10  GaitController.o [1]
    .data            inited   0x2000'0020     0xc  GaitController.o [1]
    .data            inited   0x2000'002c    0x10  leg_control.o [1]
    .data            inited   0x2000'003c    0x10  leg_control.o [1]
    .data            inited   0x2000'004c     0x4  main.o [1]
    .data            inited   0x2000'0050     0x4  stm32f4xx_hal.o [1]
    .data            inited   0x2000'0054     0x4  system_stm32f4xx.o [1]
    .data            inited   0x2000'0058    0x14  user_diskio.o [1]
    .data            inited   0x2000'006c     0x1  sd_diskio.o [1]
    .data            inited   0x2000'006d     0x1  stm32f4xx_hal.o [1]
    .data            inited   0x2000'006e     0x1  user_diskio.o [1]
                            - 0x2000'006f    0x6f

"P2", part 2 of 3:                          0x810
  .bss               zero     0x2000'0070   0x240  DeepJ60_Motor.o [1]
  .bss               zero     0x2000'02b0   0x240  DeepJ60_Motor.o [1]
  .bss               zero     0x2000'04f0    0x84  sdio.o [1]
  .bss               zero     0x2000'0574    0x5c  DeepJ60_can.o [1]
  .bss               zero     0x2000'05d0    0x48  tim.o [1]
  .bss               zero     0x2000'0618    0x48  usart.o [1]
  .bss               zero     0x2000'0660    0x48  usart.o [1]
  .bss               zero     0x2000'06a8    0x48  usart.o [1]
  .bss               zero     0x2000'06f0    0x48  usart.o [1]
  .bss               zero     0x2000'0738    0x3c  leg_control.o [1]
  .bss               zero     0x2000'0774    0x28  can.o [1]
  .bss               zero     0x2000'079c    0x28  can.o [1]
  .bss               zero     0x2000'07c4    0x20  GaitController.o [1]
  .bss               zero     0x2000'07e4    0x20  GaitController.o [1]
  .bss               zero     0x2000'0804    0x20  main.o [1]
  .bss               zero     0x2000'0824    0x1c  DeepJ60_can.o [1]
  .bss               zero     0x2000'0840    0x10  ff_gen_drv.o [1]
  .bss               zero     0x2000'0850     0x4  can.o [1]
  .bss               zero     0x2000'0854     0x4  DeepJ60_can.o [1]
  .bss               zero     0x2000'0858     0x4  fatfs.o [1]
  .bss               zero     0x2000'085c     0x4  fatfs.o [1]
  .bss               zero     0x2000'0860     0x4  GaitController.o [1]
  .bss               zero     0x2000'0864     0x4  GaitController.o [1]
  .bss               zero     0x2000'0868     0x4  GaitController.o [1]
  .bss               zero     0x2000'086c     0x4  GaitController.o [1]
  .bss               zero     0x2000'0870     0x4  main.o [1]
  .bss               zero     0x2000'0874     0x4  stm32f4xx_hal.o [1]
  .bss               zero     0x2000'0878     0x4  usart.o [1]
  .bss               zero     0x2000'087c     0x1  fatfs.o [1]
  .bss               zero     0x2000'087d     0x1  fatfs.o [1]
                            - 0x2000'087e   0x80e

"P2", part 3 of 3:                          0x400
  CSTACK                      0x2000'0880   0x400  <Block>
    CSTACK           uninit   0x2000'0880   0x400  <Block tail>
                            - 0x2000'0c80   0x400

Unused ranges:

         From           To       Size
         ----           --       ----
   0x800'880a   0x81f'ffff  0x1f'77f6
  0x2000'006f  0x2000'006f        0x1
  0x2000'0c80  0x2002'ffff   0x2'f380


*******************************************************************************
*** INIT TABLE
***

          Address      Size
          -------      ----
Zero (__iar_zero_init3)
    1 destination range, total size 0x80e:
          0x2000'0070  0x80e

Copy/packbits (__iar_packbits_init_single3)
    1 source range, total size 0x5a (81% of destination):
           0x800'87b0   0x5a
    1 destination range, total size 0x6f:
          0x2000'0000   0x6f



*******************************************************************************
*** MODULE SUMMARY
***

    Module                  ro code  ro data  rw data
    ------                  -------  -------  -------
command line/config:
    -------------------------------------------------
    Total:

F:\none\Study\Other\Robot\RTS team\Robocon-FourFoot-2025\Code\Quadruped_Robot_20241025_backup\EWARM\Quadruped_Robot_20241025\Obj: [1]
    Callback.o                  808
    DeepJ60_Motor.o           2 332             1 152
    DeepJ60_can.o               312               124
    GaitController.o          6 408       35      124
    bsp_driver_sd.o             236
    can.o                       636                84
    fatfs.o                      52                10
    ff_gen_drv.o                 96                16
    gpio.o                      276
    leg_control.o             1 496       26       92
    main.o                      656        3       40
    sd_diskio.o                 288       21        1
    sdio.o                      228               132
    startup_stm32f427xx.o       752
    stm32f4xx_hal.o             204        5        9
    stm32f4xx_hal_can.o       2 042
    stm32f4xx_hal_cortex.o      348
    stm32f4xx_hal_dma.o         196
    stm32f4xx_hal_gpio.o        706
    stm32f4xx_hal_msp.o          64
    stm32f4xx_hal_pwr_ex.o      124
    stm32f4xx_hal_rcc.o       1 560
    stm32f4xx_hal_sd.o        3 636
    stm32f4xx_hal_tim.o       1 432
    stm32f4xx_hal_tim_ex.o      176
    stm32f4xx_hal_uart.o      2 594
    stm32f4xx_it.o              168
    stm32f4xx_ll_sdmmc.o      1 752
    system_stm32f4xx.o           16       27        4
    tim.o                       192        8       72
    usart.o                     712               292
    user_diskio.o                56       17       21
    -------------------------------------------------
    Total:                   30 554      142    2 173

dl7M_tlf.a: [2]
    exit.o                        4
    low_level_init.o              4
    -------------------------------------------------
    Total:                        8

m7M_tls.a: [3]
    DblAdd.o                    378
    DblCmpEq.o                   32
    DblCmpGe.o                   46
    DblCmpLe.o                   46
    DblDiv.o                    582
    DblMul.o                    418
    DblSub.o                    226
    DblToFlt.o                  104
    FltToDbl.o                   72
    U32ToDbl.o                   26
    acos64.o                    200
    fpinit_M.o                   34
    iar_Atan64.o                464       64
    math_wrappers64.o            18
    round.o                      98
    sqrt.o                      258
    -------------------------------------------------
    Total:                    3 002       64

rt7M_tl.a: [4]
    ABImemclr4.o                  6
    ABImemcpy.o                 134
    ABImemset48.o                50
    I64DivMod.o                 560
    I64DivZer.o                   2
    cexit.o                      10
    cmain.o                      30
    cstartup_M.o                 12
    data_init.o                  40
    packbits_init_single.o       56
    zero_init3.o                 58
    -------------------------------------------------
    Total:                      958

shb_l.a: [5]
    exit.o                       20
    -------------------------------------------------
    Total:                       20

    Gaps                         40        6
    Linker created                        32    1 024
-----------------------------------------------------
    Grand Total:             34 582      244    3 197


*******************************************************************************
*** ENTRY LIST
***

Entry                       Address   Size  Type      Object
-----                       -------   ----  ----      ------
.iar.init_table$$Base    0x800'85b4          --   Gb  - Linker created -
.iar.init_table$$Limit   0x800'85d4          --   Gb  - Linker created -
?main                    0x800'85d5         Code  Gb  cmain.o [4]
AHBPrescTable            0x800'8630   0x10  Data  Gb  system_stm32f4xx.o [1]
APBPrescTable            0x800'866c    0x8  Data  Gb  system_stm32f4xx.o [1]
AnalyseJ60MotorReceiveData_new
                         0x800'3009   0x30  Code  Gb  DeepJ60_Motor.o [1]
BSP_SD_GetCardInfo       0x800'83d1   0x14  Code  Wk  bsp_driver_sd.o [1]
BSP_SD_GetCardState      0x800'832d   0x1c  Code  Wk  bsp_driver_sd.o [1]
BSP_SD_Init              0x800'8349   0x20  Code  Wk  bsp_driver_sd.o [1]
BSP_SD_ReadBlocks        0x800'8369   0x34  Code  Wk  bsp_driver_sd.o [1]
BSP_SD_WriteBlocks       0x800'839d   0x34  Code  Wk  bsp_driver_sd.o [1]
BusFault_Handler         0x800'83fb    0x2  Code  Gb  stm32f4xx_it.o [1]
CAN1_FilterConfig        0x800'61b9   0x38  Code  Gb  can.o [1]
CAN1_RX0_IRQHandler      0x800'8417    0xa  Code  Gb  stm32f4xx_it.o [1]
CAN1_RX1_IRQHandler      0x800'8421    0xa  Code  Gb  stm32f4xx_it.o [1]
CAN2_FilterConfig        0x800'61f1   0x38  Code  Gb  can.o [1]
CAN2_RX0_IRQHandler      0x800'8449    0xa  Code  Gb  stm32f4xx_it.o [1]
CAN2_RX1_IRQHandler      0x800'8453    0xa  Code  Gb  stm32f4xx_it.o [1]
CSTACK$$Base            0x2000'0880          --   Gb  - Linker created -
CSTACK$$Limit           0x2000'0c80          --   Gb  - Linker created -
Can                     0x2000'0574   0x5c  Data  Gb  DeepJ60_can.o [1]
CanDataToRealData        0x800'41a3   0x2a  Code  Gb  DeepJ60_can.o [1]
CanRxInformation        0x2000'0824   0x1c  Data  Gb  DeepJ60_can.o [1]
Can_Receive_new          0x800'427f   0x20  Code  Gb  DeepJ60_can.o [1]
Can_Send                 0x800'41cd   0xb2  Code  Gb  DeepJ60_can.o [1]
Cubic_Bezier             0x800'32dd  0x354  Code  Gb  leg_control.o [1]
Debug1                  0x2000'0860    0x4  Data  Gb  GaitController.o [1]
Debug2                  0x2000'0864    0x4  Data  Gb  GaitController.o [1]
Debug3                  0x2000'0868    0x4  Data  Gb  GaitController.o [1]
Debug4                  0x2000'086c    0x4  Data  Gb  GaitController.o [1]
DebugMon_Handler         0x800'8401    0x2  Code  Gb  stm32f4xx_it.o [1]
EXTI1_IRQHandler         0x800'840d    0xa  Code  Gb  stm32f4xx_it.o [1]
EnableJ60Motor           0x800'29e1   0x3c  Code  Gb  DeepJ60_Motor.o [1]
Error_Handler            0x800'4bdd    0x4  Code  Gb  main.o [1]
FATFS_LinkDriver         0x800'6b3d   0x12  Code  Gb  ff_gen_drv.o [1]
FATFS_LinkDriverEx       0x800'6af5   0x48  Code  Gb  ff_gen_drv.o [1]
GetJ60MotorCanID         0x800'29cd    0xe  Code  Gb  DeepJ60_Motor.o [1]
HAL_CAN_ActivateNotification
                         0x800'5b6b   0x34  Code  Gb  stm32f4xx_hal_can.o [1]
HAL_CAN_AddTxMessage     0x800'58d5  0x126  Code  Gb  stm32f4xx_hal_can.o [1]
HAL_CAN_ConfigFilter     0x800'574d  0x128  Code  Gb  stm32f4xx_hal_can.o [1]
HAL_CAN_GetRxMessage     0x800'59fb  0x170  Code  Gb  stm32f4xx_hal_can.o [1]
HAL_CAN_IRQHandler       0x800'5b9f  0x224  Code  Gb  stm32f4xx_hal_can.o [1]
HAL_CAN_Init             0x800'55e1  0x16c  Code  Gb  stm32f4xx_hal_can.o [1]
HAL_CAN_MspInit          0x800'6089  0x130  Code  Gb  can.o [1]
HAL_CAN_RxFifo0MsgPendingCallback
                         0x800'39f5   0x36  Code  Gb  Callback.o [1]
HAL_CAN_Start            0x800'5875   0x5c  Code  Gb  stm32f4xx_hal_can.o [1]
HAL_DMA_Abort            0x800'3929   0x9c  Code  Gb  stm32f4xx_hal_dma.o [1]
HAL_DMA_Abort_IT         0x800'39c5   0x28  Code  Gb  stm32f4xx_hal_dma.o [1]
HAL_Delay                0x800'304d   0x28  Code  Wk  stm32f4xx_hal.o [1]
HAL_GPIO_EXTI_IRQHandler
                         0x800'4e3b   0x20  Code  Gb  stm32f4xx_hal_gpio.o [1]
HAL_GPIO_Init            0x800'4be1  0x240  Code  Gb  stm32f4xx_hal_gpio.o [1]
HAL_GPIO_WritePin        0x800'4e21   0x1a  Code  Gb  stm32f4xx_hal_gpio.o [1]
HAL_GetTick              0x800'391d    0xc  Code  Wk  stm32f4xx_hal.o [1]
HAL_IncTick              0x800'849d   0x18  Code  Wk  stm32f4xx_hal.o [1]
HAL_Init                 0x800'5e8d   0x30  Code  Gb  stm32f4xx_hal.o [1]
HAL_InitTick             0x800'5591   0x4c  Code  Wk  stm32f4xx_hal.o [1]
HAL_MspInit              0x800'6ab5   0x40  Code  Gb  stm32f4xx_hal_msp.o [1]
HAL_NVIC_EnableIRQ       0x800'4fc7    0xe  Code  Gb  stm32f4xx_hal_cortex.o [1]
HAL_NVIC_SetPriority     0x800'4f9d   0x2a  Code  Gb  stm32f4xx_hal_cortex.o [1]
HAL_NVIC_SetPriorityGrouping
                         0x800'4f91    0xc  Code  Gb  stm32f4xx_hal_cortex.o [1]
HAL_PWREx_EnableOverDrive
                         0x800'6815   0x6a  Code  Gb  stm32f4xx_hal_pwr_ex.o [1]
HAL_RCC_CAN1_CLK_ENABLED
                        0x2000'0850    0x4  Data  Lc  can.o [1]
HAL_RCC_ClockConfig      0x800'3d1d  0x140  Code  Gb  stm32f4xx_hal_rcc.o [1]
HAL_RCC_GetHCLKFreq      0x800'3e5d    0x6  Code  Gb  stm32f4xx_hal_rcc.o [1]
HAL_RCC_GetPCLK1Freq     0x800'3e63   0x16  Code  Gb  stm32f4xx_hal_rcc.o [1]
HAL_RCC_GetPCLK2Freq     0x800'3e79   0x16  Code  Gb  stm32f4xx_hal_rcc.o [1]
HAL_RCC_OscConfig        0x800'6429  0x3ec  Code  Wk  stm32f4xx_hal_rcc.o [1]
HAL_SD_AbortCallback     0x800'81e7    0xa  Code  Gb  bsp_driver_sd.o [1]
HAL_SD_GetCardCSD        0x800'74e5  0x1f4  Code  Gb  stm32f4xx_hal_sd.o [1]
HAL_SD_GetCardInfo       0x800'76d9   0x26  Code  Gb  stm32f4xx_hal_sd.o [1]
HAL_SD_GetCardState      0x800'76ff   0x24  Code  Gb  stm32f4xx_hal_sd.o [1]
HAL_SD_IRQHandler        0x800'7311  0x1d4  Code  Gb  stm32f4xx_hal_sd.o [1]
HAL_SD_Init              0x800'6c51   0x44  Code  Gb  stm32f4xx_hal_sd.o [1]
HAL_SD_InitCard          0x800'6c95   0xbe  Code  Gb  stm32f4xx_hal_sd.o [1]
HAL_SD_MspInit           0x800'6271   0xaa  Code  Gb  sdio.o [1]
HAL_SD_ReadBlocks        0x800'6d53  0x310  Code  Gb  stm32f4xx_hal_sd.o [1]
HAL_SD_RxCpltCallback    0x800'81fb    0xa  Code  Gb  bsp_driver_sd.o [1]
HAL_SD_TxCpltCallback    0x800'81f1    0xa  Code  Gb  bsp_driver_sd.o [1]
HAL_SD_WriteBlocks       0x800'7063  0x2a4  Code  Gb  stm32f4xx_hal_sd.o [1]
HAL_SYSTICK_Config       0x800'4fd5    0xc  Code  Gb  stm32f4xx_hal_cortex.o [1]
HAL_TIMEx_BreakCallback
                         0x800'6897    0x2  Code  Wk  stm32f4xx_hal_tim_ex.o [1]
HAL_TIMEx_CommutCallback
                         0x800'689b    0x2  Code  Wk  stm32f4xx_hal_tim_ex.o [1]
HAL_TIMEx_MasterConfigSynchronization
                         0x800'6b55   0x8e  Code  Gb  stm32f4xx_hal_tim_ex.o [1]
HAL_TIM_Base_Start_IT    0x800'5001   0x9a  Code  Gb  stm32f4xx_hal_tim.o [1]
HAL_TIM_Base_Stop_IT     0x800'509b   0x3c  Code  Gb  stm32f4xx_hal_tim.o [1]
HAL_TIM_IRQHandler       0x800'5161  0x13e  Code  Gb  stm32f4xx_hal_tim.o [1]
HAL_TIM_OC_ConfigChannel
                         0x800'529f   0x68  Code  Gb  stm32f4xx_hal_tim.o [1]
HAL_TIM_OC_Init          0x800'50d7   0x6e  Code  Gb  stm32f4xx_hal_tim.o [1]
HAL_TIM_OC_MspInit       0x800'63e7   0x36  Code  Gb  tim.o [1]
HAL_TIM_PeriodElapsedCallback
                         0x800'3b6d  0x158  Code  Gb  Callback.o [1]
HAL_UART_IRQHandler      0x800'1e91  0x2d4  Code  Gb  stm32f4xx_hal_uart.o [1]
HAL_UART_Init            0x800'1d15   0x7a  Code  Gb  stm32f4xx_hal_uart.o [1]
HAL_UART_MspInit         0x800'3731  0x1ac  Code  Gb  usart.o [1]
HAL_UART_Receive_IT      0x800'1e5b   0x36  Code  Gb  stm32f4xx_hal_uart.o [1]
HAL_UART_RxCpltCallback
                         0x800'3a2b  0x142  Code  Gb  Callback.o [1]
HAL_UART_Transmit        0x800'1d8f   0xcc  Code  Gb  stm32f4xx_hal_uart.o [1]
HardFault_Handler        0x800'83f7    0x2  Code  Gb  stm32f4xx_it.o [1]
IK_leg                   0x800'307d  0x24e  Code  Gb  leg_control.o [1]
J60MotorConfigToSendCanData
                         0x800'28e9   0x28  Code  Gb  DeepJ60_Motor.o [1]
J60MotorDataToSendCanData
                         0x800'2999   0x34  Code  Gb  DeepJ60_Motor.o [1]
J60MotorMotionDataToSendCanData
                         0x800'2829   0xae  Code  Gb  DeepJ60_Motor.o [1]
J60Motor_CAN1           0x2000'0070  0x240  Data  Gb  DeepJ60_Motor.o [1]
J60Motor_CAN2           0x2000'02b0  0x240  Data  Gb  DeepJ60_Motor.o [1]
J60Motor_StandUpData_CAN1
                        0x2000'002c   0x10  Data  Gb  leg_control.o [1]
J60Motor_StandUpData_CAN2
                        0x2000'003c   0x10  Data  Gb  leg_control.o [1]
Jump_FSM                 0x800'1499  0x5d8  Code  Gb  GaitController.o [1]
MX_CAN1_Init             0x800'5fd5   0x5a  Code  Gb  can.o [1]
MX_CAN2_Init             0x800'602f   0x5a  Code  Gb  can.o [1]
MX_FATFS_Init            0x800'6335   0x1c  Code  Gb  fatfs.o [1]
MX_GPIO_Init             0x800'5ec1  0x114  Code  Gb  gpio.o [1]
MX_SDIO_SD_Init          0x800'6251   0x20  Code  Gb  sdio.o [1]
MX_TIM2_Init             0x800'6369   0x7e  Code  Gb  tim.o [1]
MX_UART7_Init            0x800'3655   0x34  Code  Gb  usart.o [1]
MX_UART8_Init            0x800'3689   0x40  Code  Gb  usart.o [1]
MX_USART3_UART_Init      0x800'36c9   0x34  Code  Gb  usart.o [1]
MX_USART6_UART_Init      0x800'36fd   0x34  Code  Gb  usart.o [1]
MemManage_Handler        0x800'83f9    0x2  Code  Gb  stm32f4xx_it.o [1]
NMI_Handler              0x800'83f5    0x2  Code  Gb  stm32f4xx_it.o [1]
NVIC_EncodePriority      0x800'4f21   0x40  Code  Lc  stm32f4xx_hal_cortex.o [1]
PendSV_Handler           0x800'8403    0x2  Code  Gb  stm32f4xx_it.o [1]
RealDataToCanData        0x800'4179   0x2a  Code  Gb  DeepJ60_can.o [1]
ReceiveCanDataToJ60MotorConfig
                         0x800'2911   0x28  Code  Gb  DeepJ60_Motor.o [1]
ReceiveCanDataToJ60MotorData_new
                         0x800'2fb1   0x58  Code  Gb  DeepJ60_Motor.o [1]
ReceiveCanDataToJ60MotorMotionData_new
                         0x800'2ead   0xfe  Code  Gb  DeepJ60_Motor.o [1]
ReceiveCommandStatusToJ60MotorCommandStatus
                         0x800'2939    0x6  Code  Gb  DeepJ60_Motor.o [1]
ReceiveStatusWordToJ60MotorStatusWord
                         0x800'293f   0x5a  Code  Gb  DeepJ60_Motor.o [1]
Region$$Table$$Base      0x800'85b4          --   Gb  - Linker created -
Region$$Table$$Limit     0x800'85d4          --   Gb  - Linker created -
Rotate_FSM               0x800'0c29  0x832  Code  Gb  GaitController.o [1]
RunJ60Motor              0x800'2d71  0x13a  Code  Gb  DeepJ60_Motor.o [1]
RunJ60MotorKdMode        0x800'2b61   0x62  Code  Gb  DeepJ60_Motor.o [1]
RunJ60MotorPositionMode
                         0x800'2a29   0x6a  Code  Gb  DeepJ60_Motor.o [1]
RunJ60MotorPositionTorqueMode
                         0x800'2c1d   0x6e  Code  Gb  DeepJ60_Motor.o [1]
RunJ60MotorPositonVelocityTorqueMode
                         0x800'2cfd   0x72  Code  Gb  DeepJ60_Motor.o [1]
RunJ60MotorTorqueMode    0x800'2afd   0x62  Code  Gb  DeepJ60_Motor.o [1]
RunJ60MotorVelocityMode
                         0x800'2a95   0x66  Code  Gb  DeepJ60_Motor.o [1]
RunJ60MotorVelocityTorqueMode
                         0x800'2c8d   0x6a  Code  Gb  DeepJ60_Motor.o [1]
RunJ60MotorZeroTorqueMode
                         0x800'2bc5   0x56  Code  Gb  DeepJ60_Motor.o [1]
SDIO_ConfigData          0x800'7b9d   0x2e  Code  Gb  stm32f4xx_ll_sdmmc.o [1]
SDIO_GetCommandResponse
                         0x800'7b8b    0x6  Code  Gb  stm32f4xx_ll_sdmmc.o [1]
SDIO_GetPowerState       0x800'7b59    0x8  Code  Gb  stm32f4xx_ll_sdmmc.o [1]
SDIO_GetResponse         0x800'7b91    0xc  Code  Gb  stm32f4xx_ll_sdmmc.o [1]
SDIO_IRQHandler          0x800'843f    0xa  Code  Gb  stm32f4xx_it.o [1]
SDIO_Init                0x800'7b0d   0x30  Code  Gb  stm32f4xx_ll_sdmmc.o [1]
SDIO_PowerState_ON       0x800'7b4f    0xa  Code  Gb  stm32f4xx_ll_sdmmc.o [1]
SDIO_ReadFIFO            0x800'7b3d    0x6  Code  Gb  stm32f4xx_ll_sdmmc.o [1]
SDIO_SendCommand         0x800'7b61   0x2a  Code  Gb  stm32f4xx_ll_sdmmc.o [1]
SDIO_WriteFIFO           0x800'7b43    0xc  Code  Gb  stm32f4xx_ll_sdmmc.o [1]
SDMMC_CmdAppCommand      0x800'7d97   0x34  Code  Gb  stm32f4xx_ll_sdmmc.o [1]
SDMMC_CmdAppOperCommand
                         0x800'7dcb   0x34  Code  Gb  stm32f4xx_ll_sdmmc.o [1]
SDMMC_CmdBlockLength     0x800'7bcb   0x34  Code  Gb  stm32f4xx_ll_sdmmc.o [1]
SDMMC_CmdGoIdleState     0x800'7d39   0x2e  Code  Gb  stm32f4xx_ll_sdmmc.o [1]
SDMMC_CmdOperCond        0x800'7d67   0x30  Code  Gb  stm32f4xx_ll_sdmmc.o [1]
SDMMC_CmdReadMultiBlock
                         0x800'7c33   0x34  Code  Gb  stm32f4xx_ll_sdmmc.o [1]
SDMMC_CmdReadSingleBlock
                         0x800'7bff   0x34  Code  Gb  stm32f4xx_ll_sdmmc.o [1]
SDMMC_CmdSelDesel        0x800'7d03   0x36  Code  Gb  stm32f4xx_ll_sdmmc.o [1]
SDMMC_CmdSendCID         0x800'7dff   0x2e  Code  Gb  stm32f4xx_ll_sdmmc.o [1]
SDMMC_CmdSendCSD         0x800'7e2d   0x2e  Code  Gb  stm32f4xx_ll_sdmmc.o [1]
SDMMC_CmdSendStatus      0x800'7e8f   0x34  Code  Gb  stm32f4xx_ll_sdmmc.o [1]
SDMMC_CmdSetRelAdd       0x800'7e5b   0x34  Code  Gb  stm32f4xx_ll_sdmmc.o [1]
SDMMC_CmdStopTransfer    0x800'7ccf   0x34  Code  Gb  stm32f4xx_ll_sdmmc.o [1]
SDMMC_CmdWriteMultiBlock
                         0x800'7c9b   0x34  Code  Gb  stm32f4xx_ll_sdmmc.o [1]
SDMMC_CmdWriteSingleBlock
                         0x800'7c67   0x34  Code  Gb  stm32f4xx_ll_sdmmc.o [1]
SDMMC_GetCmdError        0x800'819d   0x32  Code  Lc  stm32f4xx_ll_sdmmc.o [1]
SDMMC_GetCmdResp1        0x800'7ec3  0x13a  Code  Gb  stm32f4xx_ll_sdmmc.o [1]
SDMMC_GetCmdResp2        0x800'7ffd   0x56  Code  Gb  stm32f4xx_ll_sdmmc.o [1]
SDMMC_GetCmdResp3        0x800'8053   0x48  Code  Gb  stm32f4xx_ll_sdmmc.o [1]
SDMMC_GetCmdResp6        0x800'809b   0xa6  Code  Gb  stm32f4xx_ll_sdmmc.o [1]
SDMMC_GetCmdResp7        0x800'8141   0x5c  Code  Gb  stm32f4xx_ll_sdmmc.o [1]
SDPath                  0x2000'0858    0x4  Data  Gb  fatfs.o [1]
SD_CheckStatus           0x800'820d   0x1e  Code  Lc  sd_diskio.o [1]
SD_DMARxAbort            0x800'7771   0x4a  Code  Lc  stm32f4xx_hal_sd.o [1]
SD_DMATxAbort            0x800'7725   0x4a  Code  Lc  stm32f4xx_hal_sd.o [1]
SD_Driver                0x800'861c   0x14  Data  Gb  sd_diskio.o [1]
SD_InitCard              0x800'77bb  0x10a  Code  Lc  stm32f4xx_hal_sd.o [1]
SD_PowerON               0x800'78c5   0xcc  Code  Lc  stm32f4xx_hal_sd.o [1]
SD_Read_IT               0x800'79d3   0x58  Code  Lc  stm32f4xx_hal_sd.o [1]
SD_SendStatus            0x800'79a1   0x32  Code  Lc  stm32f4xx_hal_sd.o [1]
SD_Write_IT              0x800'7a2b   0x58  Code  Lc  stm32f4xx_hal_sd.o [1]
SD_initialize            0x800'822b   0x20  Code  Gb  sd_diskio.o [1]
SD_ioctl                 0x800'82c5   0x64  Code  Gb  sd_diskio.o [1]
SD_read                  0x800'8259   0x36  Code  Gb  sd_diskio.o [1]
SD_status                0x800'824b    0xe  Code  Gb  sd_diskio.o [1]
SD_write                 0x800'828f   0x36  Code  Gb  sd_diskio.o [1]
SVC_Handler              0x800'83ff    0x2  Code  Gb  stm32f4xx_it.o [1]
SetMotionCommand         0x800'27d3   0x4e  Code  Gb  DeepJ60_Motor.o [1]
SetMotionParameters      0x800'2731   0xa2  Code  Gb  DeepJ60_Motor.o [1]
SetMotor                 0x800'01ad  0x20a  Code  Gb  GaitController.o [1]
SetNormalCommand         0x800'2821    0x8  Code  Gb  DeepJ60_Motor.o [1]
Stat                    0x2000'006c    0x1  Data  Lc  sd_diskio.o [1]
Stat                    0x2000'006e    0x1  Data  Lc  user_diskio.o [1]
SysTick_Config           0x800'4f61   0x30  Code  Lc  stm32f4xx_hal_cortex.o [1]
SysTick_Handler          0x800'8405    0x8  Code  Gb  stm32f4xx_it.o [1]
SystemClock_Config       0x800'4af9   0xae  Code  Gb  main.o [1]
SystemCoreClock         0x2000'0054    0x4  Data  Gb  system_stm32f4xx.o [1]
SystemInit               0x800'8651    0xc  Code  Gb  system_stm32f4xx.o [1]
TIM2_IRQHandler          0x800'842b    0xa  Code  Gb  stm32f4xx_it.o [1]
TIM_Base_SetConfig       0x800'5307   0xd2  Code  Gb  stm32f4xx_hal_tim.o [1]
TIM_OC1_SetConfig        0x800'53d9   0x64  Code  Lc  stm32f4xx_hal_tim.o [1]
TIM_OC2_SetConfig        0x800'543d   0x6e  Code  Gb  stm32f4xx_hal_tim.o [1]
TIM_OC3_SetConfig        0x800'54ad   0x6c  Code  Lc  stm32f4xx_hal_tim.o [1]
TIM_OC4_SetConfig        0x800'5519   0x4c  Code  Lc  stm32f4xx_hal_tim.o [1]
Torque                  0x2000'07e4   0x20  Data  Gb  GaitController.o [1]
Trot_FSM                 0x800'03bd  0x822  Code  Gb  GaitController.o [1]
TxMailBox               0x2000'0854    0x4  Data  Gb  DeepJ60_can.o [1]
UART7_IRQHandler         0x800'8467    0xa  Code  Gb  stm32f4xx_it.o [1]
UART8_IRQHandler         0x800'8471    0xa  Code  Gb  stm32f4xx_it.o [1]
UART_DMAAbortOnError     0x800'2295   0x16  Code  Lc  stm32f4xx_hal_uart.o [1]
UART_EndRxTransfer       0x800'222d   0x66  Code  Lc  stm32f4xx_hal_uart.o [1]
UART_EndTransmit_IT      0x800'2313   0x20  Code  Lc  stm32f4xx_hal_uart.o [1]
UART_Receive_IT          0x800'2333   0xf6  Code  Lc  stm32f4xx_hal_uart.o [1]
UART_SetConfig           0x800'2429  0x2fc  Code  Lc  stm32f4xx_hal_uart.o [1]
UART_Start_Receive_IT    0x800'21e9   0x44  Code  Gb  stm32f4xx_hal_uart.o [1]
UART_Transmit_IT         0x800'22ad   0x66  Code  Lc  stm32f4xx_hal_uart.o [1]
UART_WaitOnFlagUntilTimeout
                         0x800'2165   0x84  Code  Lc  stm32f4xx_hal_uart.o [1]
USART3_IRQHandler        0x800'8435    0xa  Code  Gb  stm32f4xx_it.o [1]
USART6_IRQHandler        0x800'845d    0xa  Code  Gb  stm32f4xx_it.o [1]
USERPath                0x2000'085c    0x4  Data  Gb  fatfs.o [1]
USER_Driver             0x2000'0058   0x14  Data  Gb  user_diskio.o [1]
USER_initialize          0x800'84f9    0xc  Code  Gb  user_diskio.o [1]
USER_ioctl               0x800'8529    0x8  Code  Gb  user_diskio.o [1]
USER_read                0x800'8515    0xa  Code  Gb  user_diskio.o [1]
USER_status              0x800'8505    0xc  Code  Gb  user_diskio.o [1]
USER_write               0x800'851f    0xa  Code  Gb  user_diskio.o [1]
UsageFault_Handler       0x800'83fd    0x2  Code  Gb  stm32f4xx_it.o [1]
Velocity                0x2000'07c4   0x20  Data  Gb  GaitController.o [1]
__NVIC_EnableIRQ         0x800'4ed5   0x20  Code  Lc  stm32f4xx_hal_cortex.o [1]
__NVIC_GetPriorityGrouping
                         0x800'4ec7    0xc  Code  Lc  stm32f4xx_hal_cortex.o [1]
__NVIC_SetPriority       0x800'4ef5   0x2c  Code  Lc  stm32f4xx_hal_cortex.o [1]
__NVIC_SetPriorityGrouping
                         0x800'4ea5   0x22  Code  Lc  stm32f4xx_hal_cortex.o [1]
__aeabi_cdcmpeq          0x800'6c01         Code  Gb  DblCmpEq.o [3]
__aeabi_cdcmple          0x800'68b5         Code  Gb  DblCmpLe.o [3]
__aeabi_cdrcmple         0x800'6c21         Code  Gb  DblCmpGe.o [3]
__aeabi_d2f              0x800'1cad         Code  Gb  DblToFlt.o [3]
__aeabi_dadd             0x800'47d5         Code  Gb  DblAdd.o [3]
__aeabi_ddiv             0x800'4445         Code  Gb  DblDiv.o [3]
__aeabi_dmul             0x800'1b09         Code  Gb  DblMul.o [3]
__aeabi_dsub             0x800'468d         Code  Gb  DblSub.o [3]
__aeabi_f2d              0x800'42e5         Code  Gb  FltToDbl.o [3]
__aeabi_ldiv0            0x800'55dd         Code  Gb  I64DivZer.o [4]
__aeabi_memclr4          0x800'3075         Code  Gb  ABImemclr4.o [4]
__aeabi_memcpy4          0x800'7a85         Code  Gb  ABImemcpy.o [4]
__aeabi_memcpy8          0x800'7a85         Code  Gb  ABImemcpy.o [4]
__aeabi_ui2d             0x800'1ab5         Code  Gb  U32ToDbl.o [3]
__aeabi_uldivmod         0x800'3f49         Code  Gb  I64DivMod.o [4]
__cmain                  0x800'85d5         Code  Gb  cmain.o [4]
__exit                   0x800'8609   0x14  Code  Gb  exit.o [5]
__iar_Atan64             0x800'68e5  0x1d0  Code  Gb  iar_Atan64.o [3]
__iar_Memset4_word       0x800'42b1         Code  Gb  ABImemset48.o [4]
__iar_Memset8_word       0x800'42b1         Code  Gb  ABImemset48.o [4]
__iar_acos64             0x800'5dc5   0xc8  Code  Gb  acos64.o [3]
__iar_dadd               0x800'469d         Code  Gb  DblSub.o [3]
__iar_data_init3         0x800'8569   0x28  Code  Gb  data_init.o [4]
__iar_dsub               0x800'47e5         Code  Gb  DblAdd.o [3]
__iar_dsubStart          0x800'47f7         Code  Gb  DblAdd.o [3]
__iar_init_vfp           0x800'8591         Code  Gb  fpinit_M.o [3]
__iar_packbits_init_single3
                         0x800'8531   0x38  Code  Gb  packbits_init_single.o [4]
__iar_program_start      0x800'8661         Code  Gb  cstartup_M.o [4]
__iar_round64            0x800'4781         Code  Gb  round.o [3]
__iar_sqrt64             0x800'4351         Code  Gb  sqrt.o [3]
__iar_vfp___iar_round64
                         0x800'4771         Code  Gb  round.o [3]
__iar_vfp___iar_sqrt64   0x800'4341         Code  Gb  sqrt.o [3]
__iar_vfp_acos           0x800'4333    0xc  Code  Gb  math_wrappers64.o [3]
__iar_vfp_round          0x800'4771         Code  Gb  round.o [3]
__iar_vfp_roundl         0x800'4771         Code  Gb  round.o [3]
__iar_vfp_sqrt           0x800'4341         Code  Gb  sqrt.o [3]
__iar_vfp_sqrtl          0x800'4341         Code  Gb  sqrt.o [3]
__iar_zero_init3         0x800'1acf   0x3a  Code  Gb  zero_init3.o [4]
__low_level_init         0x800'85f3    0x4  Code  Gb  low_level_init.o [2]
__vector_table           0x800'0000         Data  Gb  startup_stm32f427xx.o [1]
_call_main               0x800'85e1         Code  Gb  cmain.o [4]
_exit                    0x800'85fd         Code  Gb  cexit.o [4]
_main                    0x800'85ef         Code  Gb  cmain.o [4]
a                        0x800'84b8   0x40  Data  Lc  iar_Atan64.o [3]
acos                     0x800'5dc5   0xc8  Code  Gb  acos64.o [3]
acosl                    0x800'5dc5   0xc8  Code  Gb  acos64.o [3]
angle                   0x2000'0804   0x20  Data  Gb  main.o [1]
controller_signal       0x2000'0878    0x4  Data  Gb  usart.o [1]
disk                    0x2000'0840   0x10  Data  Gb  ff_gen_drv.o [1]
exit                     0x800'85f7    0x4  Code  Gb  exit.o [2]
hcan1                   0x2000'0774   0x28  Data  Gb  can.o [1]
hcan2                   0x2000'079c   0x28  Data  Gb  can.o [1]
hsd                     0x2000'04f0   0x84  Data  Gb  sdio.o [1]
htim2                   0x2000'05d0   0x48  Data  Gb  tim.o [1]
huart3                  0x2000'06a8   0x48  Data  Gb  usart.o [1]
huart6                  0x2000'06f0   0x48  Data  Gb  usart.o [1]
huart7                  0x2000'0618   0x48  Data  Gb  usart.o [1]
huart8                  0x2000'0660   0x48  Data  Gb  usart.o [1]
jump_controller         0x2000'0020    0xc  Data  Gb  GaitController.o [1]
last_t                  0x2000'004c    0x4  Data  Gb  main.o [1]
main                     0x800'4951  0x1a8  Code  Gb  main.o [1]
retSD                   0x2000'087c    0x1  Data  Gb  fatfs.o [1]
retUSER                 0x2000'087d    0x1  Data  Gb  fatfs.o [1]
rotate_controller       0x2000'0010   0x10  Data  Gb  GaitController.o [1]
round                    0x800'4781         Code  Gb  round.o [3]
roundl                   0x800'4781         Code  Gb  round.o [3]
sqrt                     0x800'4351         Code  Gb  sqrt.o [3]
sqrtl                    0x800'4351         Code  Gb  sqrt.o [3]
t                       0x2000'0870    0x4  Data  Gb  main.o [1]
trot_controller         0x2000'0000   0x10  Data  Gb  GaitController.o [1]
usart_motor_data        0x2000'0738   0x3c  Data  Gb  leg_control.o [1]
uwTick                  0x2000'0874    0x4  Data  Gb  stm32f4xx_hal.o [1]
uwTickFreq              0x2000'006d    0x1  Data  Gb  stm32f4xx_hal.o [1]
uwTickPrio              0x2000'0050    0x4  Data  Gb  stm32f4xx_hal.o [1]


[1] = F:\none\Study\Other\Robot\RTS team\Robocon-FourFoot-2025\Code\Quadruped_Robot_20241025_backup\EWARM\Quadruped_Robot_20241025\Obj
[2] = dl7M_tlf.a
[3] = m7M_tls.a
[4] = rt7M_tl.a
[5] = shb_l.a

  34 582 bytes of readonly  code memory
     244 bytes of readonly  data memory
   3 197 bytes of readwrite data memory

Errors: none
Warnings: none
