###############################################################################
#
# IAR ELF Linker V8.32.1.169/W32 for ARM                  19/Jan/2025  00:59:09
# Copyright 2007-2018 IAR Systems AB.
#
#    Output file  =  
#        F:\none\Study\Other\Robot\RTS
#        team\Robocon-FourFoot-2025\Code\Quadruped_Robot_20241025_backup\EWARM\Quadruped_Robot_20241025\Exe\Quadruped_Robot_20241025.out
#    Map file     =  
#        F:\none\Study\Other\Robot\RTS
#        team\Robocon-FourFoot-2025\Code\Quadruped_Robot_20241025_backup\EWARM\Quadruped_Robot_20241025\List\Quadruped_Robot_20241025.map
#    Command line =  
#        -f C:\Users\86136\AppData\Local\Temp\EW6508.tmp
#        ("F:\none\Study\Other\Robot\RTS
#        team\Robocon-FourFoot-2025\Code\Quadruped_Robot_20241025_backup\EWARM\Quadruped_Robot_20241025\Obj\bsp_driver_sd.o"
#        "F:\none\Study\Other\Robot\RTS
#        team\Robocon-FourFoot-2025\Code\Quadruped_Robot_20241025_backup\EWARM\Quadruped_Robot_20241025\Obj\Callback.o"
#        "F:\none\Study\Other\Robot\RTS
#        team\Robocon-FourFoot-2025\Code\Quadruped_Robot_20241025_backup\EWARM\Quadruped_Robot_20241025\Obj\can.o"
#        "F:\none\Study\Other\Robot\RTS
#        team\Robocon-FourFoot-2025\Code\Quadruped_Robot_20241025_backup\EWARM\Quadruped_Robot_20241025\Obj\cc936.o"
#        "F:\none\Study\Other\Robot\RTS
#        team\Robocon-FourFoot-2025\Code\Quadruped_Robot_20241025_backup\EWARM\Quadruped_Robot_20241025\Obj\CurvePlan.o"
#        "F:\none\Study\Other\Robot\RTS
#        team\Robocon-FourFoot-2025\Code\Quadruped_Robot_20241025_backup\EWARM\Quadruped_Robot_20241025\Obj\DeepJ60_can.o"
#        "F:\none\Study\Other\Robot\RTS
#        team\Robocon-FourFoot-2025\Code\Quadruped_Robot_20241025_backup\EWARM\Quadruped_Robot_20241025\Obj\DeepJ60_Motor.o"
#        "F:\none\Study\Other\Robot\RTS
#        team\Robocon-FourFoot-2025\Code\Quadruped_Robot_20241025_backup\EWARM\Quadruped_Robot_20241025\Obj\diskio.o"
#        "F:\none\Study\Other\Robot\RTS
#        team\Robocon-FourFoot-2025\Code\Quadruped_Robot_20241025_backup\EWARM\Quadruped_Robot_20241025\Obj\fatfs.o"
#        "F:\none\Study\Other\Robot\RTS
#        team\Robocon-FourFoot-2025\Code\Quadruped_Robot_20241025_backup\EWARM\Quadruped_Robot_20241025\Obj\ff.o"
#        "F:\none\Study\Other\Robot\RTS
#        team\Robocon-FourFoot-2025\Code\Quadruped_Robot_20241025_backup\EWARM\Quadruped_Robot_20241025\Obj\ff_gen_drv.o"
#        "F:\none\Study\Other\Robot\RTS
#        team\Robocon-FourFoot-2025\Code\Quadruped_Robot_20241025_backup\EWARM\Quadruped_Robot_20241025\Obj\GaitController.o"
#        "F:\none\Study\Other\Robot\RTS
#        team\Robocon-FourFoot-2025\Code\Quadruped_Robot_20241025_backup\EWARM\Quadruped_Robot_20241025\Obj\gpio.o"
#        "F:\none\Study\Other\Robot\RTS
#        team\Robocon-FourFoot-2025\Code\Quadruped_Robot_20241025_backup\EWARM\Quadruped_Robot_20241025\Obj\leg_control.o"
#        "F:\none\Study\Other\Robot\RTS
#        team\Robocon-FourFoot-2025\Code\Quadruped_Robot_20241025_backup\EWARM\Quadruped_Robot_20241025\Obj\LogSystem.o"
#        "F:\none\Study\Other\Robot\RTS
#        team\Robocon-FourFoot-2025\Code\Quadruped_Robot_20241025_backup\EWARM\Quadruped_Robot_20241025\Obj\main.o"
#        "F:\none\Study\Other\Robot\RTS
#        team\Robocon-FourFoot-2025\Code\Quadruped_Robot_20241025_backup\EWARM\Quadruped_Robot_20241025\Obj\sd_diskio.o"
#        "F:\none\Study\Other\Robot\RTS
#        team\Robocon-FourFoot-2025\Code\Quadruped_Robot_20241025_backup\EWARM\Quadruped_Robot_20241025\Obj\sdio.o"
#        "F:\none\Study\Other\Robot\RTS
#        team\Robocon-FourFoot-2025\Code\Quadruped_Robot_20241025_backup\EWARM\Quadruped_Robot_20241025\Obj\startup_stm32f427xx.o"
#        "F:\none\Study\Other\Robot\RTS
#        team\Robocon-FourFoot-2025\Code\Quadruped_Robot_20241025_backup\EWARM\Quadruped_Robot_20241025\Obj\stm32f4xx_hal.o"
#        "F:\none\Study\Other\Robot\RTS
#        team\Robocon-FourFoot-2025\Code\Quadruped_Robot_20241025_backup\EWARM\Quadruped_Robot_20241025\Obj\stm32f4xx_hal_can.o"
#        "F:\none\Study\Other\Robot\RTS
#        team\Robocon-FourFoot-2025\Code\Quadruped_Robot_20241025_backup\EWARM\Quadruped_Robot_20241025\Obj\stm32f4xx_hal_cortex.o"
#        "F:\none\Study\Other\Robot\RTS
#        team\Robocon-FourFoot-2025\Code\Quadruped_Robot_20241025_backup\EWARM\Quadruped_Robot_20241025\Obj\stm32f4xx_hal_dma.o"
#        "F:\none\Study\Other\Robot\RTS
#        team\Robocon-FourFoot-2025\Code\Quadruped_Robot_20241025_backup\EWARM\Quadruped_Robot_20241025\Obj\stm32f4xx_hal_dma_ex.o"
#        "F:\none\Study\Other\Robot\RTS
#        team\Robocon-FourFoot-2025\Code\Quadruped_Robot_20241025_backup\EWARM\Quadruped_Robot_20241025\Obj\stm32f4xx_hal_exti.o"
#        "F:\none\Study\Other\Robot\RTS
#        team\Robocon-FourFoot-2025\Code\Quadruped_Robot_20241025_backup\EWARM\Quadruped_Robot_20241025\Obj\stm32f4xx_hal_flash.o"
#        "F:\none\Study\Other\Robot\RTS
#        team\Robocon-FourFoot-2025\Code\Quadruped_Robot_20241025_backup\EWARM\Quadruped_Robot_20241025\Obj\stm32f4xx_hal_flash_ex.o"
#        "F:\none\Study\Other\Robot\RTS
#        team\Robocon-FourFoot-2025\Code\Quadruped_Robot_20241025_backup\EWARM\Quadruped_Robot_20241025\Obj\stm32f4xx_hal_flash_ramfunc.o"
#        "F:\none\Study\Other\Robot\RTS
#        team\Robocon-FourFoot-2025\Code\Quadruped_Robot_20241025_backup\EWARM\Quadruped_Robot_20241025\Obj\stm32f4xx_hal_gpio.o"
#        "F:\none\Study\Other\Robot\RTS
#        team\Robocon-FourFoot-2025\Code\Quadruped_Robot_20241025_backup\EWARM\Quadruped_Robot_20241025\Obj\stm32f4xx_hal_msp.o"
#        "F:\none\Study\Other\Robot\RTS
#        team\Robocon-FourFoot-2025\Code\Quadruped_Robot_20241025_backup\EWARM\Quadruped_Robot_20241025\Obj\stm32f4xx_hal_pwr.o"
#        "F:\none\Study\Other\Robot\RTS
#        team\Robocon-FourFoot-2025\Code\Quadruped_Robot_20241025_backup\EWARM\Quadruped_Robot_20241025\Obj\stm32f4xx_hal_pwr_ex.o"
#        "F:\none\Study\Other\Robot\RTS
#        team\Robocon-FourFoot-2025\Code\Quadruped_Robot_20241025_backup\EWARM\Quadruped_Robot_20241025\Obj\stm32f4xx_hal_rcc.o"
#        "F:\none\Study\Other\Robot\RTS
#        team\Robocon-FourFoot-2025\Code\Quadruped_Robot_20241025_backup\EWARM\Quadruped_Robot_20241025\Obj\stm32f4xx_hal_rcc_ex.o"
#        "F:\none\Study\Other\Robot\RTS
#        team\Robocon-FourFoot-2025\Code\Quadruped_Robot_20241025_backup\EWARM\Quadruped_Robot_20241025\Obj\stm32f4xx_hal_sd.o"
#        "F:\none\Study\Other\Robot\RTS
#        team\Robocon-FourFoot-2025\Code\Quadruped_Robot_20241025_backup\EWARM\Quadruped_Robot_20241025\Obj\stm32f4xx_hal_tim.o"
#        "F:\none\Study\Other\Robot\RTS
#        team\Robocon-FourFoot-2025\Code\Quadruped_Robot_20241025_backup\EWARM\Quadruped_Robot_20241025\Obj\stm32f4xx_hal_tim_ex.o"
#        "F:\none\Study\Other\Robot\RTS
#        team\Robocon-FourFoot-2025\Code\Quadruped_Robot_20241025_backup\EWARM\Quadruped_Robot_20241025\Obj\stm32f4xx_hal_uart.o"
#        "F:\none\Study\Other\Robot\RTS
#        team\Robocon-FourFoot-2025\Code\Quadruped_Robot_20241025_backup\EWARM\Quadruped_Robot_20241025\Obj\stm32f4xx_it.o"
#        "F:\none\Study\Other\Robot\RTS
#        team\Robocon-FourFoot-2025\Code\Quadruped_Robot_20241025_backup\EWARM\Quadruped_Robot_20241025\Obj\stm32f4xx_ll_sdmmc.o"
#        "F:\none\Study\Other\Robot\RTS
#        team\Robocon-FourFoot-2025\Code\Quadruped_Robot_20241025_backup\EWARM\Quadruped_Robot_20241025\Obj\syscall.o"
#        "F:\none\Study\Other\Robot\RTS
#        team\Robocon-FourFoot-2025\Code\Quadruped_Robot_20241025_backup\EWARM\Quadruped_Robot_20241025\Obj\system_stm32f4xx.o"
#        "F:\none\Study\Other\Robot\RTS
#        team\Robocon-FourFoot-2025\Code\Quadruped_Robot_20241025_backup\EWARM\Quadruped_Robot_20241025\Obj\tim.o"
#        "F:\none\Study\Other\Robot\RTS
#        team\Robocon-FourFoot-2025\Code\Quadruped_Robot_20241025_backup\EWARM\Quadruped_Robot_20241025\Obj\usart.o"
#        "F:\none\Study\Other\Robot\RTS
#        team\Robocon-FourFoot-2025\Code\Quadruped_Robot_20241025_backup\EWARM\Quadruped_Robot_20241025\Obj\user_diskio.o"
#        --no_out_extension -o "F:\none\Study\Other\Robot\RTS
#        team\Robocon-FourFoot-2025\Code\Quadruped_Robot_20241025_backup\EWARM\Quadruped_Robot_20241025\Exe\Quadruped_Robot_20241025.out"
#        --redirect _Printf=_PrintfFullNoMb --redirect _Scanf=_ScanfFullNoMb
#        --map "F:\none\Study\Other\Robot\RTS
#        team\Robocon-FourFoot-2025\Code\Quadruped_Robot_20241025_backup\EWARM\Quadruped_Robot_20241025\List\Quadruped_Robot_20241025.map"
#        --config "F:\none\Study\Other\Robot\RTS
#        team\Robocon-FourFoot-2025\Code\Quadruped_Robot_20241025_backup\EWARM/stm32f427xx_flash.icf"
#        --semihosting --entry __iar_program_start --vfe --text_out locale)
#
###############################################################################

*******************************************************************************
*** RUNTIME MODEL ATTRIBUTES
***

CppFlavor       = *
__SystemLibrary = DLib
__dlib_version  = 6


*******************************************************************************
*** HEAP SELECTION
***

The basic heap was selected because no calls to memory allocation
functions were found in the application outside of system library
functions, and there are calls to deallocation functions in the
application.


*******************************************************************************
*** PLACEMENT SUMMARY
***

"A0":  place at 0x800'0000 { ro section .intvec };
"P1":  place in [from 0x800'0000 to 0x81f'ffff] { ro };
define block CSTACK with size = 1K, alignment = 8 { };
define block HEAP with size = 512, alignment = 8 { };
"P2":  place in [from 0x2000'0000 to 0x2002'ffff] {
          rw, block CSTACK, block HEAP };
initialize by copy { rw };

  Section            Kind         Address    Size  Object
  -------            ----         -------    ----  ------
"A0":                                       0x1ac
  .intvec            ro code   0x800'0000   0x1ac  startup_stm32f427xx.o [1]
                             - 0x800'01ac   0x1ac

"P1":                                      0x816e
  .text              ro code   0x800'01ac  0x1458  GaitController.o [1]
  .text              ro code   0x800'1604   0xa1c  stm32f4xx_hal_uart.o [1]
  .text              ro code   0x800'2020   0x91c  DeepJ60_Motor.o [1]
  .text              ro code   0x800'293c    0x28  stm32f4xx_hal.o [1]
  .text              ro code   0x800'2964     0x6  ABImemclr4.o [4]
  .text              ro code   0x800'296a    0x3a  zero_init3.o [4]
  .text              ro code   0x800'29a4   0x5d8  leg_control.o [1]
  .text              ro code   0x800'2f7c    0x48  FltToDbl.o [3]
  .text              ro code   0x800'2fc4   0x17a  DblAdd.o [3]
  .text              ro code   0x800'3140    0x68  DblToFlt.o [3]
  .text              ro code   0x800'31a8   0x2c8  usart.o [1]
  .text              ro code   0x800'3470     0xc  stm32f4xx_hal.o [1]
  .text              ro code   0x800'347c    0xc4  stm32f4xx_hal_dma.o [1]
  .text              ro code   0x800'3540     0x2  stm32f4xx_hal_uart.o [1]
  .text              ro code   0x800'3542     0x2  stm32f4xx_hal_uart.o [1]
  .text              ro code   0x800'3544     0x2  stm32f4xx_hal_uart.o [1]
  .text              ro code   0x800'3548   0x304  Callback.o [1]
  .text              ro code   0x800'384c   0x22c  stm32f4xx_hal_rcc.o [1]
  .text              ro code   0x800'3a78   0x230  I64DivMod.o [4]
  .text              ro code   0x800'3ca8   0x138  DeepJ60_can.o [1]
  .text              ro code   0x800'3de0    0x32  ABImemset48.o [4]
  .text              ro code   0x800'3e14    0x12  math_wrappers64.o [3]
  .text              ro code   0x800'3e28   0x102  sqrt.o [3]
  .text              ro code   0x800'3f2c   0x246  DblDiv.o [3]
  .text              ro code   0x800'4174   0x1a2  DblMul.o [3]
  .text              ro code   0x800'4318    0xe2  DblSub.o [3]
  .text              ro code   0x800'43fc    0x62  round.o [3]
  .text              ro code   0x800'4460   0x290  main.o [1]
  .text              ro code   0x800'46f0   0x2c2  stm32f4xx_hal_gpio.o [1]
  .text              ro code   0x800'49b4   0x15c  stm32f4xx_hal_cortex.o [1]
  .text              ro code   0x800'4b10   0x590  stm32f4xx_hal_tim.o [1]
  .text              ro code   0x800'50a0    0x4c  stm32f4xx_hal.o [1]
  .text              ro code   0x800'50ec     0x2  I64DivZer.o [4]
  .text              ro code   0x800'50f0   0x7e2  stm32f4xx_hal_can.o [1]
  .text              ro code   0x800'58d4    0xc8  acos64.o [3]
  .text              ro code   0x800'599c    0x34  stm32f4xx_hal.o [1]
  .text              ro code   0x800'59d0   0x114  gpio.o [1]
  .text              ro code   0x800'5ae4   0x27c  can.o [1]
  .text              ro code   0x800'5d60    0xe4  sdio.o [1]
  .text              ro code   0x800'5e44    0x34  fatfs.o [1]
  .text              ro code   0x800'5e78    0xc0  tim.o [1]
  .text              ro code   0x800'5f38   0x3ec  stm32f4xx_hal_rcc.o [1]
  .text              ro code   0x800'6324    0x7c  stm32f4xx_hal_pwr_ex.o [1]
  .text              ro code   0x800'63a0     0x2  stm32f4xx_hal_tim.o [1]
  .text              ro code   0x800'63a2     0x2  stm32f4xx_hal_tim.o [1]
  .text              ro code   0x800'63a4     0x2  stm32f4xx_hal_tim.o [1]
  .text              ro code   0x800'63a6     0x2  stm32f4xx_hal_tim_ex.o [1]
  .text              ro code   0x800'63a8     0x2  stm32f4xx_hal_tim.o [1]
  .text              ro code   0x800'63aa     0x2  stm32f4xx_hal_tim_ex.o [1]
  .text              ro code   0x800'63ac     0x2  stm32f4xx_hal_can.o [1]
  .text              ro code   0x800'63ae     0x2  stm32f4xx_hal_can.o [1]
  .text              ro code   0x800'63b0     0x2  stm32f4xx_hal_can.o [1]
  .text              ro code   0x800'63b2     0x2  stm32f4xx_hal_can.o [1]
  .text              ro code   0x800'63b4     0x2  stm32f4xx_hal_can.o [1]
  .text              ro code   0x800'63b6     0x2  stm32f4xx_hal_can.o [1]
  .text              ro code   0x800'63b8     0x2  stm32f4xx_hal_can.o [1]
  .text              ro code   0x800'63ba     0x2  stm32f4xx_hal_can.o [1]
  .text              ro code   0x800'63bc     0x2  stm32f4xx_hal_can.o [1]
  .text              ro code   0x800'63be     0x2  stm32f4xx_hal_can.o [1]
  .text              ro code   0x800'63c0     0x2  stm32f4xx_hal_can.o [1]
  .text              ro code   0x800'63c2     0x2  stm32f4xx_hal_can.o [1]
  .text              ro code   0x800'63c4    0x2e  DblCmpLe.o [3]
  .text              ro code   0x800'63f4   0x1d0  iar_Atan64.o [3]
  .text              ro code   0x800'65c4    0x40  stm32f4xx_hal_msp.o [1]
  .text              ro code   0x800'6604    0x60  ff_gen_drv.o [1]
  .text              ro code   0x800'6664    0xac  stm32f4xx_hal_tim_ex.o [1]
  .text              ro code   0x800'6710    0x20  DblCmpEq.o [3]
  .text              ro code   0x800'6730    0x2e  DblCmpGe.o [3]
  .text              ro code   0x800'6760   0xe32  stm32f4xx_hal_sd.o [1]
  .text              ro code   0x800'7594    0x86  ABImemcpy.o [4]
  .text              ro code   0x800'761c   0x6d8  stm32f4xx_ll_sdmmc.o [1]
  .text              ro code   0x800'7cf4     0x2  stm32f4xx_hal_sd.o [1]
  .text              ro code   0x800'7cf6    0x20  bsp_driver_sd.o [1]
  .text              ro code   0x800'7d16     0x2  bsp_driver_sd.o [1]
  .text              ro code   0x800'7d18     0x2  bsp_driver_sd.o [1]
  .text              ro code   0x800'7d1c   0x120  sd_diskio.o [1]
  .text              ro code   0x800'7e3c    0x1c  bsp_driver_sd.o [1]
  .text              ro code   0x800'7e58    0x20  bsp_driver_sd.o [1]
  .text              ro code   0x800'7e78    0x34  bsp_driver_sd.o [1]
  .text              ro code   0x800'7eac    0x34  bsp_driver_sd.o [1]
  .text              ro code   0x800'7ee0    0x14  bsp_driver_sd.o [1]
  .text              ro code   0x800'7ef4    0x10  bsp_driver_sd.o [1]
  .text              ro code   0x800'7f04    0xa8  stm32f4xx_it.o [1]
  .text              ro code   0x800'7fac    0x18  stm32f4xx_hal.o [1]
  .rodata            const     0x800'7fc8    0x40  iar_Atan64.o [3]
  .text              ro code   0x800'8008    0x38  user_diskio.o [1]
  .text              ro code   0x800'8040    0x38  packbits_init_single.o [4]
  .text              ro code   0x800'8078    0x28  data_init.o [4]
  .text              ro code   0x800'80a0    0x22  fpinit_M.o [3]
  .iar.init_table    const     0x800'80c4    0x20  - Linker created -
  .text              ro code   0x800'80e4    0x1e  cmain.o [4]
  .text              ro code   0x800'8102     0x4  low_level_init.o [2]
  .text              ro code   0x800'8106     0x4  exit.o [2]
  .text              ro code   0x800'810c     0xa  cexit.o [4]
  .text              ro code   0x800'8118    0x14  exit.o [5]
  .rodata            const     0x800'812c    0x14  sd_diskio.o [1]
  .rodata            const     0x800'8140    0x10  system_stm32f4xx.o [1]
  .text              ro code   0x800'8150    0x10  startup_stm32f427xx.o [1]
  .text              ro code   0x800'8160    0x10  system_stm32f4xx.o [1]
  .text              ro code   0x800'8170     0xc  cstartup_M.o [4]
  .rodata            const     0x800'817c     0x8  system_stm32f4xx.o [1]
  .rodata            const     0x800'8184     0x8  tim.o [1]
  .text              ro code   0x800'818c     0x4  startup_stm32f427xx.o [1]
  .text              ro code   0x800'8190     0x4  startup_stm32f427xx.o [1]
  .text              ro code   0x800'8194     0x4  startup_stm32f427xx.o [1]
  .text              ro code   0x800'8198     0x4  startup_stm32f427xx.o [1]
  .text              ro code   0x800'819c     0x4  startup_stm32f427xx.o [1]
  .text              ro code   0x800'81a0     0x4  startup_stm32f427xx.o [1]
  .text              ro code   0x800'81a4     0x4  startup_stm32f427xx.o [1]
  .text              ro code   0x800'81a8     0x4  startup_stm32f427xx.o [1]
  .text              ro code   0x800'81ac     0x4  startup_stm32f427xx.o [1]
  .text              ro code   0x800'81b0     0x4  startup_stm32f427xx.o [1]
  .text              ro code   0x800'81b4     0x4  startup_stm32f427xx.o [1]
  .text              ro code   0x800'81b8     0x4  startup_stm32f427xx.o [1]
  .text              ro code   0x800'81bc     0x4  startup_stm32f427xx.o [1]
  .text              ro code   0x800'81c0     0x4  startup_stm32f427xx.o [1]
  .text              ro code   0x800'81c4     0x4  startup_stm32f427xx.o [1]
  .text              ro code   0x800'81c8     0x4  startup_stm32f427xx.o [1]
  .text              ro code   0x800'81cc     0x4  startup_stm32f427xx.o [1]
  .text              ro code   0x800'81d0     0x4  startup_stm32f427xx.o [1]
  .text              ro code   0x800'81d4     0x4  startup_stm32f427xx.o [1]
  .text              ro code   0x800'81d8     0x4  startup_stm32f427xx.o [1]
  .text              ro code   0x800'81dc     0x4  startup_stm32f427xx.o [1]
  .text              ro code   0x800'81e0     0x4  startup_stm32f427xx.o [1]
  .text              ro code   0x800'81e4     0x4  startup_stm32f427xx.o [1]
  .text              ro code   0x800'81e8     0x4  startup_stm32f427xx.o [1]
  .text              ro code   0x800'81ec     0x4  startup_stm32f427xx.o [1]
  .text              ro code   0x800'81f0     0x4  startup_stm32f427xx.o [1]
  .text              ro code   0x800'81f4     0x4  startup_stm32f427xx.o [1]
  .text              ro code   0x800'81f8     0x4  startup_stm32f427xx.o [1]
  .text              ro code   0x800'81fc     0x4  startup_stm32f427xx.o [1]
  .text              ro code   0x800'8200     0x4  startup_stm32f427xx.o [1]
  .text              ro code   0x800'8204     0x4  startup_stm32f427xx.o [1]
  .text              ro code   0x800'8208     0x4  startup_stm32f427xx.o [1]
  .text              ro code   0x800'820c     0x4  startup_stm32f427xx.o [1]
  .text              ro code   0x800'8210     0x4  startup_stm32f427xx.o [1]
  .text              ro code   0x800'8214     0x4  startup_stm32f427xx.o [1]
  .text              ro code   0x800'8218     0x4  startup_stm32f427xx.o [1]
  .text              ro code   0x800'821c     0x4  startup_stm32f427xx.o [1]
  .text              ro code   0x800'8220     0x4  startup_stm32f427xx.o [1]
  .text              ro code   0x800'8224     0x4  startup_stm32f427xx.o [1]
  .text              ro code   0x800'8228     0x4  startup_stm32f427xx.o [1]
  .text              ro code   0x800'822c     0x4  startup_stm32f427xx.o [1]
  .text              ro code   0x800'8230     0x4  startup_stm32f427xx.o [1]
  .text              ro code   0x800'8234     0x4  startup_stm32f427xx.o [1]
  .text              ro code   0x800'8238     0x4  startup_stm32f427xx.o [1]
  .text              ro code   0x800'823c     0x4  startup_stm32f427xx.o [1]
  .text              ro code   0x800'8240     0x4  startup_stm32f427xx.o [1]
  .text              ro code   0x800'8244     0x4  startup_stm32f427xx.o [1]
  .text              ro code   0x800'8248     0x4  startup_stm32f427xx.o [1]
  .text              ro code   0x800'824c     0x4  startup_stm32f427xx.o [1]
  .text              ro code   0x800'8250     0x4  startup_stm32f427xx.o [1]
  .text              ro code   0x800'8254     0x4  startup_stm32f427xx.o [1]
  .text              ro code   0x800'8258     0x4  startup_stm32f427xx.o [1]
  .text              ro code   0x800'825c     0x4  startup_stm32f427xx.o [1]
  .text              ro code   0x800'8260     0x4  startup_stm32f427xx.o [1]
  .text              ro code   0x800'8264     0x4  startup_stm32f427xx.o [1]
  .text              ro code   0x800'8268     0x4  startup_stm32f427xx.o [1]
  .text              ro code   0x800'826c     0x4  startup_stm32f427xx.o [1]
  .text              ro code   0x800'8270     0x4  startup_stm32f427xx.o [1]
  .text              ro code   0x800'8274     0x4  startup_stm32f427xx.o [1]
  .text              ro code   0x800'8278     0x4  startup_stm32f427xx.o [1]
  .text              ro code   0x800'827c     0x4  startup_stm32f427xx.o [1]
  .text              ro code   0x800'8280     0x4  startup_stm32f427xx.o [1]
  .text              ro code   0x800'8284     0x4  startup_stm32f427xx.o [1]
  .text              ro code   0x800'8288     0x4  startup_stm32f427xx.o [1]
  .text              ro code   0x800'828c     0x4  startup_stm32f427xx.o [1]
  .text              ro code   0x800'8290     0x4  startup_stm32f427xx.o [1]
  .text              ro code   0x800'8294     0x4  startup_stm32f427xx.o [1]
  .text              ro code   0x800'8298     0x4  startup_stm32f427xx.o [1]
  .text              ro code   0x800'829c     0x4  startup_stm32f427xx.o [1]
  .text              ro code   0x800'82a0     0x4  startup_stm32f427xx.o [1]
  .text              ro code   0x800'82a4     0x4  startup_stm32f427xx.o [1]
  .text              ro code   0x800'82a8     0x4  startup_stm32f427xx.o [1]
  .text              ro code   0x800'82ac     0x4  startup_stm32f427xx.o [1]
  .text              ro code   0x800'82b0     0x4  startup_stm32f427xx.o [1]
  .text              ro code   0x800'82b4     0x4  startup_stm32f427xx.o [1]
  .text              ro code   0x800'82b8     0x4  startup_stm32f427xx.o [1]
  .text              ro code   0x800'82bc     0x4  startup_stm32f427xx.o [1]
  .rodata            const     0x800'82c0     0x0  zero_init3.o [4]
  .rodata            const     0x800'82c0     0x0  packbits_init_single.o [4]
  Initializer bytes  const     0x800'82c0    0x5a  <for P2-1>
                             - 0x800'831a  0x816e

"P2", part 1 of 3:                           0x6f
  P2-1                        0x2000'0000    0x6f  <Init block>
    .data            inited   0x2000'0000    0x10  GaitController.o [1]
    .data            inited   0x2000'0010    0x10  GaitController.o [1]
    .data            inited   0x2000'0020     0xc  GaitController.o [1]
    .data            inited   0x2000'002c    0x10  leg_control.o [1]
    .data            inited   0x2000'003c    0x10  leg_control.o [1]
    .data            inited   0x2000'004c     0x4  main.o [1]
    .data            inited   0x2000'0050     0x4  stm32f4xx_hal.o [1]
    .data            inited   0x2000'0054     0x4  system_stm32f4xx.o [1]
    .data            inited   0x2000'0058    0x14  user_diskio.o [1]
    .data            inited   0x2000'006c     0x1  sd_diskio.o [1]
    .data            inited   0x2000'006d     0x1  stm32f4xx_hal.o [1]
    .data            inited   0x2000'006e     0x1  user_diskio.o [1]
                            - 0x2000'006f    0x6f

"P2", part 2 of 3:                          0x7a4
  .bss               zero     0x2000'0070   0x240  DeepJ60_Motor.o [1]
  .bss               zero     0x2000'02b0   0x240  DeepJ60_Motor.o [1]
  .bss               zero     0x2000'04f0    0x84  sdio.o [1]
  .bss               zero     0x2000'0574    0x5c  DeepJ60_can.o [1]
  .bss               zero     0x2000'05d0    0x48  tim.o [1]
  .bss               zero     0x2000'0618    0x48  usart.o [1]
  .bss               zero     0x2000'0660    0x48  usart.o [1]
  .bss               zero     0x2000'06a8    0x48  usart.o [1]
  .bss               zero     0x2000'06f0    0x48  usart.o [1]
  .bss               zero     0x2000'0738    0x28  can.o [1]
  .bss               zero     0x2000'0760    0x28  can.o [1]
  .bss               zero     0x2000'0788    0x20  main.o [1]
  .bss               zero     0x2000'07a8    0x1c  DeepJ60_can.o [1]
  .bss               zero     0x2000'07c4    0x10  ff_gen_drv.o [1]
  .bss               zero     0x2000'07d4    0x10  leg_control.o [1]
  .bss               zero     0x2000'07e4     0x4  can.o [1]
  .bss               zero     0x2000'07e8     0x4  DeepJ60_can.o [1]
  .bss               zero     0x2000'07ec     0x4  fatfs.o [1]
  .bss               zero     0x2000'07f0     0x4  fatfs.o [1]
  .bss               zero     0x2000'07f4     0x4  GaitController.o [1]
  .bss               zero     0x2000'07f8     0x4  GaitController.o [1]
  .bss               zero     0x2000'07fc     0x4  GaitController.o [1]
  .bss               zero     0x2000'0800     0x4  GaitController.o [1]
  .bss               zero     0x2000'0804     0x4  main.o [1]
  .bss               zero     0x2000'0808     0x4  stm32f4xx_hal.o [1]
  .bss               zero     0x2000'080c     0x4  usart.o [1]
  .bss               zero     0x2000'0810     0x1  fatfs.o [1]
  .bss               zero     0x2000'0811     0x1  fatfs.o [1]
                            - 0x2000'0812   0x7a2

"P2", part 3 of 3:                          0x400
  CSTACK                      0x2000'0818   0x400  <Block>
    CSTACK           uninit   0x2000'0818   0x400  <Block tail>
                            - 0x2000'0c18   0x400

Unused ranges:

         From           To       Size
         ----           --       ----
   0x800'831a   0x81f'ffff  0x1f'7ce6
  0x2000'006f  0x2000'006f        0x1
  0x2000'0814  0x2000'0817        0x4
  0x2000'0c18  0x2002'ffff   0x2'f3e8


*******************************************************************************
*** INIT TABLE
***

          Address      Size
          -------      ----
Zero (__iar_zero_init3)
    1 destination range, total size 0x7a2:
          0x2000'0070  0x7a2

Copy/packbits (__iar_packbits_init_single3)
    1 source range, total size 0x5a (81% of destination):
           0x800'82c0   0x5a
    1 destination range, total size 0x6f:
          0x2000'0000   0x6f



*******************************************************************************
*** MODULE SUMMARY
***

    Module                  ro code  ro data  rw data
    ------                  -------  -------  -------
command line/config:
    -------------------------------------------------
    Total:

F:\none\Study\Other\Robot\RTS team\Robocon-FourFoot-2025\Code\Quadruped_Robot_20241025_backup\EWARM\Quadruped_Robot_20241025\Obj: [1]
    Callback.o                  772
    DeepJ60_Motor.o           2 332             1 152
    DeepJ60_can.o               312               124
    GaitController.o          5 208       35       60
    bsp_driver_sd.o             236
    can.o                       636                84
    fatfs.o                      52                10
    ff_gen_drv.o                 96                16
    gpio.o                      276
    leg_control.o             1 496       26       48
    main.o                      656        3       40
    sd_diskio.o                 288       21        1
    sdio.o                      228               132
    startup_stm32f427xx.o       752
    stm32f4xx_hal.o             204        5        9
    stm32f4xx_hal_can.o       2 042
    stm32f4xx_hal_cortex.o      348
    stm32f4xx_hal_dma.o         196
    stm32f4xx_hal_gpio.o        706
    stm32f4xx_hal_msp.o          64
    stm32f4xx_hal_pwr_ex.o      124
    stm32f4xx_hal_rcc.o       1 560
    stm32f4xx_hal_sd.o        3 636
    stm32f4xx_hal_tim.o       1 432
    stm32f4xx_hal_tim_ex.o      176
    stm32f4xx_hal_uart.o      2 594
    stm32f4xx_it.o              168
    stm32f4xx_ll_sdmmc.o      1 752
    system_stm32f4xx.o           16       27        4
    tim.o                       192        8       72
    usart.o                     712               292
    user_diskio.o                56       17       21
    -------------------------------------------------
    Total:                   29 318      142    2 065

dl7M_tlf.a: [2]
    exit.o                        4
    low_level_init.o              4
    -------------------------------------------------
    Total:                        8

m7M_tls.a: [3]
    DblAdd.o                    378
    DblCmpEq.o                   32
    DblCmpGe.o                   46
    DblCmpLe.o                   46
    DblDiv.o                    582
    DblMul.o                    418
    DblSub.o                    226
    DblToFlt.o                  104
    FltToDbl.o                   72
    acos64.o                    200
    fpinit_M.o                   34
    iar_Atan64.o                464       64
    math_wrappers64.o            18
    round.o                      98
    sqrt.o                      258
    -------------------------------------------------
    Total:                    2 976       64

rt7M_tl.a: [4]
    ABImemclr4.o                  6
    ABImemcpy.o                 134
    ABImemset48.o                50
    I64DivMod.o                 560
    I64DivZer.o                   2
    cexit.o                      10
    cmain.o                      30
    cstartup_M.o                 12
    data_init.o                  40
    packbits_init_single.o       56
    zero_init3.o                 58
    -------------------------------------------------
    Total:                      958

shb_l.a: [5]
    exit.o                       20
    -------------------------------------------------
    Total:                       20

    Gaps                         38        6
    Linker created                        32    1 024
-----------------------------------------------------
    Grand Total:             33 318      244    3 089


*******************************************************************************
*** ENTRY LIST
***

Entry                       Address   Size  Type      Object
-----                       -------   ----  ----      ------
.iar.init_table$$Base    0x800'80c4          --   Gb  - Linker created -
.iar.init_table$$Limit   0x800'80e4          --   Gb  - Linker created -
?main                    0x800'80e5         Code  Gb  cmain.o [4]
AHBPrescTable            0x800'8140   0x10  Data  Gb  system_stm32f4xx.o [1]
APBPrescTable            0x800'817c    0x8  Data  Gb  system_stm32f4xx.o [1]
AnalyseJ60MotorReceiveData_new
                         0x800'28f9   0x30  Code  Gb  DeepJ60_Motor.o [1]
BSP_SD_GetCardInfo       0x800'7ee1   0x14  Code  Wk  bsp_driver_sd.o [1]
BSP_SD_GetCardState      0x800'7e3d   0x1c  Code  Wk  bsp_driver_sd.o [1]
BSP_SD_Init              0x800'7e59   0x20  Code  Wk  bsp_driver_sd.o [1]
BSP_SD_ReadBlocks        0x800'7e79   0x34  Code  Wk  bsp_driver_sd.o [1]
BSP_SD_WriteBlocks       0x800'7ead   0x34  Code  Wk  bsp_driver_sd.o [1]
BusFault_Handler         0x800'7f0b    0x2  Code  Gb  stm32f4xx_it.o [1]
CAN1_FilterConfig        0x800'5cc9   0x38  Code  Gb  can.o [1]
CAN1_RX0_IRQHandler      0x800'7f27    0xa  Code  Gb  stm32f4xx_it.o [1]
CAN1_RX1_IRQHandler      0x800'7f31    0xa  Code  Gb  stm32f4xx_it.o [1]
CAN2_FilterConfig        0x800'5d01   0x38  Code  Gb  can.o [1]
CAN2_RX0_IRQHandler      0x800'7f59    0xa  Code  Gb  stm32f4xx_it.o [1]
CAN2_RX1_IRQHandler      0x800'7f63    0xa  Code  Gb  stm32f4xx_it.o [1]
CSTACK$$Base            0x2000'0818          --   Gb  - Linker created -
CSTACK$$Limit           0x2000'0c18          --   Gb  - Linker created -
Can                     0x2000'0574   0x5c  Data  Gb  DeepJ60_can.o [1]
CanDataToRealData        0x800'3cd3   0x2a  Code  Gb  DeepJ60_can.o [1]
CanRxInformation        0x2000'07a8   0x1c  Data  Gb  DeepJ60_can.o [1]
Can_Receive_new          0x800'3daf   0x20  Code  Gb  DeepJ60_can.o [1]
Can_Send                 0x800'3cfd   0xb2  Code  Gb  DeepJ60_can.o [1]
Cubic_Bezier             0x800'2c05  0x354  Code  Gb  leg_control.o [1]
Debug1                  0x2000'07f4    0x4  Data  Gb  GaitController.o [1]
Debug2                  0x2000'07f8    0x4  Data  Gb  GaitController.o [1]
Debug3                  0x2000'07fc    0x4  Data  Gb  GaitController.o [1]
Debug4                  0x2000'0800    0x4  Data  Gb  GaitController.o [1]
DebugMon_Handler         0x800'7f11    0x2  Code  Gb  stm32f4xx_it.o [1]
EXTI1_IRQHandler         0x800'7f1d    0xa  Code  Gb  stm32f4xx_it.o [1]
EnableJ60Motor           0x800'22d1   0x3c  Code  Gb  DeepJ60_Motor.o [1]
Error_Handler            0x800'46ed    0x4  Code  Gb  main.o [1]
FATFS_LinkDriver         0x800'664d   0x12  Code  Gb  ff_gen_drv.o [1]
FATFS_LinkDriverEx       0x800'6605   0x48  Code  Gb  ff_gen_drv.o [1]
GetJ60MotorCanID         0x800'22bd    0xe  Code  Gb  DeepJ60_Motor.o [1]
HAL_CAN_ActivateNotification
                         0x800'567b   0x34  Code  Gb  stm32f4xx_hal_can.o [1]
HAL_CAN_AddTxMessage     0x800'53e5  0x126  Code  Gb  stm32f4xx_hal_can.o [1]
HAL_CAN_ConfigFilter     0x800'525d  0x128  Code  Gb  stm32f4xx_hal_can.o [1]
HAL_CAN_GetRxMessage     0x800'550b  0x170  Code  Gb  stm32f4xx_hal_can.o [1]
HAL_CAN_IRQHandler       0x800'56af  0x224  Code  Gb  stm32f4xx_hal_can.o [1]
HAL_CAN_Init             0x800'50f1  0x16c  Code  Gb  stm32f4xx_hal_can.o [1]
HAL_CAN_MspInit          0x800'5b99  0x130  Code  Gb  can.o [1]
HAL_CAN_RxFifo0MsgPendingCallback
                         0x800'3549   0x34  Code  Gb  Callback.o [1]
HAL_CAN_Start            0x800'5385   0x5c  Code  Gb  stm32f4xx_hal_can.o [1]
HAL_DMA_Abort            0x800'347d   0x9c  Code  Gb  stm32f4xx_hal_dma.o [1]
HAL_DMA_Abort_IT         0x800'3519   0x28  Code  Gb  stm32f4xx_hal_dma.o [1]
HAL_Delay                0x800'293d   0x28  Code  Wk  stm32f4xx_hal.o [1]
HAL_GPIO_EXTI_IRQHandler
                         0x800'494b   0x20  Code  Gb  stm32f4xx_hal_gpio.o [1]
HAL_GPIO_Init            0x800'46f1  0x240  Code  Gb  stm32f4xx_hal_gpio.o [1]
HAL_GPIO_WritePin        0x800'4931   0x1a  Code  Gb  stm32f4xx_hal_gpio.o [1]
HAL_GetTick              0x800'3471    0xc  Code  Wk  stm32f4xx_hal.o [1]
HAL_IncTick              0x800'7fad   0x18  Code  Wk  stm32f4xx_hal.o [1]
HAL_Init                 0x800'599d   0x30  Code  Gb  stm32f4xx_hal.o [1]
HAL_InitTick             0x800'50a1   0x4c  Code  Wk  stm32f4xx_hal.o [1]
HAL_MspInit              0x800'65c5   0x40  Code  Gb  stm32f4xx_hal_msp.o [1]
HAL_NVIC_EnableIRQ       0x800'4ad7    0xe  Code  Gb  stm32f4xx_hal_cortex.o [1]
HAL_NVIC_SetPriority     0x800'4aad   0x2a  Code  Gb  stm32f4xx_hal_cortex.o [1]
HAL_NVIC_SetPriorityGrouping
                         0x800'4aa1    0xc  Code  Gb  stm32f4xx_hal_cortex.o [1]
HAL_PWREx_EnableOverDrive
                         0x800'6325   0x6a  Code  Gb  stm32f4xx_hal_pwr_ex.o [1]
HAL_RCC_CAN1_CLK_ENABLED
                        0x2000'07e4    0x4  Data  Lc  can.o [1]
HAL_RCC_ClockConfig      0x800'384d  0x140  Code  Gb  stm32f4xx_hal_rcc.o [1]
HAL_RCC_GetHCLKFreq      0x800'398d    0x6  Code  Gb  stm32f4xx_hal_rcc.o [1]
HAL_RCC_GetPCLK1Freq     0x800'3993   0x16  Code  Gb  stm32f4xx_hal_rcc.o [1]
HAL_RCC_GetPCLK2Freq     0x800'39a9   0x16  Code  Gb  stm32f4xx_hal_rcc.o [1]
HAL_RCC_OscConfig        0x800'5f39  0x3ec  Code  Wk  stm32f4xx_hal_rcc.o [1]
HAL_SD_AbortCallback     0x800'7cf7    0xa  Code  Gb  bsp_driver_sd.o [1]
HAL_SD_GetCardCSD        0x800'6ff5  0x1f4  Code  Gb  stm32f4xx_hal_sd.o [1]
HAL_SD_GetCardInfo       0x800'71e9   0x26  Code  Gb  stm32f4xx_hal_sd.o [1]
HAL_SD_GetCardState      0x800'720f   0x24  Code  Gb  stm32f4xx_hal_sd.o [1]
HAL_SD_IRQHandler        0x800'6e21  0x1d4  Code  Gb  stm32f4xx_hal_sd.o [1]
HAL_SD_Init              0x800'6761   0x44  Code  Gb  stm32f4xx_hal_sd.o [1]
HAL_SD_InitCard          0x800'67a5   0xbe  Code  Gb  stm32f4xx_hal_sd.o [1]
HAL_SD_MspInit           0x800'5d81   0xaa  Code  Gb  sdio.o [1]
HAL_SD_ReadBlocks        0x800'6863  0x310  Code  Gb  stm32f4xx_hal_sd.o [1]
HAL_SD_RxCpltCallback    0x800'7d0b    0xa  Code  Gb  bsp_driver_sd.o [1]
HAL_SD_TxCpltCallback    0x800'7d01    0xa  Code  Gb  bsp_driver_sd.o [1]
HAL_SD_WriteBlocks       0x800'6b73  0x2a4  Code  Gb  stm32f4xx_hal_sd.o [1]
HAL_SYSTICK_Config       0x800'4ae5    0xc  Code  Gb  stm32f4xx_hal_cortex.o [1]
HAL_TIMEx_BreakCallback
                         0x800'63a7    0x2  Code  Wk  stm32f4xx_hal_tim_ex.o [1]
HAL_TIMEx_CommutCallback
                         0x800'63ab    0x2  Code  Wk  stm32f4xx_hal_tim_ex.o [1]
HAL_TIMEx_MasterConfigSynchronization
                         0x800'6665   0x8e  Code  Gb  stm32f4xx_hal_tim_ex.o [1]
HAL_TIM_Base_Start_IT    0x800'4b11   0x9a  Code  Gb  stm32f4xx_hal_tim.o [1]
HAL_TIM_Base_Stop_IT     0x800'4bab   0x3c  Code  Gb  stm32f4xx_hal_tim.o [1]
HAL_TIM_IRQHandler       0x800'4c71  0x13e  Code  Gb  stm32f4xx_hal_tim.o [1]
HAL_TIM_OC_ConfigChannel
                         0x800'4daf   0x68  Code  Gb  stm32f4xx_hal_tim.o [1]
HAL_TIM_OC_Init          0x800'4be7   0x6e  Code  Gb  stm32f4xx_hal_tim.o [1]
HAL_TIM_OC_MspInit       0x800'5ef7   0x36  Code  Gb  tim.o [1]
HAL_TIM_PeriodElapsedCallback
                         0x800'36c1  0x138  Code  Gb  Callback.o [1]
HAL_UART_IRQHandler      0x800'1781  0x2d4  Code  Gb  stm32f4xx_hal_uart.o [1]
HAL_UART_Init            0x800'1605   0x7a  Code  Gb  stm32f4xx_hal_uart.o [1]
HAL_UART_MspInit         0x800'3285  0x1ac  Code  Gb  usart.o [1]
HAL_UART_Receive_IT      0x800'174b   0x36  Code  Gb  stm32f4xx_hal_uart.o [1]
HAL_UART_RxCpltCallback
                         0x800'357d  0x142  Code  Gb  Callback.o [1]
HAL_UART_Transmit        0x800'167f   0xcc  Code  Gb  stm32f4xx_hal_uart.o [1]
HardFault_Handler        0x800'7f07    0x2  Code  Gb  stm32f4xx_it.o [1]
IK_leg                   0x800'29a5  0x24e  Code  Gb  leg_control.o [1]
J60MotorConfigToSendCanData
                         0x800'21d9   0x28  Code  Gb  DeepJ60_Motor.o [1]
J60MotorDataToSendCanData
                         0x800'2289   0x34  Code  Gb  DeepJ60_Motor.o [1]
J60MotorMotionDataToSendCanData
                         0x800'2119   0xae  Code  Gb  DeepJ60_Motor.o [1]
J60Motor_CAN1           0x2000'0070  0x240  Data  Gb  DeepJ60_Motor.o [1]
J60Motor_CAN2           0x2000'02b0  0x240  Data  Gb  DeepJ60_Motor.o [1]
J60Motor_StandUpData_CAN1
                        0x2000'002c   0x10  Data  Gb  leg_control.o [1]
J60Motor_StandUpData_CAN2
                        0x2000'003c   0x10  Data  Gb  leg_control.o [1]
Jump_FSM                 0x800'11c9  0x3fc  Code  Gb  GaitController.o [1]
MX_CAN1_Init             0x800'5ae5   0x5a  Code  Gb  can.o [1]
MX_CAN2_Init             0x800'5b3f   0x5a  Code  Gb  can.o [1]
MX_FATFS_Init            0x800'5e45   0x1c  Code  Gb  fatfs.o [1]
MX_GPIO_Init             0x800'59d1  0x114  Code  Gb  gpio.o [1]
MX_SDIO_SD_Init          0x800'5d61   0x20  Code  Gb  sdio.o [1]
MX_TIM2_Init             0x800'5e79   0x7e  Code  Gb  tim.o [1]
MX_UART7_Init            0x800'31a9   0x34  Code  Gb  usart.o [1]
MX_UART8_Init            0x800'31dd   0x40  Code  Gb  usart.o [1]
MX_USART3_UART_Init      0x800'321d   0x34  Code  Gb  usart.o [1]
MX_USART6_UART_Init      0x800'3251   0x34  Code  Gb  usart.o [1]
MemManage_Handler        0x800'7f09    0x2  Code  Gb  stm32f4xx_it.o [1]
NMI_Handler              0x800'7f05    0x2  Code  Gb  stm32f4xx_it.o [1]
NVIC_EncodePriority      0x800'4a31   0x40  Code  Lc  stm32f4xx_hal_cortex.o [1]
PendSV_Handler           0x800'7f13    0x2  Code  Gb  stm32f4xx_it.o [1]
RealDataToCanData        0x800'3ca9   0x2a  Code  Gb  DeepJ60_can.o [1]
ReceiveCanDataToJ60MotorConfig
                         0x800'2201   0x28  Code  Gb  DeepJ60_Motor.o [1]
ReceiveCanDataToJ60MotorData_new
                         0x800'28a1   0x58  Code  Gb  DeepJ60_Motor.o [1]
ReceiveCanDataToJ60MotorMotionData_new
                         0x800'279d   0xfe  Code  Gb  DeepJ60_Motor.o [1]
ReceiveCommandStatusToJ60MotorCommandStatus
                         0x800'2229    0x6  Code  Gb  DeepJ60_Motor.o [1]
ReceiveStatusWordToJ60MotorStatusWord
                         0x800'222f   0x5a  Code  Gb  DeepJ60_Motor.o [1]
Region$$Table$$Base      0x800'80c4          --   Gb  - Linker created -
Region$$Table$$Limit     0x800'80e4          --   Gb  - Linker created -
Rotate_FSM               0x800'0a45  0x75c  Code  Gb  GaitController.o [1]
RunJ60Motor              0x800'2661  0x13a  Code  Gb  DeepJ60_Motor.o [1]
RunJ60MotorKdMode        0x800'2451   0x62  Code  Gb  DeepJ60_Motor.o [1]
RunJ60MotorPositionMode
                         0x800'2319   0x6a  Code  Gb  DeepJ60_Motor.o [1]
RunJ60MotorPositionTorqueMode
                         0x800'250d   0x6e  Code  Gb  DeepJ60_Motor.o [1]
RunJ60MotorPositonVelocityTorqueMode
                         0x800'25ed   0x72  Code  Gb  DeepJ60_Motor.o [1]
RunJ60MotorTorqueMode    0x800'23ed   0x62  Code  Gb  DeepJ60_Motor.o [1]
RunJ60MotorVelocityMode
                         0x800'2385   0x66  Code  Gb  DeepJ60_Motor.o [1]
RunJ60MotorVelocityTorqueMode
                         0x800'257d   0x6a  Code  Gb  DeepJ60_Motor.o [1]
RunJ60MotorZeroTorqueMode
                         0x800'24b5   0x56  Code  Gb  DeepJ60_Motor.o [1]
SDIO_ConfigData          0x800'76ad   0x2e  Code  Gb  stm32f4xx_ll_sdmmc.o [1]
SDIO_GetCommandResponse
                         0x800'769b    0x6  Code  Gb  stm32f4xx_ll_sdmmc.o [1]
SDIO_GetPowerState       0x800'7669    0x8  Code  Gb  stm32f4xx_ll_sdmmc.o [1]
SDIO_GetResponse         0x800'76a1    0xc  Code  Gb  stm32f4xx_ll_sdmmc.o [1]
SDIO_IRQHandler          0x800'7f4f    0xa  Code  Gb  stm32f4xx_it.o [1]
SDIO_Init                0x800'761d   0x30  Code  Gb  stm32f4xx_ll_sdmmc.o [1]
SDIO_PowerState_ON       0x800'765f    0xa  Code  Gb  stm32f4xx_ll_sdmmc.o [1]
SDIO_ReadFIFO            0x800'764d    0x6  Code  Gb  stm32f4xx_ll_sdmmc.o [1]
SDIO_SendCommand         0x800'7671   0x2a  Code  Gb  stm32f4xx_ll_sdmmc.o [1]
SDIO_WriteFIFO           0x800'7653    0xc  Code  Gb  stm32f4xx_ll_sdmmc.o [1]
SDMMC_CmdAppCommand      0x800'78a7   0x34  Code  Gb  stm32f4xx_ll_sdmmc.o [1]
SDMMC_CmdAppOperCommand
                         0x800'78db   0x34  Code  Gb  stm32f4xx_ll_sdmmc.o [1]
SDMMC_CmdBlockLength     0x800'76db   0x34  Code  Gb  stm32f4xx_ll_sdmmc.o [1]
SDMMC_CmdGoIdleState     0x800'7849   0x2e  Code  Gb  stm32f4xx_ll_sdmmc.o [1]
SDMMC_CmdOperCond        0x800'7877   0x30  Code  Gb  stm32f4xx_ll_sdmmc.o [1]
SDMMC_CmdReadMultiBlock
                         0x800'7743   0x34  Code  Gb  stm32f4xx_ll_sdmmc.o [1]
SDMMC_CmdReadSingleBlock
                         0x800'770f   0x34  Code  Gb  stm32f4xx_ll_sdmmc.o [1]
SDMMC_CmdSelDesel        0x800'7813   0x36  Code  Gb  stm32f4xx_ll_sdmmc.o [1]
SDMMC_CmdSendCID         0x800'790f   0x2e  Code  Gb  stm32f4xx_ll_sdmmc.o [1]
SDMMC_CmdSendCSD         0x800'793d   0x2e  Code  Gb  stm32f4xx_ll_sdmmc.o [1]
SDMMC_CmdSendStatus      0x800'799f   0x34  Code  Gb  stm32f4xx_ll_sdmmc.o [1]
SDMMC_CmdSetRelAdd       0x800'796b   0x34  Code  Gb  stm32f4xx_ll_sdmmc.o [1]
SDMMC_CmdStopTransfer    0x800'77df   0x34  Code  Gb  stm32f4xx_ll_sdmmc.o [1]
SDMMC_CmdWriteMultiBlock
                         0x800'77ab   0x34  Code  Gb  stm32f4xx_ll_sdmmc.o [1]
SDMMC_CmdWriteSingleBlock
                         0x800'7777   0x34  Code  Gb  stm32f4xx_ll_sdmmc.o [1]
SDMMC_GetCmdError        0x800'7cad   0x32  Code  Lc  stm32f4xx_ll_sdmmc.o [1]
SDMMC_GetCmdResp1        0x800'79d3  0x13a  Code  Gb  stm32f4xx_ll_sdmmc.o [1]
SDMMC_GetCmdResp2        0x800'7b0d   0x56  Code  Gb  stm32f4xx_ll_sdmmc.o [1]
SDMMC_GetCmdResp3        0x800'7b63   0x48  Code  Gb  stm32f4xx_ll_sdmmc.o [1]
SDMMC_GetCmdResp6        0x800'7bab   0xa6  Code  Gb  stm32f4xx_ll_sdmmc.o [1]
SDMMC_GetCmdResp7        0x800'7c51   0x5c  Code  Gb  stm32f4xx_ll_sdmmc.o [1]
SDPath                  0x2000'07ec    0x4  Data  Gb  fatfs.o [1]
SD_CheckStatus           0x800'7d1d   0x1e  Code  Lc  sd_diskio.o [1]
SD_DMARxAbort            0x800'7281   0x4a  Code  Lc  stm32f4xx_hal_sd.o [1]
SD_DMATxAbort            0x800'7235   0x4a  Code  Lc  stm32f4xx_hal_sd.o [1]
SD_Driver                0x800'812c   0x14  Data  Gb  sd_diskio.o [1]
SD_InitCard              0x800'72cb  0x10a  Code  Lc  stm32f4xx_hal_sd.o [1]
SD_PowerON               0x800'73d5   0xcc  Code  Lc  stm32f4xx_hal_sd.o [1]
SD_Read_IT               0x800'74e3   0x58  Code  Lc  stm32f4xx_hal_sd.o [1]
SD_SendStatus            0x800'74b1   0x32  Code  Lc  stm32f4xx_hal_sd.o [1]
SD_Write_IT              0x800'753b   0x58  Code  Lc  stm32f4xx_hal_sd.o [1]
SD_initialize            0x800'7d3b   0x20  Code  Gb  sd_diskio.o [1]
SD_ioctl                 0x800'7dd5   0x64  Code  Gb  sd_diskio.o [1]
SD_read                  0x800'7d69   0x36  Code  Gb  sd_diskio.o [1]
SD_status                0x800'7d5b    0xe  Code  Gb  sd_diskio.o [1]
SD_write                 0x800'7d9f   0x36  Code  Gb  sd_diskio.o [1]
SVC_Handler              0x800'7f0f    0x2  Code  Gb  stm32f4xx_it.o [1]
SetMotionCommand         0x800'20c3   0x4e  Code  Gb  DeepJ60_Motor.o [1]
SetMotionParameters      0x800'2021   0xa2  Code  Gb  DeepJ60_Motor.o [1]
SetMotor                 0x800'01ad  0x100  Code  Gb  GaitController.o [1]
SetNormalCommand         0x800'2111    0x8  Code  Gb  DeepJ60_Motor.o [1]
Stat                    0x2000'006c    0x1  Data  Lc  sd_diskio.o [1]
Stat                    0x2000'006e    0x1  Data  Lc  user_diskio.o [1]
SysTick_Config           0x800'4a71   0x30  Code  Lc  stm32f4xx_hal_cortex.o [1]
SysTick_Handler          0x800'7f15    0x8  Code  Gb  stm32f4xx_it.o [1]
SystemClock_Config       0x800'4609   0xae  Code  Gb  main.o [1]
SystemCoreClock         0x2000'0054    0x4  Data  Gb  system_stm32f4xx.o [1]
SystemInit               0x800'8161    0xc  Code  Gb  system_stm32f4xx.o [1]
TIM2_IRQHandler          0x800'7f3b    0xa  Code  Gb  stm32f4xx_it.o [1]
TIM_Base_SetConfig       0x800'4e17   0xd2  Code  Gb  stm32f4xx_hal_tim.o [1]
TIM_OC1_SetConfig        0x800'4ee9   0x64  Code  Lc  stm32f4xx_hal_tim.o [1]
TIM_OC2_SetConfig        0x800'4f4d   0x6e  Code  Gb  stm32f4xx_hal_tim.o [1]
TIM_OC3_SetConfig        0x800'4fbd   0x6c  Code  Lc  stm32f4xx_hal_tim.o [1]
TIM_OC4_SetConfig        0x800'5029   0x4c  Code  Lc  stm32f4xx_hal_tim.o [1]
Trot_FSM                 0x800'02b5  0x74e  Code  Gb  GaitController.o [1]
TxMailBox               0x2000'07e8    0x4  Data  Gb  DeepJ60_can.o [1]
UART7_IRQHandler         0x800'7f77    0xa  Code  Gb  stm32f4xx_it.o [1]
UART8_IRQHandler         0x800'7f81    0xa  Code  Gb  stm32f4xx_it.o [1]
UART_DMAAbortOnError     0x800'1b85   0x16  Code  Lc  stm32f4xx_hal_uart.o [1]
UART_EndRxTransfer       0x800'1b1d   0x66  Code  Lc  stm32f4xx_hal_uart.o [1]
UART_EndTransmit_IT      0x800'1c03   0x20  Code  Lc  stm32f4xx_hal_uart.o [1]
UART_Receive_IT          0x800'1c23   0xf6  Code  Lc  stm32f4xx_hal_uart.o [1]
UART_SetConfig           0x800'1d19  0x2fc  Code  Lc  stm32f4xx_hal_uart.o [1]
UART_Start_Receive_IT    0x800'1ad9   0x44  Code  Gb  stm32f4xx_hal_uart.o [1]
UART_Transmit_IT         0x800'1b9d   0x66  Code  Lc  stm32f4xx_hal_uart.o [1]
UART_WaitOnFlagUntilTimeout
                         0x800'1a55   0x84  Code  Lc  stm32f4xx_hal_uart.o [1]
USART3_IRQHandler        0x800'7f45    0xa  Code  Gb  stm32f4xx_it.o [1]
USART6_IRQHandler        0x800'7f6d    0xa  Code  Gb  stm32f4xx_it.o [1]
USERPath                0x2000'07f0    0x4  Data  Gb  fatfs.o [1]
USER_Driver             0x2000'0058   0x14  Data  Gb  user_diskio.o [1]
USER_initialize          0x800'8009    0xc  Code  Gb  user_diskio.o [1]
USER_ioctl               0x800'8039    0x8  Code  Gb  user_diskio.o [1]
USER_read                0x800'8025    0xa  Code  Gb  user_diskio.o [1]
USER_status              0x800'8015    0xc  Code  Gb  user_diskio.o [1]
USER_write               0x800'802f    0xa  Code  Gb  user_diskio.o [1]
UsageFault_Handler       0x800'7f0d    0x2  Code  Gb  stm32f4xx_it.o [1]
__NVIC_EnableIRQ         0x800'49e5   0x20  Code  Lc  stm32f4xx_hal_cortex.o [1]
__NVIC_GetPriorityGrouping
                         0x800'49d7    0xc  Code  Lc  stm32f4xx_hal_cortex.o [1]
__NVIC_SetPriority       0x800'4a05   0x2c  Code  Lc  stm32f4xx_hal_cortex.o [1]
__NVIC_SetPriorityGrouping
                         0x800'49b5   0x22  Code  Lc  stm32f4xx_hal_cortex.o [1]
__aeabi_cdcmpeq          0x800'6711         Code  Gb  DblCmpEq.o [3]
__aeabi_cdcmple          0x800'63c5         Code  Gb  DblCmpLe.o [3]
__aeabi_cdrcmple         0x800'6731         Code  Gb  DblCmpGe.o [3]
__aeabi_d2f              0x800'3141         Code  Gb  DblToFlt.o [3]
__aeabi_dadd             0x800'2fc5         Code  Gb  DblAdd.o [3]
__aeabi_ddiv             0x800'3f2d         Code  Gb  DblDiv.o [3]
__aeabi_dmul             0x800'4175         Code  Gb  DblMul.o [3]
__aeabi_dsub             0x800'4319         Code  Gb  DblSub.o [3]
__aeabi_f2d              0x800'2f7d         Code  Gb  FltToDbl.o [3]
__aeabi_ldiv0            0x800'50ed         Code  Gb  I64DivZer.o [4]
__aeabi_memclr4          0x800'2965         Code  Gb  ABImemclr4.o [4]
__aeabi_memcpy4          0x800'7595         Code  Gb  ABImemcpy.o [4]
__aeabi_memcpy8          0x800'7595         Code  Gb  ABImemcpy.o [4]
__aeabi_uldivmod         0x800'3a79         Code  Gb  I64DivMod.o [4]
__cmain                  0x800'80e5         Code  Gb  cmain.o [4]
__exit                   0x800'8119   0x14  Code  Gb  exit.o [5]
__iar_Atan64             0x800'63f5  0x1d0  Code  Gb  iar_Atan64.o [3]
__iar_Memset4_word       0x800'3de1         Code  Gb  ABImemset48.o [4]
__iar_Memset8_word       0x800'3de1         Code  Gb  ABImemset48.o [4]
__iar_acos64             0x800'58d5   0xc8  Code  Gb  acos64.o [3]
__iar_dadd               0x800'4329         Code  Gb  DblSub.o [3]
__iar_data_init3         0x800'8079   0x28  Code  Gb  data_init.o [4]
__iar_dsub               0x800'2fd5         Code  Gb  DblAdd.o [3]
__iar_dsubStart          0x800'2fe7         Code  Gb  DblAdd.o [3]
__iar_init_vfp           0x800'80a1         Code  Gb  fpinit_M.o [3]
__iar_packbits_init_single3
                         0x800'8041   0x38  Code  Gb  packbits_init_single.o [4]
__iar_program_start      0x800'8171         Code  Gb  cstartup_M.o [4]
__iar_round64            0x800'440d         Code  Gb  round.o [3]
__iar_sqrt64             0x800'3e39         Code  Gb  sqrt.o [3]
__iar_vfp___iar_round64
                         0x800'43fd         Code  Gb  round.o [3]
__iar_vfp___iar_sqrt64   0x800'3e29         Code  Gb  sqrt.o [3]
__iar_vfp_acos           0x800'3e1b    0xc  Code  Gb  math_wrappers64.o [3]
__iar_vfp_round          0x800'43fd         Code  Gb  round.o [3]
__iar_vfp_roundl         0x800'43fd         Code  Gb  round.o [3]
__iar_vfp_sqrt           0x800'3e29         Code  Gb  sqrt.o [3]
__iar_vfp_sqrtl          0x800'3e29         Code  Gb  sqrt.o [3]
__iar_zero_init3         0x800'296b   0x3a  Code  Gb  zero_init3.o [4]
__low_level_init         0x800'8103    0x4  Code  Gb  low_level_init.o [2]
__vector_table           0x800'0000         Data  Gb  startup_stm32f427xx.o [1]
_call_main               0x800'80f1         Code  Gb  cmain.o [4]
_exit                    0x800'810d         Code  Gb  cexit.o [4]
_main                    0x800'80ff         Code  Gb  cmain.o [4]
a                        0x800'7fc8   0x40  Data  Lc  iar_Atan64.o [3]
acos                     0x800'58d5   0xc8  Code  Gb  acos64.o [3]
acosl                    0x800'58d5   0xc8  Code  Gb  acos64.o [3]
angle                   0x2000'0788   0x20  Data  Gb  main.o [1]
controller_signal       0x2000'080c    0x4  Data  Gb  usart.o [1]
disk                    0x2000'07c4   0x10  Data  Gb  ff_gen_drv.o [1]
exit                     0x800'8107    0x4  Code  Gb  exit.o [2]
hcan1                   0x2000'0738   0x28  Data  Gb  can.o [1]
hcan2                   0x2000'0760   0x28  Data  Gb  can.o [1]
hsd                     0x2000'04f0   0x84  Data  Gb  sdio.o [1]
htim2                   0x2000'05d0   0x48  Data  Gb  tim.o [1]
huart3                  0x2000'06a8   0x48  Data  Gb  usart.o [1]
huart6                  0x2000'06f0   0x48  Data  Gb  usart.o [1]
huart7                  0x2000'0618   0x48  Data  Gb  usart.o [1]
huart8                  0x2000'0660   0x48  Data  Gb  usart.o [1]
jump_controller         0x2000'0020    0xc  Data  Gb  GaitController.o [1]
last_t                  0x2000'004c    0x4  Data  Gb  main.o [1]
main                     0x800'4461  0x1a8  Code  Gb  main.o [1]
retSD                   0x2000'0810    0x1  Data  Gb  fatfs.o [1]
retUSER                 0x2000'0811    0x1  Data  Gb  fatfs.o [1]
rotate_controller       0x2000'0010   0x10  Data  Gb  GaitController.o [1]
round                    0x800'440d         Code  Gb  round.o [3]
roundl                   0x800'440d         Code  Gb  round.o [3]
sqrt                     0x800'3e39         Code  Gb  sqrt.o [3]
sqrtl                    0x800'3e39         Code  Gb  sqrt.o [3]
t                       0x2000'0804    0x4  Data  Gb  main.o [1]
trot_controller         0x2000'0000   0x10  Data  Gb  GaitController.o [1]
usart_motor_data        0x2000'07d4   0x10  Data  Gb  leg_control.o [1]
uwTick                  0x2000'0808    0x4  Data  Gb  stm32f4xx_hal.o [1]
uwTickFreq              0x2000'006d    0x1  Data  Gb  stm32f4xx_hal.o [1]
uwTickPrio              0x2000'0050    0x4  Data  Gb  stm32f4xx_hal.o [1]


[1] = F:\none\Study\Other\Robot\RTS team\Robocon-FourFoot-2025\Code\Quadruped_Robot_20241025_backup\EWARM\Quadruped_Robot_20241025\Obj
[2] = dl7M_tlf.a
[3] = m7M_tls.a
[4] = rt7M_tl.a
[5] = shb_l.a

  33 318 bytes of readonly  code memory
     244 bytes of readonly  data memory
   3 089 bytes of readwrite data memory

Errors: none
Warnings: none
