###############################################################################
#
# IAR ELF Linker V8.32.1.169/W32 for ARM                  21/Feb/2025  20:22:30
# Copyright 2007-2018 IAR Systems AB.
#
#    Output file  =  
#        F:\none\Study\Other\Robot\RTS
#        team\Robocon-FourFoot-2025\Code\Quadruped_Robot_20241025_backup\EWARM\Quadruped_Robot_20241025\Exe\Quadruped_Robot_20241025.out
#    Map file     =  
#        F:\none\Study\Other\Robot\RTS
#        team\Robocon-FourFoot-2025\Code\Quadruped_Robot_20241025_backup\EWARM\Quadruped_Robot_20241025\List\Quadruped_Robot_20241025.map
#    Command line =  
#        -f C:\Users\86136\AppData\Local\Temp\EW381C.tmp
#        ("F:\none\Study\Other\Robot\RTS
#        team\Robocon-FourFoot-2025\Code\Quadruped_Robot_20241025_backup\EWARM\Quadruped_Robot_20241025\Obj\bsp_driver_sd.o"
#        "F:\none\Study\Other\Robot\RTS
#        team\Robocon-FourFoot-2025\Code\Quadruped_Robot_20241025_backup\EWARM\Quadruped_Robot_20241025\Obj\Callback.o"
#        "F:\none\Study\Other\Robot\RTS
#        team\Robocon-FourFoot-2025\Code\Quadruped_Robot_20241025_backup\EWARM\Quadruped_Robot_20241025\Obj\can.o"
#        "F:\none\Study\Other\Robot\RTS
#        team\Robocon-FourFoot-2025\Code\Quadruped_Robot_20241025_backup\EWARM\Quadruped_Robot_20241025\Obj\cc936.o"
#        "F:\none\Study\Other\Robot\RTS
#        team\Robocon-FourFoot-2025\Code\Quadruped_Robot_20241025_backup\EWARM\Quadruped_Robot_20241025\Obj\CurvePlan.o"
#        "F:\none\Study\Other\Robot\RTS
#        team\Robocon-FourFoot-2025\Code\Quadruped_Robot_20241025_backup\EWARM\Quadruped_Robot_20241025\Obj\DeepJ60_can.o"
#        "F:\none\Study\Other\Robot\RTS
#        team\Robocon-FourFoot-2025\Code\Quadruped_Robot_20241025_backup\EWARM\Quadruped_Robot_20241025\Obj\DeepJ60_Motor.o"
#        "F:\none\Study\Other\Robot\RTS
#        team\Robocon-FourFoot-2025\Code\Quadruped_Robot_20241025_backup\EWARM\Quadruped_Robot_20241025\Obj\diskio.o"
#        "F:\none\Study\Other\Robot\RTS
#        team\Robocon-FourFoot-2025\Code\Quadruped_Robot_20241025_backup\EWARM\Quadruped_Robot_20241025\Obj\fatfs.o"
#        "F:\none\Study\Other\Robot\RTS
#        team\Robocon-FourFoot-2025\Code\Quadruped_Robot_20241025_backup\EWARM\Quadruped_Robot_20241025\Obj\ff.o"
#        "F:\none\Study\Other\Robot\RTS
#        team\Robocon-FourFoot-2025\Code\Quadruped_Robot_20241025_backup\EWARM\Quadruped_Robot_20241025\Obj\ff_gen_drv.o"
#        "F:\none\Study\Other\Robot\RTS
#        team\Robocon-FourFoot-2025\Code\Quadruped_Robot_20241025_backup\EWARM\Quadruped_Robot_20241025\Obj\GaitController.o"
#        "F:\none\Study\Other\Robot\RTS
#        team\Robocon-FourFoot-2025\Code\Quadruped_Robot_20241025_backup\EWARM\Quadruped_Robot_20241025\Obj\gpio.o"
#        "F:\none\Study\Other\Robot\RTS
#        team\Robocon-FourFoot-2025\Code\Quadruped_Robot_20241025_backup\EWARM\Quadruped_Robot_20241025\Obj\KinematicSolution.o"
#        "F:\none\Study\Other\Robot\RTS
#        team\Robocon-FourFoot-2025\Code\Quadruped_Robot_20241025_backup\EWARM\Quadruped_Robot_20241025\Obj\LogSystem.o"
#        "F:\none\Study\Other\Robot\RTS
#        team\Robocon-FourFoot-2025\Code\Quadruped_Robot_20241025_backup\EWARM\Quadruped_Robot_20241025\Obj\main.o"
#        "F:\none\Study\Other\Robot\RTS
#        team\Robocon-FourFoot-2025\Code\Quadruped_Robot_20241025_backup\EWARM\Quadruped_Robot_20241025\Obj\sd_diskio.o"
#        "F:\none\Study\Other\Robot\RTS
#        team\Robocon-FourFoot-2025\Code\Quadruped_Robot_20241025_backup\EWARM\Quadruped_Robot_20241025\Obj\sdio.o"
#        "F:\none\Study\Other\Robot\RTS
#        team\Robocon-FourFoot-2025\Code\Quadruped_Robot_20241025_backup\EWARM\Quadruped_Robot_20241025\Obj\startup_stm32f427xx.o"
#        "F:\none\Study\Other\Robot\RTS
#        team\Robocon-FourFoot-2025\Code\Quadruped_Robot_20241025_backup\EWARM\Quadruped_Robot_20241025\Obj\stm32f4xx_hal.o"
#        "F:\none\Study\Other\Robot\RTS
#        team\Robocon-FourFoot-2025\Code\Quadruped_Robot_20241025_backup\EWARM\Quadruped_Robot_20241025\Obj\stm32f4xx_hal_can.o"
#        "F:\none\Study\Other\Robot\RTS
#        team\Robocon-FourFoot-2025\Code\Quadruped_Robot_20241025_backup\EWARM\Quadruped_Robot_20241025\Obj\stm32f4xx_hal_cortex.o"
#        "F:\none\Study\Other\Robot\RTS
#        team\Robocon-FourFoot-2025\Code\Quadruped_Robot_20241025_backup\EWARM\Quadruped_Robot_20241025\Obj\stm32f4xx_hal_dma.o"
#        "F:\none\Study\Other\Robot\RTS
#        team\Robocon-FourFoot-2025\Code\Quadruped_Robot_20241025_backup\EWARM\Quadruped_Robot_20241025\Obj\stm32f4xx_hal_dma_ex.o"
#        "F:\none\Study\Other\Robot\RTS
#        team\Robocon-FourFoot-2025\Code\Quadruped_Robot_20241025_backup\EWARM\Quadruped_Robot_20241025\Obj\stm32f4xx_hal_exti.o"
#        "F:\none\Study\Other\Robot\RTS
#        team\Robocon-FourFoot-2025\Code\Quadruped_Robot_20241025_backup\EWARM\Quadruped_Robot_20241025\Obj\stm32f4xx_hal_flash.o"
#        "F:\none\Study\Other\Robot\RTS
#        team\Robocon-FourFoot-2025\Code\Quadruped_Robot_20241025_backup\EWARM\Quadruped_Robot_20241025\Obj\stm32f4xx_hal_flash_ex.o"
#        "F:\none\Study\Other\Robot\RTS
#        team\Robocon-FourFoot-2025\Code\Quadruped_Robot_20241025_backup\EWARM\Quadruped_Robot_20241025\Obj\stm32f4xx_hal_flash_ramfunc.o"
#        "F:\none\Study\Other\Robot\RTS
#        team\Robocon-FourFoot-2025\Code\Quadruped_Robot_20241025_backup\EWARM\Quadruped_Robot_20241025\Obj\stm32f4xx_hal_gpio.o"
#        "F:\none\Study\Other\Robot\RTS
#        team\Robocon-FourFoot-2025\Code\Quadruped_Robot_20241025_backup\EWARM\Quadruped_Robot_20241025\Obj\stm32f4xx_hal_msp.o"
#        "F:\none\Study\Other\Robot\RTS
#        team\Robocon-FourFoot-2025\Code\Quadruped_Robot_20241025_backup\EWARM\Quadruped_Robot_20241025\Obj\stm32f4xx_hal_pwr.o"
#        "F:\none\Study\Other\Robot\RTS
#        team\Robocon-FourFoot-2025\Code\Quadruped_Robot_20241025_backup\EWARM\Quadruped_Robot_20241025\Obj\stm32f4xx_hal_pwr_ex.o"
#        "F:\none\Study\Other\Robot\RTS
#        team\Robocon-FourFoot-2025\Code\Quadruped_Robot_20241025_backup\EWARM\Quadruped_Robot_20241025\Obj\stm32f4xx_hal_rcc.o"
#        "F:\none\Study\Other\Robot\RTS
#        team\Robocon-FourFoot-2025\Code\Quadruped_Robot_20241025_backup\EWARM\Quadruped_Robot_20241025\Obj\stm32f4xx_hal_rcc_ex.o"
#        "F:\none\Study\Other\Robot\RTS
#        team\Robocon-FourFoot-2025\Code\Quadruped_Robot_20241025_backup\EWARM\Quadruped_Robot_20241025\Obj\stm32f4xx_hal_sd.o"
#        "F:\none\Study\Other\Robot\RTS
#        team\Robocon-FourFoot-2025\Code\Quadruped_Robot_20241025_backup\EWARM\Quadruped_Robot_20241025\Obj\stm32f4xx_hal_tim.o"
#        "F:\none\Study\Other\Robot\RTS
#        team\Robocon-FourFoot-2025\Code\Quadruped_Robot_20241025_backup\EWARM\Quadruped_Robot_20241025\Obj\stm32f4xx_hal_tim_ex.o"
#        "F:\none\Study\Other\Robot\RTS
#        team\Robocon-FourFoot-2025\Code\Quadruped_Robot_20241025_backup\EWARM\Quadruped_Robot_20241025\Obj\stm32f4xx_hal_uart.o"
#        "F:\none\Study\Other\Robot\RTS
#        team\Robocon-FourFoot-2025\Code\Quadruped_Robot_20241025_backup\EWARM\Quadruped_Robot_20241025\Obj\stm32f4xx_it.o"
#        "F:\none\Study\Other\Robot\RTS
#        team\Robocon-FourFoot-2025\Code\Quadruped_Robot_20241025_backup\EWARM\Quadruped_Robot_20241025\Obj\stm32f4xx_ll_sdmmc.o"
#        "F:\none\Study\Other\Robot\RTS
#        team\Robocon-FourFoot-2025\Code\Quadruped_Robot_20241025_backup\EWARM\Quadruped_Robot_20241025\Obj\syscall.o"
#        "F:\none\Study\Other\Robot\RTS
#        team\Robocon-FourFoot-2025\Code\Quadruped_Robot_20241025_backup\EWARM\Quadruped_Robot_20241025\Obj\system_stm32f4xx.o"
#        "F:\none\Study\Other\Robot\RTS
#        team\Robocon-FourFoot-2025\Code\Quadruped_Robot_20241025_backup\EWARM\Quadruped_Robot_20241025\Obj\tim.o"
#        "F:\none\Study\Other\Robot\RTS
#        team\Robocon-FourFoot-2025\Code\Quadruped_Robot_20241025_backup\EWARM\Quadruped_Robot_20241025\Obj\usart.o"
#        "F:\none\Study\Other\Robot\RTS
#        team\Robocon-FourFoot-2025\Code\Quadruped_Robot_20241025_backup\EWARM\Quadruped_Robot_20241025\Obj\user_diskio.o"
#        --no_out_extension -o "F:\none\Study\Other\Robot\RTS
#        team\Robocon-FourFoot-2025\Code\Quadruped_Robot_20241025_backup\EWARM\Quadruped_Robot_20241025\Exe\Quadruped_Robot_20241025.out"
#        --redirect _Printf=_PrintfFullNoMb --redirect _Scanf=_ScanfFullNoMb
#        --map "F:\none\Study\Other\Robot\RTS
#        team\Robocon-FourFoot-2025\Code\Quadruped_Robot_20241025_backup\EWARM\Quadruped_Robot_20241025\List\Quadruped_Robot_20241025.map"
#        --config "F:\none\Study\Other\Robot\RTS
#        team\Robocon-FourFoot-2025\Code\Quadruped_Robot_20241025_backup\EWARM/stm32f427xx_flash.icf"
#        --semihosting --entry __iar_program_start --vfe --text_out locale)
#
###############################################################################

*******************************************************************************
*** RUNTIME MODEL ATTRIBUTES
***

CppFlavor       = *
__SystemLibrary = DLib
__dlib_version  = 6


*******************************************************************************
*** HEAP SELECTION
***

The basic heap was selected because no calls to memory allocation
functions were found in the application outside of system library
functions, and there are calls to deallocation functions in the
application.


*******************************************************************************
*** PLACEMENT SUMMARY
***

"A0":  place at 0x800'0000 { ro section .intvec };
"P1":  place in [from 0x800'0000 to 0x81f'ffff] { ro };
define block CSTACK with size = 1K, alignment = 8 { };
define block HEAP with size = 512, alignment = 8 { };
"P2":  place in [from 0x2000'0000 to 0x2002'ffff] {
          rw, block CSTACK, block HEAP };
initialize by copy { rw };

  Section            Kind         Address    Size  Object
  -------            ----         -------    ----  ------
"A0":                                       0x1ac
  .intvec            ro code   0x800'0000   0x1ac  startup_stm32f427xx.o [1]
                             - 0x800'01ac   0x1ac

"P1":                                      0x8b8b
  .text              ro code   0x800'01ac  0x1e04  GaitController.o [1]
  .text              ro code   0x800'1fb0    0x1a  U32ToDbl.o [3]
  .text              ro code   0x800'1fca    0x7a  lz77_init_single.o [4]
  .text              ro code   0x800'2044   0x1a2  DblMul.o [3]
  .text              ro code   0x800'21e6    0x3a  zero_init3.o [4]
  .text              ro code   0x800'2220    0x68  DblToFlt.o [3]
  .text              ro code   0x800'2288   0xa1c  stm32f4xx_hal_uart.o [1]
  .text              ro code   0x800'2ca4   0x91c  DeepJ60_Motor.o [1]
  .text              ro code   0x800'35c0    0x28  stm32f4xx_hal.o [1]
  .text              ro code   0x800'35e8     0x6  ABImemclr4.o [4]
  .text              ro code   0x800'35f0    0x48  FltToDbl.o [3]
  .text              ro code   0x800'3638   0x246  DblDiv.o [3]
  .text              ro code   0x800'3880   0x2c8  CurvePlan.o [1]
  .text              ro code   0x800'3b48   0x264  KinematicSolution.o [1]
  .text              ro code   0x800'3dac   0x17a  DblAdd.o [3]
  .text              ro code   0x800'3f28   0x2c8  usart.o [1]
  .text              ro code   0x800'41f0     0xc  stm32f4xx_hal.o [1]
  .text              ro code   0x800'41fc    0xc4  stm32f4xx_hal_dma.o [1]
  .text              ro code   0x800'42c0     0x2  stm32f4xx_hal_uart.o [1]
  .text              ro code   0x800'42c2     0x2  stm32f4xx_hal_uart.o [1]
  .text              ro code   0x800'42c4     0x2  stm32f4xx_hal_uart.o [1]
  .text              ro code   0x800'42c8   0x350  Callback.o [1]
  .text              ro code   0x800'4618   0x22c  stm32f4xx_hal_rcc.o [1]
  .text              ro code   0x800'4844   0x230  I64DivMod.o [4]
  .text              ro code   0x800'4a74   0x138  DeepJ60_can.o [1]
  .text              ro code   0x800'4bac    0x32  ABImemset48.o [4]
  .text              ro code   0x800'4be0    0x12  math_wrappers64.o [3]
  .text              ro code   0x800'4bf4   0x102  sqrt.o [3]
  .text              ro code   0x800'4cf8    0xe2  DblSub.o [3]
  .text              ro code   0x800'4ddc    0x62  round.o [3]
  .text              ro code   0x800'4e40   0x2fc  main.o [1]
  .text              ro code   0x800'513c   0x2c2  stm32f4xx_hal_gpio.o [1]
  .text              ro code   0x800'5400   0x15c  stm32f4xx_hal_cortex.o [1]
  .text              ro code   0x800'555c   0x590  stm32f4xx_hal_tim.o [1]
  .text              ro code   0x800'5aec    0x4c  stm32f4xx_hal.o [1]
  .text              ro code   0x800'5b38     0x2  I64DivZer.o [4]
  .text              ro code   0x800'5b3c   0x7e2  stm32f4xx_hal_can.o [1]
  .text              ro code   0x800'6320    0xc8  acos64.o [3]
  .text              ro code   0x800'63e8    0x34  stm32f4xx_hal.o [1]
  .text              ro code   0x800'641c   0x114  gpio.o [1]
  .text              ro code   0x800'6530   0x27c  can.o [1]
  .text              ro code   0x800'67ac    0xe4  sdio.o [1]
  .text              ro code   0x800'6890    0x34  fatfs.o [1]
  .text              ro code   0x800'68c4    0xc0  tim.o [1]
  .text              ro code   0x800'6984   0x3ec  stm32f4xx_hal_rcc.o [1]
  .text              ro code   0x800'6d70    0x7c  stm32f4xx_hal_pwr_ex.o [1]
  .text              ro code   0x800'6dec     0x2  stm32f4xx_hal_tim.o [1]
  .text              ro code   0x800'6dee     0x2  stm32f4xx_hal_tim.o [1]
  .text              ro code   0x800'6df0     0x2  stm32f4xx_hal_tim.o [1]
  .text              ro code   0x800'6df2     0x2  stm32f4xx_hal_tim_ex.o [1]
  .text              ro code   0x800'6df4     0x2  stm32f4xx_hal_tim.o [1]
  .text              ro code   0x800'6df6     0x2  stm32f4xx_hal_tim_ex.o [1]
  .text              ro code   0x800'6df8     0x2  stm32f4xx_hal_can.o [1]
  .text              ro code   0x800'6dfa     0x2  stm32f4xx_hal_can.o [1]
  .text              ro code   0x800'6dfc     0x2  stm32f4xx_hal_can.o [1]
  .text              ro code   0x800'6dfe     0x2  stm32f4xx_hal_can.o [1]
  .text              ro code   0x800'6e00     0x2  stm32f4xx_hal_can.o [1]
  .text              ro code   0x800'6e02     0x2  stm32f4xx_hal_can.o [1]
  .text              ro code   0x800'6e04     0x2  stm32f4xx_hal_can.o [1]
  .text              ro code   0x800'6e06     0x2  stm32f4xx_hal_can.o [1]
  .text              ro code   0x800'6e08     0x2  stm32f4xx_hal_can.o [1]
  .text              ro code   0x800'6e0a     0x2  stm32f4xx_hal_can.o [1]
  .text              ro code   0x800'6e0c     0x2  stm32f4xx_hal_can.o [1]
  .text              ro code   0x800'6e0e     0x2  stm32f4xx_hal_can.o [1]
  .text              ro code   0x800'6e10    0x2e  DblCmpLe.o [3]
  .text              ro code   0x800'6e40   0x1d0  iar_Atan64.o [3]
  .text              ro code   0x800'7010    0x40  stm32f4xx_hal_msp.o [1]
  .text              ro code   0x800'7050    0x60  ff_gen_drv.o [1]
  .text              ro code   0x800'70b0    0xac  stm32f4xx_hal_tim_ex.o [1]
  .text              ro code   0x800'715c    0x20  DblCmpEq.o [3]
  .text              ro code   0x800'717c    0x2e  DblCmpGe.o [3]
  .text              ro code   0x800'71ac   0xe32  stm32f4xx_hal_sd.o [1]
  .text              ro code   0x800'7fe0    0x86  ABImemcpy.o [4]
  .text              ro code   0x800'8068   0x6d8  stm32f4xx_ll_sdmmc.o [1]
  .text              ro code   0x800'8740     0x2  stm32f4xx_hal_sd.o [1]
  .text              ro code   0x800'8742    0x20  bsp_driver_sd.o [1]
  .text              ro code   0x800'8762     0x2  bsp_driver_sd.o [1]
  .text              ro code   0x800'8764     0x2  bsp_driver_sd.o [1]
  .text              ro code   0x800'8768   0x120  sd_diskio.o [1]
  .text              ro code   0x800'8888    0x1c  bsp_driver_sd.o [1]
  .text              ro code   0x800'88a4    0x20  bsp_driver_sd.o [1]
  .text              ro code   0x800'88c4    0x34  bsp_driver_sd.o [1]
  .text              ro code   0x800'88f8    0x34  bsp_driver_sd.o [1]
  .text              ro code   0x800'892c    0x14  bsp_driver_sd.o [1]
  .text              ro code   0x800'8940    0x10  bsp_driver_sd.o [1]
  .text              ro code   0x800'8950    0xa8  stm32f4xx_it.o [1]
  .text              ro code   0x800'89f8    0x18  stm32f4xx_hal.o [1]
  .rodata            const     0x800'8a10    0x14  sd_diskio.o [1]
  .rodata            const     0x800'8a28    0x40  iar_Atan64.o [3]
  .text              ro code   0x800'8a68    0x38  user_diskio.o [1]
  .text              ro code   0x800'8aa0    0x28  data_init.o [4]
  .text              ro code   0x800'8ac8    0x22  fpinit_M.o [3]
  .iar.init_table    const     0x800'8aec    0x20  - Linker created -
  .text              ro code   0x800'8b0c    0x1e  cmain.o [4]
  .text              ro code   0x800'8b2a     0x4  low_level_init.o [2]
  .text              ro code   0x800'8b2e     0x4  exit.o [2]
  .text              ro code   0x800'8b34     0xa  cexit.o [4]
  .text              ro code   0x800'8b40    0x14  exit.o [5]
  .rodata            const     0x800'8b54    0x10  system_stm32f4xx.o [1]
  .text              ro code   0x800'8b64    0x10  startup_stm32f427xx.o [1]
  .text              ro code   0x800'8b74    0x10  system_stm32f4xx.o [1]
  .text              ro code   0x800'8b84     0xc  cstartup_M.o [4]
  .rodata            const     0x800'8b90     0x8  system_stm32f4xx.o [1]
  .rodata            const     0x800'8b98     0x8  tim.o [1]
  .text              ro code   0x800'8ba0     0x4  startup_stm32f427xx.o [1]
  .text              ro code   0x800'8ba4     0x4  startup_stm32f427xx.o [1]
  .text              ro code   0x800'8ba8     0x4  startup_stm32f427xx.o [1]
  .text              ro code   0x800'8bac     0x4  startup_stm32f427xx.o [1]
  .text              ro code   0x800'8bb0     0x4  startup_stm32f427xx.o [1]
  .text              ro code   0x800'8bb4     0x4  startup_stm32f427xx.o [1]
  .text              ro code   0x800'8bb8     0x4  startup_stm32f427xx.o [1]
  .text              ro code   0x800'8bbc     0x4  startup_stm32f427xx.o [1]
  .text              ro code   0x800'8bc0     0x4  startup_stm32f427xx.o [1]
  .text              ro code   0x800'8bc4     0x4  startup_stm32f427xx.o [1]
  .text              ro code   0x800'8bc8     0x4  startup_stm32f427xx.o [1]
  .text              ro code   0x800'8bcc     0x4  startup_stm32f427xx.o [1]
  .text              ro code   0x800'8bd0     0x4  startup_stm32f427xx.o [1]
  .text              ro code   0x800'8bd4     0x4  startup_stm32f427xx.o [1]
  .text              ro code   0x800'8bd8     0x4  startup_stm32f427xx.o [1]
  .text              ro code   0x800'8bdc     0x4  startup_stm32f427xx.o [1]
  .text              ro code   0x800'8be0     0x4  startup_stm32f427xx.o [1]
  .text              ro code   0x800'8be4     0x4  startup_stm32f427xx.o [1]
  .text              ro code   0x800'8be8     0x4  startup_stm32f427xx.o [1]
  .text              ro code   0x800'8bec     0x4  startup_stm32f427xx.o [1]
  .text              ro code   0x800'8bf0     0x4  startup_stm32f427xx.o [1]
  .text              ro code   0x800'8bf4     0x4  startup_stm32f427xx.o [1]
  .text              ro code   0x800'8bf8     0x4  startup_stm32f427xx.o [1]
  .text              ro code   0x800'8bfc     0x4  startup_stm32f427xx.o [1]
  .text              ro code   0x800'8c00     0x4  startup_stm32f427xx.o [1]
  .text              ro code   0x800'8c04     0x4  startup_stm32f427xx.o [1]
  .text              ro code   0x800'8c08     0x4  startup_stm32f427xx.o [1]
  .text              ro code   0x800'8c0c     0x4  startup_stm32f427xx.o [1]
  .text              ro code   0x800'8c10     0x4  startup_stm32f427xx.o [1]
  .text              ro code   0x800'8c14     0x4  startup_stm32f427xx.o [1]
  .text              ro code   0x800'8c18     0x4  startup_stm32f427xx.o [1]
  .text              ro code   0x800'8c1c     0x4  startup_stm32f427xx.o [1]
  .text              ro code   0x800'8c20     0x4  startup_stm32f427xx.o [1]
  .text              ro code   0x800'8c24     0x4  startup_stm32f427xx.o [1]
  .text              ro code   0x800'8c28     0x4  startup_stm32f427xx.o [1]
  .text              ro code   0x800'8c2c     0x4  startup_stm32f427xx.o [1]
  .text              ro code   0x800'8c30     0x4  startup_stm32f427xx.o [1]
  .text              ro code   0x800'8c34     0x4  startup_stm32f427xx.o [1]
  .text              ro code   0x800'8c38     0x4  startup_stm32f427xx.o [1]
  .text              ro code   0x800'8c3c     0x4  startup_stm32f427xx.o [1]
  .text              ro code   0x800'8c40     0x4  startup_stm32f427xx.o [1]
  .text              ro code   0x800'8c44     0x4  startup_stm32f427xx.o [1]
  .text              ro code   0x800'8c48     0x4  startup_stm32f427xx.o [1]
  .text              ro code   0x800'8c4c     0x4  startup_stm32f427xx.o [1]
  .text              ro code   0x800'8c50     0x4  startup_stm32f427xx.o [1]
  .text              ro code   0x800'8c54     0x4  startup_stm32f427xx.o [1]
  .text              ro code   0x800'8c58     0x4  startup_stm32f427xx.o [1]
  .text              ro code   0x800'8c5c     0x4  startup_stm32f427xx.o [1]
  .text              ro code   0x800'8c60     0x4  startup_stm32f427xx.o [1]
  .text              ro code   0x800'8c64     0x4  startup_stm32f427xx.o [1]
  .text              ro code   0x800'8c68     0x4  startup_stm32f427xx.o [1]
  .text              ro code   0x800'8c6c     0x4  startup_stm32f427xx.o [1]
  .text              ro code   0x800'8c70     0x4  startup_stm32f427xx.o [1]
  .text              ro code   0x800'8c74     0x4  startup_stm32f427xx.o [1]
  .text              ro code   0x800'8c78     0x4  startup_stm32f427xx.o [1]
  .text              ro code   0x800'8c7c     0x4  startup_stm32f427xx.o [1]
  .text              ro code   0x800'8c80     0x4  startup_stm32f427xx.o [1]
  .text              ro code   0x800'8c84     0x4  startup_stm32f427xx.o [1]
  .text              ro code   0x800'8c88     0x4  startup_stm32f427xx.o [1]
  .text              ro code   0x800'8c8c     0x4  startup_stm32f427xx.o [1]
  .text              ro code   0x800'8c90     0x4  startup_stm32f427xx.o [1]
  .text              ro code   0x800'8c94     0x4  startup_stm32f427xx.o [1]
  .text              ro code   0x800'8c98     0x4  startup_stm32f427xx.o [1]
  .text              ro code   0x800'8c9c     0x4  startup_stm32f427xx.o [1]
  .text              ro code   0x800'8ca0     0x4  startup_stm32f427xx.o [1]
  .text              ro code   0x800'8ca4     0x4  startup_stm32f427xx.o [1]
  .text              ro code   0x800'8ca8     0x4  startup_stm32f427xx.o [1]
  .text              ro code   0x800'8cac     0x4  startup_stm32f427xx.o [1]
  .text              ro code   0x800'8cb0     0x4  startup_stm32f427xx.o [1]
  .text              ro code   0x800'8cb4     0x4  startup_stm32f427xx.o [1]
  .text              ro code   0x800'8cb8     0x4  startup_stm32f427xx.o [1]
  .text              ro code   0x800'8cbc     0x4  startup_stm32f427xx.o [1]
  .text              ro code   0x800'8cc0     0x4  startup_stm32f427xx.o [1]
  .text              ro code   0x800'8cc4     0x4  startup_stm32f427xx.o [1]
  .text              ro code   0x800'8cc8     0x4  startup_stm32f427xx.o [1]
  .text              ro code   0x800'8ccc     0x4  startup_stm32f427xx.o [1]
  .text              ro code   0x800'8cd0     0x4  startup_stm32f427xx.o [1]
  .rodata            const     0x800'8cd4     0x0  zero_init3.o [4]
  .rodata            const     0x800'8cd4     0x0  lz77_init_single.o [4]
  Initializer bytes  const     0x800'8cd4    0x63  <for P2-1>
                             - 0x800'8d37  0x8b8b

"P2", part 1 of 3:                          0x2bb
  P2-1                        0x2000'0000   0x2bb  <Init block>
    .data            inited   0x2000'0000    0xa0  GaitController.o [1]
    .data            inited   0x2000'00a0    0xa0  GaitController.o [1]
    .data            inited   0x2000'0140    0x9c  GaitController.o [1]
    .data            inited   0x2000'01dc    0x9c  GaitController.o [1]
    .data            inited   0x2000'0278     0x4  GaitController.o [1]
    .data            inited   0x2000'027c    0x10  GaitController.o [1]
    .data            inited   0x2000'028c    0x10  GaitController.o [1]
    .data            inited   0x2000'029c     0x4  stm32f4xx_hal.o [1]
    .data            inited   0x2000'02a0     0x4  system_stm32f4xx.o [1]
    .data            inited   0x2000'02a4    0x14  user_diskio.o [1]
    .data            inited   0x2000'02b8     0x1  sd_diskio.o [1]
    .data            inited   0x2000'02b9     0x1  stm32f4xx_hal.o [1]
    .data            inited   0x2000'02ba     0x1  user_diskio.o [1]
                            - 0x2000'02bb   0x2bb

"P2", part 2 of 3:                          0x800
  .bss               zero     0x2000'02bc   0x240  DeepJ60_Motor.o [1]
  .bss               zero     0x2000'04fc   0x240  DeepJ60_Motor.o [1]
  .bss               zero     0x2000'073c    0x84  sdio.o [1]
  .bss               zero     0x2000'07c0    0x5c  DeepJ60_can.o [1]
  .bss               zero     0x2000'081c    0x48  tim.o [1]
  .bss               zero     0x2000'0864    0x48  usart.o [1]
  .bss               zero     0x2000'08ac    0x48  usart.o [1]
  .bss               zero     0x2000'08f4    0x48  usart.o [1]
  .bss               zero     0x2000'093c    0x48  usart.o [1]
  .bss               zero     0x2000'0984    0x3c  GaitController.o [1]
  .bss               zero     0x2000'09c0    0x28  can.o [1]
  .bss               zero     0x2000'09e8    0x28  can.o [1]
  .bss               zero     0x2000'0a10    0x20  GaitController.o [1]
  .bss               zero     0x2000'0a30    0x20  GaitController.o [1]
  .bss               zero     0x2000'0a50    0x20  GaitController.o [1]
  .bss               zero     0x2000'0a70    0x1c  DeepJ60_can.o [1]
  .bss               zero     0x2000'0a8c    0x10  ff_gen_drv.o [1]
  .bss               zero     0x2000'0a9c     0x4  can.o [1]
  .bss               zero     0x2000'0aa0     0x4  DeepJ60_can.o [1]
  .bss               zero     0x2000'0aa4     0x4  fatfs.o [1]
  .bss               zero     0x2000'0aa8     0x4  fatfs.o [1]
  .bss               zero     0x2000'0aac     0x4  GaitController.o [1]
  .bss               zero     0x2000'0ab0     0x4  stm32f4xx_hal.o [1]
  .bss               zero     0x2000'0ab4     0x4  usart.o [1]
  .bss               zero     0x2000'0ab8     0x1  fatfs.o [1]
  .bss               zero     0x2000'0ab9     0x1  fatfs.o [1]
                            - 0x2000'0aba   0x7fe

"P2", part 3 of 3:                          0x400
  CSTACK                      0x2000'0ac0   0x400  <Block>
    CSTACK           uninit   0x2000'0ac0   0x400  <Block tail>
                            - 0x2000'0ec0   0x400

Unused ranges:

         From           To       Size
         ----           --       ----
   0x800'8d37   0x81f'ffff  0x1f'72c9
  0x2000'02bb  0x2000'02bb        0x1
  0x2000'0abc  0x2000'0abf        0x4
  0x2000'0ec0  0x2002'ffff   0x2'f140


*******************************************************************************
*** INIT TABLE
***

          Address      Size
          -------      ----
Zero (__iar_zero_init3)
    1 destination range, total size 0x7fe:
          0x2000'02bc  0x7fe

Copy/lz77 (__iar_lz77_init_single3)
    1 source range, total size 0x63 (14% of destination):
           0x800'8cd4   0x63
    1 destination range, total size 0x2bb:
          0x2000'0000  0x2bb



*******************************************************************************
*** MODULE SUMMARY
***

    Module                  ro code  ro data  rw data
    ------                  -------  -------  -------
command line/config:
    -------------------------------------------------
    Total:

F:\none\Study\Other\Robot\RTS team\Robocon-FourFoot-2025\Code\Quadruped_Robot_20241025_backup\EWARM\Quadruped_Robot_20241025\Obj: [1]
    Callback.o                  848
    CurvePlan.o                 712
    DeepJ60_Motor.o           2 332             1 152
    DeepJ60_can.o               312               124
    GaitController.o          7 684       94      828
    KinematicSolution.o         612
    bsp_driver_sd.o             236
    can.o                       636                84
    fatfs.o                      52                10
    ff_gen_drv.o                 96                16
    gpio.o                      276
    main.o                      764
    sd_diskio.o                 288       20        1
    sdio.o                      228               132
    startup_stm32f427xx.o       752
    stm32f4xx_hal.o             204        1        9
    stm32f4xx_hal_can.o       2 042
    stm32f4xx_hal_cortex.o      348
    stm32f4xx_hal_dma.o         196
    stm32f4xx_hal_gpio.o        706
    stm32f4xx_hal_msp.o          64
    stm32f4xx_hal_pwr_ex.o      124
    stm32f4xx_hal_rcc.o       1 560
    stm32f4xx_hal_sd.o        3 636
    stm32f4xx_hal_tim.o       1 432
    stm32f4xx_hal_tim_ex.o      176
    stm32f4xx_hal_uart.o      2 594
    stm32f4xx_it.o              168
    stm32f4xx_ll_sdmmc.o      1 752
    system_stm32f4xx.o           16       24        4
    tim.o                       192        8       72
    usart.o                     712               292
    user_diskio.o                56        4       21
    -------------------------------------------------
    Total:                   31 806      151    2 745

dl7M_tlf.a: [2]
    exit.o                        4
    low_level_init.o              4
    -------------------------------------------------
    Total:                        8

m7M_tls.a: [3]
    DblAdd.o                    378
    DblCmpEq.o                   32
    DblCmpGe.o                   46
    DblCmpLe.o                   46
    DblDiv.o                    582
    DblMul.o                    418
    DblSub.o                    226
    DblToFlt.o                  104
    FltToDbl.o                   72
    U32ToDbl.o                   26
    acos64.o                    200
    fpinit_M.o                   34
    iar_Atan64.o                464       64
    math_wrappers64.o            18
    round.o                      98
    sqrt.o                      258
    -------------------------------------------------
    Total:                    3 002       64

rt7M_tl.a: [4]
    ABImemclr4.o                  6
    ABImemcpy.o                 134
    ABImemset48.o                50
    I64DivMod.o                 560
    I64DivZer.o                   2
    cexit.o                      10
    cmain.o                      30
    cstartup_M.o                 12
    data_init.o                  40
    lz77_init_single.o          122
    zero_init3.o                 58
    -------------------------------------------------
    Total:                    1 024

shb_l.a: [5]
    exit.o                       20
    -------------------------------------------------
    Total:                       20

    Gaps                         38        6
    Linker created                        32    1 024
-----------------------------------------------------
    Grand Total:             35 898      253    3 769


*******************************************************************************
*** ENTRY LIST
***

Entry                       Address   Size  Type      Object
-----                       -------   ----  ----      ------
.iar.init_table$$Base    0x800'8aec          --   Gb  - Linker created -
.iar.init_table$$Limit   0x800'8b0c          --   Gb  - Linker created -
?main                    0x800'8b0d         Code  Gb  cmain.o [4]
AHBPrescTable            0x800'8b54   0x10  Data  Gb  system_stm32f4xx.o [1]
APBPrescTable            0x800'8b90    0x8  Data  Gb  system_stm32f4xx.o [1]
AnalyseJ60MotorReceiveData_new
                         0x800'357d   0x30  Code  Gb  DeepJ60_Motor.o [1]
BSP_SD_GetCardInfo       0x800'892d   0x14  Code  Wk  bsp_driver_sd.o [1]
BSP_SD_GetCardState      0x800'8889   0x1c  Code  Wk  bsp_driver_sd.o [1]
BSP_SD_Init              0x800'88a5   0x20  Code  Wk  bsp_driver_sd.o [1]
BSP_SD_ReadBlocks        0x800'88c5   0x34  Code  Wk  bsp_driver_sd.o [1]
BSP_SD_WriteBlocks       0x800'88f9   0x34  Code  Wk  bsp_driver_sd.o [1]
BusFault_Handler         0x800'8957    0x2  Code  Gb  stm32f4xx_it.o [1]
CAN1_FilterConfig        0x800'6715   0x38  Code  Gb  can.o [1]
CAN1_RX0_IRQHandler      0x800'8973    0xa  Code  Gb  stm32f4xx_it.o [1]
CAN1_RX1_IRQHandler      0x800'897d    0xa  Code  Gb  stm32f4xx_it.o [1]
CAN2_FilterConfig        0x800'674d   0x38  Code  Gb  can.o [1]
CAN2_RX0_IRQHandler      0x800'89a5    0xa  Code  Gb  stm32f4xx_it.o [1]
CAN2_RX1_IRQHandler      0x800'89af    0xa  Code  Gb  stm32f4xx_it.o [1]
CSTACK$$Base            0x2000'0ac0          --   Gb  - Linker created -
CSTACK$$Limit           0x2000'0ec0          --   Gb  - Linker created -
Can                     0x2000'07c0   0x5c  Data  Gb  DeepJ60_can.o [1]
CanDataToRealData        0x800'4a9f   0x2a  Code  Gb  DeepJ60_can.o [1]
CanRxInformation        0x2000'0a70   0x1c  Data  Gb  DeepJ60_can.o [1]
Can_Receive_new          0x800'4b7b   0x20  Code  Gb  DeepJ60_can.o [1]
Can_Send                 0x800'4ac9   0xb2  Code  Gb  DeepJ60_can.o [1]
DebugMon_Handler         0x800'895d    0x2  Code  Gb  stm32f4xx_it.o [1]
EXTI1_IRQHandler         0x800'8969    0xa  Code  Gb  stm32f4xx_it.o [1]
EnableJ60Motor           0x800'2f55   0x3c  Code  Gb  DeepJ60_Motor.o [1]
Error_Handler            0x800'5139    0x4  Code  Gb  main.o [1]
FATFS_LinkDriver         0x800'7099   0x12  Code  Gb  ff_gen_drv.o [1]
FATFS_LinkDriverEx       0x800'7051   0x48  Code  Gb  ff_gen_drv.o [1]
GetJ60MotorCanID         0x800'2f41    0xe  Code  Gb  DeepJ60_Motor.o [1]
HAL_CAN_ActivateNotification
                         0x800'60c7   0x34  Code  Gb  stm32f4xx_hal_can.o [1]
HAL_CAN_AddTxMessage     0x800'5e31  0x126  Code  Gb  stm32f4xx_hal_can.o [1]
HAL_CAN_ConfigFilter     0x800'5ca9  0x128  Code  Gb  stm32f4xx_hal_can.o [1]
HAL_CAN_GetRxMessage     0x800'5f57  0x170  Code  Gb  stm32f4xx_hal_can.o [1]
HAL_CAN_IRQHandler       0x800'60fb  0x224  Code  Gb  stm32f4xx_hal_can.o [1]
HAL_CAN_Init             0x800'5b3d  0x16c  Code  Gb  stm32f4xx_hal_can.o [1]
HAL_CAN_MspInit          0x800'65e5  0x130  Code  Gb  can.o [1]
HAL_CAN_RxFifo0MsgPendingCallback
                         0x800'42c9   0x3c  Code  Gb  Callback.o [1]
HAL_CAN_Start            0x800'5dd1   0x5c  Code  Gb  stm32f4xx_hal_can.o [1]
HAL_DMA_Abort            0x800'41fd   0x9c  Code  Gb  stm32f4xx_hal_dma.o [1]
HAL_DMA_Abort_IT         0x800'4299   0x28  Code  Gb  stm32f4xx_hal_dma.o [1]
HAL_Delay                0x800'35c1   0x28  Code  Wk  stm32f4xx_hal.o [1]
HAL_GPIO_EXTI_IRQHandler
                         0x800'5397   0x20  Code  Gb  stm32f4xx_hal_gpio.o [1]
HAL_GPIO_Init            0x800'513d  0x240  Code  Gb  stm32f4xx_hal_gpio.o [1]
HAL_GPIO_WritePin        0x800'537d   0x1a  Code  Gb  stm32f4xx_hal_gpio.o [1]
HAL_GetTick              0x800'41f1    0xc  Code  Wk  stm32f4xx_hal.o [1]
HAL_IncTick              0x800'89f9   0x18  Code  Wk  stm32f4xx_hal.o [1]
HAL_Init                 0x800'63e9   0x30  Code  Gb  stm32f4xx_hal.o [1]
HAL_InitTick             0x800'5aed   0x4c  Code  Wk  stm32f4xx_hal.o [1]
HAL_MspInit              0x800'7011   0x40  Code  Gb  stm32f4xx_hal_msp.o [1]
HAL_NVIC_EnableIRQ       0x800'5523    0xe  Code  Gb  stm32f4xx_hal_cortex.o [1]
HAL_NVIC_SetPriority     0x800'54f9   0x2a  Code  Gb  stm32f4xx_hal_cortex.o [1]
HAL_NVIC_SetPriorityGrouping
                         0x800'54ed    0xc  Code  Gb  stm32f4xx_hal_cortex.o [1]
HAL_PWREx_EnableOverDrive
                         0x800'6d71   0x6a  Code  Gb  stm32f4xx_hal_pwr_ex.o [1]
HAL_RCC_CAN1_CLK_ENABLED
                        0x2000'0a9c    0x4  Data  Lc  can.o [1]
HAL_RCC_ClockConfig      0x800'4619  0x140  Code  Gb  stm32f4xx_hal_rcc.o [1]
HAL_RCC_GetHCLKFreq      0x800'4759    0x6  Code  Gb  stm32f4xx_hal_rcc.o [1]
HAL_RCC_GetPCLK1Freq     0x800'475f   0x16  Code  Gb  stm32f4xx_hal_rcc.o [1]
HAL_RCC_GetPCLK2Freq     0x800'4775   0x16  Code  Gb  stm32f4xx_hal_rcc.o [1]
HAL_RCC_OscConfig        0x800'6985  0x3ec  Code  Wk  stm32f4xx_hal_rcc.o [1]
HAL_SD_AbortCallback     0x800'8743    0xa  Code  Gb  bsp_driver_sd.o [1]
HAL_SD_GetCardCSD        0x800'7a41  0x1f4  Code  Gb  stm32f4xx_hal_sd.o [1]
HAL_SD_GetCardInfo       0x800'7c35   0x26  Code  Gb  stm32f4xx_hal_sd.o [1]
HAL_SD_GetCardState      0x800'7c5b   0x24  Code  Gb  stm32f4xx_hal_sd.o [1]
HAL_SD_IRQHandler        0x800'786d  0x1d4  Code  Gb  stm32f4xx_hal_sd.o [1]
HAL_SD_Init              0x800'71ad   0x44  Code  Gb  stm32f4xx_hal_sd.o [1]
HAL_SD_InitCard          0x800'71f1   0xbe  Code  Gb  stm32f4xx_hal_sd.o [1]
HAL_SD_MspInit           0x800'67cd   0xaa  Code  Gb  sdio.o [1]
HAL_SD_ReadBlocks        0x800'72af  0x310  Code  Gb  stm32f4xx_hal_sd.o [1]
HAL_SD_RxCpltCallback    0x800'8757    0xa  Code  Gb  bsp_driver_sd.o [1]
HAL_SD_TxCpltCallback    0x800'874d    0xa  Code  Gb  bsp_driver_sd.o [1]
HAL_SD_WriteBlocks       0x800'75bf  0x2a4  Code  Gb  stm32f4xx_hal_sd.o [1]
HAL_SYSTICK_Config       0x800'5531    0xc  Code  Gb  stm32f4xx_hal_cortex.o [1]
HAL_TIMEx_BreakCallback
                         0x800'6df3    0x2  Code  Wk  stm32f4xx_hal_tim_ex.o [1]
HAL_TIMEx_CommutCallback
                         0x800'6df7    0x2  Code  Wk  stm32f4xx_hal_tim_ex.o [1]
HAL_TIMEx_MasterConfigSynchronization
                         0x800'70b1   0x8e  Code  Gb  stm32f4xx_hal_tim_ex.o [1]
HAL_TIM_Base_Start_IT    0x800'555d   0x9a  Code  Gb  stm32f4xx_hal_tim.o [1]
HAL_TIM_Base_Stop_IT     0x800'55f7   0x3c  Code  Gb  stm32f4xx_hal_tim.o [1]
HAL_TIM_IRQHandler       0x800'56bd  0x13e  Code  Gb  stm32f4xx_hal_tim.o [1]
HAL_TIM_OC_ConfigChannel
                         0x800'57fb   0x68  Code  Gb  stm32f4xx_hal_tim.o [1]
HAL_TIM_OC_Init          0x800'5633   0x6e  Code  Gb  stm32f4xx_hal_tim.o [1]
HAL_TIM_OC_MspInit       0x800'6943   0x36  Code  Gb  tim.o [1]
HAL_TIM_PeriodElapsedCallback
                         0x800'4485  0x13e  Code  Gb  Callback.o [1]
HAL_UART_IRQHandler      0x800'2405  0x2d4  Code  Gb  stm32f4xx_hal_uart.o [1]
HAL_UART_Init            0x800'2289   0x7a  Code  Gb  stm32f4xx_hal_uart.o [1]
HAL_UART_MspInit         0x800'4005  0x1ac  Code  Gb  usart.o [1]
HAL_UART_Receive_IT      0x800'23cf   0x36  Code  Gb  stm32f4xx_hal_uart.o [1]
HAL_UART_RxCpltCallback
                         0x800'4305  0x180  Code  Gb  Callback.o [1]
HAL_UART_Transmit        0x800'2303   0xcc  Code  Gb  stm32f4xx_hal_uart.o [1]
HardFault_Handler        0x800'8953    0x2  Code  Gb  stm32f4xx_it.o [1]
IK_leg                   0x800'3b49  0x246  Code  Gb  KinematicSolution.o [1]
J60MotorConfigToSendCanData
                         0x800'2e5d   0x28  Code  Gb  DeepJ60_Motor.o [1]
J60MotorDataToSendCanData
                         0x800'2f0d   0x34  Code  Gb  DeepJ60_Motor.o [1]
J60MotorMotionDataToSendCanData
                         0x800'2d9d   0xae  Code  Gb  DeepJ60_Motor.o [1]
J60Motor_CAN1           0x2000'02bc  0x240  Data  Gb  DeepJ60_Motor.o [1]
J60Motor_CAN2           0x2000'04fc  0x240  Data  Gb  DeepJ60_Motor.o [1]
J60Motor_StandUpData_CAN1
                        0x2000'027c   0x10  Data  Gb  GaitController.o [1]
J60Motor_StandUpData_CAN2
                        0x2000'028c   0x10  Data  Gb  GaitController.o [1]
JumpForward_FSM          0x800'1ac1  0x4bc  Code  Gb  GaitController.o [1]
JumpUp_FSM               0x800'14c5  0x4c2  Code  Gb  GaitController.o [1]
MX_CAN1_Init             0x800'6531   0x5a  Code  Gb  can.o [1]
MX_CAN2_Init             0x800'658b   0x5a  Code  Gb  can.o [1]
MX_FATFS_Init            0x800'6891   0x1c  Code  Gb  fatfs.o [1]
MX_GPIO_Init             0x800'641d  0x114  Code  Gb  gpio.o [1]
MX_SDIO_SD_Init          0x800'67ad   0x20  Code  Gb  sdio.o [1]
MX_TIM2_Init             0x800'68c5   0x7e  Code  Gb  tim.o [1]
MX_UART7_Init            0x800'3f29   0x34  Code  Gb  usart.o [1]
MX_UART8_Init            0x800'3f5d   0x40  Code  Gb  usart.o [1]
MX_USART3_UART_Init      0x800'3f9d   0x34  Code  Gb  usart.o [1]
MX_USART6_UART_Init      0x800'3fd1   0x34  Code  Gb  usart.o [1]
MemManage_Handler        0x800'8955    0x2  Code  Gb  stm32f4xx_it.o [1]
NMI_Handler              0x800'8951    0x2  Code  Gb  stm32f4xx_it.o [1]
NVIC_EncodePriority      0x800'547d   0x40  Code  Lc  stm32f4xx_hal_cortex.o [1]
PendSV_Handler           0x800'895f    0x2  Code  Gb  stm32f4xx_it.o [1]
RealDataToCanData        0x800'4a75   0x2a  Code  Gb  DeepJ60_can.o [1]
ReceiveCanDataToJ60MotorConfig
                         0x800'2e85   0x28  Code  Gb  DeepJ60_Motor.o [1]
ReceiveCanDataToJ60MotorData_new
                         0x800'3525   0x58  Code  Gb  DeepJ60_Motor.o [1]
ReceiveCanDataToJ60MotorMotionData_new
                         0x800'3421   0xfe  Code  Gb  DeepJ60_Motor.o [1]
ReceiveCommandStatusToJ60MotorCommandStatus
                         0x800'2ead    0x6  Code  Gb  DeepJ60_Motor.o [1]
ReceiveStatusWordToJ60MotorStatusWord
                         0x800'2eb3   0x5a  Code  Gb  DeepJ60_Motor.o [1]
Region$$Table$$Base      0x800'8aec          --   Gb  - Linker created -
Region$$Table$$Limit     0x800'8b0c          --   Gb  - Linker created -
Rotate_FSM               0x800'0f59  0x47e  Code  Gb  GaitController.o [1]
RunJ60Motor              0x800'32e5  0x13a  Code  Gb  DeepJ60_Motor.o [1]
RunJ60MotorKdMode        0x800'30d5   0x62  Code  Gb  DeepJ60_Motor.o [1]
RunJ60MotorPositionMode
                         0x800'2f9d   0x6a  Code  Gb  DeepJ60_Motor.o [1]
RunJ60MotorPositionTorqueMode
                         0x800'3191   0x6e  Code  Gb  DeepJ60_Motor.o [1]
RunJ60MotorPositonVelocityTorqueMode
                         0x800'3271   0x72  Code  Gb  DeepJ60_Motor.o [1]
RunJ60MotorTorqueMode    0x800'3071   0x62  Code  Gb  DeepJ60_Motor.o [1]
RunJ60MotorVelocityMode
                         0x800'3009   0x66  Code  Gb  DeepJ60_Motor.o [1]
RunJ60MotorVelocityTorqueMode
                         0x800'3201   0x6a  Code  Gb  DeepJ60_Motor.o [1]
RunJ60MotorZeroTorqueMode
                         0x800'3139   0x56  Code  Gb  DeepJ60_Motor.o [1]
SDIO_ConfigData          0x800'80f9   0x2e  Code  Gb  stm32f4xx_ll_sdmmc.o [1]
SDIO_GetCommandResponse
                         0x800'80e7    0x6  Code  Gb  stm32f4xx_ll_sdmmc.o [1]
SDIO_GetPowerState       0x800'80b5    0x8  Code  Gb  stm32f4xx_ll_sdmmc.o [1]
SDIO_GetResponse         0x800'80ed    0xc  Code  Gb  stm32f4xx_ll_sdmmc.o [1]
SDIO_IRQHandler          0x800'899b    0xa  Code  Gb  stm32f4xx_it.o [1]
SDIO_Init                0x800'8069   0x30  Code  Gb  stm32f4xx_ll_sdmmc.o [1]
SDIO_PowerState_ON       0x800'80ab    0xa  Code  Gb  stm32f4xx_ll_sdmmc.o [1]
SDIO_ReadFIFO            0x800'8099    0x6  Code  Gb  stm32f4xx_ll_sdmmc.o [1]
SDIO_SendCommand         0x800'80bd   0x2a  Code  Gb  stm32f4xx_ll_sdmmc.o [1]
SDIO_WriteFIFO           0x800'809f    0xc  Code  Gb  stm32f4xx_ll_sdmmc.o [1]
SDMMC_CmdAppCommand      0x800'82f3   0x34  Code  Gb  stm32f4xx_ll_sdmmc.o [1]
SDMMC_CmdAppOperCommand
                         0x800'8327   0x34  Code  Gb  stm32f4xx_ll_sdmmc.o [1]
SDMMC_CmdBlockLength     0x800'8127   0x34  Code  Gb  stm32f4xx_ll_sdmmc.o [1]
SDMMC_CmdGoIdleState     0x800'8295   0x2e  Code  Gb  stm32f4xx_ll_sdmmc.o [1]
SDMMC_CmdOperCond        0x800'82c3   0x30  Code  Gb  stm32f4xx_ll_sdmmc.o [1]
SDMMC_CmdReadMultiBlock
                         0x800'818f   0x34  Code  Gb  stm32f4xx_ll_sdmmc.o [1]
SDMMC_CmdReadSingleBlock
                         0x800'815b   0x34  Code  Gb  stm32f4xx_ll_sdmmc.o [1]
SDMMC_CmdSelDesel        0x800'825f   0x36  Code  Gb  stm32f4xx_ll_sdmmc.o [1]
SDMMC_CmdSendCID         0x800'835b   0x2e  Code  Gb  stm32f4xx_ll_sdmmc.o [1]
SDMMC_CmdSendCSD         0x800'8389   0x2e  Code  Gb  stm32f4xx_ll_sdmmc.o [1]
SDMMC_CmdSendStatus      0x800'83eb   0x34  Code  Gb  stm32f4xx_ll_sdmmc.o [1]
SDMMC_CmdSetRelAdd       0x800'83b7   0x34  Code  Gb  stm32f4xx_ll_sdmmc.o [1]
SDMMC_CmdStopTransfer    0x800'822b   0x34  Code  Gb  stm32f4xx_ll_sdmmc.o [1]
SDMMC_CmdWriteMultiBlock
                         0x800'81f7   0x34  Code  Gb  stm32f4xx_ll_sdmmc.o [1]
SDMMC_CmdWriteSingleBlock
                         0x800'81c3   0x34  Code  Gb  stm32f4xx_ll_sdmmc.o [1]
SDMMC_GetCmdError        0x800'86f9   0x32  Code  Lc  stm32f4xx_ll_sdmmc.o [1]
SDMMC_GetCmdResp1        0x800'841f  0x13a  Code  Gb  stm32f4xx_ll_sdmmc.o [1]
SDMMC_GetCmdResp2        0x800'8559   0x56  Code  Gb  stm32f4xx_ll_sdmmc.o [1]
SDMMC_GetCmdResp3        0x800'85af   0x48  Code  Gb  stm32f4xx_ll_sdmmc.o [1]
SDMMC_GetCmdResp6        0x800'85f7   0xa6  Code  Gb  stm32f4xx_ll_sdmmc.o [1]
SDMMC_GetCmdResp7        0x800'869d   0x5c  Code  Gb  stm32f4xx_ll_sdmmc.o [1]
SDPath                  0x2000'0aa4    0x4  Data  Gb  fatfs.o [1]
SD_CheckStatus           0x800'8769   0x1e  Code  Lc  sd_diskio.o [1]
SD_DMARxAbort            0x800'7ccd   0x4a  Code  Lc  stm32f4xx_hal_sd.o [1]
SD_DMATxAbort            0x800'7c81   0x4a  Code  Lc  stm32f4xx_hal_sd.o [1]
SD_Driver                0x800'8a10   0x14  Data  Gb  sd_diskio.o [1]
SD_InitCard              0x800'7d17  0x10a  Code  Lc  stm32f4xx_hal_sd.o [1]
SD_PowerON               0x800'7e21   0xcc  Code  Lc  stm32f4xx_hal_sd.o [1]
SD_Read_IT               0x800'7f2f   0x58  Code  Lc  stm32f4xx_hal_sd.o [1]
SD_SendStatus            0x800'7efd   0x32  Code  Lc  stm32f4xx_hal_sd.o [1]
SD_Write_IT              0x800'7f87   0x58  Code  Lc  stm32f4xx_hal_sd.o [1]
SD_initialize            0x800'8787   0x20  Code  Gb  sd_diskio.o [1]
SD_ioctl                 0x800'8821   0x64  Code  Gb  sd_diskio.o [1]
SD_read                  0x800'87b5   0x36  Code  Gb  sd_diskio.o [1]
SD_status                0x800'87a7    0xe  Code  Gb  sd_diskio.o [1]
SD_write                 0x800'87eb   0x36  Code  Gb  sd_diskio.o [1]
SVC_Handler              0x800'895b    0x2  Code  Gb  stm32f4xx_it.o [1]
SetJumpForwardBezierControlPoints
                         0x800'1995  0x11a  Code  Gb  GaitController.o [1]
SetJumpUpBezierControlPoints
                         0x800'13fd   0xc6  Code  Gb  GaitController.o [1]
SetMotionCommand         0x800'2d47   0x4e  Code  Gb  DeepJ60_Motor.o [1]
SetMotionParameters      0x800'2ca5   0xa2  Code  Gb  DeepJ60_Motor.o [1]
SetMotor                 0x800'01ad  0x20a  Code  Gb  GaitController.o [1]
SetNormalCommand         0x800'2d95    0x8  Code  Gb  DeepJ60_Motor.o [1]
SetRotateBezierControlPoints
                         0x800'0c75  0x2c2  Code  Gb  GaitController.o [1]
SetThreeOrderBezierControlPoints
                         0x800'3881   0x22  Code  Gb  CurvePlan.o [1]
SetThreeOrderBezierPeriod
                         0x800'38a3    0x6  Code  Gb  CurvePlan.o [1]
SetTrotBezierControlPoints
                         0x800'04ad  0x306  Code  Gb  GaitController.o [1]
Stand                    0x800'03b9   0xec  Code  Gb  GaitController.o [1]
Stat                    0x2000'02b8    0x1  Data  Lc  sd_diskio.o [1]
Stat                    0x2000'02ba    0x1  Data  Lc  user_diskio.o [1]
SysTick_Config           0x800'54bd   0x30  Code  Lc  stm32f4xx_hal_cortex.o [1]
SysTick_Handler          0x800'8961    0x8  Code  Gb  stm32f4xx_it.o [1]
SystemClock_Config       0x800'5051   0xae  Code  Gb  main.o [1]
SystemCoreClock         0x2000'02a0    0x4  Data  Gb  system_stm32f4xx.o [1]
SystemInit               0x800'8b75    0xc  Code  Gb  system_stm32f4xx.o [1]
TIM2_IRQHandler          0x800'8987    0xa  Code  Gb  stm32f4xx_it.o [1]
TIM_Base_SetConfig       0x800'5863   0xd2  Code  Gb  stm32f4xx_hal_tim.o [1]
TIM_OC1_SetConfig        0x800'5935   0x64  Code  Lc  stm32f4xx_hal_tim.o [1]
TIM_OC2_SetConfig        0x800'5999   0x6e  Code  Gb  stm32f4xx_hal_tim.o [1]
TIM_OC3_SetConfig        0x800'5a09   0x6c  Code  Lc  stm32f4xx_hal_tim.o [1]
TIM_OC4_SetConfig        0x800'5a75   0x4c  Code  Lc  stm32f4xx_hal_tim.o [1]
ThreeOrderBezierPlan     0x800'38a9  0x298  Code  Gb  CurvePlan.o [1]
Torque                  0x2000'0a50   0x20  Data  Gb  GaitController.o [1]
Trot_FSM                 0x800'07bd  0x4a0  Code  Gb  GaitController.o [1]
TxMailBox               0x2000'0aa0    0x4  Data  Gb  DeepJ60_can.o [1]
UART7_IRQHandler         0x800'89c3    0xa  Code  Gb  stm32f4xx_it.o [1]
UART8_IRQHandler         0x800'89cd    0xa  Code  Gb  stm32f4xx_it.o [1]
UART_DMAAbortOnError     0x800'2809   0x16  Code  Lc  stm32f4xx_hal_uart.o [1]
UART_EndRxTransfer       0x800'27a1   0x66  Code  Lc  stm32f4xx_hal_uart.o [1]
UART_EndTransmit_IT      0x800'2887   0x20  Code  Lc  stm32f4xx_hal_uart.o [1]
UART_Receive_IT          0x800'28a7   0xf6  Code  Lc  stm32f4xx_hal_uart.o [1]
UART_SetConfig           0x800'299d  0x2fc  Code  Lc  stm32f4xx_hal_uart.o [1]
UART_Start_Receive_IT    0x800'275d   0x44  Code  Gb  stm32f4xx_hal_uart.o [1]
UART_Transmit_IT         0x800'2821   0x66  Code  Lc  stm32f4xx_hal_uart.o [1]
UART_WaitOnFlagUntilTimeout
                         0x800'26d9   0x84  Code  Lc  stm32f4xx_hal_uart.o [1]
USART3_IRQHandler        0x800'8991    0xa  Code  Gb  stm32f4xx_it.o [1]
USART6_IRQHandler        0x800'89b9    0xa  Code  Gb  stm32f4xx_it.o [1]
USERPath                0x2000'0aa8    0x4  Data  Gb  fatfs.o [1]
USER_Driver             0x2000'02a4   0x14  Data  Gb  user_diskio.o [1]
USER_initialize          0x800'8a69    0xc  Code  Gb  user_diskio.o [1]
USER_ioctl               0x800'8a99    0x8  Code  Gb  user_diskio.o [1]
USER_read                0x800'8a85    0xa  Code  Gb  user_diskio.o [1]
USER_status              0x800'8a75    0xc  Code  Gb  user_diskio.o [1]
USER_write               0x800'8a8f    0xa  Code  Gb  user_diskio.o [1]
UsageFault_Handler       0x800'8959    0x2  Code  Gb  stm32f4xx_it.o [1]
Velocity                0x2000'0a30   0x20  Data  Gb  GaitController.o [1]
__NVIC_EnableIRQ         0x800'5431   0x20  Code  Lc  stm32f4xx_hal_cortex.o [1]
__NVIC_GetPriorityGrouping
                         0x800'5423    0xc  Code  Lc  stm32f4xx_hal_cortex.o [1]
__NVIC_SetPriority       0x800'5451   0x2c  Code  Lc  stm32f4xx_hal_cortex.o [1]
__NVIC_SetPriorityGrouping
                         0x800'5401   0x22  Code  Lc  stm32f4xx_hal_cortex.o [1]
__aeabi_cdcmpeq          0x800'715d         Code  Gb  DblCmpEq.o [3]
__aeabi_cdcmple          0x800'6e11         Code  Gb  DblCmpLe.o [3]
__aeabi_cdrcmple         0x800'717d         Code  Gb  DblCmpGe.o [3]
__aeabi_d2f              0x800'2221         Code  Gb  DblToFlt.o [3]
__aeabi_dadd             0x800'3dad         Code  Gb  DblAdd.o [3]
__aeabi_ddiv             0x800'3639         Code  Gb  DblDiv.o [3]
__aeabi_dmul             0x800'2045         Code  Gb  DblMul.o [3]
__aeabi_dsub             0x800'4cf9         Code  Gb  DblSub.o [3]
__aeabi_f2d              0x800'35f1         Code  Gb  FltToDbl.o [3]
__aeabi_ldiv0            0x800'5b39         Code  Gb  I64DivZer.o [4]
__aeabi_memclr4          0x800'35e9         Code  Gb  ABImemclr4.o [4]
__aeabi_memcpy4          0x800'7fe1         Code  Gb  ABImemcpy.o [4]
__aeabi_memcpy8          0x800'7fe1         Code  Gb  ABImemcpy.o [4]
__aeabi_ui2d             0x800'1fb1         Code  Gb  U32ToDbl.o [3]
__aeabi_uldivmod         0x800'4845         Code  Gb  I64DivMod.o [4]
__cmain                  0x800'8b0d         Code  Gb  cmain.o [4]
__exit                   0x800'8b41   0x14  Code  Gb  exit.o [5]
__iar_Atan64             0x800'6e41  0x1d0  Code  Gb  iar_Atan64.o [3]
__iar_Memset4_word       0x800'4bad         Code  Gb  ABImemset48.o [4]
__iar_Memset8_word       0x800'4bad         Code  Gb  ABImemset48.o [4]
__iar_acos64             0x800'6321   0xc8  Code  Gb  acos64.o [3]
__iar_dadd               0x800'4d09         Code  Gb  DblSub.o [3]
__iar_data_init3         0x800'8aa1   0x28  Code  Gb  data_init.o [4]
__iar_dsub               0x800'3dbd         Code  Gb  DblAdd.o [3]
__iar_dsubStart          0x800'3dcf         Code  Gb  DblAdd.o [3]
__iar_init_vfp           0x800'8ac9         Code  Gb  fpinit_M.o [3]
__iar_lz77_init_single3
                         0x800'1fcb   0x7a  Code  Gb  lz77_init_single.o [4]
__iar_program_start      0x800'8b85         Code  Gb  cstartup_M.o [4]
__iar_round64            0x800'4ded         Code  Gb  round.o [3]
__iar_sqrt64             0x800'4c05         Code  Gb  sqrt.o [3]
__iar_vfp___iar_round64
                         0x800'4ddd         Code  Gb  round.o [3]
__iar_vfp___iar_sqrt64   0x800'4bf5         Code  Gb  sqrt.o [3]
__iar_vfp_acos           0x800'4be7    0xc  Code  Gb  math_wrappers64.o [3]
__iar_vfp_round          0x800'4ddd         Code  Gb  round.o [3]
__iar_vfp_roundl         0x800'4ddd         Code  Gb  round.o [3]
__iar_vfp_sqrt           0x800'4bf5         Code  Gb  sqrt.o [3]
__iar_vfp_sqrtl          0x800'4bf5         Code  Gb  sqrt.o [3]
__iar_zero_init3         0x800'21e7   0x3a  Code  Gb  zero_init3.o [4]
__low_level_init         0x800'8b2b    0x4  Code  Gb  low_level_init.o [2]
__vector_table           0x800'0000         Data  Gb  startup_stm32f427xx.o [1]
_call_main               0x800'8b19         Code  Gb  cmain.o [4]
_exit                    0x800'8b35         Code  Gb  cexit.o [4]
_main                    0x800'8b27         Code  Gb  cmain.o [4]
a                        0x800'8a28   0x40  Data  Lc  iar_Atan64.o [3]
acos                     0x800'6321   0xc8  Code  Gb  acos64.o [3]
acosl                    0x800'6321   0xc8  Code  Gb  acos64.o [3]
angle                   0x2000'0a10   0x20  Data  Gb  GaitController.o [1]
controller_signal       0x2000'0ab4    0x4  Data  Gb  usart.o [1]
disk                    0x2000'0a8c   0x10  Data  Gb  ff_gen_drv.o [1]
exit                     0x800'8b2f    0x4  Code  Gb  exit.o [2]
hcan1                   0x2000'09c0   0x28  Data  Gb  can.o [1]
hcan2                   0x2000'09e8   0x28  Data  Gb  can.o [1]
hsd                     0x2000'073c   0x84  Data  Gb  sdio.o [1]
htim2                   0x2000'081c   0x48  Data  Gb  tim.o [1]
huart3                  0x2000'08f4   0x48  Data  Gb  usart.o [1]
huart6                  0x2000'093c   0x48  Data  Gb  usart.o [1]
huart7                  0x2000'0864   0x48  Data  Gb  usart.o [1]
huart8                  0x2000'08ac   0x48  Data  Gb  usart.o [1]
jump_forward_controller
                        0x2000'01dc   0x9c  Data  Gb  GaitController.o [1]
jump_up_controller      0x2000'0140   0x9c  Data  Gb  GaitController.o [1]
last_t                  0x2000'0278    0x4  Data  Gb  GaitController.o [1]
main                     0x800'4e41  0x210  Code  Gb  main.o [1]
retSD                   0x2000'0ab8    0x1  Data  Gb  fatfs.o [1]
retUSER                 0x2000'0ab9    0x1  Data  Gb  fatfs.o [1]
rotate_controller       0x2000'00a0   0xa0  Data  Gb  GaitController.o [1]
round                    0x800'4ded         Code  Gb  round.o [3]
roundl                   0x800'4ded         Code  Gb  round.o [3]
sqrt                     0x800'4c05         Code  Gb  sqrt.o [3]
sqrtl                    0x800'4c05         Code  Gb  sqrt.o [3]
t                       0x2000'0aac    0x4  Data  Gb  GaitController.o [1]
trot_controller         0x2000'0000   0xa0  Data  Gb  GaitController.o [1]
usart_motor_data        0x2000'0984   0x3c  Data  Gb  GaitController.o [1]
uwTick                  0x2000'0ab0    0x4  Data  Gb  stm32f4xx_hal.o [1]
uwTickFreq              0x2000'02b9    0x1  Data  Gb  stm32f4xx_hal.o [1]
uwTickPrio              0x2000'029c    0x4  Data  Gb  stm32f4xx_hal.o [1]


[1] = F:\none\Study\Other\Robot\RTS team\Robocon-FourFoot-2025\Code\Quadruped_Robot_20241025_backup\EWARM\Quadruped_Robot_20241025\Obj
[2] = dl7M_tlf.a
[3] = m7M_tls.a
[4] = rt7M_tl.a
[5] = shb_l.a

  35 898 bytes of readonly  code memory
     253 bytes of readonly  data memory
   3 769 bytes of readwrite data memory

Errors: none
Warnings: none
