###############################################################################
#
# IAR ELF Linker V8.32.1.169/W32 for ARM                  14/Jan/2025  01:44:31
# Copyright 2007-2018 IAR Systems AB.
#
#    Output file  =  
#        F:\none\Study\Other\Robot\RTS
#        team\Robocon-FourFoot-2025\Code\Quadruped_Robot_20241025_backup\EWARM\Quadruped_Robot_20241025\Exe\Quadruped_Robot_20241025.out
#    Map file     =  
#        F:\none\Study\Other\Robot\RTS
#        team\Robocon-FourFoot-2025\Code\Quadruped_Robot_20241025_backup\EWARM\Quadruped_Robot_20241025\List\Quadruped_Robot_20241025.map
#    Command line =  
#        -f C:\Users\86136\AppData\Local\Temp\EWAEF2.tmp
#        ("F:\none\Study\Other\Robot\RTS
#        team\Robocon-FourFoot-2025\Code\Quadruped_Robot_20241025_backup\EWARM\Quadruped_Robot_20241025\Obj\bsp_driver_sd.o"
#        "F:\none\Study\Other\Robot\RTS
#        team\Robocon-FourFoot-2025\Code\Quadruped_Robot_20241025_backup\EWARM\Quadruped_Robot_20241025\Obj\Callback.o"
#        "F:\none\Study\Other\Robot\RTS
#        team\Robocon-FourFoot-2025\Code\Quadruped_Robot_20241025_backup\EWARM\Quadruped_Robot_20241025\Obj\can.o"
#        "F:\none\Study\Other\Robot\RTS
#        team\Robocon-FourFoot-2025\Code\Quadruped_Robot_20241025_backup\EWARM\Quadruped_Robot_20241025\Obj\cc936.o"
#        "F:\none\Study\Other\Robot\RTS
#        team\Robocon-FourFoot-2025\Code\Quadruped_Robot_20241025_backup\EWARM\Quadruped_Robot_20241025\Obj\CurvePlan.o"
#        "F:\none\Study\Other\Robot\RTS
#        team\Robocon-FourFoot-2025\Code\Quadruped_Robot_20241025_backup\EWARM\Quadruped_Robot_20241025\Obj\DeepJ60_can.o"
#        "F:\none\Study\Other\Robot\RTS
#        team\Robocon-FourFoot-2025\Code\Quadruped_Robot_20241025_backup\EWARM\Quadruped_Robot_20241025\Obj\DeepJ60_Motor.o"
#        "F:\none\Study\Other\Robot\RTS
#        team\Robocon-FourFoot-2025\Code\Quadruped_Robot_20241025_backup\EWARM\Quadruped_Robot_20241025\Obj\diskio.o"
#        "F:\none\Study\Other\Robot\RTS
#        team\Robocon-FourFoot-2025\Code\Quadruped_Robot_20241025_backup\EWARM\Quadruped_Robot_20241025\Obj\fatfs.o"
#        "F:\none\Study\Other\Robot\RTS
#        team\Robocon-FourFoot-2025\Code\Quadruped_Robot_20241025_backup\EWARM\Quadruped_Robot_20241025\Obj\ff.o"
#        "F:\none\Study\Other\Robot\RTS
#        team\Robocon-FourFoot-2025\Code\Quadruped_Robot_20241025_backup\EWARM\Quadruped_Robot_20241025\Obj\ff_gen_drv.o"
#        "F:\none\Study\Other\Robot\RTS
#        team\Robocon-FourFoot-2025\Code\Quadruped_Robot_20241025_backup\EWARM\Quadruped_Robot_20241025\Obj\GaitController.o"
#        "F:\none\Study\Other\Robot\RTS
#        team\Robocon-FourFoot-2025\Code\Quadruped_Robot_20241025_backup\EWARM\Quadruped_Robot_20241025\Obj\gpio.o"
#        "F:\none\Study\Other\Robot\RTS
#        team\Robocon-FourFoot-2025\Code\Quadruped_Robot_20241025_backup\EWARM\Quadruped_Robot_20241025\Obj\leg_control.o"
#        "F:\none\Study\Other\Robot\RTS
#        team\Robocon-FourFoot-2025\Code\Quadruped_Robot_20241025_backup\EWARM\Quadruped_Robot_20241025\Obj\LogSystem.o"
#        "F:\none\Study\Other\Robot\RTS
#        team\Robocon-FourFoot-2025\Code\Quadruped_Robot_20241025_backup\EWARM\Quadruped_Robot_20241025\Obj\main.o"
#        "F:\none\Study\Other\Robot\RTS
#        team\Robocon-FourFoot-2025\Code\Quadruped_Robot_20241025_backup\EWARM\Quadruped_Robot_20241025\Obj\sd_diskio.o"
#        "F:\none\Study\Other\Robot\RTS
#        team\Robocon-FourFoot-2025\Code\Quadruped_Robot_20241025_backup\EWARM\Quadruped_Robot_20241025\Obj\sdio.o"
#        "F:\none\Study\Other\Robot\RTS
#        team\Robocon-FourFoot-2025\Code\Quadruped_Robot_20241025_backup\EWARM\Quadruped_Robot_20241025\Obj\startup_stm32f427xx.o"
#        "F:\none\Study\Other\Robot\RTS
#        team\Robocon-FourFoot-2025\Code\Quadruped_Robot_20241025_backup\EWARM\Quadruped_Robot_20241025\Obj\stm32f4xx_hal.o"
#        "F:\none\Study\Other\Robot\RTS
#        team\Robocon-FourFoot-2025\Code\Quadruped_Robot_20241025_backup\EWARM\Quadruped_Robot_20241025\Obj\stm32f4xx_hal_can.o"
#        "F:\none\Study\Other\Robot\RTS
#        team\Robocon-FourFoot-2025\Code\Quadruped_Robot_20241025_backup\EWARM\Quadruped_Robot_20241025\Obj\stm32f4xx_hal_cortex.o"
#        "F:\none\Study\Other\Robot\RTS
#        team\Robocon-FourFoot-2025\Code\Quadruped_Robot_20241025_backup\EWARM\Quadruped_Robot_20241025\Obj\stm32f4xx_hal_dma.o"
#        "F:\none\Study\Other\Robot\RTS
#        team\Robocon-FourFoot-2025\Code\Quadruped_Robot_20241025_backup\EWARM\Quadruped_Robot_20241025\Obj\stm32f4xx_hal_dma_ex.o"
#        "F:\none\Study\Other\Robot\RTS
#        team\Robocon-FourFoot-2025\Code\Quadruped_Robot_20241025_backup\EWARM\Quadruped_Robot_20241025\Obj\stm32f4xx_hal_exti.o"
#        "F:\none\Study\Other\Robot\RTS
#        team\Robocon-FourFoot-2025\Code\Quadruped_Robot_20241025_backup\EWARM\Quadruped_Robot_20241025\Obj\stm32f4xx_hal_flash.o"
#        "F:\none\Study\Other\Robot\RTS
#        team\Robocon-FourFoot-2025\Code\Quadruped_Robot_20241025_backup\EWARM\Quadruped_Robot_20241025\Obj\stm32f4xx_hal_flash_ex.o"
#        "F:\none\Study\Other\Robot\RTS
#        team\Robocon-FourFoot-2025\Code\Quadruped_Robot_20241025_backup\EWARM\Quadruped_Robot_20241025\Obj\stm32f4xx_hal_flash_ramfunc.o"
#        "F:\none\Study\Other\Robot\RTS
#        team\Robocon-FourFoot-2025\Code\Quadruped_Robot_20241025_backup\EWARM\Quadruped_Robot_20241025\Obj\stm32f4xx_hal_gpio.o"
#        "F:\none\Study\Other\Robot\RTS
#        team\Robocon-FourFoot-2025\Code\Quadruped_Robot_20241025_backup\EWARM\Quadruped_Robot_20241025\Obj\stm32f4xx_hal_msp.o"
#        "F:\none\Study\Other\Robot\RTS
#        team\Robocon-FourFoot-2025\Code\Quadruped_Robot_20241025_backup\EWARM\Quadruped_Robot_20241025\Obj\stm32f4xx_hal_pwr.o"
#        "F:\none\Study\Other\Robot\RTS
#        team\Robocon-FourFoot-2025\Code\Quadruped_Robot_20241025_backup\EWARM\Quadruped_Robot_20241025\Obj\stm32f4xx_hal_pwr_ex.o"
#        "F:\none\Study\Other\Robot\RTS
#        team\Robocon-FourFoot-2025\Code\Quadruped_Robot_20241025_backup\EWARM\Quadruped_Robot_20241025\Obj\stm32f4xx_hal_rcc.o"
#        "F:\none\Study\Other\Robot\RTS
#        team\Robocon-FourFoot-2025\Code\Quadruped_Robot_20241025_backup\EWARM\Quadruped_Robot_20241025\Obj\stm32f4xx_hal_rcc_ex.o"
#        "F:\none\Study\Other\Robot\RTS
#        team\Robocon-FourFoot-2025\Code\Quadruped_Robot_20241025_backup\EWARM\Quadruped_Robot_20241025\Obj\stm32f4xx_hal_sd.o"
#        "F:\none\Study\Other\Robot\RTS
#        team\Robocon-FourFoot-2025\Code\Quadruped_Robot_20241025_backup\EWARM\Quadruped_Robot_20241025\Obj\stm32f4xx_hal_tim.o"
#        "F:\none\Study\Other\Robot\RTS
#        team\Robocon-FourFoot-2025\Code\Quadruped_Robot_20241025_backup\EWARM\Quadruped_Robot_20241025\Obj\stm32f4xx_hal_tim_ex.o"
#        "F:\none\Study\Other\Robot\RTS
#        team\Robocon-FourFoot-2025\Code\Quadruped_Robot_20241025_backup\EWARM\Quadruped_Robot_20241025\Obj\stm32f4xx_hal_uart.o"
#        "F:\none\Study\Other\Robot\RTS
#        team\Robocon-FourFoot-2025\Code\Quadruped_Robot_20241025_backup\EWARM\Quadruped_Robot_20241025\Obj\stm32f4xx_it.o"
#        "F:\none\Study\Other\Robot\RTS
#        team\Robocon-FourFoot-2025\Code\Quadruped_Robot_20241025_backup\EWARM\Quadruped_Robot_20241025\Obj\stm32f4xx_ll_sdmmc.o"
#        "F:\none\Study\Other\Robot\RTS
#        team\Robocon-FourFoot-2025\Code\Quadruped_Robot_20241025_backup\EWARM\Quadruped_Robot_20241025\Obj\syscall.o"
#        "F:\none\Study\Other\Robot\RTS
#        team\Robocon-FourFoot-2025\Code\Quadruped_Robot_20241025_backup\EWARM\Quadruped_Robot_20241025\Obj\system_stm32f4xx.o"
#        "F:\none\Study\Other\Robot\RTS
#        team\Robocon-FourFoot-2025\Code\Quadruped_Robot_20241025_backup\EWARM\Quadruped_Robot_20241025\Obj\tim.o"
#        "F:\none\Study\Other\Robot\RTS
#        team\Robocon-FourFoot-2025\Code\Quadruped_Robot_20241025_backup\EWARM\Quadruped_Robot_20241025\Obj\usart.o"
#        "F:\none\Study\Other\Robot\RTS
#        team\Robocon-FourFoot-2025\Code\Quadruped_Robot_20241025_backup\EWARM\Quadruped_Robot_20241025\Obj\user_diskio.o"
#        --no_out_extension -o "F:\none\Study\Other\Robot\RTS
#        team\Robocon-FourFoot-2025\Code\Quadruped_Robot_20241025_backup\EWARM\Quadruped_Robot_20241025\Exe\Quadruped_Robot_20241025.out"
#        --redirect _Printf=_PrintfFullNoMb --redirect _Scanf=_ScanfFullNoMb
#        --map "F:\none\Study\Other\Robot\RTS
#        team\Robocon-FourFoot-2025\Code\Quadruped_Robot_20241025_backup\EWARM\Quadruped_Robot_20241025\List\Quadruped_Robot_20241025.map"
#        --config "F:\none\Study\Other\Robot\RTS
#        team\Robocon-FourFoot-2025\Code\Quadruped_Robot_20241025_backup\EWARM/stm32f427xx_flash.icf"
#        --semihosting --entry __iar_program_start --vfe --text_out locale)
#
###############################################################################

*******************************************************************************
*** RUNTIME MODEL ATTRIBUTES
***

CppFlavor       = *
__SystemLibrary = DLib
__dlib_version  = 6


*******************************************************************************
*** HEAP SELECTION
***

The basic heap was selected because no calls to memory allocation
functions were found in the application outside of system library
functions, and there are calls to deallocation functions in the
application.


*******************************************************************************
*** PLACEMENT SUMMARY
***

"A0":  place at 0x800'0000 { ro section .intvec };
"P1":  place in [from 0x800'0000 to 0x81f'ffff] { ro };
define block CSTACK with size = 1K, alignment = 8 { };
define block HEAP with size = 512, alignment = 8 { };
"P2":  place in [from 0x2000'0000 to 0x2002'ffff] {
          rw, block CSTACK, block HEAP };
initialize by copy { rw };

  Section            Kind         Address    Size  Object
  -------            ----         -------    ----  ------
"A0":                                       0x1ac
  .intvec            ro code   0x800'0000   0x1ac  startup_stm32f427xx.o [1]
                             - 0x800'01ac   0x1ac

"P1":                                      0x81cc
  .text              ro code   0x800'01ac  0x10dc  leg_control.o [1]
  .text              ro code   0x800'1288    0x48  FltToDbl.o [3]
  .text              ro code   0x800'12d0    0x12  math_wrappers64.o [3]
  .text              ro code   0x800'12e2    0x3a  zero_init3.o [4]
  .text              ro code   0x800'131c    0x68  DblToFlt.o [3]
  .text              ro code   0x800'1384   0x102  sqrt.o [3]
  .text              ro code   0x800'1488   0x246  DblDiv.o [3]
  .text              ro code   0x800'16d0   0x1a2  DblMul.o [3]
  .text              ro code   0x800'1874    0xe2  DblSub.o [3]
  .text              ro code   0x800'1958    0x62  round.o [3]
  .text              ro code   0x800'19bc   0x17a  DblAdd.o [3]
  .text              ro code   0x800'1b38    0xc8  acos64.o [3]
  .text              ro code   0x800'1c00    0x2e  DblCmpLe.o [3]
  .text              ro code   0x800'1c30   0x1d0  iar_Atan64.o [3]
  .text              ro code   0x800'1e00    0x20  DblCmpEq.o [3]
  .text              ro code   0x800'1e20    0x2e  DblCmpGe.o [3]
  .text              ro code   0x800'1e50   0xe32  stm32f4xx_hal_sd.o [1]
  .text              ro code   0x800'2c84    0xe4  sdio.o [1]
  .text              ro code   0x800'2d68    0x86  ABImemcpy.o [4]
  .text              ro code   0x800'2df0   0x6d8  stm32f4xx_ll_sdmmc.o [1]
  .text              ro code   0x800'34c8    0x28  stm32f4xx_hal.o [1]
  .text              ro code   0x800'34f0     0xc  stm32f4xx_hal.o [1]
  .text              ro code   0x800'34fc     0x2  stm32f4xx_hal_sd.o [1]
  .text              ro code   0x800'34fe    0x20  bsp_driver_sd.o [1]
  .text              ro code   0x800'3520    0xc4  stm32f4xx_hal_dma.o [1]
  .text              ro code   0x800'35e4     0x6  ABImemclr4.o [4]
  .text              ro code   0x800'35ec   0x2c2  stm32f4xx_hal_gpio.o [1]
  .text              ro code   0x800'38b0   0x15c  stm32f4xx_hal_cortex.o [1]
  .text              ro code   0x800'3a0c     0x2  bsp_driver_sd.o [1]
  .text              ro code   0x800'3a0e     0x2  bsp_driver_sd.o [1]
  .text              ro code   0x800'3a10    0x32  ABImemset48.o [4]
  .text              ro code   0x800'3a44   0xaf0  GaitController.o [1]
  .text              ro code   0x800'4534   0xa1c  stm32f4xx_hal_uart.o [1]
  .text              ro code   0x800'4f50   0x91c  DeepJ60_Motor.o [1]
  .text              ro code   0x800'586c   0x220  usart.o [1]
  .text              ro code   0x800'5a8c     0x2  stm32f4xx_hal_uart.o [1]
  .text              ro code   0x800'5a8e     0x2  stm32f4xx_hal_uart.o [1]
  .text              ro code   0x800'5a90     0x2  stm32f4xx_hal_uart.o [1]
  .text              ro code   0x800'5a94   0x2c0  Callback.o [1]
  .text              ro code   0x800'5d54   0x22c  stm32f4xx_hal_rcc.o [1]
  .text              ro code   0x800'5f80   0x230  I64DivMod.o [4]
  .text              ro code   0x800'61b0   0x138  DeepJ60_can.o [1]
  .text              ro code   0x800'62e8   0x25c  main.o [1]
  .text              ro code   0x800'6544   0x590  stm32f4xx_hal_tim.o [1]
  .text              ro code   0x800'6ad4    0x4c  stm32f4xx_hal.o [1]
  .text              ro code   0x800'6b20     0x2  I64DivZer.o [4]
  .text              ro code   0x800'6b24   0x7e2  stm32f4xx_hal_can.o [1]
  .text              ro code   0x800'7308    0x34  stm32f4xx_hal.o [1]
  .text              ro code   0x800'733c   0x114  gpio.o [1]
  .text              ro code   0x800'7450   0x27c  can.o [1]
  .text              ro code   0x800'76cc    0x34  fatfs.o [1]
  .text              ro code   0x800'7700    0xc4  tim.o [1]
  .text              ro code   0x800'77c4   0x3ec  stm32f4xx_hal_rcc.o [1]
  .text              ro code   0x800'7bb0    0x7c  stm32f4xx_hal_pwr_ex.o [1]
  .text              ro code   0x800'7c2c     0x2  stm32f4xx_hal_tim.o [1]
  .text              ro code   0x800'7c2e     0x2  stm32f4xx_hal_tim.o [1]
  .text              ro code   0x800'7c30     0x2  stm32f4xx_hal_tim.o [1]
  .text              ro code   0x800'7c32     0x2  stm32f4xx_hal_tim_ex.o [1]
  .text              ro code   0x800'7c34     0x2  stm32f4xx_hal_tim.o [1]
  .text              ro code   0x800'7c36     0x2  stm32f4xx_hal_tim_ex.o [1]
  .text              ro code   0x800'7c38     0x2  stm32f4xx_hal_can.o [1]
  .text              ro code   0x800'7c3a     0x2  stm32f4xx_hal_can.o [1]
  .text              ro code   0x800'7c3c     0x2  stm32f4xx_hal_can.o [1]
  .text              ro code   0x800'7c3e     0x2  stm32f4xx_hal_can.o [1]
  .text              ro code   0x800'7c40     0x2  stm32f4xx_hal_can.o [1]
  .text              ro code   0x800'7c42     0x2  stm32f4xx_hal_can.o [1]
  .text              ro code   0x800'7c44     0x2  stm32f4xx_hal_can.o [1]
  .text              ro code   0x800'7c46     0x2  stm32f4xx_hal_can.o [1]
  .text              ro code   0x800'7c48     0x2  stm32f4xx_hal_can.o [1]
  .text              ro code   0x800'7c4a     0x2  stm32f4xx_hal_can.o [1]
  .text              ro code   0x800'7c4c     0x2  stm32f4xx_hal_can.o [1]
  .text              ro code   0x800'7c4e     0x2  stm32f4xx_hal_can.o [1]
  .text              ro code   0x800'7c50    0x40  stm32f4xx_hal_msp.o [1]
  .text              ro code   0x800'7c90    0x60  ff_gen_drv.o [1]
  .text              ro code   0x800'7cf0    0xac  stm32f4xx_hal_tim_ex.o [1]
  .text              ro code   0x800'7d9c   0x120  sd_diskio.o [1]
  .text              ro code   0x800'7ebc    0x1c  bsp_driver_sd.o [1]
  .text              ro code   0x800'7ed8    0x20  bsp_driver_sd.o [1]
  .text              ro code   0x800'7ef8    0x34  bsp_driver_sd.o [1]
  .text              ro code   0x800'7f2c    0x34  bsp_driver_sd.o [1]
  .text              ro code   0x800'7f60    0x14  bsp_driver_sd.o [1]
  .text              ro code   0x800'7f74    0x10  bsp_driver_sd.o [1]
  .text              ro code   0x800'7f84    0x98  stm32f4xx_it.o [1]
  .text              ro code   0x800'801c    0x18  stm32f4xx_hal.o [1]
  Initializer bytes  const     0x800'8034    0x4c  <for P2-1>
  .text              ro code   0x800'8080    0x2c  copy_init3.o [4]
  .rodata            const     0x800'80b0    0x40  iar_Atan64.o [3]
  .text              ro code   0x800'80f0    0x38  user_diskio.o [1]
  .text              ro code   0x800'8128    0x28  data_init.o [4]
  .text              ro code   0x800'8150    0x22  fpinit_M.o [3]
  .iar.init_table    const     0x800'8174    0x24  - Linker created -
  .text              ro code   0x800'8198    0x1e  cmain.o [4]
  .text              ro code   0x800'81b6     0x4  low_level_init.o [2]
  .text              ro code   0x800'81ba     0x4  exit.o [2]
  .text              ro code   0x800'81c0     0xa  cexit.o [4]
  .text              ro code   0x800'81cc    0x14  exit.o [5]
  .rodata            const     0x800'81e0    0x14  sd_diskio.o [1]
  .rodata            const     0x800'81f4    0x10  system_stm32f4xx.o [1]
  .text              ro code   0x800'8204    0x10  startup_stm32f427xx.o [1]
  .text              ro code   0x800'8214    0x10  system_stm32f4xx.o [1]
  .text              ro code   0x800'8224     0xc  cstartup_M.o [4]
  .rodata            const     0x800'8230     0x8  system_stm32f4xx.o [1]
  .rodata            const     0x800'8238     0x8  tim.o [1]
  .text              ro code   0x800'8240     0x4  startup_stm32f427xx.o [1]
  .text              ro code   0x800'8244     0x4  startup_stm32f427xx.o [1]
  .text              ro code   0x800'8248     0x4  startup_stm32f427xx.o [1]
  .text              ro code   0x800'824c     0x4  startup_stm32f427xx.o [1]
  .text              ro code   0x800'8250     0x4  startup_stm32f427xx.o [1]
  .text              ro code   0x800'8254     0x4  startup_stm32f427xx.o [1]
  .text              ro code   0x800'8258     0x4  startup_stm32f427xx.o [1]
  .text              ro code   0x800'825c     0x4  startup_stm32f427xx.o [1]
  .text              ro code   0x800'8260     0x4  startup_stm32f427xx.o [1]
  .text              ro code   0x800'8264     0x4  startup_stm32f427xx.o [1]
  .text              ro code   0x800'8268     0x4  startup_stm32f427xx.o [1]
  .text              ro code   0x800'826c     0x4  startup_stm32f427xx.o [1]
  .text              ro code   0x800'8270     0x4  startup_stm32f427xx.o [1]
  .text              ro code   0x800'8274     0x4  startup_stm32f427xx.o [1]
  .text              ro code   0x800'8278     0x4  startup_stm32f427xx.o [1]
  .text              ro code   0x800'827c     0x4  startup_stm32f427xx.o [1]
  .text              ro code   0x800'8280     0x4  startup_stm32f427xx.o [1]
  .text              ro code   0x800'8284     0x4  startup_stm32f427xx.o [1]
  .text              ro code   0x800'8288     0x4  startup_stm32f427xx.o [1]
  .text              ro code   0x800'828c     0x4  startup_stm32f427xx.o [1]
  .text              ro code   0x800'8290     0x4  startup_stm32f427xx.o [1]
  .text              ro code   0x800'8294     0x4  startup_stm32f427xx.o [1]
  .text              ro code   0x800'8298     0x4  startup_stm32f427xx.o [1]
  .text              ro code   0x800'829c     0x4  startup_stm32f427xx.o [1]
  .text              ro code   0x800'82a0     0x4  startup_stm32f427xx.o [1]
  .text              ro code   0x800'82a4     0x4  startup_stm32f427xx.o [1]
  .text              ro code   0x800'82a8     0x4  startup_stm32f427xx.o [1]
  .text              ro code   0x800'82ac     0x4  startup_stm32f427xx.o [1]
  .text              ro code   0x800'82b0     0x4  startup_stm32f427xx.o [1]
  .text              ro code   0x800'82b4     0x4  startup_stm32f427xx.o [1]
  .text              ro code   0x800'82b8     0x4  startup_stm32f427xx.o [1]
  .text              ro code   0x800'82bc     0x4  startup_stm32f427xx.o [1]
  .text              ro code   0x800'82c0     0x4  startup_stm32f427xx.o [1]
  .text              ro code   0x800'82c4     0x4  startup_stm32f427xx.o [1]
  .text              ro code   0x800'82c8     0x4  startup_stm32f427xx.o [1]
  .text              ro code   0x800'82cc     0x4  startup_stm32f427xx.o [1]
  .text              ro code   0x800'82d0     0x4  startup_stm32f427xx.o [1]
  .text              ro code   0x800'82d4     0x4  startup_stm32f427xx.o [1]
  .text              ro code   0x800'82d8     0x4  startup_stm32f427xx.o [1]
  .text              ro code   0x800'82dc     0x4  startup_stm32f427xx.o [1]
  .text              ro code   0x800'82e0     0x4  startup_stm32f427xx.o [1]
  .text              ro code   0x800'82e4     0x4  startup_stm32f427xx.o [1]
  .text              ro code   0x800'82e8     0x4  startup_stm32f427xx.o [1]
  .text              ro code   0x800'82ec     0x4  startup_stm32f427xx.o [1]
  .text              ro code   0x800'82f0     0x4  startup_stm32f427xx.o [1]
  .text              ro code   0x800'82f4     0x4  startup_stm32f427xx.o [1]
  .text              ro code   0x800'82f8     0x4  startup_stm32f427xx.o [1]
  .text              ro code   0x800'82fc     0x4  startup_stm32f427xx.o [1]
  .text              ro code   0x800'8300     0x4  startup_stm32f427xx.o [1]
  .text              ro code   0x800'8304     0x4  startup_stm32f427xx.o [1]
  .text              ro code   0x800'8308     0x4  startup_stm32f427xx.o [1]
  .text              ro code   0x800'830c     0x4  startup_stm32f427xx.o [1]
  .text              ro code   0x800'8310     0x4  startup_stm32f427xx.o [1]
  .text              ro code   0x800'8314     0x4  startup_stm32f427xx.o [1]
  .text              ro code   0x800'8318     0x4  startup_stm32f427xx.o [1]
  .text              ro code   0x800'831c     0x4  startup_stm32f427xx.o [1]
  .text              ro code   0x800'8320     0x4  startup_stm32f427xx.o [1]
  .text              ro code   0x800'8324     0x4  startup_stm32f427xx.o [1]
  .text              ro code   0x800'8328     0x4  startup_stm32f427xx.o [1]
  .text              ro code   0x800'832c     0x4  startup_stm32f427xx.o [1]
  .text              ro code   0x800'8330     0x4  startup_stm32f427xx.o [1]
  .text              ro code   0x800'8334     0x4  startup_stm32f427xx.o [1]
  .text              ro code   0x800'8338     0x4  startup_stm32f427xx.o [1]
  .text              ro code   0x800'833c     0x4  startup_stm32f427xx.o [1]
  .text              ro code   0x800'8340     0x4  startup_stm32f427xx.o [1]
  .text              ro code   0x800'8344     0x4  startup_stm32f427xx.o [1]
  .text              ro code   0x800'8348     0x4  startup_stm32f427xx.o [1]
  .text              ro code   0x800'834c     0x4  startup_stm32f427xx.o [1]
  .text              ro code   0x800'8350     0x4  startup_stm32f427xx.o [1]
  .text              ro code   0x800'8354     0x4  startup_stm32f427xx.o [1]
  .text              ro code   0x800'8358     0x4  startup_stm32f427xx.o [1]
  .text              ro code   0x800'835c     0x4  startup_stm32f427xx.o [1]
  .text              ro code   0x800'8360     0x4  startup_stm32f427xx.o [1]
  .text              ro code   0x800'8364     0x4  startup_stm32f427xx.o [1]
  .text              ro code   0x800'8368     0x4  startup_stm32f427xx.o [1]
  .text              ro code   0x800'836c     0x4  startup_stm32f427xx.o [1]
  .text              ro code   0x800'8370     0x4  startup_stm32f427xx.o [1]
  .text              ro code   0x800'8374     0x4  startup_stm32f427xx.o [1]
  .rodata            const     0x800'8378     0x0  zero_init3.o [4]
  .rodata            const     0x800'8378     0x0  copy_init3.o [4]
                             - 0x800'8378  0x81cc

"P2", part 1 of 3:                           0x4c
  P2-1                        0x2000'0000    0x4b  <Init block>
    .data            inited   0x2000'0000     0x4  GaitController.o [1]
    .data            inited   0x2000'0004     0x4  GaitController.o [1]
    .data            inited   0x2000'0008    0x10  leg_control.o [1]
    .data            inited   0x2000'0018    0x10  leg_control.o [1]
    .data            inited   0x2000'0028     0x4  main.o [1]
    .data            inited   0x2000'002c     0x4  stm32f4xx_hal.o [1]
    .data            inited   0x2000'0030     0x4  system_stm32f4xx.o [1]
    .data            inited   0x2000'0034    0x14  user_diskio.o [1]
    .data            inited   0x2000'0048     0x1  sd_diskio.o [1]
    .data            inited   0x2000'0049     0x1  stm32f4xx_hal.o [1]
    .data            inited   0x2000'004a     0x1  user_diskio.o [1]
                            - 0x2000'004b    0x4b

"P2", part 2 of 3:                          0x750
  .bss               zero     0x2000'004c   0x240  DeepJ60_Motor.o [1]
  .bss               zero     0x2000'028c   0x240  DeepJ60_Motor.o [1]
  .bss               zero     0x2000'04cc    0x84  sdio.o [1]
  .bss               zero     0x2000'0550    0x5c  DeepJ60_can.o [1]
  .bss               zero     0x2000'05ac    0x48  tim.o [1]
  .bss               zero     0x2000'05f4    0x48  usart.o [1]
  .bss               zero     0x2000'063c    0x48  usart.o [1]
  .bss               zero     0x2000'0684    0x48  usart.o [1]
  .bss               zero     0x2000'06cc    0x28  can.o [1]
  .bss               zero     0x2000'06f4    0x28  can.o [1]
  .bss               zero     0x2000'071c    0x20  main.o [1]
  .bss               zero     0x2000'073c    0x1c  DeepJ60_can.o [1]
  .bss               zero     0x2000'0758    0x10  ff_gen_drv.o [1]
  .bss               zero     0x2000'0768    0x10  leg_control.o [1]
  .bss               zero     0x2000'0778     0x4  can.o [1]
  .bss               zero     0x2000'077c     0x4  DeepJ60_can.o [1]
  .bss               zero     0x2000'0780     0x4  fatfs.o [1]
  .bss               zero     0x2000'0784     0x4  fatfs.o [1]
  .bss               zero     0x2000'0788     0x4  main.o [1]
  .bss               zero     0x2000'078c     0x4  stm32f4xx_hal.o [1]
  .bss               zero     0x2000'0790     0x4  usart.o [1]
  .bss               zero     0x2000'0794     0x1  fatfs.o [1]
  .bss               zero     0x2000'0795     0x1  fatfs.o [1]
  .bss               zero     0x2000'0796     0x1  GaitController.o [1]
  .bss               zero     0x2000'0797     0x1  GaitController.o [1]
  .bss               zero     0x2000'0798     0x1  GaitController.o [1]
  .bss               zero     0x2000'0799     0x1  GaitController.o [1]
                            - 0x2000'079a   0x74e

"P2", part 3 of 3:                          0x400
  CSTACK                      0x2000'07a0   0x400  <Block>
    CSTACK           uninit   0x2000'07a0   0x400  <Block tail>
                            - 0x2000'0ba0   0x400

Unused ranges:

         From           To       Size
         ----           --       ----
   0x800'8378   0x81f'ffff  0x1f'7c88
  0x2000'079c  0x2000'079f        0x4
  0x2000'0ba0  0x2002'ffff   0x2'f460


*******************************************************************************
*** INIT TABLE
***

          Address      Size
          -------      ----
Zero (__iar_zero_init3)
    1 destination range, total size 0x74e:
          0x2000'004c  0x74e

Copy (__iar_copy_init3)
    1 source range, total size 0x4c (101% of destination):
           0x800'8034   0x4c
    1 destination range, total size 0x4b:
          0x2000'0000   0x4b



*******************************************************************************
*** MODULE SUMMARY
***

    Module                  ro code  ro data  rw data
    ------                  -------  -------  -------
command line/config:
    -------------------------------------------------
    Total:

F:\none\Study\Other\Robot\RTS team\Robocon-FourFoot-2025\Code\Quadruped_Robot_20241025_backup\EWARM\Quadruped_Robot_20241025\Obj: [1]
    Callback.o                  704
    DeepJ60_Motor.o           2 332             1 152
    DeepJ60_can.o               312               124
    GaitController.o          2 800        8       12
    bsp_driver_sd.o             236
    can.o                       636                84
    fatfs.o                      52                10
    ff_gen_drv.o                 96                16
    gpio.o                      276
    leg_control.o             4 316       32       48
    main.o                      604        4       40
    sd_diskio.o                 288       21        1
    sdio.o                      228               132
    startup_stm32f427xx.o       756
    stm32f4xx_hal.o             204        5        9
    stm32f4xx_hal_can.o       2 042
    stm32f4xx_hal_cortex.o      348
    stm32f4xx_hal_dma.o         196
    stm32f4xx_hal_gpio.o        706
    stm32f4xx_hal_msp.o          64
    stm32f4xx_hal_pwr_ex.o      124
    stm32f4xx_hal_rcc.o       1 560
    stm32f4xx_hal_sd.o        3 636
    stm32f4xx_hal_tim.o       1 432
    stm32f4xx_hal_tim_ex.o      176
    stm32f4xx_hal_uart.o      2 594
    stm32f4xx_it.o              152
    stm32f4xx_ll_sdmmc.o      1 752
    system_stm32f4xx.o           16       28        4
    tim.o                       196        8       72
    usart.o                     544               220
    user_diskio.o                56       21       21
    -------------------------------------------------
    Total:                   29 434      127    1 945

dl7M_tlf.a: [2]
    exit.o                        4
    low_level_init.o              4
    -------------------------------------------------
    Total:                        8

m7M_tls.a: [3]
    DblAdd.o                    378
    DblCmpEq.o                   32
    DblCmpGe.o                   46
    DblCmpLe.o                   46
    DblDiv.o                    582
    DblMul.o                    418
    DblSub.o                    226
    DblToFlt.o                  104
    FltToDbl.o                   72
    acos64.o                    200
    fpinit_M.o                   34
    iar_Atan64.o                464       64
    math_wrappers64.o            18
    round.o                      98
    sqrt.o                      258
    -------------------------------------------------
    Total:                    2 976       64

rt7M_tl.a: [4]
    ABImemclr4.o                  6
    ABImemcpy.o                 134
    ABImemset48.o                50
    I64DivMod.o                 560
    I64DivZer.o                   2
    cexit.o                      10
    cmain.o                      30
    copy_init3.o                 44
    cstartup_M.o                 12
    data_init.o                  40
    zero_init3.o                 58
    -------------------------------------------------
    Total:                      946

shb_l.a: [5]
    exit.o                       20
    -------------------------------------------------
    Total:                       20

    Gaps                         38        6
    Linker created                        37    1 024
-----------------------------------------------------
    Grand Total:             33 422      234    2 969


*******************************************************************************
*** ENTRY LIST
***

Entry                       Address   Size  Type      Object
-----                       -------   ----  ----      ------
.iar.init_table$$Base    0x800'8174          --   Gb  - Linker created -
.iar.init_table$$Limit   0x800'8198          --   Gb  - Linker created -
?main                    0x800'8199         Code  Gb  cmain.o [4]
AHBPrescTable            0x800'81f4   0x10  Data  Gb  system_stm32f4xx.o [1]
APBPrescTable            0x800'8230    0x8  Data  Gb  system_stm32f4xx.o [1]
AnalyseJ60MotorReceiveData_new
                         0x800'5829   0x30  Code  Gb  DeepJ60_Motor.o [1]
BSP_SD_GetCardInfo       0x800'7f61   0x14  Code  Wk  bsp_driver_sd.o [1]
BSP_SD_GetCardState      0x800'7ebd   0x1c  Code  Wk  bsp_driver_sd.o [1]
BSP_SD_Init              0x800'7ed9   0x20  Code  Wk  bsp_driver_sd.o [1]
BSP_SD_ReadBlocks        0x800'7ef9   0x34  Code  Wk  bsp_driver_sd.o [1]
BSP_SD_WriteBlocks       0x800'7f2d   0x34  Code  Wk  bsp_driver_sd.o [1]
BusFault_Handler         0x800'7f8b    0x2  Code  Gb  stm32f4xx_it.o [1]
CAN1_FilterConfig        0x800'7635   0x38  Code  Gb  can.o [1]
CAN1_RX0_IRQHandler      0x800'7fa7    0xa  Code  Gb  stm32f4xx_it.o [1]
CAN1_RX1_IRQHandler      0x800'7fb1    0xa  Code  Gb  stm32f4xx_it.o [1]
CAN2_FilterConfig        0x800'766d   0x38  Code  Gb  can.o [1]
CAN2_RX0_IRQHandler      0x800'7fcf    0xa  Code  Gb  stm32f4xx_it.o [1]
CAN2_RX1_IRQHandler      0x800'7fd9    0xa  Code  Gb  stm32f4xx_it.o [1]
CSTACK$$Base            0x2000'07a0          --   Gb  - Linker created -
CSTACK$$Limit           0x2000'0ba0          --   Gb  - Linker created -
Can                     0x2000'0550   0x5c  Data  Gb  DeepJ60_can.o [1]
CanDataToRealData        0x800'61db   0x2a  Code  Gb  DeepJ60_can.o [1]
CanRxInformation        0x2000'073c   0x1c  Data  Gb  DeepJ60_can.o [1]
Can_Receive_new          0x800'62b7   0x20  Code  Gb  DeepJ60_can.o [1]
Can_Send                 0x800'6205   0xb2  Code  Gb  DeepJ60_can.o [1]
Cubic_Bezier             0x800'0419  0xb7a  Code  Gb  leg_control.o [1]
DebugMon_Handler         0x800'7f91    0x2  Code  Gb  stm32f4xx_it.o [1]
EXTI1_IRQHandler         0x800'7f9d    0xa  Code  Gb  stm32f4xx_it.o [1]
EnableJ60Motor           0x800'5201   0x3c  Code  Gb  DeepJ60_Motor.o [1]
Error_Handler            0x800'6541    0x4  Code  Gb  main.o [1]
FATFS_LinkDriver         0x800'7cd9   0x12  Code  Gb  ff_gen_drv.o [1]
FATFS_LinkDriverEx       0x800'7c91   0x48  Code  Gb  ff_gen_drv.o [1]
GetJ60MotorCanID         0x800'51ed    0xe  Code  Gb  DeepJ60_Motor.o [1]
HAL_CAN_ActivateNotification
                         0x800'70af   0x34  Code  Gb  stm32f4xx_hal_can.o [1]
HAL_CAN_AddTxMessage     0x800'6e19  0x126  Code  Gb  stm32f4xx_hal_can.o [1]
HAL_CAN_ConfigFilter     0x800'6c91  0x128  Code  Gb  stm32f4xx_hal_can.o [1]
HAL_CAN_GetRxMessage     0x800'6f3f  0x170  Code  Gb  stm32f4xx_hal_can.o [1]
HAL_CAN_IRQHandler       0x800'70e3  0x224  Code  Gb  stm32f4xx_hal_can.o [1]
HAL_CAN_Init             0x800'6b25  0x16c  Code  Gb  stm32f4xx_hal_can.o [1]
HAL_CAN_MspInit          0x800'7505  0x130  Code  Gb  can.o [1]
HAL_CAN_RxFifo0MsgPendingCallback
                         0x800'5a95   0x34  Code  Gb  Callback.o [1]
HAL_CAN_Start            0x800'6db9   0x5c  Code  Gb  stm32f4xx_hal_can.o [1]
HAL_DMA_Abort            0x800'3521   0x9c  Code  Gb  stm32f4xx_hal_dma.o [1]
HAL_DMA_Abort_IT         0x800'35bd   0x28  Code  Gb  stm32f4xx_hal_dma.o [1]
HAL_Delay                0x800'34c9   0x28  Code  Wk  stm32f4xx_hal.o [1]
HAL_GPIO_EXTI_IRQHandler
                         0x800'3847   0x20  Code  Gb  stm32f4xx_hal_gpio.o [1]
HAL_GPIO_Init            0x800'35ed  0x240  Code  Gb  stm32f4xx_hal_gpio.o [1]
HAL_GPIO_WritePin        0x800'382d   0x1a  Code  Gb  stm32f4xx_hal_gpio.o [1]
HAL_GetTick              0x800'34f1    0xc  Code  Wk  stm32f4xx_hal.o [1]
HAL_IncTick              0x800'801d   0x18  Code  Wk  stm32f4xx_hal.o [1]
HAL_Init                 0x800'7309   0x30  Code  Gb  stm32f4xx_hal.o [1]
HAL_InitTick             0x800'6ad5   0x4c  Code  Wk  stm32f4xx_hal.o [1]
HAL_MspInit              0x800'7c51   0x40  Code  Gb  stm32f4xx_hal_msp.o [1]
HAL_NVIC_EnableIRQ       0x800'39d3    0xe  Code  Gb  stm32f4xx_hal_cortex.o [1]
HAL_NVIC_SetPriority     0x800'39a9   0x2a  Code  Gb  stm32f4xx_hal_cortex.o [1]
HAL_NVIC_SetPriorityGrouping
                         0x800'399d    0xc  Code  Gb  stm32f4xx_hal_cortex.o [1]
HAL_PWREx_EnableOverDrive
                         0x800'7bb1   0x6a  Code  Gb  stm32f4xx_hal_pwr_ex.o [1]
HAL_RCC_CAN1_CLK_ENABLED
                        0x2000'0778    0x4  Data  Lc  can.o [1]
HAL_RCC_ClockConfig      0x800'5d55  0x140  Code  Gb  stm32f4xx_hal_rcc.o [1]
HAL_RCC_GetHCLKFreq      0x800'5e95    0x6  Code  Gb  stm32f4xx_hal_rcc.o [1]
HAL_RCC_GetPCLK1Freq     0x800'5e9b   0x16  Code  Gb  stm32f4xx_hal_rcc.o [1]
HAL_RCC_GetPCLK2Freq     0x800'5eb1   0x16  Code  Gb  stm32f4xx_hal_rcc.o [1]
HAL_RCC_OscConfig        0x800'77c5  0x3ec  Code  Wk  stm32f4xx_hal_rcc.o [1]
HAL_SD_AbortCallback     0x800'34ff    0xa  Code  Gb  bsp_driver_sd.o [1]
HAL_SD_GetCardCSD        0x800'26e5  0x1f4  Code  Gb  stm32f4xx_hal_sd.o [1]
HAL_SD_GetCardInfo       0x800'28d9   0x26  Code  Gb  stm32f4xx_hal_sd.o [1]
HAL_SD_GetCardState      0x800'28ff   0x24  Code  Gb  stm32f4xx_hal_sd.o [1]
HAL_SD_IRQHandler        0x800'2511  0x1d4  Code  Gb  stm32f4xx_hal_sd.o [1]
HAL_SD_Init              0x800'1e51   0x44  Code  Gb  stm32f4xx_hal_sd.o [1]
HAL_SD_InitCard          0x800'1e95   0xbe  Code  Gb  stm32f4xx_hal_sd.o [1]
HAL_SD_MspInit           0x800'2ca5   0xaa  Code  Gb  sdio.o [1]
HAL_SD_ReadBlocks        0x800'1f53  0x310  Code  Gb  stm32f4xx_hal_sd.o [1]
HAL_SD_RxCpltCallback    0x800'3513    0xa  Code  Gb  bsp_driver_sd.o [1]
HAL_SD_TxCpltCallback    0x800'3509    0xa  Code  Gb  bsp_driver_sd.o [1]
HAL_SD_WriteBlocks       0x800'2263  0x2a4  Code  Gb  stm32f4xx_hal_sd.o [1]
HAL_SYSTICK_Config       0x800'39e1    0xc  Code  Gb  stm32f4xx_hal_cortex.o [1]
HAL_TIMEx_BreakCallback
                         0x800'7c33    0x2  Code  Wk  stm32f4xx_hal_tim_ex.o [1]
HAL_TIMEx_CommutCallback
                         0x800'7c37    0x2  Code  Wk  stm32f4xx_hal_tim_ex.o [1]
HAL_TIMEx_MasterConfigSynchronization
                         0x800'7cf1   0x8e  Code  Gb  stm32f4xx_hal_tim_ex.o [1]
HAL_TIM_Base_Start_IT    0x800'6545   0x9a  Code  Gb  stm32f4xx_hal_tim.o [1]
HAL_TIM_Base_Stop_IT     0x800'65df   0x3c  Code  Gb  stm32f4xx_hal_tim.o [1]
HAL_TIM_IRQHandler       0x800'66a5  0x13e  Code  Gb  stm32f4xx_hal_tim.o [1]
HAL_TIM_OC_ConfigChannel
                         0x800'67e3   0x68  Code  Gb  stm32f4xx_hal_tim.o [1]
HAL_TIM_OC_Init          0x800'661b   0x6e  Code  Gb  stm32f4xx_hal_tim.o [1]
HAL_TIM_OC_MspInit       0x800'7781   0x36  Code  Gb  tim.o [1]
HAL_TIM_PeriodElapsedCallback
                         0x800'5c0d   0xec  Code  Gb  Callback.o [1]
HAL_UART_IRQHandler      0x800'46b1  0x2d4  Code  Gb  stm32f4xx_hal_uart.o [1]
HAL_UART_Init            0x800'4535   0x7a  Code  Gb  stm32f4xx_hal_uart.o [1]
HAL_UART_MspInit         0x800'5915  0x144  Code  Gb  usart.o [1]
HAL_UART_Receive_IT      0x800'467b   0x36  Code  Gb  stm32f4xx_hal_uart.o [1]
HAL_UART_RxCpltCallback
                         0x800'5ac9  0x142  Code  Gb  Callback.o [1]
HAL_UART_Transmit        0x800'45af   0xcc  Code  Gb  stm32f4xx_hal_uart.o [1]
HardFault_Handler        0x800'7f87    0x2  Code  Gb  stm32f4xx_it.o [1]
IK_leg                   0x800'01ad  0x24e  Code  Gb  leg_control.o [1]
J60MotorConfigToSendCanData
                         0x800'5109   0x28  Code  Gb  DeepJ60_Motor.o [1]
J60MotorDataToSendCanData
                         0x800'51b9   0x34  Code  Gb  DeepJ60_Motor.o [1]
J60MotorMotionDataToSendCanData
                         0x800'5049   0xae  Code  Gb  DeepJ60_Motor.o [1]
J60Motor_CAN1           0x2000'004c  0x240  Data  Gb  DeepJ60_Motor.o [1]
J60Motor_CAN2           0x2000'028c  0x240  Data  Gb  DeepJ60_Motor.o [1]
J60Motor_StandUpData_CAN1
                        0x2000'0008   0x10  Data  Gb  leg_control.o [1]
J60Motor_StandUpData_CAN2
                        0x2000'0018   0x10  Data  Gb  leg_control.o [1]
MX_CAN1_Init             0x800'7451   0x5a  Code  Gb  can.o [1]
MX_CAN2_Init             0x800'74ab   0x5a  Code  Gb  can.o [1]
MX_FATFS_Init            0x800'76cd   0x1c  Code  Gb  fatfs.o [1]
MX_GPIO_Init             0x800'733d  0x114  Code  Gb  gpio.o [1]
MX_SDIO_SD_Init          0x800'2c85   0x20  Code  Gb  sdio.o [1]
MX_TIM2_Init             0x800'7701   0x80  Code  Gb  tim.o [1]
MX_UART7_Init            0x800'586d   0x34  Code  Gb  usart.o [1]
MX_UART8_Init            0x800'58a1   0x40  Code  Gb  usart.o [1]
MX_USART6_UART_Init      0x800'58e1   0x34  Code  Gb  usart.o [1]
MemManage_Handler        0x800'7f89    0x2  Code  Gb  stm32f4xx_it.o [1]
NMI_Handler              0x800'7f85    0x2  Code  Gb  stm32f4xx_it.o [1]
NVIC_EncodePriority      0x800'392d   0x40  Code  Lc  stm32f4xx_hal_cortex.o [1]
PendSV_Handler           0x800'7f93    0x2  Code  Gb  stm32f4xx_it.o [1]
RealDataToCanData        0x800'61b1   0x2a  Code  Gb  DeepJ60_can.o [1]
ReceiveCanDataToJ60MotorConfig
                         0x800'5131   0x28  Code  Gb  DeepJ60_Motor.o [1]
ReceiveCanDataToJ60MotorData_new
                         0x800'57d1   0x58  Code  Gb  DeepJ60_Motor.o [1]
ReceiveCanDataToJ60MotorMotionData_new
                         0x800'56cd   0xfe  Code  Gb  DeepJ60_Motor.o [1]
ReceiveCommandStatusToJ60MotorCommandStatus
                         0x800'5159    0x6  Code  Gb  DeepJ60_Motor.o [1]
ReceiveStatusWordToJ60MotorStatusWord
                         0x800'515f   0x5a  Code  Gb  DeepJ60_Motor.o [1]
Region$$Table$$Base      0x800'8174          --   Gb  - Linker created -
Region$$Table$$Limit     0x800'8198          --   Gb  - Linker created -
RotateEnable            0x2000'0799    0x1  Data  Gb  GaitController.o [1]
RotateStateChange       0x2000'0797    0x1  Data  Gb  GaitController.o [1]
Rotate_FSM               0x800'3f89  0x576  Code  Gb  GaitController.o [1]
RunJ60Motor              0x800'5591  0x13a  Code  Gb  DeepJ60_Motor.o [1]
RunJ60MotorKdMode        0x800'5381   0x62  Code  Gb  DeepJ60_Motor.o [1]
RunJ60MotorPositionMode
                         0x800'5249   0x6a  Code  Gb  DeepJ60_Motor.o [1]
RunJ60MotorPositionTorqueMode
                         0x800'543d   0x6e  Code  Gb  DeepJ60_Motor.o [1]
RunJ60MotorPositonVelocityTorqueMode
                         0x800'551d   0x72  Code  Gb  DeepJ60_Motor.o [1]
RunJ60MotorTorqueMode    0x800'531d   0x62  Code  Gb  DeepJ60_Motor.o [1]
RunJ60MotorVelocityMode
                         0x800'52b5   0x66  Code  Gb  DeepJ60_Motor.o [1]
RunJ60MotorVelocityTorqueMode
                         0x800'54ad   0x6a  Code  Gb  DeepJ60_Motor.o [1]
RunJ60MotorZeroTorqueMode
                         0x800'53e5   0x56  Code  Gb  DeepJ60_Motor.o [1]
SDIO_ConfigData          0x800'2e81   0x2e  Code  Gb  stm32f4xx_ll_sdmmc.o [1]
SDIO_GetCommandResponse
                         0x800'2e6f    0x6  Code  Gb  stm32f4xx_ll_sdmmc.o [1]
SDIO_GetPowerState       0x800'2e3d    0x8  Code  Gb  stm32f4xx_ll_sdmmc.o [1]
SDIO_GetResponse         0x800'2e75    0xc  Code  Gb  stm32f4xx_ll_sdmmc.o [1]
SDIO_IRQHandler          0x800'7fc5    0xa  Code  Gb  stm32f4xx_it.o [1]
SDIO_Init                0x800'2df1   0x30  Code  Gb  stm32f4xx_ll_sdmmc.o [1]
SDIO_PowerState_ON       0x800'2e33    0xa  Code  Gb  stm32f4xx_ll_sdmmc.o [1]
SDIO_ReadFIFO            0x800'2e21    0x6  Code  Gb  stm32f4xx_ll_sdmmc.o [1]
SDIO_SendCommand         0x800'2e45   0x2a  Code  Gb  stm32f4xx_ll_sdmmc.o [1]
SDIO_WriteFIFO           0x800'2e27    0xc  Code  Gb  stm32f4xx_ll_sdmmc.o [1]
SDMMC_CmdAppCommand      0x800'307b   0x34  Code  Gb  stm32f4xx_ll_sdmmc.o [1]
SDMMC_CmdAppOperCommand
                         0x800'30af   0x34  Code  Gb  stm32f4xx_ll_sdmmc.o [1]
SDMMC_CmdBlockLength     0x800'2eaf   0x34  Code  Gb  stm32f4xx_ll_sdmmc.o [1]
SDMMC_CmdGoIdleState     0x800'301d   0x2e  Code  Gb  stm32f4xx_ll_sdmmc.o [1]
SDMMC_CmdOperCond        0x800'304b   0x30  Code  Gb  stm32f4xx_ll_sdmmc.o [1]
SDMMC_CmdReadMultiBlock
                         0x800'2f17   0x34  Code  Gb  stm32f4xx_ll_sdmmc.o [1]
SDMMC_CmdReadSingleBlock
                         0x800'2ee3   0x34  Code  Gb  stm32f4xx_ll_sdmmc.o [1]
SDMMC_CmdSelDesel        0x800'2fe7   0x36  Code  Gb  stm32f4xx_ll_sdmmc.o [1]
SDMMC_CmdSendCID         0x800'30e3   0x2e  Code  Gb  stm32f4xx_ll_sdmmc.o [1]
SDMMC_CmdSendCSD         0x800'3111   0x2e  Code  Gb  stm32f4xx_ll_sdmmc.o [1]
SDMMC_CmdSendStatus      0x800'3173   0x34  Code  Gb  stm32f4xx_ll_sdmmc.o [1]
SDMMC_CmdSetRelAdd       0x800'313f   0x34  Code  Gb  stm32f4xx_ll_sdmmc.o [1]
SDMMC_CmdStopTransfer    0x800'2fb3   0x34  Code  Gb  stm32f4xx_ll_sdmmc.o [1]
SDMMC_CmdWriteMultiBlock
                         0x800'2f7f   0x34  Code  Gb  stm32f4xx_ll_sdmmc.o [1]
SDMMC_CmdWriteSingleBlock
                         0x800'2f4b   0x34  Code  Gb  stm32f4xx_ll_sdmmc.o [1]
SDMMC_GetCmdError        0x800'3481   0x32  Code  Lc  stm32f4xx_ll_sdmmc.o [1]
SDMMC_GetCmdResp1        0x800'31a7  0x13a  Code  Gb  stm32f4xx_ll_sdmmc.o [1]
SDMMC_GetCmdResp2        0x800'32e1   0x56  Code  Gb  stm32f4xx_ll_sdmmc.o [1]
SDMMC_GetCmdResp3        0x800'3337   0x48  Code  Gb  stm32f4xx_ll_sdmmc.o [1]
SDMMC_GetCmdResp6        0x800'337f   0xa6  Code  Gb  stm32f4xx_ll_sdmmc.o [1]
SDMMC_GetCmdResp7        0x800'3425   0x5c  Code  Gb  stm32f4xx_ll_sdmmc.o [1]
SDPath                  0x2000'0780    0x4  Data  Gb  fatfs.o [1]
SD_CheckStatus           0x800'7d9d   0x1e  Code  Lc  sd_diskio.o [1]
SD_DMARxAbort            0x800'2971   0x4a  Code  Lc  stm32f4xx_hal_sd.o [1]
SD_DMATxAbort            0x800'2925   0x4a  Code  Lc  stm32f4xx_hal_sd.o [1]
SD_Driver                0x800'81e0   0x14  Data  Gb  sd_diskio.o [1]
SD_InitCard              0x800'29bb  0x10a  Code  Lc  stm32f4xx_hal_sd.o [1]
SD_PowerON               0x800'2ac5   0xcc  Code  Lc  stm32f4xx_hal_sd.o [1]
SD_Read_IT               0x800'2bd3   0x58  Code  Lc  stm32f4xx_hal_sd.o [1]
SD_SendStatus            0x800'2ba1   0x32  Code  Lc  stm32f4xx_hal_sd.o [1]
SD_Write_IT              0x800'2c2b   0x58  Code  Lc  stm32f4xx_hal_sd.o [1]
SD_initialize            0x800'7dbb   0x20  Code  Gb  sd_diskio.o [1]
SD_ioctl                 0x800'7e55   0x64  Code  Gb  sd_diskio.o [1]
SD_read                  0x800'7de9   0x36  Code  Gb  sd_diskio.o [1]
SD_status                0x800'7ddb    0xe  Code  Gb  sd_diskio.o [1]
SD_write                 0x800'7e1f   0x36  Code  Gb  sd_diskio.o [1]
SVC_Handler              0x800'7f8f    0x2  Code  Gb  stm32f4xx_it.o [1]
SetMotionCommand         0x800'4ff3   0x4e  Code  Gb  DeepJ60_Motor.o [1]
SetMotionParameters      0x800'4f51   0xa2  Code  Gb  DeepJ60_Motor.o [1]
SetNormalCommand         0x800'5041    0x8  Code  Gb  DeepJ60_Motor.o [1]
Stat                    0x2000'0048    0x1  Data  Lc  sd_diskio.o [1]
Stat                    0x2000'004a    0x1  Data  Lc  user_diskio.o [1]
SysTick_Config           0x800'396d   0x30  Code  Lc  stm32f4xx_hal_cortex.o [1]
SysTick_Handler          0x800'7f95    0x8  Code  Gb  stm32f4xx_it.o [1]
SystemClock_Config       0x800'645b   0xae  Code  Gb  main.o [1]
SystemCoreClock         0x2000'0030    0x4  Data  Gb  system_stm32f4xx.o [1]
SystemInit               0x800'8215    0xc  Code  Gb  system_stm32f4xx.o [1]
TIM2_IRQHandler          0x800'7fbb    0xa  Code  Gb  stm32f4xx_it.o [1]
TIM_Base_SetConfig       0x800'684b   0xd2  Code  Gb  stm32f4xx_hal_tim.o [1]
TIM_OC1_SetConfig        0x800'691d   0x64  Code  Lc  stm32f4xx_hal_tim.o [1]
TIM_OC2_SetConfig        0x800'6981   0x6e  Code  Gb  stm32f4xx_hal_tim.o [1]
TIM_OC3_SetConfig        0x800'69f1   0x6c  Code  Lc  stm32f4xx_hal_tim.o [1]
TIM_OC4_SetConfig        0x800'6a5d   0x4c  Code  Lc  stm32f4xx_hal_tim.o [1]
TrotEnable              0x2000'0798    0x1  Data  Gb  GaitController.o [1]
TrotStateChange         0x2000'0796    0x1  Data  Gb  GaitController.o [1]
Trot_FSM                 0x800'3a45  0x53c  Code  Gb  GaitController.o [1]
TxMailBox               0x2000'077c    0x4  Data  Gb  DeepJ60_can.o [1]
UART7_IRQHandler         0x800'7fed    0xa  Code  Gb  stm32f4xx_it.o [1]
UART8_IRQHandler         0x800'7ff7    0xa  Code  Gb  stm32f4xx_it.o [1]
UART_DMAAbortOnError     0x800'4ab5   0x16  Code  Lc  stm32f4xx_hal_uart.o [1]
UART_EndRxTransfer       0x800'4a4d   0x66  Code  Lc  stm32f4xx_hal_uart.o [1]
UART_EndTransmit_IT      0x800'4b33   0x20  Code  Lc  stm32f4xx_hal_uart.o [1]
UART_Receive_IT          0x800'4b53   0xf6  Code  Lc  stm32f4xx_hal_uart.o [1]
UART_SetConfig           0x800'4c49  0x2fc  Code  Lc  stm32f4xx_hal_uart.o [1]
UART_Start_Receive_IT    0x800'4a09   0x44  Code  Gb  stm32f4xx_hal_uart.o [1]
UART_Transmit_IT         0x800'4acd   0x66  Code  Lc  stm32f4xx_hal_uart.o [1]
UART_WaitOnFlagUntilTimeout
                         0x800'4985   0x84  Code  Lc  stm32f4xx_hal_uart.o [1]
USART6_IRQHandler        0x800'7fe3    0xa  Code  Gb  stm32f4xx_it.o [1]
USERPath                0x2000'0784    0x4  Data  Gb  fatfs.o [1]
USER_Driver             0x2000'0034   0x14  Data  Gb  user_diskio.o [1]
USER_initialize          0x800'80f1    0xc  Code  Gb  user_diskio.o [1]
USER_ioctl               0x800'8121    0x8  Code  Gb  user_diskio.o [1]
USER_read                0x800'810d    0xa  Code  Gb  user_diskio.o [1]
USER_status              0x800'80fd    0xc  Code  Gb  user_diskio.o [1]
USER_write               0x800'8117    0xa  Code  Gb  user_diskio.o [1]
UsageFault_Handler       0x800'7f8d    0x2  Code  Gb  stm32f4xx_it.o [1]
Walk_straight_Bezier     0x800'0fa5  0x172  Code  Gb  leg_control.o [1]
Walk_turn_Bezier         0x800'1117  0x172  Code  Gb  leg_control.o [1]
__NVIC_EnableIRQ         0x800'38e1   0x20  Code  Lc  stm32f4xx_hal_cortex.o [1]
__NVIC_GetPriorityGrouping
                         0x800'38d3    0xc  Code  Lc  stm32f4xx_hal_cortex.o [1]
__NVIC_SetPriority       0x800'3901   0x2c  Code  Lc  stm32f4xx_hal_cortex.o [1]
__NVIC_SetPriorityGrouping
                         0x800'38b1   0x22  Code  Lc  stm32f4xx_hal_cortex.o [1]
__aeabi_cdcmpeq          0x800'1e01         Code  Gb  DblCmpEq.o [3]
__aeabi_cdcmple          0x800'1c01         Code  Gb  DblCmpLe.o [3]
__aeabi_cdrcmple         0x800'1e21         Code  Gb  DblCmpGe.o [3]
__aeabi_d2f              0x800'131d         Code  Gb  DblToFlt.o [3]
__aeabi_dadd             0x800'19bd         Code  Gb  DblAdd.o [3]
__aeabi_ddiv             0x800'1489         Code  Gb  DblDiv.o [3]
__aeabi_dmul             0x800'16d1         Code  Gb  DblMul.o [3]
__aeabi_dsub             0x800'1875         Code  Gb  DblSub.o [3]
__aeabi_f2d              0x800'1289         Code  Gb  FltToDbl.o [3]
__aeabi_ldiv0            0x800'6b21         Code  Gb  I64DivZer.o [4]
__aeabi_memclr4          0x800'35e5         Code  Gb  ABImemclr4.o [4]
__aeabi_memcpy4          0x800'2d69         Code  Gb  ABImemcpy.o [4]
__aeabi_memcpy8          0x800'2d69         Code  Gb  ABImemcpy.o [4]
__aeabi_uldivmod         0x800'5f81         Code  Gb  I64DivMod.o [4]
__cmain                  0x800'8199         Code  Gb  cmain.o [4]
__exit                   0x800'81cd   0x14  Code  Gb  exit.o [5]
__iar_Atan64             0x800'1c31  0x1d0  Code  Gb  iar_Atan64.o [3]
__iar_Memset4_word       0x800'3a11         Code  Gb  ABImemset48.o [4]
__iar_Memset8_word       0x800'3a11         Code  Gb  ABImemset48.o [4]
__iar_acos64             0x800'1b39   0xc8  Code  Gb  acos64.o [3]
__iar_copy_init3         0x800'8081   0x2c  Code  Gb  copy_init3.o [4]
__iar_dadd               0x800'1885         Code  Gb  DblSub.o [3]
__iar_data_init3         0x800'8129   0x28  Code  Gb  data_init.o [4]
__iar_dsub               0x800'19cd         Code  Gb  DblAdd.o [3]
__iar_dsubStart          0x800'19df         Code  Gb  DblAdd.o [3]
__iar_init_vfp           0x800'8151         Code  Gb  fpinit_M.o [3]
__iar_program_start      0x800'8225         Code  Gb  cstartup_M.o [4]
__iar_round64            0x800'1969         Code  Gb  round.o [3]
__iar_sqrt64             0x800'1395         Code  Gb  sqrt.o [3]
__iar_vfp___iar_round64
                         0x800'1959         Code  Gb  round.o [3]
__iar_vfp___iar_sqrt64   0x800'1385         Code  Gb  sqrt.o [3]
__iar_vfp_acos           0x800'12d7    0xc  Code  Gb  math_wrappers64.o [3]
__iar_vfp_round          0x800'1959         Code  Gb  round.o [3]
__iar_vfp_roundl         0x800'1959         Code  Gb  round.o [3]
__iar_vfp_sqrt           0x800'1385         Code  Gb  sqrt.o [3]
__iar_vfp_sqrtl          0x800'1385         Code  Gb  sqrt.o [3]
__iar_zero_init3         0x800'12e3   0x3a  Code  Gb  zero_init3.o [4]
__low_level_init         0x800'81b7    0x4  Code  Gb  low_level_init.o [2]
__vector_table           0x800'0000         Data  Gb  startup_stm32f427xx.o [1]
_call_main               0x800'81a5         Code  Gb  cmain.o [4]
_exit                    0x800'81c1         Code  Gb  cexit.o [4]
_main                    0x800'81b3         Code  Gb  cmain.o [4]
a                        0x800'80b0   0x40  Data  Lc  iar_Atan64.o [3]
acos                     0x800'1b39   0xc8  Code  Gb  acos64.o [3]
acosl                    0x800'1b39   0xc8  Code  Gb  acos64.o [3]
angle                   0x2000'071c   0x20  Data  Gb  main.o [1]
controller_signal       0x2000'0790    0x4  Data  Gb  usart.o [1]
disk                    0x2000'0758   0x10  Data  Gb  ff_gen_drv.o [1]
exit                     0x800'81bb    0x4  Code  Gb  exit.o [2]
hcan1                   0x2000'06cc   0x28  Data  Gb  can.o [1]
hcan2                   0x2000'06f4   0x28  Data  Gb  can.o [1]
hsd                     0x2000'04cc   0x84  Data  Gb  sdio.o [1]
htim2                   0x2000'05ac   0x48  Data  Gb  tim.o [1]
huart6                  0x2000'0684   0x48  Data  Gb  usart.o [1]
huart7                  0x2000'05f4   0x48  Data  Gb  usart.o [1]
huart8                  0x2000'063c   0x48  Data  Gb  usart.o [1]
last_t                  0x2000'0028    0x4  Data  Gb  main.o [1]
main                     0x800'62e9  0x172  Code  Gb  main.o [1]
retSD                   0x2000'0794    0x1  Data  Gb  fatfs.o [1]
retUSER                 0x2000'0795    0x1  Data  Gb  fatfs.o [1]
rotate_controller       0x2000'0004    0x4  Data  Gb  GaitController.o [1]
round                    0x800'1969         Code  Gb  round.o [3]
roundl                   0x800'1969         Code  Gb  round.o [3]
sqrt                     0x800'1395         Code  Gb  sqrt.o [3]
sqrtl                    0x800'1395         Code  Gb  sqrt.o [3]
t                       0x2000'0788    0x4  Data  Gb  main.o [1]
trot_controller         0x2000'0000    0x4  Data  Gb  GaitController.o [1]
usart_motor_data        0x2000'0768   0x10  Data  Gb  leg_control.o [1]
uwTick                  0x2000'078c    0x4  Data  Gb  stm32f4xx_hal.o [1]
uwTickFreq              0x2000'0049    0x1  Data  Gb  stm32f4xx_hal.o [1]
uwTickPrio              0x2000'002c    0x4  Data  Gb  stm32f4xx_hal.o [1]


[1] = F:\none\Study\Other\Robot\RTS team\Robocon-FourFoot-2025\Code\Quadruped_Robot_20241025_backup\EWARM\Quadruped_Robot_20241025\Obj
[2] = dl7M_tlf.a
[3] = m7M_tls.a
[4] = rt7M_tl.a
[5] = shb_l.a

  33 422 bytes of readonly  code memory
     234 bytes of readonly  data memory
   2 969 bytes of readwrite data memory

Errors: none
Warnings: none
