###############################################################################
#
# IAR ELF Linker V8.32.1.169/W32 for ARM                  23/Feb/2025  17:54:22
# Copyright 2007-2018 IAR Systems AB.
#
#    Output file  =  
#        F:\none\Study\Other\Robot\RTS
#        team\Robocon-FourFoot-2025\Code\Quadruped_Robot_20241025_backup\EWARM\Quadruped_Robot_20241025\Exe\Quadruped_Robot_20241025.out
#    Map file     =  
#        F:\none\Study\Other\Robot\RTS
#        team\Robocon-FourFoot-2025\Code\Quadruped_Robot_20241025_backup\EWARM\Quadruped_Robot_20241025\List\Quadruped_Robot_20241025.map
#    Command line =  
#        -f C:\Users\86136\AppData\Local\Temp\EW57BD.tmp
#        ("F:\none\Study\Other\Robot\RTS
#        team\Robocon-FourFoot-2025\Code\Quadruped_Robot_20241025_backup\EWARM\Quadruped_Robot_20241025\Obj\bsp_driver_sd.o"
#        "F:\none\Study\Other\Robot\RTS
#        team\Robocon-FourFoot-2025\Code\Quadruped_Robot_20241025_backup\EWARM\Quadruped_Robot_20241025\Obj\Callback.o"
#        "F:\none\Study\Other\Robot\RTS
#        team\Robocon-FourFoot-2025\Code\Quadruped_Robot_20241025_backup\EWARM\Quadruped_Robot_20241025\Obj\can.o"
#        "F:\none\Study\Other\Robot\RTS
#        team\Robocon-FourFoot-2025\Code\Quadruped_Robot_20241025_backup\EWARM\Quadruped_Robot_20241025\Obj\cc936.o"
#        "F:\none\Study\Other\Robot\RTS
#        team\Robocon-FourFoot-2025\Code\Quadruped_Robot_20241025_backup\EWARM\Quadruped_Robot_20241025\Obj\CurvePlan.o"
#        "F:\none\Study\Other\Robot\RTS
#        team\Robocon-FourFoot-2025\Code\Quadruped_Robot_20241025_backup\EWARM\Quadruped_Robot_20241025\Obj\DeepJ60_can.o"
#        "F:\none\Study\Other\Robot\RTS
#        team\Robocon-FourFoot-2025\Code\Quadruped_Robot_20241025_backup\EWARM\Quadruped_Robot_20241025\Obj\DeepJ60_Motor.o"
#        "F:\none\Study\Other\Robot\RTS
#        team\Robocon-FourFoot-2025\Code\Quadruped_Robot_20241025_backup\EWARM\Quadruped_Robot_20241025\Obj\diskio.o"
#        "F:\none\Study\Other\Robot\RTS
#        team\Robocon-FourFoot-2025\Code\Quadruped_Robot_20241025_backup\EWARM\Quadruped_Robot_20241025\Obj\fatfs.o"
#        "F:\none\Study\Other\Robot\RTS
#        team\Robocon-FourFoot-2025\Code\Quadruped_Robot_20241025_backup\EWARM\Quadruped_Robot_20241025\Obj\ff.o"
#        "F:\none\Study\Other\Robot\RTS
#        team\Robocon-FourFoot-2025\Code\Quadruped_Robot_20241025_backup\EWARM\Quadruped_Robot_20241025\Obj\ff_gen_drv.o"
#        "F:\none\Study\Other\Robot\RTS
#        team\Robocon-FourFoot-2025\Code\Quadruped_Robot_20241025_backup\EWARM\Quadruped_Robot_20241025\Obj\GaitController.o"
#        "F:\none\Study\Other\Robot\RTS
#        team\Robocon-FourFoot-2025\Code\Quadruped_Robot_20241025_backup\EWARM\Quadruped_Robot_20241025\Obj\gpio.o"
#        "F:\none\Study\Other\Robot\RTS
#        team\Robocon-FourFoot-2025\Code\Quadruped_Robot_20241025_backup\EWARM\Quadruped_Robot_20241025\Obj\KinematicSolution.o"
#        "F:\none\Study\Other\Robot\RTS
#        team\Robocon-FourFoot-2025\Code\Quadruped_Robot_20241025_backup\EWARM\Quadruped_Robot_20241025\Obj\LogSystem.o"
#        "F:\none\Study\Other\Robot\RTS
#        team\Robocon-FourFoot-2025\Code\Quadruped_Robot_20241025_backup\EWARM\Quadruped_Robot_20241025\Obj\main.o"
#        "F:\none\Study\Other\Robot\RTS
#        team\Robocon-FourFoot-2025\Code\Quadruped_Robot_20241025_backup\EWARM\Quadruped_Robot_20241025\Obj\sd_diskio.o"
#        "F:\none\Study\Other\Robot\RTS
#        team\Robocon-FourFoot-2025\Code\Quadruped_Robot_20241025_backup\EWARM\Quadruped_Robot_20241025\Obj\sdio.o"
#        "F:\none\Study\Other\Robot\RTS
#        team\Robocon-FourFoot-2025\Code\Quadruped_Robot_20241025_backup\EWARM\Quadruped_Robot_20241025\Obj\startup_stm32f427xx.o"
#        "F:\none\Study\Other\Robot\RTS
#        team\Robocon-FourFoot-2025\Code\Quadruped_Robot_20241025_backup\EWARM\Quadruped_Robot_20241025\Obj\stm32f4xx_hal.o"
#        "F:\none\Study\Other\Robot\RTS
#        team\Robocon-FourFoot-2025\Code\Quadruped_Robot_20241025_backup\EWARM\Quadruped_Robot_20241025\Obj\stm32f4xx_hal_can.o"
#        "F:\none\Study\Other\Robot\RTS
#        team\Robocon-FourFoot-2025\Code\Quadruped_Robot_20241025_backup\EWARM\Quadruped_Robot_20241025\Obj\stm32f4xx_hal_cortex.o"
#        "F:\none\Study\Other\Robot\RTS
#        team\Robocon-FourFoot-2025\Code\Quadruped_Robot_20241025_backup\EWARM\Quadruped_Robot_20241025\Obj\stm32f4xx_hal_dma.o"
#        "F:\none\Study\Other\Robot\RTS
#        team\Robocon-FourFoot-2025\Code\Quadruped_Robot_20241025_backup\EWARM\Quadruped_Robot_20241025\Obj\stm32f4xx_hal_dma_ex.o"
#        "F:\none\Study\Other\Robot\RTS
#        team\Robocon-FourFoot-2025\Code\Quadruped_Robot_20241025_backup\EWARM\Quadruped_Robot_20241025\Obj\stm32f4xx_hal_exti.o"
#        "F:\none\Study\Other\Robot\RTS
#        team\Robocon-FourFoot-2025\Code\Quadruped_Robot_20241025_backup\EWARM\Quadruped_Robot_20241025\Obj\stm32f4xx_hal_flash.o"
#        "F:\none\Study\Other\Robot\RTS
#        team\Robocon-FourFoot-2025\Code\Quadruped_Robot_20241025_backup\EWARM\Quadruped_Robot_20241025\Obj\stm32f4xx_hal_flash_ex.o"
#        "F:\none\Study\Other\Robot\RTS
#        team\Robocon-FourFoot-2025\Code\Quadruped_Robot_20241025_backup\EWARM\Quadruped_Robot_20241025\Obj\stm32f4xx_hal_flash_ramfunc.o"
#        "F:\none\Study\Other\Robot\RTS
#        team\Robocon-FourFoot-2025\Code\Quadruped_Robot_20241025_backup\EWARM\Quadruped_Robot_20241025\Obj\stm32f4xx_hal_gpio.o"
#        "F:\none\Study\Other\Robot\RTS
#        team\Robocon-FourFoot-2025\Code\Quadruped_Robot_20241025_backup\EWARM\Quadruped_Robot_20241025\Obj\stm32f4xx_hal_msp.o"
#        "F:\none\Study\Other\Robot\RTS
#        team\Robocon-FourFoot-2025\Code\Quadruped_Robot_20241025_backup\EWARM\Quadruped_Robot_20241025\Obj\stm32f4xx_hal_pwr.o"
#        "F:\none\Study\Other\Robot\RTS
#        team\Robocon-FourFoot-2025\Code\Quadruped_Robot_20241025_backup\EWARM\Quadruped_Robot_20241025\Obj\stm32f4xx_hal_pwr_ex.o"
#        "F:\none\Study\Other\Robot\RTS
#        team\Robocon-FourFoot-2025\Code\Quadruped_Robot_20241025_backup\EWARM\Quadruped_Robot_20241025\Obj\stm32f4xx_hal_rcc.o"
#        "F:\none\Study\Other\Robot\RTS
#        team\Robocon-FourFoot-2025\Code\Quadruped_Robot_20241025_backup\EWARM\Quadruped_Robot_20241025\Obj\stm32f4xx_hal_rcc_ex.o"
#        "F:\none\Study\Other\Robot\RTS
#        team\Robocon-FourFoot-2025\Code\Quadruped_Robot_20241025_backup\EWARM\Quadruped_Robot_20241025\Obj\stm32f4xx_hal_sd.o"
#        "F:\none\Study\Other\Robot\RTS
#        team\Robocon-FourFoot-2025\Code\Quadruped_Robot_20241025_backup\EWARM\Quadruped_Robot_20241025\Obj\stm32f4xx_hal_tim.o"
#        "F:\none\Study\Other\Robot\RTS
#        team\Robocon-FourFoot-2025\Code\Quadruped_Robot_20241025_backup\EWARM\Quadruped_Robot_20241025\Obj\stm32f4xx_hal_tim_ex.o"
#        "F:\none\Study\Other\Robot\RTS
#        team\Robocon-FourFoot-2025\Code\Quadruped_Robot_20241025_backup\EWARM\Quadruped_Robot_20241025\Obj\stm32f4xx_hal_uart.o"
#        "F:\none\Study\Other\Robot\RTS
#        team\Robocon-FourFoot-2025\Code\Quadruped_Robot_20241025_backup\EWARM\Quadruped_Robot_20241025\Obj\stm32f4xx_it.o"
#        "F:\none\Study\Other\Robot\RTS
#        team\Robocon-FourFoot-2025\Code\Quadruped_Robot_20241025_backup\EWARM\Quadruped_Robot_20241025\Obj\stm32f4xx_ll_sdmmc.o"
#        "F:\none\Study\Other\Robot\RTS
#        team\Robocon-FourFoot-2025\Code\Quadruped_Robot_20241025_backup\EWARM\Quadruped_Robot_20241025\Obj\syscall.o"
#        "F:\none\Study\Other\Robot\RTS
#        team\Robocon-FourFoot-2025\Code\Quadruped_Robot_20241025_backup\EWARM\Quadruped_Robot_20241025\Obj\system_stm32f4xx.o"
#        "F:\none\Study\Other\Robot\RTS
#        team\Robocon-FourFoot-2025\Code\Quadruped_Robot_20241025_backup\EWARM\Quadruped_Robot_20241025\Obj\tim.o"
#        "F:\none\Study\Other\Robot\RTS
#        team\Robocon-FourFoot-2025\Code\Quadruped_Robot_20241025_backup\EWARM\Quadruped_Robot_20241025\Obj\usart.o"
#        "F:\none\Study\Other\Robot\RTS
#        team\Robocon-FourFoot-2025\Code\Quadruped_Robot_20241025_backup\EWARM\Quadruped_Robot_20241025\Obj\user_diskio.o"
#        --no_out_extension -o "F:\none\Study\Other\Robot\RTS
#        team\Robocon-FourFoot-2025\Code\Quadruped_Robot_20241025_backup\EWARM\Quadruped_Robot_20241025\Exe\Quadruped_Robot_20241025.out"
#        --redirect _Printf=_PrintfFullNoMb --redirect _Scanf=_ScanfFullNoMb
#        --map "F:\none\Study\Other\Robot\RTS
#        team\Robocon-FourFoot-2025\Code\Quadruped_Robot_20241025_backup\EWARM\Quadruped_Robot_20241025\List\Quadruped_Robot_20241025.map"
#        --config "F:\none\Study\Other\Robot\RTS
#        team\Robocon-FourFoot-2025\Code\Quadruped_Robot_20241025_backup\EWARM/stm32f427xx_flash.icf"
#        --semihosting --entry __iar_program_start --vfe --text_out locale)
#
###############################################################################

*******************************************************************************
*** RUNTIME MODEL ATTRIBUTES
***

CppFlavor       = *
__SystemLibrary = DLib
__dlib_version  = 6


*******************************************************************************
*** HEAP SELECTION
***

The basic heap was selected because no calls to memory allocation
functions were found in the application outside of system library
functions, and there are calls to deallocation functions in the
application.


*******************************************************************************
*** PLACEMENT SUMMARY
***

"A0":  place at 0x800'0000 { ro section .intvec };
"P1":  place in [from 0x800'0000 to 0x81f'ffff] { ro };
define block CSTACK with size = 1K, alignment = 8 { };
define block HEAP with size = 512, alignment = 8 { };
"P2":  place in [from 0x2000'0000 to 0x2002'ffff] {
          rw, block CSTACK, block HEAP };
initialize by copy { rw };

  Section            Kind         Address    Size  Object
  -------            ----         -------    ----  ------
"A0":                                       0x1ac
  .intvec            ro code   0x800'0000   0x1ac  startup_stm32f427xx.o [1]
                             - 0x800'01ac   0x1ac

"P1":                                      0x95cb
  .text              ro code   0x800'01ac  0x277c  GaitController.o [1]
  .text              ro code   0x800'2928    0x1a  U32ToDbl.o [3]
  .text              ro code   0x800'2942    0x7a  lz77_init_single.o [4]
  .text              ro code   0x800'29bc   0x1a2  DblMul.o [3]
  .text              ro code   0x800'2b5e    0x3a  zero_init3.o [4]
  .text              ro code   0x800'2b98    0x68  DblToFlt.o [3]
  .text              ro code   0x800'2c00   0xa1c  stm32f4xx_hal_uart.o [1]
  .text              ro code   0x800'361c   0x91c  DeepJ60_Motor.o [1]
  .text              ro code   0x800'3f38    0x28  stm32f4xx_hal.o [1]
  .text              ro code   0x800'3f60     0x6  ABImemclr4.o [4]
  .text              ro code   0x800'3f68    0x48  FltToDbl.o [3]
  .text              ro code   0x800'3fb0   0x246  DblDiv.o [3]
  .text              ro code   0x800'41f8   0x2c8  CurvePlan.o [1]
  .text              ro code   0x800'44c0   0x248  KinematicSolution.o [1]
  .text              ro code   0x800'4708   0x17a  DblAdd.o [3]
  .text              ro code   0x800'4884    0xe2  DblSub.o [3]
  .text              ro code   0x800'4968    0x2e  DblCmpLe.o [3]
  .text              ro code   0x800'4998    0x2e  DblCmpGe.o [3]
  .text              ro code   0x800'49c8   0x2c8  usart.o [1]
  .text              ro code   0x800'4c90     0xc  stm32f4xx_hal.o [1]
  .text              ro code   0x800'4c9c    0xc4  stm32f4xx_hal_dma.o [1]
  .text              ro code   0x800'4d60     0x2  stm32f4xx_hal_uart.o [1]
  .text              ro code   0x800'4d62     0x2  stm32f4xx_hal_uart.o [1]
  .text              ro code   0x800'4d64     0x2  stm32f4xx_hal_uart.o [1]
  .text              ro code   0x800'4d68   0x3bc  Callback.o [1]
  .text              ro code   0x800'5124   0x22c  stm32f4xx_hal_rcc.o [1]
  .text              ro code   0x800'5350   0x230  I64DivMod.o [4]
  .text              ro code   0x800'5580   0x138  DeepJ60_can.o [1]
  .text              ro code   0x800'56b8    0x32  ABImemset48.o [4]
  .text              ro code   0x800'56ec   0x102  sqrt.o [3]
  .text              ro code   0x800'57f0    0x12  math_wrappers64.o [3]
  .text              ro code   0x800'5804    0x62  round.o [3]
  .text              ro code   0x800'5868   0x36c  main.o [1]
  .text              ro code   0x800'5bd4   0x2c2  stm32f4xx_hal_gpio.o [1]
  .text              ro code   0x800'5e98   0x15c  stm32f4xx_hal_cortex.o [1]
  .text              ro code   0x800'5ff4   0x590  stm32f4xx_hal_tim.o [1]
  .text              ro code   0x800'6584    0x4c  stm32f4xx_hal.o [1]
  .text              ro code   0x800'65d0     0x2  I64DivZer.o [4]
  .text              ro code   0x800'65d4   0x7e2  stm32f4xx_hal_can.o [1]
  .text              ro code   0x800'6db8    0xc8  acos64.o [3]
  .text              ro code   0x800'6e80    0x34  stm32f4xx_hal.o [1]
  .text              ro code   0x800'6eb4   0x114  gpio.o [1]
  .text              ro code   0x800'6fc8   0x27c  can.o [1]
  .text              ro code   0x800'7244    0xe4  sdio.o [1]
  .text              ro code   0x800'7328    0x34  fatfs.o [1]
  .text              ro code   0x800'735c    0xc0  tim.o [1]
  .text              ro code   0x800'741c   0x3ec  stm32f4xx_hal_rcc.o [1]
  .text              ro code   0x800'7808    0x7c  stm32f4xx_hal_pwr_ex.o [1]
  .text              ro code   0x800'7884     0x2  stm32f4xx_hal_tim.o [1]
  .text              ro code   0x800'7886     0x2  stm32f4xx_hal_tim.o [1]
  .text              ro code   0x800'7888     0x2  stm32f4xx_hal_tim.o [1]
  .text              ro code   0x800'788a     0x2  stm32f4xx_hal_tim_ex.o [1]
  .text              ro code   0x800'788c     0x2  stm32f4xx_hal_tim.o [1]
  .text              ro code   0x800'788e     0x2  stm32f4xx_hal_tim_ex.o [1]
  .text              ro code   0x800'7890     0x2  stm32f4xx_hal_can.o [1]
  .text              ro code   0x800'7892     0x2  stm32f4xx_hal_can.o [1]
  .text              ro code   0x800'7894     0x2  stm32f4xx_hal_can.o [1]
  .text              ro code   0x800'7896     0x2  stm32f4xx_hal_can.o [1]
  .text              ro code   0x800'7898     0x2  stm32f4xx_hal_can.o [1]
  .text              ro code   0x800'789a     0x2  stm32f4xx_hal_can.o [1]
  .text              ro code   0x800'789c     0x2  stm32f4xx_hal_can.o [1]
  .text              ro code   0x800'789e     0x2  stm32f4xx_hal_can.o [1]
  .text              ro code   0x800'78a0     0x2  stm32f4xx_hal_can.o [1]
  .text              ro code   0x800'78a2     0x2  stm32f4xx_hal_can.o [1]
  .text              ro code   0x800'78a4     0x2  stm32f4xx_hal_can.o [1]
  .text              ro code   0x800'78a6     0x2  stm32f4xx_hal_can.o [1]
  .text              ro code   0x800'78a8   0x1d0  iar_Atan64.o [3]
  .text              ro code   0x800'7a78    0x40  stm32f4xx_hal_msp.o [1]
  .text              ro code   0x800'7ab8    0x60  ff_gen_drv.o [1]
  .text              ro code   0x800'7b18    0xac  stm32f4xx_hal_tim_ex.o [1]
  .text              ro code   0x800'7bc4    0x20  DblCmpEq.o [3]
  .text              ro code   0x800'7be4   0xe32  stm32f4xx_hal_sd.o [1]
  .text              ro code   0x800'8a18    0x86  ABImemcpy.o [4]
  .text              ro code   0x800'8aa0   0x6d8  stm32f4xx_ll_sdmmc.o [1]
  .text              ro code   0x800'9178     0x2  stm32f4xx_hal_sd.o [1]
  .text              ro code   0x800'917a    0x20  bsp_driver_sd.o [1]
  .text              ro code   0x800'919a     0x2  bsp_driver_sd.o [1]
  .text              ro code   0x800'919c     0x2  bsp_driver_sd.o [1]
  .text              ro code   0x800'91a0   0x120  sd_diskio.o [1]
  .text              ro code   0x800'92c0    0x1c  bsp_driver_sd.o [1]
  .text              ro code   0x800'92dc    0x20  bsp_driver_sd.o [1]
  .text              ro code   0x800'92fc    0x34  bsp_driver_sd.o [1]
  .text              ro code   0x800'9330    0x34  bsp_driver_sd.o [1]
  .text              ro code   0x800'9364    0x14  bsp_driver_sd.o [1]
  .text              ro code   0x800'9378    0x10  bsp_driver_sd.o [1]
  .text              ro code   0x800'9388    0xa8  stm32f4xx_it.o [1]
  .text              ro code   0x800'9430    0x18  stm32f4xx_hal.o [1]
  .rodata            const     0x800'9448    0x14  sd_diskio.o [1]
  .rodata            const     0x800'9460    0x40  iar_Atan64.o [3]
  .text              ro code   0x800'94a0    0x38  user_diskio.o [1]
  .text              ro code   0x800'94d8    0x28  data_init.o [4]
  .text              ro code   0x800'9500    0x22  fpinit_M.o [3]
  .iar.init_table    const     0x800'9524    0x20  - Linker created -
  .text              ro code   0x800'9544    0x1e  cmain.o [4]
  .text              ro code   0x800'9562     0x4  low_level_init.o [2]
  .text              ro code   0x800'9566     0x4  exit.o [2]
  .text              ro code   0x800'956c     0xa  cexit.o [4]
  .text              ro code   0x800'9578    0x14  exit.o [5]
  .rodata            const     0x800'958c    0x10  system_stm32f4xx.o [1]
  .text              ro code   0x800'959c    0x10  startup_stm32f427xx.o [1]
  .text              ro code   0x800'95ac    0x10  system_stm32f4xx.o [1]
  .text              ro code   0x800'95bc     0xc  cstartup_M.o [4]
  .rodata            const     0x800'95c8     0x8  system_stm32f4xx.o [1]
  .rodata            const     0x800'95d0     0x8  tim.o [1]
  .text              ro code   0x800'95d8     0x4  startup_stm32f427xx.o [1]
  .text              ro code   0x800'95dc     0x4  startup_stm32f427xx.o [1]
  .text              ro code   0x800'95e0     0x4  startup_stm32f427xx.o [1]
  .text              ro code   0x800'95e4     0x4  startup_stm32f427xx.o [1]
  .text              ro code   0x800'95e8     0x4  startup_stm32f427xx.o [1]
  .text              ro code   0x800'95ec     0x4  startup_stm32f427xx.o [1]
  .text              ro code   0x800'95f0     0x4  startup_stm32f427xx.o [1]
  .text              ro code   0x800'95f4     0x4  startup_stm32f427xx.o [1]
  .text              ro code   0x800'95f8     0x4  startup_stm32f427xx.o [1]
  .text              ro code   0x800'95fc     0x4  startup_stm32f427xx.o [1]
  .text              ro code   0x800'9600     0x4  startup_stm32f427xx.o [1]
  .text              ro code   0x800'9604     0x4  startup_stm32f427xx.o [1]
  .text              ro code   0x800'9608     0x4  startup_stm32f427xx.o [1]
  .text              ro code   0x800'960c     0x4  startup_stm32f427xx.o [1]
  .text              ro code   0x800'9610     0x4  startup_stm32f427xx.o [1]
  .text              ro code   0x800'9614     0x4  startup_stm32f427xx.o [1]
  .text              ro code   0x800'9618     0x4  startup_stm32f427xx.o [1]
  .text              ro code   0x800'961c     0x4  startup_stm32f427xx.o [1]
  .text              ro code   0x800'9620     0x4  startup_stm32f427xx.o [1]
  .text              ro code   0x800'9624     0x4  startup_stm32f427xx.o [1]
  .text              ro code   0x800'9628     0x4  startup_stm32f427xx.o [1]
  .text              ro code   0x800'962c     0x4  startup_stm32f427xx.o [1]
  .text              ro code   0x800'9630     0x4  startup_stm32f427xx.o [1]
  .text              ro code   0x800'9634     0x4  startup_stm32f427xx.o [1]
  .text              ro code   0x800'9638     0x4  startup_stm32f427xx.o [1]
  .text              ro code   0x800'963c     0x4  startup_stm32f427xx.o [1]
  .text              ro code   0x800'9640     0x4  startup_stm32f427xx.o [1]
  .text              ro code   0x800'9644     0x4  startup_stm32f427xx.o [1]
  .text              ro code   0x800'9648     0x4  startup_stm32f427xx.o [1]
  .text              ro code   0x800'964c     0x4  startup_stm32f427xx.o [1]
  .text              ro code   0x800'9650     0x4  startup_stm32f427xx.o [1]
  .text              ro code   0x800'9654     0x4  startup_stm32f427xx.o [1]
  .text              ro code   0x800'9658     0x4  startup_stm32f427xx.o [1]
  .text              ro code   0x800'965c     0x4  startup_stm32f427xx.o [1]
  .text              ro code   0x800'9660     0x4  startup_stm32f427xx.o [1]
  .text              ro code   0x800'9664     0x4  startup_stm32f427xx.o [1]
  .text              ro code   0x800'9668     0x4  startup_stm32f427xx.o [1]
  .text              ro code   0x800'966c     0x4  startup_stm32f427xx.o [1]
  .text              ro code   0x800'9670     0x4  startup_stm32f427xx.o [1]
  .text              ro code   0x800'9674     0x4  startup_stm32f427xx.o [1]
  .text              ro code   0x800'9678     0x4  startup_stm32f427xx.o [1]
  .text              ro code   0x800'967c     0x4  startup_stm32f427xx.o [1]
  .text              ro code   0x800'9680     0x4  startup_stm32f427xx.o [1]
  .text              ro code   0x800'9684     0x4  startup_stm32f427xx.o [1]
  .text              ro code   0x800'9688     0x4  startup_stm32f427xx.o [1]
  .text              ro code   0x800'968c     0x4  startup_stm32f427xx.o [1]
  .text              ro code   0x800'9690     0x4  startup_stm32f427xx.o [1]
  .text              ro code   0x800'9694     0x4  startup_stm32f427xx.o [1]
  .text              ro code   0x800'9698     0x4  startup_stm32f427xx.o [1]
  .text              ro code   0x800'969c     0x4  startup_stm32f427xx.o [1]
  .text              ro code   0x800'96a0     0x4  startup_stm32f427xx.o [1]
  .text              ro code   0x800'96a4     0x4  startup_stm32f427xx.o [1]
  .text              ro code   0x800'96a8     0x4  startup_stm32f427xx.o [1]
  .text              ro code   0x800'96ac     0x4  startup_stm32f427xx.o [1]
  .text              ro code   0x800'96b0     0x4  startup_stm32f427xx.o [1]
  .text              ro code   0x800'96b4     0x4  startup_stm32f427xx.o [1]
  .text              ro code   0x800'96b8     0x4  startup_stm32f427xx.o [1]
  .text              ro code   0x800'96bc     0x4  startup_stm32f427xx.o [1]
  .text              ro code   0x800'96c0     0x4  startup_stm32f427xx.o [1]
  .text              ro code   0x800'96c4     0x4  startup_stm32f427xx.o [1]
  .text              ro code   0x800'96c8     0x4  startup_stm32f427xx.o [1]
  .text              ro code   0x800'96cc     0x4  startup_stm32f427xx.o [1]
  .text              ro code   0x800'96d0     0x4  startup_stm32f427xx.o [1]
  .text              ro code   0x800'96d4     0x4  startup_stm32f427xx.o [1]
  .text              ro code   0x800'96d8     0x4  startup_stm32f427xx.o [1]
  .text              ro code   0x800'96dc     0x4  startup_stm32f427xx.o [1]
  .text              ro code   0x800'96e0     0x4  startup_stm32f427xx.o [1]
  .text              ro code   0x800'96e4     0x4  startup_stm32f427xx.o [1]
  .text              ro code   0x800'96e8     0x4  startup_stm32f427xx.o [1]
  .text              ro code   0x800'96ec     0x4  startup_stm32f427xx.o [1]
  .text              ro code   0x800'96f0     0x4  startup_stm32f427xx.o [1]
  .text              ro code   0x800'96f4     0x4  startup_stm32f427xx.o [1]
  .text              ro code   0x800'96f8     0x4  startup_stm32f427xx.o [1]
  .text              ro code   0x800'96fc     0x4  startup_stm32f427xx.o [1]
  .text              ro code   0x800'9700     0x4  startup_stm32f427xx.o [1]
  .text              ro code   0x800'9704     0x4  startup_stm32f427xx.o [1]
  .text              ro code   0x800'9708     0x4  startup_stm32f427xx.o [1]
  .rodata            const     0x800'970c     0x0  zero_init3.o [4]
  .rodata            const     0x800'970c     0x0  lz77_init_single.o [4]
  Initializer bytes  const     0x800'970c    0x6b  <for P2-1>
                             - 0x800'9777  0x95cb

"P2", part 1 of 3:                          0x35b
  P2-1                        0x2000'0000   0x35b  <Init block>
    .data            inited   0x2000'0000    0xa0  GaitController.o [1]
    .data            inited   0x2000'00a0    0xa0  GaitController.o [1]
    .data            inited   0x2000'0140    0x9c  GaitController.o [1]
    .data            inited   0x2000'01dc    0x9c  GaitController.o [1]
    .data            inited   0x2000'0278    0xa0  GaitController.o [1]
    .data            inited   0x2000'0318     0x4  GaitController.o [1]
    .data            inited   0x2000'031c    0x10  GaitController.o [1]
    .data            inited   0x2000'032c    0x10  GaitController.o [1]
    .data            inited   0x2000'033c     0x4  stm32f4xx_hal.o [1]
    .data            inited   0x2000'0340     0x4  system_stm32f4xx.o [1]
    .data            inited   0x2000'0344    0x14  user_diskio.o [1]
    .data            inited   0x2000'0358     0x1  sd_diskio.o [1]
    .data            inited   0x2000'0359     0x1  stm32f4xx_hal.o [1]
    .data            inited   0x2000'035a     0x1  user_diskio.o [1]
                            - 0x2000'035b   0x35b

"P2", part 2 of 3:                          0x800
  .bss               zero     0x2000'035c   0x240  DeepJ60_Motor.o [1]
  .bss               zero     0x2000'059c   0x240  DeepJ60_Motor.o [1]
  .bss               zero     0x2000'07dc    0x84  sdio.o [1]
  .bss               zero     0x2000'0860    0x5c  DeepJ60_can.o [1]
  .bss               zero     0x2000'08bc    0x48  tim.o [1]
  .bss               zero     0x2000'0904    0x48  usart.o [1]
  .bss               zero     0x2000'094c    0x48  usart.o [1]
  .bss               zero     0x2000'0994    0x48  usart.o [1]
  .bss               zero     0x2000'09dc    0x48  usart.o [1]
  .bss               zero     0x2000'0a24    0x3c  GaitController.o [1]
  .bss               zero     0x2000'0a60    0x28  can.o [1]
  .bss               zero     0x2000'0a88    0x28  can.o [1]
  .bss               zero     0x2000'0ab0    0x20  GaitController.o [1]
  .bss               zero     0x2000'0ad0    0x20  GaitController.o [1]
  .bss               zero     0x2000'0af0    0x20  GaitController.o [1]
  .bss               zero     0x2000'0b10    0x1c  DeepJ60_can.o [1]
  .bss               zero     0x2000'0b2c    0x10  ff_gen_drv.o [1]
  .bss               zero     0x2000'0b3c     0x4  can.o [1]
  .bss               zero     0x2000'0b40     0x4  DeepJ60_can.o [1]
  .bss               zero     0x2000'0b44     0x4  fatfs.o [1]
  .bss               zero     0x2000'0b48     0x4  fatfs.o [1]
  .bss               zero     0x2000'0b4c     0x4  GaitController.o [1]
  .bss               zero     0x2000'0b50     0x4  stm32f4xx_hal.o [1]
  .bss               zero     0x2000'0b54     0x4  usart.o [1]
  .bss               zero     0x2000'0b58     0x1  fatfs.o [1]
  .bss               zero     0x2000'0b59     0x1  fatfs.o [1]
                            - 0x2000'0b5a   0x7fe

"P2", part 3 of 3:                          0x400
  CSTACK                      0x2000'0b60   0x400  <Block>
    CSTACK           uninit   0x2000'0b60   0x400  <Block tail>
                            - 0x2000'0f60   0x400

Unused ranges:

         From           To       Size
         ----           --       ----
   0x800'9777   0x81f'ffff  0x1f'6889
  0x2000'035b  0x2000'035b        0x1
  0x2000'0b5c  0x2000'0b5f        0x4
  0x2000'0f60  0x2002'ffff   0x2'f0a0


*******************************************************************************
*** INIT TABLE
***

          Address      Size
          -------      ----
Zero (__iar_zero_init3)
    1 destination range, total size 0x7fe:
          0x2000'035c  0x7fe

Copy/lz77 (__iar_lz77_init_single3)
    1 source range, total size 0x6b (12% of destination):
           0x800'970c   0x6b
    1 destination range, total size 0x35b:
          0x2000'0000  0x35b



*******************************************************************************
*** MODULE SUMMARY
***

    Module                  ro code  ro data  rw data
    ------                  -------  -------  -------
command line/config:
    -------------------------------------------------
    Total:

F:\none\Study\Other\Robot\RTS team\Robocon-FourFoot-2025\Code\Quadruped_Robot_20241025_backup\EWARM\Quadruped_Robot_20241025\Obj: [1]
    Callback.o                  956
    CurvePlan.o                 712
    DeepJ60_Motor.o           2 332             1 152
    DeepJ60_can.o               312               124
    GaitController.o         10 108      103      988
    KinematicSolution.o         584
    bsp_driver_sd.o             236
    can.o                       636                84
    fatfs.o                      52                10
    ff_gen_drv.o                 96                16
    gpio.o                      276
    main.o                      876
    sd_diskio.o                 288       20        1
    sdio.o                      228               132
    startup_stm32f427xx.o       752
    stm32f4xx_hal.o             204                 9
    stm32f4xx_hal_can.o       2 042
    stm32f4xx_hal_cortex.o      348
    stm32f4xx_hal_dma.o         196
    stm32f4xx_hal_gpio.o        706
    stm32f4xx_hal_msp.o          64
    stm32f4xx_hal_pwr_ex.o      124
    stm32f4xx_hal_rcc.o       1 560
    stm32f4xx_hal_sd.o        3 636
    stm32f4xx_hal_tim.o       1 432
    stm32f4xx_hal_tim_ex.o      176
    stm32f4xx_hal_uart.o      2 594
    stm32f4xx_it.o              168
    stm32f4xx_ll_sdmmc.o      1 752
    system_stm32f4xx.o           16       25        4
    tim.o                       192        8       72
    usart.o                     712               292
    user_diskio.o                56        3       21
    -------------------------------------------------
    Total:                   34 422      159    2 905

dl7M_tlf.a: [2]
    exit.o                        4
    low_level_init.o              4
    -------------------------------------------------
    Total:                        8

m7M_tls.a: [3]
    DblAdd.o                    378
    DblCmpEq.o                   32
    DblCmpGe.o                   46
    DblCmpLe.o                   46
    DblDiv.o                    582
    DblMul.o                    418
    DblSub.o                    226
    DblToFlt.o                  104
    FltToDbl.o                   72
    U32ToDbl.o                   26
    acos64.o                    200
    fpinit_M.o                   34
    iar_Atan64.o                464       64
    math_wrappers64.o            18
    round.o                      98
    sqrt.o                      258
    -------------------------------------------------
    Total:                    3 002       64

rt7M_tl.a: [4]
    ABImemclr4.o                  6
    ABImemcpy.o                 134
    ABImemset48.o                50
    I64DivMod.o                 560
    I64DivZer.o                   2
    cexit.o                      10
    cmain.o                      30
    cstartup_M.o                 12
    data_init.o                  40
    lz77_init_single.o          122
    zero_init3.o                 58
    -------------------------------------------------
    Total:                    1 024

shb_l.a: [5]
    exit.o                       20
    -------------------------------------------------
    Total:                       20

    Gaps                         38        6
    Linker created                        32    1 024
-----------------------------------------------------
    Grand Total:             38 514      261    3 929


*******************************************************************************
*** ENTRY LIST
***

Entry                       Address   Size  Type      Object
-----                       -------   ----  ----      ------
.iar.init_table$$Base    0x800'9524          --   Gb  - Linker created -
.iar.init_table$$Limit   0x800'9544          --   Gb  - Linker created -
?main                    0x800'9545         Code  Gb  cmain.o [4]
AHBPrescTable            0x800'958c   0x10  Data  Gb  system_stm32f4xx.o [1]
APBPrescTable            0x800'95c8    0x8  Data  Gb  system_stm32f4xx.o [1]
AnalyseJ60MotorReceiveData_new
                         0x800'3ef5   0x30  Code  Gb  DeepJ60_Motor.o [1]
BSP_SD_GetCardInfo       0x800'9365   0x14  Code  Wk  bsp_driver_sd.o [1]
BSP_SD_GetCardState      0x800'92c1   0x1c  Code  Wk  bsp_driver_sd.o [1]
BSP_SD_Init              0x800'92dd   0x20  Code  Wk  bsp_driver_sd.o [1]
BSP_SD_ReadBlocks        0x800'92fd   0x34  Code  Wk  bsp_driver_sd.o [1]
BSP_SD_WriteBlocks       0x800'9331   0x34  Code  Wk  bsp_driver_sd.o [1]
BusFault_Handler         0x800'938f    0x2  Code  Gb  stm32f4xx_it.o [1]
CAN1_FilterConfig        0x800'71ad   0x38  Code  Gb  can.o [1]
CAN1_RX0_IRQHandler      0x800'93ab    0xa  Code  Gb  stm32f4xx_it.o [1]
CAN1_RX1_IRQHandler      0x800'93b5    0xa  Code  Gb  stm32f4xx_it.o [1]
CAN2_FilterConfig        0x800'71e5   0x38  Code  Gb  can.o [1]
CAN2_RX0_IRQHandler      0x800'93dd    0xa  Code  Gb  stm32f4xx_it.o [1]
CAN2_RX1_IRQHandler      0x800'93e7    0xa  Code  Gb  stm32f4xx_it.o [1]
CSTACK$$Base            0x2000'0b60          --   Gb  - Linker created -
CSTACK$$Limit           0x2000'0f60          --   Gb  - Linker created -
Can                     0x2000'0860   0x5c  Data  Gb  DeepJ60_can.o [1]
CanDataToRealData        0x800'55ab   0x2a  Code  Gb  DeepJ60_can.o [1]
CanRxInformation        0x2000'0b10   0x1c  Data  Gb  DeepJ60_can.o [1]
Can_Receive_new          0x800'5687   0x20  Code  Gb  DeepJ60_can.o [1]
Can_Send                 0x800'55d5   0xb2  Code  Gb  DeepJ60_can.o [1]
DebugMon_Handler         0x800'9395    0x2  Code  Gb  stm32f4xx_it.o [1]
EXTI1_IRQHandler         0x800'93a1    0xa  Code  Gb  stm32f4xx_it.o [1]
EnableJ60Motor           0x800'38cd   0x3c  Code  Gb  DeepJ60_Motor.o [1]
Error_Handler            0x800'5bd1    0x4  Code  Gb  main.o [1]
FATFS_LinkDriver         0x800'7b01   0x12  Code  Gb  ff_gen_drv.o [1]
FATFS_LinkDriverEx       0x800'7ab9   0x48  Code  Gb  ff_gen_drv.o [1]
GetJ60MotorCanID         0x800'38b9    0xe  Code  Gb  DeepJ60_Motor.o [1]
HAL_CAN_ActivateNotification
                         0x800'6b5f   0x34  Code  Gb  stm32f4xx_hal_can.o [1]
HAL_CAN_AddTxMessage     0x800'68c9  0x126  Code  Gb  stm32f4xx_hal_can.o [1]
HAL_CAN_ConfigFilter     0x800'6741  0x128  Code  Gb  stm32f4xx_hal_can.o [1]
HAL_CAN_GetRxMessage     0x800'69ef  0x170  Code  Gb  stm32f4xx_hal_can.o [1]
HAL_CAN_IRQHandler       0x800'6b93  0x224  Code  Gb  stm32f4xx_hal_can.o [1]
HAL_CAN_Init             0x800'65d5  0x16c  Code  Gb  stm32f4xx_hal_can.o [1]
HAL_CAN_MspInit          0x800'707d  0x130  Code  Gb  can.o [1]
HAL_CAN_RxFifo0MsgPendingCallback
                         0x800'4d69   0x44  Code  Gb  Callback.o [1]
HAL_CAN_Start            0x800'6869   0x5c  Code  Gb  stm32f4xx_hal_can.o [1]
HAL_DMA_Abort            0x800'4c9d   0x9c  Code  Gb  stm32f4xx_hal_dma.o [1]
HAL_DMA_Abort_IT         0x800'4d39   0x28  Code  Gb  stm32f4xx_hal_dma.o [1]
HAL_Delay                0x800'3f39   0x28  Code  Wk  stm32f4xx_hal.o [1]
HAL_GPIO_EXTI_IRQHandler
                         0x800'5e2f   0x20  Code  Gb  stm32f4xx_hal_gpio.o [1]
HAL_GPIO_Init            0x800'5bd5  0x240  Code  Gb  stm32f4xx_hal_gpio.o [1]
HAL_GPIO_WritePin        0x800'5e15   0x1a  Code  Gb  stm32f4xx_hal_gpio.o [1]
HAL_GetTick              0x800'4c91    0xc  Code  Wk  stm32f4xx_hal.o [1]
HAL_IncTick              0x800'9431   0x18  Code  Wk  stm32f4xx_hal.o [1]
HAL_Init                 0x800'6e81   0x30  Code  Gb  stm32f4xx_hal.o [1]
HAL_InitTick             0x800'6585   0x4c  Code  Wk  stm32f4xx_hal.o [1]
HAL_MspInit              0x800'7a79   0x40  Code  Gb  stm32f4xx_hal_msp.o [1]
HAL_NVIC_EnableIRQ       0x800'5fbb    0xe  Code  Gb  stm32f4xx_hal_cortex.o [1]
HAL_NVIC_SetPriority     0x800'5f91   0x2a  Code  Gb  stm32f4xx_hal_cortex.o [1]
HAL_NVIC_SetPriorityGrouping
                         0x800'5f85    0xc  Code  Gb  stm32f4xx_hal_cortex.o [1]
HAL_PWREx_EnableOverDrive
                         0x800'7809   0x6a  Code  Gb  stm32f4xx_hal_pwr_ex.o [1]
HAL_RCC_CAN1_CLK_ENABLED
                        0x2000'0b3c    0x4  Data  Lc  can.o [1]
HAL_RCC_ClockConfig      0x800'5125  0x140  Code  Gb  stm32f4xx_hal_rcc.o [1]
HAL_RCC_GetHCLKFreq      0x800'5265    0x6  Code  Gb  stm32f4xx_hal_rcc.o [1]
HAL_RCC_GetPCLK1Freq     0x800'526b   0x16  Code  Gb  stm32f4xx_hal_rcc.o [1]
HAL_RCC_GetPCLK2Freq     0x800'5281   0x16  Code  Gb  stm32f4xx_hal_rcc.o [1]
HAL_RCC_OscConfig        0x800'741d  0x3ec  Code  Wk  stm32f4xx_hal_rcc.o [1]
HAL_SD_AbortCallback     0x800'917b    0xa  Code  Gb  bsp_driver_sd.o [1]
HAL_SD_GetCardCSD        0x800'8479  0x1f4  Code  Gb  stm32f4xx_hal_sd.o [1]
HAL_SD_GetCardInfo       0x800'866d   0x26  Code  Gb  stm32f4xx_hal_sd.o [1]
HAL_SD_GetCardState      0x800'8693   0x24  Code  Gb  stm32f4xx_hal_sd.o [1]
HAL_SD_IRQHandler        0x800'82a5  0x1d4  Code  Gb  stm32f4xx_hal_sd.o [1]
HAL_SD_Init              0x800'7be5   0x44  Code  Gb  stm32f4xx_hal_sd.o [1]
HAL_SD_InitCard          0x800'7c29   0xbe  Code  Gb  stm32f4xx_hal_sd.o [1]
HAL_SD_MspInit           0x800'7265   0xaa  Code  Gb  sdio.o [1]
HAL_SD_ReadBlocks        0x800'7ce7  0x310  Code  Gb  stm32f4xx_hal_sd.o [1]
HAL_SD_RxCpltCallback    0x800'918f    0xa  Code  Gb  bsp_driver_sd.o [1]
HAL_SD_TxCpltCallback    0x800'9185    0xa  Code  Gb  bsp_driver_sd.o [1]
HAL_SD_WriteBlocks       0x800'7ff7  0x2a4  Code  Gb  stm32f4xx_hal_sd.o [1]
HAL_SYSTICK_Config       0x800'5fc9    0xc  Code  Gb  stm32f4xx_hal_cortex.o [1]
HAL_TIMEx_BreakCallback
                         0x800'788b    0x2  Code  Wk  stm32f4xx_hal_tim_ex.o [1]
HAL_TIMEx_CommutCallback
                         0x800'788f    0x2  Code  Wk  stm32f4xx_hal_tim_ex.o [1]
HAL_TIMEx_MasterConfigSynchronization
                         0x800'7b19   0x8e  Code  Gb  stm32f4xx_hal_tim_ex.o [1]
HAL_TIM_Base_Start_IT    0x800'5ff5   0x9a  Code  Gb  stm32f4xx_hal_tim.o [1]
HAL_TIM_Base_Stop_IT     0x800'608f   0x3c  Code  Gb  stm32f4xx_hal_tim.o [1]
HAL_TIM_IRQHandler       0x800'6155  0x13e  Code  Gb  stm32f4xx_hal_tim.o [1]
HAL_TIM_OC_ConfigChannel
                         0x800'6293   0x68  Code  Gb  stm32f4xx_hal_tim.o [1]
HAL_TIM_OC_Init          0x800'60cb   0x6e  Code  Gb  stm32f4xx_hal_tim.o [1]
HAL_TIM_OC_MspInit       0x800'73db   0x36  Code  Gb  tim.o [1]
HAL_TIM_PeriodElapsedCallback
                         0x800'4ed5  0x1f4  Code  Gb  Callback.o [1]
HAL_UART_IRQHandler      0x800'2d7d  0x2d4  Code  Gb  stm32f4xx_hal_uart.o [1]
HAL_UART_Init            0x800'2c01   0x7a  Code  Gb  stm32f4xx_hal_uart.o [1]
HAL_UART_MspInit         0x800'4aa5  0x1ac  Code  Gb  usart.o [1]
HAL_UART_Receive_IT      0x800'2d47   0x36  Code  Gb  stm32f4xx_hal_uart.o [1]
HAL_UART_RxCpltCallback
                         0x800'4dad  0x126  Code  Gb  Callback.o [1]
HAL_UART_Transmit        0x800'2c7b   0xcc  Code  Gb  stm32f4xx_hal_uart.o [1]
HardFault_Handler        0x800'938b    0x2  Code  Gb  stm32f4xx_it.o [1]
IK_leg                   0x800'44c1  0x22c  Code  Gb  KinematicSolution.o [1]
J60MotorConfigToSendCanData
                         0x800'37d5   0x28  Code  Gb  DeepJ60_Motor.o [1]
J60MotorDataToSendCanData
                         0x800'3885   0x34  Code  Gb  DeepJ60_Motor.o [1]
J60MotorMotionDataToSendCanData
                         0x800'3715   0xae  Code  Gb  DeepJ60_Motor.o [1]
J60Motor_CAN1           0x2000'035c  0x240  Data  Gb  DeepJ60_Motor.o [1]
J60Motor_CAN2           0x2000'059c  0x240  Data  Gb  DeepJ60_Motor.o [1]
J60Motor_StandUpData_CAN1
                        0x2000'031c   0x10  Data  Gb  GaitController.o [1]
J60Motor_StandUpData_CAN2
                        0x2000'032c   0x10  Data  Gb  GaitController.o [1]
JumpForward_FSM          0x800'1acd  0x4b4  Code  Gb  GaitController.o [1]
JumpUp_FSM               0x800'14c5  0x4ba  Code  Gb  GaitController.o [1]
MX_CAN1_Init             0x800'6fc9   0x5a  Code  Gb  can.o [1]
MX_CAN2_Init             0x800'7023   0x5a  Code  Gb  can.o [1]
MX_FATFS_Init            0x800'7329   0x1c  Code  Gb  fatfs.o [1]
MX_GPIO_Init             0x800'6eb5  0x114  Code  Gb  gpio.o [1]
MX_SDIO_SD_Init          0x800'7245   0x20  Code  Gb  sdio.o [1]
MX_TIM2_Init             0x800'735d   0x7e  Code  Gb  tim.o [1]
MX_UART7_Init            0x800'49c9   0x34  Code  Gb  usart.o [1]
MX_UART8_Init            0x800'49fd   0x40  Code  Gb  usart.o [1]
MX_USART3_UART_Init      0x800'4a3d   0x34  Code  Gb  usart.o [1]
MX_USART6_UART_Init      0x800'4a71   0x34  Code  Gb  usart.o [1]
MemManage_Handler        0x800'938d    0x2  Code  Gb  stm32f4xx_it.o [1]
NMI_Handler              0x800'9389    0x2  Code  Gb  stm32f4xx_it.o [1]
NVIC_EncodePriority      0x800'5f15   0x40  Code  Lc  stm32f4xx_hal_cortex.o [1]
PendSV_Handler           0x800'9397    0x2  Code  Gb  stm32f4xx_it.o [1]
RealDataToCanData        0x800'5581   0x2a  Code  Gb  DeepJ60_can.o [1]
ReceiveCanDataToJ60MotorConfig
                         0x800'37fd   0x28  Code  Gb  DeepJ60_Motor.o [1]
ReceiveCanDataToJ60MotorData_new
                         0x800'3e9d   0x58  Code  Gb  DeepJ60_Motor.o [1]
ReceiveCanDataToJ60MotorMotionData_new
                         0x800'3d99   0xfe  Code  Gb  DeepJ60_Motor.o [1]
ReceiveCommandStatusToJ60MotorCommandStatus
                         0x800'3825    0x6  Code  Gb  DeepJ60_Motor.o [1]
ReceiveStatusWordToJ60MotorStatusWord
                         0x800'382b   0x5a  Code  Gb  DeepJ60_Motor.o [1]
Region$$Table$$Base      0x800'9524          --   Gb  - Linker created -
Region$$Table$$Limit     0x800'9544          --   Gb  - Linker created -
Rotate_FSM               0x800'0f59  0x47e  Code  Gb  GaitController.o [1]
RunJ60Motor              0x800'3c5d  0x13a  Code  Gb  DeepJ60_Motor.o [1]
RunJ60MotorKdMode        0x800'3a4d   0x62  Code  Gb  DeepJ60_Motor.o [1]
RunJ60MotorPositionMode
                         0x800'3915   0x6a  Code  Gb  DeepJ60_Motor.o [1]
RunJ60MotorPositionTorqueMode
                         0x800'3b09   0x6e  Code  Gb  DeepJ60_Motor.o [1]
RunJ60MotorPositonVelocityTorqueMode
                         0x800'3be9   0x72  Code  Gb  DeepJ60_Motor.o [1]
RunJ60MotorTorqueMode    0x800'39e9   0x62  Code  Gb  DeepJ60_Motor.o [1]
RunJ60MotorVelocityMode
                         0x800'3981   0x66  Code  Gb  DeepJ60_Motor.o [1]
RunJ60MotorVelocityTorqueMode
                         0x800'3b79   0x6a  Code  Gb  DeepJ60_Motor.o [1]
RunJ60MotorZeroTorqueMode
                         0x800'3ab1   0x56  Code  Gb  DeepJ60_Motor.o [1]
SDIO_ConfigData          0x800'8b31   0x2e  Code  Gb  stm32f4xx_ll_sdmmc.o [1]
SDIO_GetCommandResponse
                         0x800'8b1f    0x6  Code  Gb  stm32f4xx_ll_sdmmc.o [1]
SDIO_GetPowerState       0x800'8aed    0x8  Code  Gb  stm32f4xx_ll_sdmmc.o [1]
SDIO_GetResponse         0x800'8b25    0xc  Code  Gb  stm32f4xx_ll_sdmmc.o [1]
SDIO_IRQHandler          0x800'93d3    0xa  Code  Gb  stm32f4xx_it.o [1]
SDIO_Init                0x800'8aa1   0x30  Code  Gb  stm32f4xx_ll_sdmmc.o [1]
SDIO_PowerState_ON       0x800'8ae3    0xa  Code  Gb  stm32f4xx_ll_sdmmc.o [1]
SDIO_ReadFIFO            0x800'8ad1    0x6  Code  Gb  stm32f4xx_ll_sdmmc.o [1]
SDIO_SendCommand         0x800'8af5   0x2a  Code  Gb  stm32f4xx_ll_sdmmc.o [1]
SDIO_WriteFIFO           0x800'8ad7    0xc  Code  Gb  stm32f4xx_ll_sdmmc.o [1]
SDMMC_CmdAppCommand      0x800'8d2b   0x34  Code  Gb  stm32f4xx_ll_sdmmc.o [1]
SDMMC_CmdAppOperCommand
                         0x800'8d5f   0x34  Code  Gb  stm32f4xx_ll_sdmmc.o [1]
SDMMC_CmdBlockLength     0x800'8b5f   0x34  Code  Gb  stm32f4xx_ll_sdmmc.o [1]
SDMMC_CmdGoIdleState     0x800'8ccd   0x2e  Code  Gb  stm32f4xx_ll_sdmmc.o [1]
SDMMC_CmdOperCond        0x800'8cfb   0x30  Code  Gb  stm32f4xx_ll_sdmmc.o [1]
SDMMC_CmdReadMultiBlock
                         0x800'8bc7   0x34  Code  Gb  stm32f4xx_ll_sdmmc.o [1]
SDMMC_CmdReadSingleBlock
                         0x800'8b93   0x34  Code  Gb  stm32f4xx_ll_sdmmc.o [1]
SDMMC_CmdSelDesel        0x800'8c97   0x36  Code  Gb  stm32f4xx_ll_sdmmc.o [1]
SDMMC_CmdSendCID         0x800'8d93   0x2e  Code  Gb  stm32f4xx_ll_sdmmc.o [1]
SDMMC_CmdSendCSD         0x800'8dc1   0x2e  Code  Gb  stm32f4xx_ll_sdmmc.o [1]
SDMMC_CmdSendStatus      0x800'8e23   0x34  Code  Gb  stm32f4xx_ll_sdmmc.o [1]
SDMMC_CmdSetRelAdd       0x800'8def   0x34  Code  Gb  stm32f4xx_ll_sdmmc.o [1]
SDMMC_CmdStopTransfer    0x800'8c63   0x34  Code  Gb  stm32f4xx_ll_sdmmc.o [1]
SDMMC_CmdWriteMultiBlock
                         0x800'8c2f   0x34  Code  Gb  stm32f4xx_ll_sdmmc.o [1]
SDMMC_CmdWriteSingleBlock
                         0x800'8bfb   0x34  Code  Gb  stm32f4xx_ll_sdmmc.o [1]
SDMMC_GetCmdError        0x800'9131   0x32  Code  Lc  stm32f4xx_ll_sdmmc.o [1]
SDMMC_GetCmdResp1        0x800'8e57  0x13a  Code  Gb  stm32f4xx_ll_sdmmc.o [1]
SDMMC_GetCmdResp2        0x800'8f91   0x56  Code  Gb  stm32f4xx_ll_sdmmc.o [1]
SDMMC_GetCmdResp3        0x800'8fe7   0x48  Code  Gb  stm32f4xx_ll_sdmmc.o [1]
SDMMC_GetCmdResp6        0x800'902f   0xa6  Code  Gb  stm32f4xx_ll_sdmmc.o [1]
SDMMC_GetCmdResp7        0x800'90d5   0x5c  Code  Gb  stm32f4xx_ll_sdmmc.o [1]
SDPath                  0x2000'0b44    0x4  Data  Gb  fatfs.o [1]
SD_CheckStatus           0x800'91a1   0x1e  Code  Lc  sd_diskio.o [1]
SD_DMARxAbort            0x800'8705   0x4a  Code  Lc  stm32f4xx_hal_sd.o [1]
SD_DMATxAbort            0x800'86b9   0x4a  Code  Lc  stm32f4xx_hal_sd.o [1]
SD_Driver                0x800'9448   0x14  Data  Gb  sd_diskio.o [1]
SD_InitCard              0x800'874f  0x10a  Code  Lc  stm32f4xx_hal_sd.o [1]
SD_PowerON               0x800'8859   0xcc  Code  Lc  stm32f4xx_hal_sd.o [1]
SD_Read_IT               0x800'8967   0x58  Code  Lc  stm32f4xx_hal_sd.o [1]
SD_SendStatus            0x800'8935   0x32  Code  Lc  stm32f4xx_hal_sd.o [1]
SD_Write_IT              0x800'89bf   0x58  Code  Lc  stm32f4xx_hal_sd.o [1]
SD_initialize            0x800'91bf   0x20  Code  Gb  sd_diskio.o [1]
SD_ioctl                 0x800'9259   0x64  Code  Gb  sd_diskio.o [1]
SD_read                  0x800'91ed   0x36  Code  Gb  sd_diskio.o [1]
SD_status                0x800'91df    0xe  Code  Gb  sd_diskio.o [1]
SD_write                 0x800'9223   0x36  Code  Gb  sd_diskio.o [1]
SVC_Handler              0x800'9393    0x2  Code  Gb  stm32f4xx_it.o [1]
SetJumpForwardBezierControlPoints
                         0x800'198d  0x130  Code  Gb  GaitController.o [1]
SetJumpUpBezierControlPoints
                         0x800'13fd   0xc6  Code  Gb  GaitController.o [1]
SetMotionCommand         0x800'36bf   0x4e  Code  Gb  DeepJ60_Motor.o [1]
SetMotionParameters      0x800'361d   0xa2  Code  Gb  DeepJ60_Motor.o [1]
SetMotor                 0x800'01ad  0x20a  Code  Gb  GaitController.o [1]
SetNormalCommand         0x800'370d    0x8  Code  Gb  DeepJ60_Motor.o [1]
SetRotateBezierControlPoints
                         0x800'0c75  0x2c2  Code  Gb  GaitController.o [1]
SetThreeOrderBezierControlPoints
                         0x800'41f9   0x22  Code  Gb  CurvePlan.o [1]
SetThreeOrderBezierPeriod
                         0x800'421b    0x6  Code  Gb  CurvePlan.o [1]
SetTrotBezierControlPoints
                         0x800'04ad  0x306  Code  Gb  GaitController.o [1]
SetTurnBezierControlPoints
                         0x800'1fb5  0x382  Code  Gb  GaitController.o [1]
Stand                    0x800'03b9   0xec  Code  Gb  GaitController.o [1]
Stat                    0x2000'0358    0x1  Data  Lc  sd_diskio.o [1]
Stat                    0x2000'035a    0x1  Data  Lc  user_diskio.o [1]
SysTick_Config           0x800'5f55   0x30  Code  Lc  stm32f4xx_hal_cortex.o [1]
SysTick_Handler          0x800'9399    0x8  Code  Gb  stm32f4xx_it.o [1]
SystemClock_Config       0x800'5ae9   0xae  Code  Gb  main.o [1]
SystemCoreClock         0x2000'0340    0x4  Data  Gb  system_stm32f4xx.o [1]
SystemInit               0x800'95ad    0xc  Code  Gb  system_stm32f4xx.o [1]
TIM2_IRQHandler          0x800'93bf    0xa  Code  Gb  stm32f4xx_it.o [1]
TIM_Base_SetConfig       0x800'62fb   0xd2  Code  Gb  stm32f4xx_hal_tim.o [1]
TIM_OC1_SetConfig        0x800'63cd   0x64  Code  Lc  stm32f4xx_hal_tim.o [1]
TIM_OC2_SetConfig        0x800'6431   0x6e  Code  Gb  stm32f4xx_hal_tim.o [1]
TIM_OC3_SetConfig        0x800'64a1   0x6c  Code  Lc  stm32f4xx_hal_tim.o [1]
TIM_OC4_SetConfig        0x800'650d   0x4c  Code  Lc  stm32f4xx_hal_tim.o [1]
ThreeOrderBezierPlan     0x800'4221  0x298  Code  Gb  CurvePlan.o [1]
Torque                  0x2000'0af0   0x20  Data  Gb  GaitController.o [1]
Trot_FSM                 0x800'07bd  0x4a0  Code  Gb  GaitController.o [1]
Turn_FSM                 0x800'2349  0x5b4  Code  Gb  GaitController.o [1]
TxMailBox               0x2000'0b40    0x4  Data  Gb  DeepJ60_can.o [1]
UART7_IRQHandler         0x800'93fb    0xa  Code  Gb  stm32f4xx_it.o [1]
UART8_IRQHandler         0x800'9405    0xa  Code  Gb  stm32f4xx_it.o [1]
UART_DMAAbortOnError     0x800'3181   0x16  Code  Lc  stm32f4xx_hal_uart.o [1]
UART_EndRxTransfer       0x800'3119   0x66  Code  Lc  stm32f4xx_hal_uart.o [1]
UART_EndTransmit_IT      0x800'31ff   0x20  Code  Lc  stm32f4xx_hal_uart.o [1]
UART_Receive_IT          0x800'321f   0xf6  Code  Lc  stm32f4xx_hal_uart.o [1]
UART_SetConfig           0x800'3315  0x2fc  Code  Lc  stm32f4xx_hal_uart.o [1]
UART_Start_Receive_IT    0x800'30d5   0x44  Code  Gb  stm32f4xx_hal_uart.o [1]
UART_Transmit_IT         0x800'3199   0x66  Code  Lc  stm32f4xx_hal_uart.o [1]
UART_WaitOnFlagUntilTimeout
                         0x800'3051   0x84  Code  Lc  stm32f4xx_hal_uart.o [1]
USART3_IRQHandler        0x800'93c9    0xa  Code  Gb  stm32f4xx_it.o [1]
USART6_IRQHandler        0x800'93f1    0xa  Code  Gb  stm32f4xx_it.o [1]
USERPath                0x2000'0b48    0x4  Data  Gb  fatfs.o [1]
USER_Driver             0x2000'0344   0x14  Data  Gb  user_diskio.o [1]
USER_initialize          0x800'94a1    0xc  Code  Gb  user_diskio.o [1]
USER_ioctl               0x800'94d1    0x8  Code  Gb  user_diskio.o [1]
USER_read                0x800'94bd    0xa  Code  Gb  user_diskio.o [1]
USER_status              0x800'94ad    0xc  Code  Gb  user_diskio.o [1]
USER_write               0x800'94c7    0xa  Code  Gb  user_diskio.o [1]
UsageFault_Handler       0x800'9391    0x2  Code  Gb  stm32f4xx_it.o [1]
Velocity                0x2000'0ad0   0x20  Data  Gb  GaitController.o [1]
__NVIC_EnableIRQ         0x800'5ec9   0x20  Code  Lc  stm32f4xx_hal_cortex.o [1]
__NVIC_GetPriorityGrouping
                         0x800'5ebb    0xc  Code  Lc  stm32f4xx_hal_cortex.o [1]
__NVIC_SetPriority       0x800'5ee9   0x2c  Code  Lc  stm32f4xx_hal_cortex.o [1]
__NVIC_SetPriorityGrouping
                         0x800'5e99   0x22  Code  Lc  stm32f4xx_hal_cortex.o [1]
__aeabi_cdcmpeq          0x800'7bc5         Code  Gb  DblCmpEq.o [3]
__aeabi_cdcmple          0x800'4969         Code  Gb  DblCmpLe.o [3]
__aeabi_cdrcmple         0x800'4999         Code  Gb  DblCmpGe.o [3]
__aeabi_d2f              0x800'2b99         Code  Gb  DblToFlt.o [3]
__aeabi_dadd             0x800'4709         Code  Gb  DblAdd.o [3]
__aeabi_ddiv             0x800'3fb1         Code  Gb  DblDiv.o [3]
__aeabi_dmul             0x800'29bd         Code  Gb  DblMul.o [3]
__aeabi_dsub             0x800'4885         Code  Gb  DblSub.o [3]
__aeabi_f2d              0x800'3f69         Code  Gb  FltToDbl.o [3]
__aeabi_ldiv0            0x800'65d1         Code  Gb  I64DivZer.o [4]
__aeabi_memclr4          0x800'3f61         Code  Gb  ABImemclr4.o [4]
__aeabi_memcpy4          0x800'8a19         Code  Gb  ABImemcpy.o [4]
__aeabi_memcpy8          0x800'8a19         Code  Gb  ABImemcpy.o [4]
__aeabi_ui2d             0x800'2929         Code  Gb  U32ToDbl.o [3]
__aeabi_uldivmod         0x800'5351         Code  Gb  I64DivMod.o [4]
__cmain                  0x800'9545         Code  Gb  cmain.o [4]
__exit                   0x800'9579   0x14  Code  Gb  exit.o [5]
__iar_Atan64             0x800'78a9  0x1d0  Code  Gb  iar_Atan64.o [3]
__iar_Memset4_word       0x800'56b9         Code  Gb  ABImemset48.o [4]
__iar_Memset8_word       0x800'56b9         Code  Gb  ABImemset48.o [4]
__iar_acos64             0x800'6db9   0xc8  Code  Gb  acos64.o [3]
__iar_dadd               0x800'4895         Code  Gb  DblSub.o [3]
__iar_data_init3         0x800'94d9   0x28  Code  Gb  data_init.o [4]
__iar_dsub               0x800'4719         Code  Gb  DblAdd.o [3]
__iar_dsubStart          0x800'472b         Code  Gb  DblAdd.o [3]
__iar_init_vfp           0x800'9501         Code  Gb  fpinit_M.o [3]
__iar_lz77_init_single3
                         0x800'2943   0x7a  Code  Gb  lz77_init_single.o [4]
__iar_program_start      0x800'95bd         Code  Gb  cstartup_M.o [4]
__iar_round64            0x800'5815         Code  Gb  round.o [3]
__iar_sqrt64             0x800'56fd         Code  Gb  sqrt.o [3]
__iar_vfp___iar_round64
                         0x800'5805         Code  Gb  round.o [3]
__iar_vfp___iar_sqrt64   0x800'56ed         Code  Gb  sqrt.o [3]
__iar_vfp_acos           0x800'57f7    0xc  Code  Gb  math_wrappers64.o [3]
__iar_vfp_round          0x800'5805         Code  Gb  round.o [3]
__iar_vfp_roundl         0x800'5805         Code  Gb  round.o [3]
__iar_vfp_sqrt           0x800'56ed         Code  Gb  sqrt.o [3]
__iar_vfp_sqrtl          0x800'56ed         Code  Gb  sqrt.o [3]
__iar_zero_init3         0x800'2b5f   0x3a  Code  Gb  zero_init3.o [4]
__low_level_init         0x800'9563    0x4  Code  Gb  low_level_init.o [2]
__vector_table           0x800'0000         Data  Gb  startup_stm32f427xx.o [1]
_call_main               0x800'9551         Code  Gb  cmain.o [4]
_exit                    0x800'956d         Code  Gb  cexit.o [4]
_main                    0x800'955f         Code  Gb  cmain.o [4]
a                        0x800'9460   0x40  Data  Lc  iar_Atan64.o [3]
acos                     0x800'6db9   0xc8  Code  Gb  acos64.o [3]
acosl                    0x800'6db9   0xc8  Code  Gb  acos64.o [3]
angle                   0x2000'0ab0   0x20  Data  Gb  GaitController.o [1]
controller_signal       0x2000'0b54    0x4  Data  Gb  usart.o [1]
disk                    0x2000'0b2c   0x10  Data  Gb  ff_gen_drv.o [1]
exit                     0x800'9567    0x4  Code  Gb  exit.o [2]
hcan1                   0x2000'0a60   0x28  Data  Gb  can.o [1]
hcan2                   0x2000'0a88   0x28  Data  Gb  can.o [1]
hsd                     0x2000'07dc   0x84  Data  Gb  sdio.o [1]
htim2                   0x2000'08bc   0x48  Data  Gb  tim.o [1]
huart3                  0x2000'0994   0x48  Data  Gb  usart.o [1]
huart6                  0x2000'09dc   0x48  Data  Gb  usart.o [1]
huart7                  0x2000'0904   0x48  Data  Gb  usart.o [1]
huart8                  0x2000'094c   0x48  Data  Gb  usart.o [1]
jump_forward_controller
                        0x2000'01dc   0x9c  Data  Gb  GaitController.o [1]
jump_up_controller      0x2000'0140   0x9c  Data  Gb  GaitController.o [1]
last_t                  0x2000'0318    0x4  Data  Gb  GaitController.o [1]
main                     0x800'5869  0x27a  Code  Gb  main.o [1]
retSD                   0x2000'0b58    0x1  Data  Gb  fatfs.o [1]
retUSER                 0x2000'0b59    0x1  Data  Gb  fatfs.o [1]
rotate_controller       0x2000'00a0   0xa0  Data  Gb  GaitController.o [1]
round                    0x800'5815         Code  Gb  round.o [3]
roundl                   0x800'5815         Code  Gb  round.o [3]
sqrt                     0x800'56fd         Code  Gb  sqrt.o [3]
sqrtl                    0x800'56fd         Code  Gb  sqrt.o [3]
t                       0x2000'0b4c    0x4  Data  Gb  GaitController.o [1]
trot_controller         0x2000'0000   0xa0  Data  Gb  GaitController.o [1]
turn_controller         0x2000'0278   0xa0  Data  Gb  GaitController.o [1]
usart_motor_data        0x2000'0a24   0x3c  Data  Gb  GaitController.o [1]
uwTick                  0x2000'0b50    0x4  Data  Gb  stm32f4xx_hal.o [1]
uwTickFreq              0x2000'0359    0x1  Data  Gb  stm32f4xx_hal.o [1]
uwTickPrio              0x2000'033c    0x4  Data  Gb  stm32f4xx_hal.o [1]


[1] = F:\none\Study\Other\Robot\RTS team\Robocon-FourFoot-2025\Code\Quadruped_Robot_20241025_backup\EWARM\Quadruped_Robot_20241025\Obj
[2] = dl7M_tlf.a
[3] = m7M_tls.a
[4] = rt7M_tl.a
[5] = shb_l.a

  38 514 bytes of readonly  code memory
     261 bytes of readonly  data memory
   3 929 bytes of readwrite data memory

Errors: none
Warnings: none
