###############################################################################
#
# IAR ELF Linker V8.32.1.169/W32 for ARM                  09/Mar/2025  17:31:03
# Copyright 2007-2018 IAR Systems AB.
#
#    Output file  =  
#        F:\none\Study\Other\Robot\RTS
#        team\Robocon-FourFoot-2025\Code\Quadruped_Robot_20241025_backup\EWARM\Quadruped_Robot_20241025\Exe\Quadruped_Robot_20241025.out
#    Map file     =  
#        F:\none\Study\Other\Robot\RTS
#        team\Robocon-FourFoot-2025\Code\Quadruped_Robot_20241025_backup\EWARM\Quadruped_Robot_20241025\List\Quadruped_Robot_20241025.map
#    Command line =  
#        -f C:\Users\86136\AppData\Local\Temp\EW8CFD.tmp
#        ("F:\none\Study\Other\Robot\RTS
#        team\Robocon-FourFoot-2025\Code\Quadruped_Robot_20241025_backup\EWARM\Quadruped_Robot_20241025\Obj\bsp_driver_sd.o"
#        "F:\none\Study\Other\Robot\RTS
#        team\Robocon-FourFoot-2025\Code\Quadruped_Robot_20241025_backup\EWARM\Quadruped_Robot_20241025\Obj\Callback.o"
#        "F:\none\Study\Other\Robot\RTS
#        team\Robocon-FourFoot-2025\Code\Quadruped_Robot_20241025_backup\EWARM\Quadruped_Robot_20241025\Obj\can.o"
#        "F:\none\Study\Other\Robot\RTS
#        team\Robocon-FourFoot-2025\Code\Quadruped_Robot_20241025_backup\EWARM\Quadruped_Robot_20241025\Obj\cc936.o"
#        "F:\none\Study\Other\Robot\RTS
#        team\Robocon-FourFoot-2025\Code\Quadruped_Robot_20241025_backup\EWARM\Quadruped_Robot_20241025\Obj\CurvePlan.o"
#        "F:\none\Study\Other\Robot\RTS
#        team\Robocon-FourFoot-2025\Code\Quadruped_Robot_20241025_backup\EWARM\Quadruped_Robot_20241025\Obj\DeepJ60_can.o"
#        "F:\none\Study\Other\Robot\RTS
#        team\Robocon-FourFoot-2025\Code\Quadruped_Robot_20241025_backup\EWARM\Quadruped_Robot_20241025\Obj\DeepJ60_Motor.o"
#        "F:\none\Study\Other\Robot\RTS
#        team\Robocon-FourFoot-2025\Code\Quadruped_Robot_20241025_backup\EWARM\Quadruped_Robot_20241025\Obj\diskio.o"
#        "F:\none\Study\Other\Robot\RTS
#        team\Robocon-FourFoot-2025\Code\Quadruped_Robot_20241025_backup\EWARM\Quadruped_Robot_20241025\Obj\fatfs.o"
#        "F:\none\Study\Other\Robot\RTS
#        team\Robocon-FourFoot-2025\Code\Quadruped_Robot_20241025_backup\EWARM\Quadruped_Robot_20241025\Obj\ff.o"
#        "F:\none\Study\Other\Robot\RTS
#        team\Robocon-FourFoot-2025\Code\Quadruped_Robot_20241025_backup\EWARM\Quadruped_Robot_20241025\Obj\ff_gen_drv.o"
#        "F:\none\Study\Other\Robot\RTS
#        team\Robocon-FourFoot-2025\Code\Quadruped_Robot_20241025_backup\EWARM\Quadruped_Robot_20241025\Obj\GaitController.o"
#        "F:\none\Study\Other\Robot\RTS
#        team\Robocon-FourFoot-2025\Code\Quadruped_Robot_20241025_backup\EWARM\Quadruped_Robot_20241025\Obj\gpio.o"
#        "F:\none\Study\Other\Robot\RTS
#        team\Robocon-FourFoot-2025\Code\Quadruped_Robot_20241025_backup\EWARM\Quadruped_Robot_20241025\Obj\KinematicSolution.o"
#        "F:\none\Study\Other\Robot\RTS
#        team\Robocon-FourFoot-2025\Code\Quadruped_Robot_20241025_backup\EWARM\Quadruped_Robot_20241025\Obj\LogSystem.o"
#        "F:\none\Study\Other\Robot\RTS
#        team\Robocon-FourFoot-2025\Code\Quadruped_Robot_20241025_backup\EWARM\Quadruped_Robot_20241025\Obj\main.o"
#        "F:\none\Study\Other\Robot\RTS
#        team\Robocon-FourFoot-2025\Code\Quadruped_Robot_20241025_backup\EWARM\Quadruped_Robot_20241025\Obj\sd_diskio.o"
#        "F:\none\Study\Other\Robot\RTS
#        team\Robocon-FourFoot-2025\Code\Quadruped_Robot_20241025_backup\EWARM\Quadruped_Robot_20241025\Obj\sdio.o"
#        "F:\none\Study\Other\Robot\RTS
#        team\Robocon-FourFoot-2025\Code\Quadruped_Robot_20241025_backup\EWARM\Quadruped_Robot_20241025\Obj\startup_stm32f427xx.o"
#        "F:\none\Study\Other\Robot\RTS
#        team\Robocon-FourFoot-2025\Code\Quadruped_Robot_20241025_backup\EWARM\Quadruped_Robot_20241025\Obj\stm32f4xx_hal.o"
#        "F:\none\Study\Other\Robot\RTS
#        team\Robocon-FourFoot-2025\Code\Quadruped_Robot_20241025_backup\EWARM\Quadruped_Robot_20241025\Obj\stm32f4xx_hal_can.o"
#        "F:\none\Study\Other\Robot\RTS
#        team\Robocon-FourFoot-2025\Code\Quadruped_Robot_20241025_backup\EWARM\Quadruped_Robot_20241025\Obj\stm32f4xx_hal_cortex.o"
#        "F:\none\Study\Other\Robot\RTS
#        team\Robocon-FourFoot-2025\Code\Quadruped_Robot_20241025_backup\EWARM\Quadruped_Robot_20241025\Obj\stm32f4xx_hal_dma.o"
#        "F:\none\Study\Other\Robot\RTS
#        team\Robocon-FourFoot-2025\Code\Quadruped_Robot_20241025_backup\EWARM\Quadruped_Robot_20241025\Obj\stm32f4xx_hal_dma_ex.o"
#        "F:\none\Study\Other\Robot\RTS
#        team\Robocon-FourFoot-2025\Code\Quadruped_Robot_20241025_backup\EWARM\Quadruped_Robot_20241025\Obj\stm32f4xx_hal_exti.o"
#        "F:\none\Study\Other\Robot\RTS
#        team\Robocon-FourFoot-2025\Code\Quadruped_Robot_20241025_backup\EWARM\Quadruped_Robot_20241025\Obj\stm32f4xx_hal_flash.o"
#        "F:\none\Study\Other\Robot\RTS
#        team\Robocon-FourFoot-2025\Code\Quadruped_Robot_20241025_backup\EWARM\Quadruped_Robot_20241025\Obj\stm32f4xx_hal_flash_ex.o"
#        "F:\none\Study\Other\Robot\RTS
#        team\Robocon-FourFoot-2025\Code\Quadruped_Robot_20241025_backup\EWARM\Quadruped_Robot_20241025\Obj\stm32f4xx_hal_flash_ramfunc.o"
#        "F:\none\Study\Other\Robot\RTS
#        team\Robocon-FourFoot-2025\Code\Quadruped_Robot_20241025_backup\EWARM\Quadruped_Robot_20241025\Obj\stm32f4xx_hal_gpio.o"
#        "F:\none\Study\Other\Robot\RTS
#        team\Robocon-FourFoot-2025\Code\Quadruped_Robot_20241025_backup\EWARM\Quadruped_Robot_20241025\Obj\stm32f4xx_hal_msp.o"
#        "F:\none\Study\Other\Robot\RTS
#        team\Robocon-FourFoot-2025\Code\Quadruped_Robot_20241025_backup\EWARM\Quadruped_Robot_20241025\Obj\stm32f4xx_hal_pwr.o"
#        "F:\none\Study\Other\Robot\RTS
#        team\Robocon-FourFoot-2025\Code\Quadruped_Robot_20241025_backup\EWARM\Quadruped_Robot_20241025\Obj\stm32f4xx_hal_pwr_ex.o"
#        "F:\none\Study\Other\Robot\RTS
#        team\Robocon-FourFoot-2025\Code\Quadruped_Robot_20241025_backup\EWARM\Quadruped_Robot_20241025\Obj\stm32f4xx_hal_rcc.o"
#        "F:\none\Study\Other\Robot\RTS
#        team\Robocon-FourFoot-2025\Code\Quadruped_Robot_20241025_backup\EWARM\Quadruped_Robot_20241025\Obj\stm32f4xx_hal_rcc_ex.o"
#        "F:\none\Study\Other\Robot\RTS
#        team\Robocon-FourFoot-2025\Code\Quadruped_Robot_20241025_backup\EWARM\Quadruped_Robot_20241025\Obj\stm32f4xx_hal_sd.o"
#        "F:\none\Study\Other\Robot\RTS
#        team\Robocon-FourFoot-2025\Code\Quadruped_Robot_20241025_backup\EWARM\Quadruped_Robot_20241025\Obj\stm32f4xx_hal_tim.o"
#        "F:\none\Study\Other\Robot\RTS
#        team\Robocon-FourFoot-2025\Code\Quadruped_Robot_20241025_backup\EWARM\Quadruped_Robot_20241025\Obj\stm32f4xx_hal_tim_ex.o"
#        "F:\none\Study\Other\Robot\RTS
#        team\Robocon-FourFoot-2025\Code\Quadruped_Robot_20241025_backup\EWARM\Quadruped_Robot_20241025\Obj\stm32f4xx_hal_uart.o"
#        "F:\none\Study\Other\Robot\RTS
#        team\Robocon-FourFoot-2025\Code\Quadruped_Robot_20241025_backup\EWARM\Quadruped_Robot_20241025\Obj\stm32f4xx_it.o"
#        "F:\none\Study\Other\Robot\RTS
#        team\Robocon-FourFoot-2025\Code\Quadruped_Robot_20241025_backup\EWARM\Quadruped_Robot_20241025\Obj\stm32f4xx_ll_sdmmc.o"
#        "F:\none\Study\Other\Robot\RTS
#        team\Robocon-FourFoot-2025\Code\Quadruped_Robot_20241025_backup\EWARM\Quadruped_Robot_20241025\Obj\syscall.o"
#        "F:\none\Study\Other\Robot\RTS
#        team\Robocon-FourFoot-2025\Code\Quadruped_Robot_20241025_backup\EWARM\Quadruped_Robot_20241025\Obj\system_stm32f4xx.o"
#        "F:\none\Study\Other\Robot\RTS
#        team\Robocon-FourFoot-2025\Code\Quadruped_Robot_20241025_backup\EWARM\Quadruped_Robot_20241025\Obj\tim.o"
#        "F:\none\Study\Other\Robot\RTS
#        team\Robocon-FourFoot-2025\Code\Quadruped_Robot_20241025_backup\EWARM\Quadruped_Robot_20241025\Obj\usart.o"
#        "F:\none\Study\Other\Robot\RTS
#        team\Robocon-FourFoot-2025\Code\Quadruped_Robot_20241025_backup\EWARM\Quadruped_Robot_20241025\Obj\user_diskio.o"
#        --no_out_extension -o "F:\none\Study\Other\Robot\RTS
#        team\Robocon-FourFoot-2025\Code\Quadruped_Robot_20241025_backup\EWARM\Quadruped_Robot_20241025\Exe\Quadruped_Robot_20241025.out"
#        --redirect _Printf=_PrintfFullNoMb --redirect _Scanf=_ScanfFullNoMb
#        --map "F:\none\Study\Other\Robot\RTS
#        team\Robocon-FourFoot-2025\Code\Quadruped_Robot_20241025_backup\EWARM\Quadruped_Robot_20241025\List\Quadruped_Robot_20241025.map"
#        --config "F:\none\Study\Other\Robot\RTS
#        team\Robocon-FourFoot-2025\Code\Quadruped_Robot_20241025_backup\EWARM/stm32f427xx_flash.icf"
#        --semihosting --entry __iar_program_start --vfe --text_out locale)
#
###############################################################################

*******************************************************************************
*** RUNTIME MODEL ATTRIBUTES
***

CppFlavor       = *
__SystemLibrary = DLib
__dlib_version  = 6


*******************************************************************************
*** HEAP SELECTION
***

The basic heap was selected because no calls to memory allocation
functions were found in the application outside of system library
functions, and there are calls to deallocation functions in the
application.


*******************************************************************************
*** PLACEMENT SUMMARY
***

"A0":  place at 0x800'0000 { ro section .intvec };
"P1":  place in [from 0x800'0000 to 0x81f'ffff] { ro };
define block CSTACK with size = 1K, alignment = 8 { };
define block HEAP with size = 512, alignment = 8 { };
"P2":  place in [from 0x2000'0000 to 0x2002'ffff] {
          rw, block CSTACK, block HEAP };
initialize by copy { rw };

  Section            Kind         Address    Size  Object
  -------            ----         -------    ----  ------
"A0":                                       0x1ac
  .intvec            ro code   0x800'0000   0x1ac  startup_stm32f427xx.o [1]
                             - 0x800'01ac   0x1ac

"P1":                                      0xa3ff
  .text              ro code   0x800'01ac  0x3418  GaitController.o [1]
  .text              ro code   0x800'35c4    0x1a  U32ToDbl.o [3]
  .text              ro code   0x800'35de    0x7a  lz77_init_single.o [4]
  .text              ro code   0x800'3658   0x1a2  DblMul.o [3]
  .text              ro code   0x800'37fa    0x3a  zero_init3.o [4]
  .text              ro code   0x800'3834    0x68  DblToFlt.o [3]
  .text              ro code   0x800'389c   0xa1c  stm32f4xx_hal_uart.o [1]
  .text              ro code   0x800'42b8   0x91c  DeepJ60_Motor.o [1]
  .text              ro code   0x800'4bd4    0x28  stm32f4xx_hal.o [1]
  .text              ro code   0x800'4bfc   0x2b0  KinematicSolution.o [1]
  .text              ro code   0x800'4eac     0x6  ABImemclr4.o [4]
  .text              ro code   0x800'4eb4    0x48  FltToDbl.o [3]
  .text              ro code   0x800'4efc   0x246  DblDiv.o [3]
  .text              ro code   0x800'5144   0x2c8  CurvePlan.o [1]
  .text              ro code   0x800'540c   0x17a  DblAdd.o [3]
  .text              ro code   0x800'5588    0xe2  DblSub.o [3]
  .text              ro code   0x800'566c    0x2e  DblCmpLe.o [3]
  .text              ro code   0x800'569c    0x2e  DblCmpGe.o [3]
  .text              ro code   0x800'56cc    0x86  ABImemcpy.o [4]
  .text              ro code   0x800'5754   0x2c8  usart.o [1]
  .text              ro code   0x800'5a1c     0xc  stm32f4xx_hal.o [1]
  .text              ro code   0x800'5a28    0xc4  stm32f4xx_hal_dma.o [1]
  .text              ro code   0x800'5aec     0x2  stm32f4xx_hal_uart.o [1]
  .text              ro code   0x800'5aee     0x2  stm32f4xx_hal_uart.o [1]
  .text              ro code   0x800'5af0     0x2  stm32f4xx_hal_uart.o [1]
  .text              ro code   0x800'5af4   0x4e8  Callback.o [1]
  .text              ro code   0x800'5fdc   0x22c  stm32f4xx_hal_rcc.o [1]
  .text              ro code   0x800'6208   0x230  I64DivMod.o [4]
  .text              ro code   0x800'6438   0x138  DeepJ60_can.o [1]
  .text              ro code   0x800'6570   0x102  sqrt.o [3]
  .text              ro code   0x800'6674    0x12  math_wrappers64.o [3]
  .text              ro code   0x800'6688    0x62  round.o [3]
  .text              ro code   0x800'66ec    0x32  ABImemset48.o [4]
  .text              ro code   0x800'6720   0x358  main.o [1]
  .text              ro code   0x800'6a78   0x2c2  stm32f4xx_hal_gpio.o [1]
  .text              ro code   0x800'6d3c   0x15c  stm32f4xx_hal_cortex.o [1]
  .text              ro code   0x800'6e98   0x590  stm32f4xx_hal_tim.o [1]
  .text              ro code   0x800'7428    0x4c  stm32f4xx_hal.o [1]
  .text              ro code   0x800'7474     0x2  I64DivZer.o [4]
  .text              ro code   0x800'7478   0x7e2  stm32f4xx_hal_can.o [1]
  .text              ro code   0x800'7c5c    0xc8  acos64.o [3]
  .text              ro code   0x800'7d24    0x34  stm32f4xx_hal.o [1]
  .text              ro code   0x800'7d58   0x114  gpio.o [1]
  .text              ro code   0x800'7e6c   0x27c  can.o [1]
  .text              ro code   0x800'80e8    0xe4  sdio.o [1]
  .text              ro code   0x800'81cc    0x34  fatfs.o [1]
  .text              ro code   0x800'8200    0xc0  tim.o [1]
  .text              ro code   0x800'82c0   0x3ec  stm32f4xx_hal_rcc.o [1]
  .text              ro code   0x800'86ac    0x7c  stm32f4xx_hal_pwr_ex.o [1]
  .text              ro code   0x800'8728     0x2  stm32f4xx_hal_tim.o [1]
  .text              ro code   0x800'872a     0x2  stm32f4xx_hal_tim.o [1]
  .text              ro code   0x800'872c     0x2  stm32f4xx_hal_tim.o [1]
  .text              ro code   0x800'872e     0x2  stm32f4xx_hal_tim_ex.o [1]
  .text              ro code   0x800'8730     0x2  stm32f4xx_hal_tim.o [1]
  .text              ro code   0x800'8732     0x2  stm32f4xx_hal_tim_ex.o [1]
  .text              ro code   0x800'8734     0x2  stm32f4xx_hal_can.o [1]
  .text              ro code   0x800'8736     0x2  stm32f4xx_hal_can.o [1]
  .text              ro code   0x800'8738     0x2  stm32f4xx_hal_can.o [1]
  .text              ro code   0x800'873a     0x2  stm32f4xx_hal_can.o [1]
  .text              ro code   0x800'873c     0x2  stm32f4xx_hal_can.o [1]
  .text              ro code   0x800'873e     0x2  stm32f4xx_hal_can.o [1]
  .text              ro code   0x800'8740     0x2  stm32f4xx_hal_can.o [1]
  .text              ro code   0x800'8742     0x2  stm32f4xx_hal_can.o [1]
  .text              ro code   0x800'8744     0x2  stm32f4xx_hal_can.o [1]
  .text              ro code   0x800'8746     0x2  stm32f4xx_hal_can.o [1]
  .text              ro code   0x800'8748     0x2  stm32f4xx_hal_can.o [1]
  .text              ro code   0x800'874a     0x2  stm32f4xx_hal_can.o [1]
  .text              ro code   0x800'874c   0x1d0  iar_Atan64.o [3]
  .text              ro code   0x800'891c    0x40  stm32f4xx_hal_msp.o [1]
  .text              ro code   0x800'895c    0x60  ff_gen_drv.o [1]
  .text              ro code   0x800'89bc    0xac  stm32f4xx_hal_tim_ex.o [1]
  .text              ro code   0x800'8a68    0x20  DblCmpEq.o [3]
  .text              ro code   0x800'8a88   0xe32  stm32f4xx_hal_sd.o [1]
  .text              ro code   0x800'98bc   0x6d8  stm32f4xx_ll_sdmmc.o [1]
  .text              ro code   0x800'9f94     0x2  stm32f4xx_hal_sd.o [1]
  .text              ro code   0x800'9f96    0x20  bsp_driver_sd.o [1]
  .text              ro code   0x800'9fb6     0x2  bsp_driver_sd.o [1]
  .text              ro code   0x800'9fb8     0x2  bsp_driver_sd.o [1]
  .text              ro code   0x800'9fbc   0x120  sd_diskio.o [1]
  .text              ro code   0x800'a0dc    0x1c  bsp_driver_sd.o [1]
  .text              ro code   0x800'a0f8    0x20  bsp_driver_sd.o [1]
  .text              ro code   0x800'a118    0x34  bsp_driver_sd.o [1]
  .text              ro code   0x800'a14c    0x34  bsp_driver_sd.o [1]
  .text              ro code   0x800'a180    0x14  bsp_driver_sd.o [1]
  .text              ro code   0x800'a194    0x10  bsp_driver_sd.o [1]
  .text              ro code   0x800'a1a4    0xa8  stm32f4xx_it.o [1]
  .text              ro code   0x800'a24c    0x18  stm32f4xx_hal.o [1]
  .rodata            const     0x800'a268    0x40  iar_Atan64.o [3]
  .text              ro code   0x800'a2a8    0x38  user_diskio.o [1]
  .text              ro code   0x800'a2e0    0x28  data_init.o [4]
  .text              ro code   0x800'a308    0x22  fpinit_M.o [3]
  .iar.init_table    const     0x800'a32c    0x20  - Linker created -
  .text              ro code   0x800'a34c    0x1e  cmain.o [4]
  .text              ro code   0x800'a36a     0x4  low_level_init.o [2]
  .text              ro code   0x800'a36e     0x4  exit.o [2]
  .text              ro code   0x800'a374     0xa  cexit.o [4]
  .text              ro code   0x800'a380    0x14  exit.o [5]
  .rodata            const     0x800'a394    0x14  sd_diskio.o [1]
  .rodata            const     0x800'a3a8    0x10  GaitController.o [1]
  .rodata            const     0x800'a3b8    0x10  system_stm32f4xx.o [1]
  .text              ro code   0x800'a3c8    0x10  startup_stm32f427xx.o [1]
  .text              ro code   0x800'a3d8    0x10  system_stm32f4xx.o [1]
  .text              ro code   0x800'a3e8     0xc  cstartup_M.o [4]
  .rodata            const     0x800'a3f4     0x8  system_stm32f4xx.o [1]
  .rodata            const     0x800'a3fc     0x8  tim.o [1]
  .text              ro code   0x800'a404     0x4  startup_stm32f427xx.o [1]
  .text              ro code   0x800'a408     0x4  startup_stm32f427xx.o [1]
  .text              ro code   0x800'a40c     0x4  startup_stm32f427xx.o [1]
  .text              ro code   0x800'a410     0x4  startup_stm32f427xx.o [1]
  .text              ro code   0x800'a414     0x4  startup_stm32f427xx.o [1]
  .text              ro code   0x800'a418     0x4  startup_stm32f427xx.o [1]
  .text              ro code   0x800'a41c     0x4  startup_stm32f427xx.o [1]
  .text              ro code   0x800'a420     0x4  startup_stm32f427xx.o [1]
  .text              ro code   0x800'a424     0x4  startup_stm32f427xx.o [1]
  .text              ro code   0x800'a428     0x4  startup_stm32f427xx.o [1]
  .text              ro code   0x800'a42c     0x4  startup_stm32f427xx.o [1]
  .text              ro code   0x800'a430     0x4  startup_stm32f427xx.o [1]
  .text              ro code   0x800'a434     0x4  startup_stm32f427xx.o [1]
  .text              ro code   0x800'a438     0x4  startup_stm32f427xx.o [1]
  .text              ro code   0x800'a43c     0x4  startup_stm32f427xx.o [1]
  .text              ro code   0x800'a440     0x4  startup_stm32f427xx.o [1]
  .text              ro code   0x800'a444     0x4  startup_stm32f427xx.o [1]
  .text              ro code   0x800'a448     0x4  startup_stm32f427xx.o [1]
  .text              ro code   0x800'a44c     0x4  startup_stm32f427xx.o [1]
  .text              ro code   0x800'a450     0x4  startup_stm32f427xx.o [1]
  .text              ro code   0x800'a454     0x4  startup_stm32f427xx.o [1]
  .text              ro code   0x800'a458     0x4  startup_stm32f427xx.o [1]
  .text              ro code   0x800'a45c     0x4  startup_stm32f427xx.o [1]
  .text              ro code   0x800'a460     0x4  startup_stm32f427xx.o [1]
  .text              ro code   0x800'a464     0x4  startup_stm32f427xx.o [1]
  .text              ro code   0x800'a468     0x4  startup_stm32f427xx.o [1]
  .text              ro code   0x800'a46c     0x4  startup_stm32f427xx.o [1]
  .text              ro code   0x800'a470     0x4  startup_stm32f427xx.o [1]
  .text              ro code   0x800'a474     0x4  startup_stm32f427xx.o [1]
  .text              ro code   0x800'a478     0x4  startup_stm32f427xx.o [1]
  .text              ro code   0x800'a47c     0x4  startup_stm32f427xx.o [1]
  .text              ro code   0x800'a480     0x4  startup_stm32f427xx.o [1]
  .text              ro code   0x800'a484     0x4  startup_stm32f427xx.o [1]
  .text              ro code   0x800'a488     0x4  startup_stm32f427xx.o [1]
  .text              ro code   0x800'a48c     0x4  startup_stm32f427xx.o [1]
  .text              ro code   0x800'a490     0x4  startup_stm32f427xx.o [1]
  .text              ro code   0x800'a494     0x4  startup_stm32f427xx.o [1]
  .text              ro code   0x800'a498     0x4  startup_stm32f427xx.o [1]
  .text              ro code   0x800'a49c     0x4  startup_stm32f427xx.o [1]
  .text              ro code   0x800'a4a0     0x4  startup_stm32f427xx.o [1]
  .text              ro code   0x800'a4a4     0x4  startup_stm32f427xx.o [1]
  .text              ro code   0x800'a4a8     0x4  startup_stm32f427xx.o [1]
  .text              ro code   0x800'a4ac     0x4  startup_stm32f427xx.o [1]
  .text              ro code   0x800'a4b0     0x4  startup_stm32f427xx.o [1]
  .text              ro code   0x800'a4b4     0x4  startup_stm32f427xx.o [1]
  .text              ro code   0x800'a4b8     0x4  startup_stm32f427xx.o [1]
  .text              ro code   0x800'a4bc     0x4  startup_stm32f427xx.o [1]
  .text              ro code   0x800'a4c0     0x4  startup_stm32f427xx.o [1]
  .text              ro code   0x800'a4c4     0x4  startup_stm32f427xx.o [1]
  .text              ro code   0x800'a4c8     0x4  startup_stm32f427xx.o [1]
  .text              ro code   0x800'a4cc     0x4  startup_stm32f427xx.o [1]
  .text              ro code   0x800'a4d0     0x4  startup_stm32f427xx.o [1]
  .text              ro code   0x800'a4d4     0x4  startup_stm32f427xx.o [1]
  .text              ro code   0x800'a4d8     0x4  startup_stm32f427xx.o [1]
  .text              ro code   0x800'a4dc     0x4  startup_stm32f427xx.o [1]
  .text              ro code   0x800'a4e0     0x4  startup_stm32f427xx.o [1]
  .text              ro code   0x800'a4e4     0x4  startup_stm32f427xx.o [1]
  .text              ro code   0x800'a4e8     0x4  startup_stm32f427xx.o [1]
  .text              ro code   0x800'a4ec     0x4  startup_stm32f427xx.o [1]
  .text              ro code   0x800'a4f0     0x4  startup_stm32f427xx.o [1]
  .text              ro code   0x800'a4f4     0x4  startup_stm32f427xx.o [1]
  .text              ro code   0x800'a4f8     0x4  startup_stm32f427xx.o [1]
  .text              ro code   0x800'a4fc     0x4  startup_stm32f427xx.o [1]
  .text              ro code   0x800'a500     0x4  startup_stm32f427xx.o [1]
  .text              ro code   0x800'a504     0x4  startup_stm32f427xx.o [1]
  .text              ro code   0x800'a508     0x4  startup_stm32f427xx.o [1]
  .text              ro code   0x800'a50c     0x4  startup_stm32f427xx.o [1]
  .text              ro code   0x800'a510     0x4  startup_stm32f427xx.o [1]
  .text              ro code   0x800'a514     0x4  startup_stm32f427xx.o [1]
  .text              ro code   0x800'a518     0x4  startup_stm32f427xx.o [1]
  .text              ro code   0x800'a51c     0x4  startup_stm32f427xx.o [1]
  .text              ro code   0x800'a520     0x4  startup_stm32f427xx.o [1]
  .text              ro code   0x800'a524     0x4  startup_stm32f427xx.o [1]
  .text              ro code   0x800'a528     0x4  startup_stm32f427xx.o [1]
  .text              ro code   0x800'a52c     0x4  startup_stm32f427xx.o [1]
  .text              ro code   0x800'a530     0x4  startup_stm32f427xx.o [1]
  .text              ro code   0x800'a534     0x4  startup_stm32f427xx.o [1]
  .rodata            const     0x800'a538     0x0  zero_init3.o [4]
  .rodata            const     0x800'a538     0x0  lz77_init_single.o [4]
  Initializer bytes  const     0x800'a538    0x73  <for P2-1>
                             - 0x800'a5ab  0xa3ff

"P2", part 1 of 3:                          0x3ff
  P2-1                        0x2000'0000   0x3ff  <Init block>
    .data            inited   0x2000'0000    0xa0  GaitController.o [1]
    .data            inited   0x2000'00a0    0xa0  GaitController.o [1]
    .data            inited   0x2000'0140    0x9c  GaitController.o [1]
    .data            inited   0x2000'01dc    0x9c  GaitController.o [1]
    .data            inited   0x2000'0278    0xa0  GaitController.o [1]
    .data            inited   0x2000'0318    0xa0  GaitController.o [1]
    .data            inited   0x2000'03b8     0x4  GaitController.o [1]
    .data            inited   0x2000'03bc     0x4  GaitController.o [1]
    .data            inited   0x2000'03c0    0x10  GaitController.o [1]
    .data            inited   0x2000'03d0    0x10  GaitController.o [1]
    .data            inited   0x2000'03e0     0x4  stm32f4xx_hal.o [1]
    .data            inited   0x2000'03e4     0x4  system_stm32f4xx.o [1]
    .data            inited   0x2000'03e8    0x14  user_diskio.o [1]
    .data            inited   0x2000'03fc     0x1  sd_diskio.o [1]
    .data            inited   0x2000'03fd     0x1  stm32f4xx_hal.o [1]
    .data            inited   0x2000'03fe     0x1  user_diskio.o [1]
                            - 0x2000'03ff   0x3ff

"P2", part 2 of 3:                          0x804
  .bss               zero     0x2000'0400   0x240  DeepJ60_Motor.o [1]
  .bss               zero     0x2000'0640   0x240  DeepJ60_Motor.o [1]
  .bss               zero     0x2000'0880    0x84  sdio.o [1]
  .bss               zero     0x2000'0904    0x5c  DeepJ60_can.o [1]
  .bss               zero     0x2000'0960    0x48  tim.o [1]
  .bss               zero     0x2000'09a8    0x48  usart.o [1]
  .bss               zero     0x2000'09f0    0x48  usart.o [1]
  .bss               zero     0x2000'0a38    0x48  usart.o [1]
  .bss               zero     0x2000'0a80    0x48  usart.o [1]
  .bss               zero     0x2000'0ac8    0x3c  GaitController.o [1]
  .bss               zero     0x2000'0b04    0x28  can.o [1]
  .bss               zero     0x2000'0b2c    0x28  can.o [1]
  .bss               zero     0x2000'0b54    0x20  GaitController.o [1]
  .bss               zero     0x2000'0b74    0x20  GaitController.o [1]
  .bss               zero     0x2000'0b94    0x20  GaitController.o [1]
  .bss               zero     0x2000'0bb4    0x1c  DeepJ60_can.o [1]
  .bss               zero     0x2000'0bd0    0x10  ff_gen_drv.o [1]
  .bss               zero     0x2000'0be0     0x4  can.o [1]
  .bss               zero     0x2000'0be4     0x4  DeepJ60_can.o [1]
  .bss               zero     0x2000'0be8     0x4  fatfs.o [1]
  .bss               zero     0x2000'0bec     0x4  fatfs.o [1]
  .bss               zero     0x2000'0bf0     0x4  GaitController.o [1]
  .bss               zero     0x2000'0bf4     0x4  GaitController.o [1]
  .bss               zero     0x2000'0bf8     0x4  stm32f4xx_hal.o [1]
  .bss               zero     0x2000'0bfc     0x4  usart.o [1]
  .bss               zero     0x2000'0c00     0x1  fatfs.o [1]
  .bss               zero     0x2000'0c01     0x1  fatfs.o [1]
                            - 0x2000'0c02   0x802

"P2", part 3 of 3:                          0x400
  CSTACK                      0x2000'0c08   0x400  <Block>
    CSTACK           uninit   0x2000'0c08   0x400  <Block tail>
                            - 0x2000'1008   0x400

Unused ranges:

         From           To       Size
         ----           --       ----
   0x800'a5ab   0x81f'ffff  0x1f'5a55
  0x2000'03ff  0x2000'03ff        0x1
  0x2000'0c04  0x2000'0c07        0x4
  0x2000'1008  0x2002'ffff   0x2'eff8


*******************************************************************************
*** INIT TABLE
***

          Address      Size
          -------      ----
Zero (__iar_zero_init3)
    1 destination range, total size 0x802:
          0x2000'0400  0x802

Copy/lz77 (__iar_lz77_init_single3)
    1 source range, total size 0x73 (11% of destination):
           0x800'a538   0x73
    1 destination range, total size 0x3ff:
          0x2000'0000  0x3ff



*******************************************************************************
*** MODULE SUMMARY
***

    Module                  ro code  ro data  rw data
    ------                  -------  -------  -------
command line/config:
    -------------------------------------------------
    Total:

F:\none\Study\Other\Robot\RTS team\Robocon-FourFoot-2025\Code\Quadruped_Robot_20241025_backup\EWARM\Quadruped_Robot_20241025\Obj: [1]
    Callback.o                1 256
    CurvePlan.o                 712
    DeepJ60_Motor.o           2 332             1 152
    DeepJ60_can.o               312               124
    GaitController.o         13 336      127    1 156
    KinematicSolution.o         688
    bsp_driver_sd.o             236
    can.o                       636                84
    fatfs.o                      52                10
    ff_gen_drv.o                 96                16
    gpio.o                      276
    main.o                      856
    sd_diskio.o                 288       20        1
    sdio.o                      228               132
    startup_stm32f427xx.o       752
    stm32f4xx_hal.o             204                 9
    stm32f4xx_hal_can.o       2 042
    stm32f4xx_hal_cortex.o      348
    stm32f4xx_hal_dma.o         196
    stm32f4xx_hal_gpio.o        706
    stm32f4xx_hal_msp.o          64
    stm32f4xx_hal_pwr_ex.o      124
    stm32f4xx_hal_rcc.o       1 560
    stm32f4xx_hal_sd.o        3 636
    stm32f4xx_hal_tim.o       1 432
    stm32f4xx_hal_tim_ex.o      176
    stm32f4xx_hal_uart.o      2 594
    stm32f4xx_it.o              168
    stm32f4xx_ll_sdmmc.o      1 752
    system_stm32f4xx.o           16       25        4
    tim.o                       192        8       72
    usart.o                     712               292
    user_diskio.o                56        3       21
    -------------------------------------------------
    Total:                   38 034      183    3 073

dl7M_tlf.a: [2]
    exit.o                        4
    low_level_init.o              4
    -------------------------------------------------
    Total:                        8

m7M_tls.a: [3]
    DblAdd.o                    378
    DblCmpEq.o                   32
    DblCmpGe.o                   46
    DblCmpLe.o                   46
    DblDiv.o                    582
    DblMul.o                    418
    DblSub.o                    226
    DblToFlt.o                  104
    FltToDbl.o                   72
    U32ToDbl.o                   26
    acos64.o                    200
    fpinit_M.o                   34
    iar_Atan64.o                464       64
    math_wrappers64.o            18
    round.o                      98
    sqrt.o                      258
    -------------------------------------------------
    Total:                    3 002       64

rt7M_tl.a: [4]
    ABImemclr4.o                  6
    ABImemcpy.o                 134
    ABImemset48.o                50
    I64DivMod.o                 560
    I64DivZer.o                   2
    cexit.o                      10
    cmain.o                      30
    cstartup_M.o                 12
    data_init.o                  40
    lz77_init_single.o          122
    zero_init3.o                 58
    -------------------------------------------------
    Total:                    1 024

shb_l.a: [5]
    exit.o                       20
    -------------------------------------------------
    Total:                       20

    Gaps                         38        6
    Linker created                        32    1 024
-----------------------------------------------------
    Grand Total:             42 126      285    4 097


*******************************************************************************
*** ENTRY LIST
***

Entry                       Address   Size  Type      Object
-----                       -------   ----  ----      ------
.iar.init_table$$Base    0x800'a32c          --   Gb  - Linker created -
.iar.init_table$$Limit   0x800'a34c          --   Gb  - Linker created -
?main                    0x800'a34d         Code  Gb  cmain.o [4]
AHBPrescTable            0x800'a3b8   0x10  Data  Gb  system_stm32f4xx.o [1]
APBPrescTable            0x800'a3f4    0x8  Data  Gb  system_stm32f4xx.o [1]
AnalyseJ60MotorReceiveData_new
                         0x800'4b91   0x30  Code  Gb  DeepJ60_Motor.o [1]
BSP_SD_GetCardInfo       0x800'a181   0x14  Code  Wk  bsp_driver_sd.o [1]
BSP_SD_GetCardState      0x800'a0dd   0x1c  Code  Wk  bsp_driver_sd.o [1]
BSP_SD_Init              0x800'a0f9   0x20  Code  Wk  bsp_driver_sd.o [1]
BSP_SD_ReadBlocks        0x800'a119   0x34  Code  Wk  bsp_driver_sd.o [1]
BSP_SD_WriteBlocks       0x800'a14d   0x34  Code  Wk  bsp_driver_sd.o [1]
BusFault_Handler         0x800'a1ab    0x2  Code  Gb  stm32f4xx_it.o [1]
CAN1_FilterConfig        0x800'8051   0x38  Code  Gb  can.o [1]
CAN1_RX0_IRQHandler      0x800'a1c7    0xa  Code  Gb  stm32f4xx_it.o [1]
CAN1_RX1_IRQHandler      0x800'a1d1    0xa  Code  Gb  stm32f4xx_it.o [1]
CAN2_FilterConfig        0x800'8089   0x38  Code  Gb  can.o [1]
CAN2_RX0_IRQHandler      0x800'a1f9    0xa  Code  Gb  stm32f4xx_it.o [1]
CAN2_RX1_IRQHandler      0x800'a203    0xa  Code  Gb  stm32f4xx_it.o [1]
CSTACK$$Base            0x2000'0c08          --   Gb  - Linker created -
CSTACK$$Limit           0x2000'1008          --   Gb  - Linker created -
Can                     0x2000'0904   0x5c  Data  Gb  DeepJ60_can.o [1]
CanDataToRealData        0x800'6463   0x2a  Code  Gb  DeepJ60_can.o [1]
CanRxInformation        0x2000'0bb4   0x1c  Data  Gb  DeepJ60_can.o [1]
Can_Receive_new          0x800'653f   0x20  Code  Gb  DeepJ60_can.o [1]
Can_Send                 0x800'648d   0xb2  Code  Gb  DeepJ60_can.o [1]
DebugMon_Handler         0x800'a1b1    0x2  Code  Gb  stm32f4xx_it.o [1]
EXTI1_IRQHandler         0x800'a1bd    0xa  Code  Gb  stm32f4xx_it.o [1]
EnableJ60Motor           0x800'4569   0x3c  Code  Gb  DeepJ60_Motor.o [1]
Error_Handler            0x800'6a75    0x4  Code  Gb  main.o [1]
FATFS_LinkDriver         0x800'89a5   0x12  Code  Gb  ff_gen_drv.o [1]
FATFS_LinkDriverEx       0x800'895d   0x48  Code  Gb  ff_gen_drv.o [1]
GetJ60MotorCanID         0x800'4555    0xe  Code  Gb  DeepJ60_Motor.o [1]
HAL_CAN_ActivateNotification
                         0x800'7a03   0x34  Code  Gb  stm32f4xx_hal_can.o [1]
HAL_CAN_AddTxMessage     0x800'776d  0x126  Code  Gb  stm32f4xx_hal_can.o [1]
HAL_CAN_ConfigFilter     0x800'75e5  0x128  Code  Gb  stm32f4xx_hal_can.o [1]
HAL_CAN_GetRxMessage     0x800'7893  0x170  Code  Gb  stm32f4xx_hal_can.o [1]
HAL_CAN_IRQHandler       0x800'7a37  0x224  Code  Gb  stm32f4xx_hal_can.o [1]
HAL_CAN_Init             0x800'7479  0x16c  Code  Gb  stm32f4xx_hal_can.o [1]
HAL_CAN_MspInit          0x800'7f21  0x130  Code  Gb  can.o [1]
HAL_CAN_RxFifo0MsgPendingCallback
                         0x800'5af5   0x44  Code  Gb  Callback.o [1]
HAL_CAN_Start            0x800'770d   0x5c  Code  Gb  stm32f4xx_hal_can.o [1]
HAL_DMA_Abort            0x800'5a29   0x9c  Code  Gb  stm32f4xx_hal_dma.o [1]
HAL_DMA_Abort_IT         0x800'5ac5   0x28  Code  Gb  stm32f4xx_hal_dma.o [1]
HAL_Delay                0x800'4bd5   0x28  Code  Wk  stm32f4xx_hal.o [1]
HAL_GPIO_EXTI_IRQHandler
                         0x800'6cd3   0x20  Code  Gb  stm32f4xx_hal_gpio.o [1]
HAL_GPIO_Init            0x800'6a79  0x240  Code  Gb  stm32f4xx_hal_gpio.o [1]
HAL_GPIO_WritePin        0x800'6cb9   0x1a  Code  Gb  stm32f4xx_hal_gpio.o [1]
HAL_GetTick              0x800'5a1d    0xc  Code  Wk  stm32f4xx_hal.o [1]
HAL_IncTick              0x800'a24d   0x18  Code  Wk  stm32f4xx_hal.o [1]
HAL_Init                 0x800'7d25   0x30  Code  Gb  stm32f4xx_hal.o [1]
HAL_InitTick             0x800'7429   0x4c  Code  Wk  stm32f4xx_hal.o [1]
HAL_MspInit              0x800'891d   0x40  Code  Gb  stm32f4xx_hal_msp.o [1]
HAL_NVIC_EnableIRQ       0x800'6e5f    0xe  Code  Gb  stm32f4xx_hal_cortex.o [1]
HAL_NVIC_SetPriority     0x800'6e35   0x2a  Code  Gb  stm32f4xx_hal_cortex.o [1]
HAL_NVIC_SetPriorityGrouping
                         0x800'6e29    0xc  Code  Gb  stm32f4xx_hal_cortex.o [1]
HAL_PWREx_EnableOverDrive
                         0x800'86ad   0x6a  Code  Gb  stm32f4xx_hal_pwr_ex.o [1]
HAL_RCC_CAN1_CLK_ENABLED
                        0x2000'0be0    0x4  Data  Lc  can.o [1]
HAL_RCC_ClockConfig      0x800'5fdd  0x140  Code  Gb  stm32f4xx_hal_rcc.o [1]
HAL_RCC_GetHCLKFreq      0x800'611d    0x6  Code  Gb  stm32f4xx_hal_rcc.o [1]
HAL_RCC_GetPCLK1Freq     0x800'6123   0x16  Code  Gb  stm32f4xx_hal_rcc.o [1]
HAL_RCC_GetPCLK2Freq     0x800'6139   0x16  Code  Gb  stm32f4xx_hal_rcc.o [1]
HAL_RCC_OscConfig        0x800'82c1  0x3ec  Code  Wk  stm32f4xx_hal_rcc.o [1]
HAL_SD_AbortCallback     0x800'9f97    0xa  Code  Gb  bsp_driver_sd.o [1]
HAL_SD_GetCardCSD        0x800'931d  0x1f4  Code  Gb  stm32f4xx_hal_sd.o [1]
HAL_SD_GetCardInfo       0x800'9511   0x26  Code  Gb  stm32f4xx_hal_sd.o [1]
HAL_SD_GetCardState      0x800'9537   0x24  Code  Gb  stm32f4xx_hal_sd.o [1]
HAL_SD_IRQHandler        0x800'9149  0x1d4  Code  Gb  stm32f4xx_hal_sd.o [1]
HAL_SD_Init              0x800'8a89   0x44  Code  Gb  stm32f4xx_hal_sd.o [1]
HAL_SD_InitCard          0x800'8acd   0xbe  Code  Gb  stm32f4xx_hal_sd.o [1]
HAL_SD_MspInit           0x800'8109   0xaa  Code  Gb  sdio.o [1]
HAL_SD_ReadBlocks        0x800'8b8b  0x310  Code  Gb  stm32f4xx_hal_sd.o [1]
HAL_SD_RxCpltCallback    0x800'9fab    0xa  Code  Gb  bsp_driver_sd.o [1]
HAL_SD_TxCpltCallback    0x800'9fa1    0xa  Code  Gb  bsp_driver_sd.o [1]
HAL_SD_WriteBlocks       0x800'8e9b  0x2a4  Code  Gb  stm32f4xx_hal_sd.o [1]
HAL_SYSTICK_Config       0x800'6e6d    0xc  Code  Gb  stm32f4xx_hal_cortex.o [1]
HAL_TIMEx_BreakCallback
                         0x800'872f    0x2  Code  Wk  stm32f4xx_hal_tim_ex.o [1]
HAL_TIMEx_CommutCallback
                         0x800'8733    0x2  Code  Wk  stm32f4xx_hal_tim_ex.o [1]
HAL_TIMEx_MasterConfigSynchronization
                         0x800'89bd   0x8e  Code  Gb  stm32f4xx_hal_tim_ex.o [1]
HAL_TIM_Base_Start_IT    0x800'6e99   0x9a  Code  Gb  stm32f4xx_hal_tim.o [1]
HAL_TIM_Base_Stop_IT     0x800'6f33   0x3c  Code  Gb  stm32f4xx_hal_tim.o [1]
HAL_TIM_IRQHandler       0x800'6ff9  0x13e  Code  Gb  stm32f4xx_hal_tim.o [1]
HAL_TIM_OC_ConfigChannel
                         0x800'7137   0x68  Code  Gb  stm32f4xx_hal_tim.o [1]
HAL_TIM_OC_Init          0x800'6f6f   0x6e  Code  Gb  stm32f4xx_hal_tim.o [1]
HAL_TIM_OC_MspInit       0x800'827f   0x36  Code  Gb  tim.o [1]
HAL_TIM_PeriodElapsedCallback
                         0x800'5d29  0x240  Code  Gb  Callback.o [1]
HAL_UART_IRQHandler      0x800'3a19  0x2d4  Code  Gb  stm32f4xx_hal_uart.o [1]
HAL_UART_Init            0x800'389d   0x7a  Code  Gb  stm32f4xx_hal_uart.o [1]
HAL_UART_MspInit         0x800'5831  0x1ac  Code  Gb  usart.o [1]
HAL_UART_Receive_IT      0x800'39e3   0x36  Code  Gb  stm32f4xx_hal_uart.o [1]
HAL_UART_RxCpltCallback
                         0x800'5b39  0x1f0  Code  Gb  Callback.o [1]
HAL_UART_Transmit        0x800'3917   0xcc  Code  Gb  stm32f4xx_hal_uart.o [1]
HardFault_Handler        0x800'a1a7    0x2  Code  Gb  stm32f4xx_it.o [1]
IK_leg                   0x800'4bfd  0x294  Code  Gb  KinematicSolution.o [1]
J60MotorConfigToSendCanData
                         0x800'4471   0x28  Code  Gb  DeepJ60_Motor.o [1]
J60MotorDataToSendCanData
                         0x800'4521   0x34  Code  Gb  DeepJ60_Motor.o [1]
J60MotorMotionDataToSendCanData
                         0x800'43b1   0xae  Code  Gb  DeepJ60_Motor.o [1]
J60Motor_CAN1           0x2000'0400  0x240  Data  Gb  DeepJ60_Motor.o [1]
J60Motor_CAN2           0x2000'0640  0x240  Data  Gb  DeepJ60_Motor.o [1]
J60Motor_StandUpData_CAN1
                        0x2000'03c0   0x10  Data  Gb  GaitController.o [1]
J60Motor_StandUpData_CAN2
                        0x2000'03d0   0x10  Data  Gb  GaitController.o [1]
JumpForward_FSM          0x800'1bf1  0x510  Code  Gb  GaitController.o [1]
JumpUp_FSM               0x800'15a5  0x518  Code  Gb  GaitController.o [1]
MX_CAN1_Init             0x800'7e6d   0x5a  Code  Gb  can.o [1]
MX_CAN2_Init             0x800'7ec7   0x5a  Code  Gb  can.o [1]
MX_FATFS_Init            0x800'81cd   0x1c  Code  Gb  fatfs.o [1]
MX_GPIO_Init             0x800'7d59  0x114  Code  Gb  gpio.o [1]
MX_SDIO_SD_Init          0x800'80e9   0x20  Code  Gb  sdio.o [1]
MX_TIM2_Init             0x800'8201   0x7e  Code  Gb  tim.o [1]
MX_UART7_Init            0x800'5755   0x34  Code  Gb  usart.o [1]
MX_UART8_Init            0x800'5789   0x40  Code  Gb  usart.o [1]
MX_USART3_UART_Init      0x800'57c9   0x34  Code  Gb  usart.o [1]
MX_USART6_UART_Init      0x800'57fd   0x34  Code  Gb  usart.o [1]
MemManage_Handler        0x800'a1a9    0x2  Code  Gb  stm32f4xx_it.o [1]
NMI_Handler              0x800'a1a5    0x2  Code  Gb  stm32f4xx_it.o [1]
NVIC_EncodePriority      0x800'6db9   0x40  Code  Lc  stm32f4xx_hal_cortex.o [1]
PendSV_Handler           0x800'a1b3    0x2  Code  Gb  stm32f4xx_it.o [1]
RealDataToCanData        0x800'6439   0x2a  Code  Gb  DeepJ60_can.o [1]
ReceiveCanDataToJ60MotorConfig
                         0x800'4499   0x28  Code  Gb  DeepJ60_Motor.o [1]
ReceiveCanDataToJ60MotorData_new
                         0x800'4b39   0x58  Code  Gb  DeepJ60_Motor.o [1]
ReceiveCanDataToJ60MotorMotionData_new
                         0x800'4a35   0xfe  Code  Gb  DeepJ60_Motor.o [1]
ReceiveCommandStatusToJ60MotorCommandStatus
                         0x800'44c1    0x6  Code  Gb  DeepJ60_Motor.o [1]
ReceiveStatusWordToJ60MotorStatusWord
                         0x800'44c7   0x5a  Code  Gb  DeepJ60_Motor.o [1]
Region$$Table$$Base      0x800'a32c          --   Gb  - Linker created -
Region$$Table$$Limit     0x800'a34c          --   Gb  - Linker created -
Rotate_FSM               0x800'0ffd  0x4c0  Code  Gb  GaitController.o [1]
RunJ60Motor              0x800'48f9  0x13a  Code  Gb  DeepJ60_Motor.o [1]
RunJ60MotorKdMode        0x800'46e9   0x62  Code  Gb  DeepJ60_Motor.o [1]
RunJ60MotorPositionMode
                         0x800'45b1   0x6a  Code  Gb  DeepJ60_Motor.o [1]
RunJ60MotorPositionTorqueMode
                         0x800'47a5   0x6e  Code  Gb  DeepJ60_Motor.o [1]
RunJ60MotorPositonVelocityTorqueMode
                         0x800'4885   0x72  Code  Gb  DeepJ60_Motor.o [1]
RunJ60MotorTorqueMode    0x800'4685   0x62  Code  Gb  DeepJ60_Motor.o [1]
RunJ60MotorVelocityMode
                         0x800'461d   0x66  Code  Gb  DeepJ60_Motor.o [1]
RunJ60MotorVelocityTorqueMode
                         0x800'4815   0x6a  Code  Gb  DeepJ60_Motor.o [1]
RunJ60MotorZeroTorqueMode
                         0x800'474d   0x56  Code  Gb  DeepJ60_Motor.o [1]
SDIO_ConfigData          0x800'994d   0x2e  Code  Gb  stm32f4xx_ll_sdmmc.o [1]
SDIO_GetCommandResponse
                         0x800'993b    0x6  Code  Gb  stm32f4xx_ll_sdmmc.o [1]
SDIO_GetPowerState       0x800'9909    0x8  Code  Gb  stm32f4xx_ll_sdmmc.o [1]
SDIO_GetResponse         0x800'9941    0xc  Code  Gb  stm32f4xx_ll_sdmmc.o [1]
SDIO_IRQHandler          0x800'a1ef    0xa  Code  Gb  stm32f4xx_it.o [1]
SDIO_Init                0x800'98bd   0x30  Code  Gb  stm32f4xx_ll_sdmmc.o [1]
SDIO_PowerState_ON       0x800'98ff    0xa  Code  Gb  stm32f4xx_ll_sdmmc.o [1]
SDIO_ReadFIFO            0x800'98ed    0x6  Code  Gb  stm32f4xx_ll_sdmmc.o [1]
SDIO_SendCommand         0x800'9911   0x2a  Code  Gb  stm32f4xx_ll_sdmmc.o [1]
SDIO_WriteFIFO           0x800'98f3    0xc  Code  Gb  stm32f4xx_ll_sdmmc.o [1]
SDMMC_CmdAppCommand      0x800'9b47   0x34  Code  Gb  stm32f4xx_ll_sdmmc.o [1]
SDMMC_CmdAppOperCommand
                         0x800'9b7b   0x34  Code  Gb  stm32f4xx_ll_sdmmc.o [1]
SDMMC_CmdBlockLength     0x800'997b   0x34  Code  Gb  stm32f4xx_ll_sdmmc.o [1]
SDMMC_CmdGoIdleState     0x800'9ae9   0x2e  Code  Gb  stm32f4xx_ll_sdmmc.o [1]
SDMMC_CmdOperCond        0x800'9b17   0x30  Code  Gb  stm32f4xx_ll_sdmmc.o [1]
SDMMC_CmdReadMultiBlock
                         0x800'99e3   0x34  Code  Gb  stm32f4xx_ll_sdmmc.o [1]
SDMMC_CmdReadSingleBlock
                         0x800'99af   0x34  Code  Gb  stm32f4xx_ll_sdmmc.o [1]
SDMMC_CmdSelDesel        0x800'9ab3   0x36  Code  Gb  stm32f4xx_ll_sdmmc.o [1]
SDMMC_CmdSendCID         0x800'9baf   0x2e  Code  Gb  stm32f4xx_ll_sdmmc.o [1]
SDMMC_CmdSendCSD         0x800'9bdd   0x2e  Code  Gb  stm32f4xx_ll_sdmmc.o [1]
SDMMC_CmdSendStatus      0x800'9c3f   0x34  Code  Gb  stm32f4xx_ll_sdmmc.o [1]
SDMMC_CmdSetRelAdd       0x800'9c0b   0x34  Code  Gb  stm32f4xx_ll_sdmmc.o [1]
SDMMC_CmdStopTransfer    0x800'9a7f   0x34  Code  Gb  stm32f4xx_ll_sdmmc.o [1]
SDMMC_CmdWriteMultiBlock
                         0x800'9a4b   0x34  Code  Gb  stm32f4xx_ll_sdmmc.o [1]
SDMMC_CmdWriteSingleBlock
                         0x800'9a17   0x34  Code  Gb  stm32f4xx_ll_sdmmc.o [1]
SDMMC_GetCmdError        0x800'9f4d   0x32  Code  Lc  stm32f4xx_ll_sdmmc.o [1]
SDMMC_GetCmdResp1        0x800'9c73  0x13a  Code  Gb  stm32f4xx_ll_sdmmc.o [1]
SDMMC_GetCmdResp2        0x800'9dad   0x56  Code  Gb  stm32f4xx_ll_sdmmc.o [1]
SDMMC_GetCmdResp3        0x800'9e03   0x48  Code  Gb  stm32f4xx_ll_sdmmc.o [1]
SDMMC_GetCmdResp6        0x800'9e4b   0xa6  Code  Gb  stm32f4xx_ll_sdmmc.o [1]
SDMMC_GetCmdResp7        0x800'9ef1   0x5c  Code  Gb  stm32f4xx_ll_sdmmc.o [1]
SDPath                  0x2000'0be8    0x4  Data  Gb  fatfs.o [1]
SD_CheckStatus           0x800'9fbd   0x1e  Code  Lc  sd_diskio.o [1]
SD_DMARxAbort            0x800'95a9   0x4a  Code  Lc  stm32f4xx_hal_sd.o [1]
SD_DMATxAbort            0x800'955d   0x4a  Code  Lc  stm32f4xx_hal_sd.o [1]
SD_Driver                0x800'a394   0x14  Data  Gb  sd_diskio.o [1]
SD_InitCard              0x800'95f3  0x10a  Code  Lc  stm32f4xx_hal_sd.o [1]
SD_PowerON               0x800'96fd   0xcc  Code  Lc  stm32f4xx_hal_sd.o [1]
SD_Read_IT               0x800'980b   0x58  Code  Lc  stm32f4xx_hal_sd.o [1]
SD_SendStatus            0x800'97d9   0x32  Code  Lc  stm32f4xx_hal_sd.o [1]
SD_Write_IT              0x800'9863   0x58  Code  Lc  stm32f4xx_hal_sd.o [1]
SD_initialize            0x800'9fdb   0x20  Code  Gb  sd_diskio.o [1]
SD_ioctl                 0x800'a075   0x64  Code  Gb  sd_diskio.o [1]
SD_read                  0x800'a009   0x36  Code  Gb  sd_diskio.o [1]
SD_status                0x800'9ffb    0xe  Code  Gb  sd_diskio.o [1]
SD_write                 0x800'a03f   0x36  Code  Gb  sd_diskio.o [1]
SVC_Handler              0x800'a1af    0x2  Code  Gb  stm32f4xx_it.o [1]
SetJumpForwardBezierControlPoints
                         0x800'1ac1  0x11a  Code  Gb  GaitController.o [1]
SetJumpUpBezierControlPoints
                         0x800'14dd   0xc6  Code  Gb  GaitController.o [1]
SetMotionCommand         0x800'435b   0x4e  Code  Gb  DeepJ60_Motor.o [1]
SetMotionParameters      0x800'42b9   0xa2  Code  Gb  DeepJ60_Motor.o [1]
SetMotor                 0x800'01ad  0x20a  Code  Gb  GaitController.o [1]
SetNormalCommand         0x800'43a9    0x8  Code  Gb  DeepJ60_Motor.o [1]
SetRotateBezierControlPoints
                         0x800'0d21  0x2c2  Code  Gb  GaitController.o [1]
SetThreeOrderBezierControlPoints
                         0x800'5145   0x22  Code  Gb  CurvePlan.o [1]
SetThreeOrderBezierPeriod
                         0x800'5167    0x6  Code  Gb  CurvePlan.o [1]
SetTrotBezierControlPoints
                         0x800'050d  0x306  Code  Gb  GaitController.o [1]
SetTurnBezierControlPoints
                         0x800'2131  0x382  Code  Gb  GaitController.o [1]
SetWalkSlopeBezierControlPoints
                         0x800'2b95  0x39a  Code  Gb  GaitController.o [1]
Stand                    0x800'03b9  0x14a  Code  Gb  GaitController.o [1]
Stand_on_slope           0x800'2ac1   0xb0  Code  Gb  GaitController.o [1]
Stat                    0x2000'03fc    0x1  Data  Lc  sd_diskio.o [1]
Stat                    0x2000'03fe    0x1  Data  Lc  user_diskio.o [1]
SysTick_Config           0x800'6df9   0x30  Code  Lc  stm32f4xx_hal_cortex.o [1]
SysTick_Handler          0x800'a1b5    0x8  Code  Gb  stm32f4xx_it.o [1]
SystemClock_Config       0x800'6965   0xae  Code  Gb  main.o [1]
SystemCoreClock         0x2000'03e4    0x4  Data  Gb  system_stm32f4xx.o [1]
SystemInit               0x800'a3d9    0xc  Code  Gb  system_stm32f4xx.o [1]
TIM2_IRQHandler          0x800'a1db    0xa  Code  Gb  stm32f4xx_it.o [1]
TIM_Base_SetConfig       0x800'719f   0xd2  Code  Gb  stm32f4xx_hal_tim.o [1]
TIM_OC1_SetConfig        0x800'7271   0x64  Code  Lc  stm32f4xx_hal_tim.o [1]
TIM_OC2_SetConfig        0x800'72d5   0x6e  Code  Gb  stm32f4xx_hal_tim.o [1]
TIM_OC3_SetConfig        0x800'7345   0x6c  Code  Lc  stm32f4xx_hal_tim.o [1]
TIM_OC4_SetConfig        0x800'73b1   0x4c  Code  Lc  stm32f4xx_hal_tim.o [1]
ThreeOrderBezierPlan     0x800'516d  0x298  Code  Gb  CurvePlan.o [1]
Torque                  0x2000'0b94   0x20  Data  Gb  GaitController.o [1]
Trot_FSM                 0x800'081d  0x4dc  Code  Gb  GaitController.o [1]
Turn_FSM                 0x800'24c1  0x5ec  Code  Gb  GaitController.o [1]
TxMailBox               0x2000'0be4    0x4  Data  Gb  DeepJ60_can.o [1]
UART7_IRQHandler         0x800'a217    0xa  Code  Gb  stm32f4xx_it.o [1]
UART8_IRQHandler         0x800'a221    0xa  Code  Gb  stm32f4xx_it.o [1]
UART_DMAAbortOnError     0x800'3e1d   0x16  Code  Lc  stm32f4xx_hal_uart.o [1]
UART_EndRxTransfer       0x800'3db5   0x66  Code  Lc  stm32f4xx_hal_uart.o [1]
UART_EndTransmit_IT      0x800'3e9b   0x20  Code  Lc  stm32f4xx_hal_uart.o [1]
UART_Receive_IT          0x800'3ebb   0xf6  Code  Lc  stm32f4xx_hal_uart.o [1]
UART_SetConfig           0x800'3fb1  0x2fc  Code  Lc  stm32f4xx_hal_uart.o [1]
UART_Start_Receive_IT    0x800'3d71   0x44  Code  Gb  stm32f4xx_hal_uart.o [1]
UART_Transmit_IT         0x800'3e35   0x66  Code  Lc  stm32f4xx_hal_uart.o [1]
UART_WaitOnFlagUntilTimeout
                         0x800'3ced   0x84  Code  Lc  stm32f4xx_hal_uart.o [1]
USART3_IRQHandler        0x800'a1e5    0xa  Code  Gb  stm32f4xx_it.o [1]
USART6_IRQHandler        0x800'a20d    0xa  Code  Gb  stm32f4xx_it.o [1]
USERPath                0x2000'0bec    0x4  Data  Gb  fatfs.o [1]
USER_Driver             0x2000'03e8   0x14  Data  Gb  user_diskio.o [1]
USER_initialize          0x800'a2a9    0xc  Code  Gb  user_diskio.o [1]
USER_ioctl               0x800'a2d9    0x8  Code  Gb  user_diskio.o [1]
USER_read                0x800'a2c5    0xa  Code  Gb  user_diskio.o [1]
USER_status              0x800'a2b5    0xc  Code  Gb  user_diskio.o [1]
USER_write               0x800'a2cf    0xa  Code  Gb  user_diskio.o [1]
UsageFault_Handler       0x800'a1ad    0x2  Code  Gb  stm32f4xx_it.o [1]
Velocity                0x2000'0b74   0x20  Data  Gb  GaitController.o [1]
WalkSlope_FSM            0x800'2f3d  0x64c  Code  Gb  GaitController.o [1]
__NVIC_EnableIRQ         0x800'6d6d   0x20  Code  Lc  stm32f4xx_hal_cortex.o [1]
__NVIC_GetPriorityGrouping
                         0x800'6d5f    0xc  Code  Lc  stm32f4xx_hal_cortex.o [1]
__NVIC_SetPriority       0x800'6d8d   0x2c  Code  Lc  stm32f4xx_hal_cortex.o [1]
__NVIC_SetPriorityGrouping
                         0x800'6d3d   0x22  Code  Lc  stm32f4xx_hal_cortex.o [1]
__aeabi_cdcmpeq          0x800'8a69         Code  Gb  DblCmpEq.o [3]
__aeabi_cdcmple          0x800'566d         Code  Gb  DblCmpLe.o [3]
__aeabi_cdrcmple         0x800'569d         Code  Gb  DblCmpGe.o [3]
__aeabi_d2f              0x800'3835         Code  Gb  DblToFlt.o [3]
__aeabi_dadd             0x800'540d         Code  Gb  DblAdd.o [3]
__aeabi_ddiv             0x800'4efd         Code  Gb  DblDiv.o [3]
__aeabi_dmul             0x800'3659         Code  Gb  DblMul.o [3]
__aeabi_dsub             0x800'5589         Code  Gb  DblSub.o [3]
__aeabi_f2d              0x800'4eb5         Code  Gb  FltToDbl.o [3]
__aeabi_ldiv0            0x800'7475         Code  Gb  I64DivZer.o [4]
__aeabi_memclr4          0x800'4ead         Code  Gb  ABImemclr4.o [4]
__aeabi_memcpy4          0x800'56cd         Code  Gb  ABImemcpy.o [4]
__aeabi_memcpy8          0x800'56cd         Code  Gb  ABImemcpy.o [4]
__aeabi_ui2d             0x800'35c5         Code  Gb  U32ToDbl.o [3]
__aeabi_uldivmod         0x800'6209         Code  Gb  I64DivMod.o [4]
__cmain                  0x800'a34d         Code  Gb  cmain.o [4]
__exit                   0x800'a381   0x14  Code  Gb  exit.o [5]
__iar_Atan64             0x800'874d  0x1d0  Code  Gb  iar_Atan64.o [3]
__iar_Memset4_word       0x800'66ed         Code  Gb  ABImemset48.o [4]
__iar_Memset8_word       0x800'66ed         Code  Gb  ABImemset48.o [4]
__iar_acos64             0x800'7c5d   0xc8  Code  Gb  acos64.o [3]
__iar_dadd               0x800'5599         Code  Gb  DblSub.o [3]
__iar_data_init3         0x800'a2e1   0x28  Code  Gb  data_init.o [4]
__iar_dsub               0x800'541d         Code  Gb  DblAdd.o [3]
__iar_dsubStart          0x800'542f         Code  Gb  DblAdd.o [3]
__iar_init_vfp           0x800'a309         Code  Gb  fpinit_M.o [3]
__iar_lz77_init_single3
                         0x800'35df   0x7a  Code  Gb  lz77_init_single.o [4]
__iar_program_start      0x800'a3e9         Code  Gb  cstartup_M.o [4]
__iar_round64            0x800'6699         Code  Gb  round.o [3]
__iar_sqrt64             0x800'6581         Code  Gb  sqrt.o [3]
__iar_vfp___iar_round64
                         0x800'6689         Code  Gb  round.o [3]
__iar_vfp___iar_sqrt64   0x800'6571         Code  Gb  sqrt.o [3]
__iar_vfp_acos           0x800'667b    0xc  Code  Gb  math_wrappers64.o [3]
__iar_vfp_round          0x800'6689         Code  Gb  round.o [3]
__iar_vfp_roundl         0x800'6689         Code  Gb  round.o [3]
__iar_vfp_sqrt           0x800'6571         Code  Gb  sqrt.o [3]
__iar_vfp_sqrtl          0x800'6571         Code  Gb  sqrt.o [3]
__iar_zero_init3         0x800'37fb   0x3a  Code  Gb  zero_init3.o [4]
__low_level_init         0x800'a36b    0x4  Code  Gb  low_level_init.o [2]
__vector_table           0x800'0000         Data  Gb  startup_stm32f427xx.o [1]
_call_main               0x800'a359         Code  Gb  cmain.o [4]
_exit                    0x800'a375         Code  Gb  cexit.o [4]
_main                    0x800'a367         Code  Gb  cmain.o [4]
a                        0x800'a268   0x40  Data  Lc  iar_Atan64.o [3]
acos                     0x800'7c5d   0xc8  Code  Gb  acos64.o [3]
acosl                    0x800'7c5d   0xc8  Code  Gb  acos64.o [3]
angle                   0x2000'0b54   0x20  Data  Gb  GaitController.o [1]
controller_signal       0x2000'0bfc    0x4  Data  Gb  usart.o [1]
disk                    0x2000'0bd0   0x10  Data  Gb  ff_gen_drv.o [1]
exit                     0x800'a36f    0x4  Code  Gb  exit.o [2]
hcan1                   0x2000'0b04   0x28  Data  Gb  can.o [1]
hcan2                   0x2000'0b2c   0x28  Data  Gb  can.o [1]
hsd                     0x2000'0880   0x84  Data  Gb  sdio.o [1]
htim2                   0x2000'0960   0x48  Data  Gb  tim.o [1]
huart3                  0x2000'0a38   0x48  Data  Gb  usart.o [1]
huart6                  0x2000'0a80   0x48  Data  Gb  usart.o [1]
huart7                  0x2000'09a8   0x48  Data  Gb  usart.o [1]
huart8                  0x2000'09f0   0x48  Data  Gb  usart.o [1]
isSlope                 0x2000'0bf4    0x4  Data  Gb  GaitController.o [1]
jump_forward_controller
                        0x2000'01dc   0x9c  Data  Gb  GaitController.o [1]
jump_up_controller      0x2000'0140   0x9c  Data  Gb  GaitController.o [1]
last_t                  0x2000'03b8    0x4  Data  Gb  GaitController.o [1]
main                     0x800'6721  0x244  Code  Gb  main.o [1]
retSD                   0x2000'0c00    0x1  Data  Gb  fatfs.o [1]
retUSER                 0x2000'0c01    0x1  Data  Gb  fatfs.o [1]
robot_height            0x2000'03bc    0x4  Data  Gb  GaitController.o [1]
rotate_controller       0x2000'00a0   0xa0  Data  Gb  GaitController.o [1]
round                    0x800'6699         Code  Gb  round.o [3]
roundl                   0x800'6699         Code  Gb  round.o [3]
sqrt                     0x800'6581         Code  Gb  sqrt.o [3]
sqrtl                    0x800'6581         Code  Gb  sqrt.o [3]
t                       0x2000'0bf0    0x4  Data  Gb  GaitController.o [1]
trot_controller         0x2000'0000   0xa0  Data  Gb  GaitController.o [1]
turn_controller         0x2000'0278   0xa0  Data  Gb  GaitController.o [1]
usart_motor_data        0x2000'0ac8   0x3c  Data  Gb  GaitController.o [1]
uwTick                  0x2000'0bf8    0x4  Data  Gb  stm32f4xx_hal.o [1]
uwTickFreq              0x2000'03fd    0x1  Data  Gb  stm32f4xx_hal.o [1]
uwTickPrio              0x2000'03e0    0x4  Data  Gb  stm32f4xx_hal.o [1]
walk_slope_controller   0x2000'0318   0xa0  Data  Gb  GaitController.o [1]


[1] = F:\none\Study\Other\Robot\RTS team\Robocon-FourFoot-2025\Code\Quadruped_Robot_20241025_backup\EWARM\Quadruped_Robot_20241025\Obj
[2] = dl7M_tlf.a
[3] = m7M_tls.a
[4] = rt7M_tl.a
[5] = shb_l.a

  42 126 bytes of readonly  code memory
     285 bytes of readonly  data memory
   4 097 bytes of readwrite data memory

Errors: none
Warnings: none
