###############################################################################
#
# IAR ELF Linker V8.32.1.169/W32 for ARM                  19/Feb/2025  22:12:31
# Copyright 2007-2018 IAR Systems AB.
#
#    Output file  =  
#        F:\none\Study\Other\Robot\RTS
#        team\Robocon-FourFoot-2025\Code\Quadruped_Robot_20241025_backup\EWARM\Quadruped_Robot_20241025\Exe\Quadruped_Robot_20241025.out
#    Map file     =  
#        F:\none\Study\Other\Robot\RTS
#        team\Robocon-FourFoot-2025\Code\Quadruped_Robot_20241025_backup\EWARM\Quadruped_Robot_20241025\List\Quadruped_Robot_20241025.map
#    Command line =  
#        -f C:\Users\86136\AppData\Local\Temp\EWF46A.tmp
#        ("F:\none\Study\Other\Robot\RTS
#        team\Robocon-FourFoot-2025\Code\Quadruped_Robot_20241025_backup\EWARM\Quadruped_Robot_20241025\Obj\bsp_driver_sd.o"
#        "F:\none\Study\Other\Robot\RTS
#        team\Robocon-FourFoot-2025\Code\Quadruped_Robot_20241025_backup\EWARM\Quadruped_Robot_20241025\Obj\Callback.o"
#        "F:\none\Study\Other\Robot\RTS
#        team\Robocon-FourFoot-2025\Code\Quadruped_Robot_20241025_backup\EWARM\Quadruped_Robot_20241025\Obj\can.o"
#        "F:\none\Study\Other\Robot\RTS
#        team\Robocon-FourFoot-2025\Code\Quadruped_Robot_20241025_backup\EWARM\Quadruped_Robot_20241025\Obj\cc936.o"
#        "F:\none\Study\Other\Robot\RTS
#        team\Robocon-FourFoot-2025\Code\Quadruped_Robot_20241025_backup\EWARM\Quadruped_Robot_20241025\Obj\CurvePlan.o"
#        "F:\none\Study\Other\Robot\RTS
#        team\Robocon-FourFoot-2025\Code\Quadruped_Robot_20241025_backup\EWARM\Quadruped_Robot_20241025\Obj\DeepJ60_can.o"
#        "F:\none\Study\Other\Robot\RTS
#        team\Robocon-FourFoot-2025\Code\Quadruped_Robot_20241025_backup\EWARM\Quadruped_Robot_20241025\Obj\DeepJ60_Motor.o"
#        "F:\none\Study\Other\Robot\RTS
#        team\Robocon-FourFoot-2025\Code\Quadruped_Robot_20241025_backup\EWARM\Quadruped_Robot_20241025\Obj\diskio.o"
#        "F:\none\Study\Other\Robot\RTS
#        team\Robocon-FourFoot-2025\Code\Quadruped_Robot_20241025_backup\EWARM\Quadruped_Robot_20241025\Obj\fatfs.o"
#        "F:\none\Study\Other\Robot\RTS
#        team\Robocon-FourFoot-2025\Code\Quadruped_Robot_20241025_backup\EWARM\Quadruped_Robot_20241025\Obj\ff.o"
#        "F:\none\Study\Other\Robot\RTS
#        team\Robocon-FourFoot-2025\Code\Quadruped_Robot_20241025_backup\EWARM\Quadruped_Robot_20241025\Obj\ff_gen_drv.o"
#        "F:\none\Study\Other\Robot\RTS
#        team\Robocon-FourFoot-2025\Code\Quadruped_Robot_20241025_backup\EWARM\Quadruped_Robot_20241025\Obj\GaitController.o"
#        "F:\none\Study\Other\Robot\RTS
#        team\Robocon-FourFoot-2025\Code\Quadruped_Robot_20241025_backup\EWARM\Quadruped_Robot_20241025\Obj\gpio.o"
#        "F:\none\Study\Other\Robot\RTS
#        team\Robocon-FourFoot-2025\Code\Quadruped_Robot_20241025_backup\EWARM\Quadruped_Robot_20241025\Obj\KinematicSolution.o"
#        "F:\none\Study\Other\Robot\RTS
#        team\Robocon-FourFoot-2025\Code\Quadruped_Robot_20241025_backup\EWARM\Quadruped_Robot_20241025\Obj\LogSystem.o"
#        "F:\none\Study\Other\Robot\RTS
#        team\Robocon-FourFoot-2025\Code\Quadruped_Robot_20241025_backup\EWARM\Quadruped_Robot_20241025\Obj\main.o"
#        "F:\none\Study\Other\Robot\RTS
#        team\Robocon-FourFoot-2025\Code\Quadruped_Robot_20241025_backup\EWARM\Quadruped_Robot_20241025\Obj\sd_diskio.o"
#        "F:\none\Study\Other\Robot\RTS
#        team\Robocon-FourFoot-2025\Code\Quadruped_Robot_20241025_backup\EWARM\Quadruped_Robot_20241025\Obj\sdio.o"
#        "F:\none\Study\Other\Robot\RTS
#        team\Robocon-FourFoot-2025\Code\Quadruped_Robot_20241025_backup\EWARM\Quadruped_Robot_20241025\Obj\startup_stm32f427xx.o"
#        "F:\none\Study\Other\Robot\RTS
#        team\Robocon-FourFoot-2025\Code\Quadruped_Robot_20241025_backup\EWARM\Quadruped_Robot_20241025\Obj\stm32f4xx_hal.o"
#        "F:\none\Study\Other\Robot\RTS
#        team\Robocon-FourFoot-2025\Code\Quadruped_Robot_20241025_backup\EWARM\Quadruped_Robot_20241025\Obj\stm32f4xx_hal_can.o"
#        "F:\none\Study\Other\Robot\RTS
#        team\Robocon-FourFoot-2025\Code\Quadruped_Robot_20241025_backup\EWARM\Quadruped_Robot_20241025\Obj\stm32f4xx_hal_cortex.o"
#        "F:\none\Study\Other\Robot\RTS
#        team\Robocon-FourFoot-2025\Code\Quadruped_Robot_20241025_backup\EWARM\Quadruped_Robot_20241025\Obj\stm32f4xx_hal_dma.o"
#        "F:\none\Study\Other\Robot\RTS
#        team\Robocon-FourFoot-2025\Code\Quadruped_Robot_20241025_backup\EWARM\Quadruped_Robot_20241025\Obj\stm32f4xx_hal_dma_ex.o"
#        "F:\none\Study\Other\Robot\RTS
#        team\Robocon-FourFoot-2025\Code\Quadruped_Robot_20241025_backup\EWARM\Quadruped_Robot_20241025\Obj\stm32f4xx_hal_exti.o"
#        "F:\none\Study\Other\Robot\RTS
#        team\Robocon-FourFoot-2025\Code\Quadruped_Robot_20241025_backup\EWARM\Quadruped_Robot_20241025\Obj\stm32f4xx_hal_flash.o"
#        "F:\none\Study\Other\Robot\RTS
#        team\Robocon-FourFoot-2025\Code\Quadruped_Robot_20241025_backup\EWARM\Quadruped_Robot_20241025\Obj\stm32f4xx_hal_flash_ex.o"
#        "F:\none\Study\Other\Robot\RTS
#        team\Robocon-FourFoot-2025\Code\Quadruped_Robot_20241025_backup\EWARM\Quadruped_Robot_20241025\Obj\stm32f4xx_hal_flash_ramfunc.o"
#        "F:\none\Study\Other\Robot\RTS
#        team\Robocon-FourFoot-2025\Code\Quadruped_Robot_20241025_backup\EWARM\Quadruped_Robot_20241025\Obj\stm32f4xx_hal_gpio.o"
#        "F:\none\Study\Other\Robot\RTS
#        team\Robocon-FourFoot-2025\Code\Quadruped_Robot_20241025_backup\EWARM\Quadruped_Robot_20241025\Obj\stm32f4xx_hal_msp.o"
#        "F:\none\Study\Other\Robot\RTS
#        team\Robocon-FourFoot-2025\Code\Quadruped_Robot_20241025_backup\EWARM\Quadruped_Robot_20241025\Obj\stm32f4xx_hal_pwr.o"
#        "F:\none\Study\Other\Robot\RTS
#        team\Robocon-FourFoot-2025\Code\Quadruped_Robot_20241025_backup\EWARM\Quadruped_Robot_20241025\Obj\stm32f4xx_hal_pwr_ex.o"
#        "F:\none\Study\Other\Robot\RTS
#        team\Robocon-FourFoot-2025\Code\Quadruped_Robot_20241025_backup\EWARM\Quadruped_Robot_20241025\Obj\stm32f4xx_hal_rcc.o"
#        "F:\none\Study\Other\Robot\RTS
#        team\Robocon-FourFoot-2025\Code\Quadruped_Robot_20241025_backup\EWARM\Quadruped_Robot_20241025\Obj\stm32f4xx_hal_rcc_ex.o"
#        "F:\none\Study\Other\Robot\RTS
#        team\Robocon-FourFoot-2025\Code\Quadruped_Robot_20241025_backup\EWARM\Quadruped_Robot_20241025\Obj\stm32f4xx_hal_sd.o"
#        "F:\none\Study\Other\Robot\RTS
#        team\Robocon-FourFoot-2025\Code\Quadruped_Robot_20241025_backup\EWARM\Quadruped_Robot_20241025\Obj\stm32f4xx_hal_tim.o"
#        "F:\none\Study\Other\Robot\RTS
#        team\Robocon-FourFoot-2025\Code\Quadruped_Robot_20241025_backup\EWARM\Quadruped_Robot_20241025\Obj\stm32f4xx_hal_tim_ex.o"
#        "F:\none\Study\Other\Robot\RTS
#        team\Robocon-FourFoot-2025\Code\Quadruped_Robot_20241025_backup\EWARM\Quadruped_Robot_20241025\Obj\stm32f4xx_hal_uart.o"
#        "F:\none\Study\Other\Robot\RTS
#        team\Robocon-FourFoot-2025\Code\Quadruped_Robot_20241025_backup\EWARM\Quadruped_Robot_20241025\Obj\stm32f4xx_it.o"
#        "F:\none\Study\Other\Robot\RTS
#        team\Robocon-FourFoot-2025\Code\Quadruped_Robot_20241025_backup\EWARM\Quadruped_Robot_20241025\Obj\stm32f4xx_ll_sdmmc.o"
#        "F:\none\Study\Other\Robot\RTS
#        team\Robocon-FourFoot-2025\Code\Quadruped_Robot_20241025_backup\EWARM\Quadruped_Robot_20241025\Obj\syscall.o"
#        "F:\none\Study\Other\Robot\RTS
#        team\Robocon-FourFoot-2025\Code\Quadruped_Robot_20241025_backup\EWARM\Quadruped_Robot_20241025\Obj\system_stm32f4xx.o"
#        "F:\none\Study\Other\Robot\RTS
#        team\Robocon-FourFoot-2025\Code\Quadruped_Robot_20241025_backup\EWARM\Quadruped_Robot_20241025\Obj\tim.o"
#        "F:\none\Study\Other\Robot\RTS
#        team\Robocon-FourFoot-2025\Code\Quadruped_Robot_20241025_backup\EWARM\Quadruped_Robot_20241025\Obj\usart.o"
#        "F:\none\Study\Other\Robot\RTS
#        team\Robocon-FourFoot-2025\Code\Quadruped_Robot_20241025_backup\EWARM\Quadruped_Robot_20241025\Obj\user_diskio.o"
#        --no_out_extension -o "F:\none\Study\Other\Robot\RTS
#        team\Robocon-FourFoot-2025\Code\Quadruped_Robot_20241025_backup\EWARM\Quadruped_Robot_20241025\Exe\Quadruped_Robot_20241025.out"
#        --redirect _Printf=_PrintfFullNoMb --redirect _Scanf=_ScanfFullNoMb
#        --map "F:\none\Study\Other\Robot\RTS
#        team\Robocon-FourFoot-2025\Code\Quadruped_Robot_20241025_backup\EWARM\Quadruped_Robot_20241025\List\Quadruped_Robot_20241025.map"
#        --config "F:\none\Study\Other\Robot\RTS
#        team\Robocon-FourFoot-2025\Code\Quadruped_Robot_20241025_backup\EWARM/stm32f427xx_flash.icf"
#        --semihosting --entry __iar_program_start --vfe --text_out locale)
#
###############################################################################

*******************************************************************************
*** RUNTIME MODEL ATTRIBUTES
***

CppFlavor       = *
__SystemLibrary = DLib
__dlib_version  = 6


*******************************************************************************
*** HEAP SELECTION
***

The basic heap was selected because no calls to memory allocation
functions were found in the application outside of system library
functions, and there are calls to deallocation functions in the
application.


*******************************************************************************
*** PLACEMENT SUMMARY
***

"A0":  place at 0x800'0000 { ro section .intvec };
"P1":  place in [from 0x800'0000 to 0x81f'ffff] { ro };
define block CSTACK with size = 1K, alignment = 8 { };
define block HEAP with size = 512, alignment = 8 { };
"P2":  place in [from 0x2000'0000 to 0x2002'ffff] {
          rw, block CSTACK, block HEAP };
initialize by copy { rw };

  Section            Kind         Address    Size  Object
  -------            ----         -------    ----  ------
"A0":                                       0x1ac
  .intvec            ro code   0x800'0000   0x1ac  startup_stm32f427xx.o [1]
                             - 0x800'01ac   0x1ac

"P1":                                      0x84f2
  .text              ro code   0x800'01ac  0x17e4  GaitController.o [1]
  .text              ro code   0x800'1990    0x1a  U32ToDbl.o [3]
  .text              ro code   0x800'19aa    0x3a  zero_init3.o [4]
  .text              ro code   0x800'19e4   0x1a2  DblMul.o [3]
  .text              ro code   0x800'1b88    0x68  DblToFlt.o [3]
  .text              ro code   0x800'1bf0   0xa1c  stm32f4xx_hal_uart.o [1]
  .text              ro code   0x800'260c   0x91c  DeepJ60_Motor.o [1]
  .text              ro code   0x800'2f28    0x28  stm32f4xx_hal.o [1]
  .text              ro code   0x800'2f50     0x6  ABImemclr4.o [4]
  .text              ro code   0x800'2f58    0x48  FltToDbl.o [3]
  .text              ro code   0x800'2fa0   0x246  DblDiv.o [3]
  .text              ro code   0x800'31e8   0x2c8  CurvePlan.o [1]
  .text              ro code   0x800'34b0   0x264  KinematicSolution.o [1]
  .text              ro code   0x800'3714   0x17a  DblAdd.o [3]
  .text              ro code   0x800'3890   0x2c8  usart.o [1]
  .text              ro code   0x800'3b58     0xc  stm32f4xx_hal.o [1]
  .text              ro code   0x800'3b64    0xc4  stm32f4xx_hal_dma.o [1]
  .text              ro code   0x800'3c28     0x2  stm32f4xx_hal_uart.o [1]
  .text              ro code   0x800'3c2a     0x2  stm32f4xx_hal_uart.o [1]
  .text              ro code   0x800'3c2c     0x2  stm32f4xx_hal_uart.o [1]
  .text              ro code   0x800'3c30   0x344  Callback.o [1]
  .text              ro code   0x800'3f74   0x22c  stm32f4xx_hal_rcc.o [1]
  .text              ro code   0x800'41a0   0x230  I64DivMod.o [4]
  .text              ro code   0x800'43d0   0x138  DeepJ60_can.o [1]
  .text              ro code   0x800'4508    0x32  ABImemset48.o [4]
  .text              ro code   0x800'453c    0x12  math_wrappers64.o [3]
  .text              ro code   0x800'4550   0x102  sqrt.o [3]
  .text              ro code   0x800'4654    0xe2  DblSub.o [3]
  .text              ro code   0x800'4738    0x62  round.o [3]
  .text              ro code   0x800'479c   0x2a0  main.o [1]
  .text              ro code   0x800'4a3c   0x2c2  stm32f4xx_hal_gpio.o [1]
  .text              ro code   0x800'4d00   0x15c  stm32f4xx_hal_cortex.o [1]
  .text              ro code   0x800'4e5c   0x590  stm32f4xx_hal_tim.o [1]
  .text              ro code   0x800'53ec    0x4c  stm32f4xx_hal.o [1]
  .text              ro code   0x800'5438     0x2  I64DivZer.o [4]
  .text              ro code   0x800'543c   0x7e2  stm32f4xx_hal_can.o [1]
  .text              ro code   0x800'5c20    0xc8  acos64.o [3]
  .text              ro code   0x800'5ce8    0x34  stm32f4xx_hal.o [1]
  .text              ro code   0x800'5d1c   0x114  gpio.o [1]
  .text              ro code   0x800'5e30   0x27c  can.o [1]
  .text              ro code   0x800'60ac    0xe4  sdio.o [1]
  .text              ro code   0x800'6190    0x34  fatfs.o [1]
  .text              ro code   0x800'61c4    0xc0  tim.o [1]
  .text              ro code   0x800'6284   0x3ec  stm32f4xx_hal_rcc.o [1]
  .text              ro code   0x800'6670    0x7c  stm32f4xx_hal_pwr_ex.o [1]
  .text              ro code   0x800'66ec     0x2  stm32f4xx_hal_tim.o [1]
  .text              ro code   0x800'66ee     0x2  stm32f4xx_hal_tim.o [1]
  .text              ro code   0x800'66f0     0x2  stm32f4xx_hal_tim.o [1]
  .text              ro code   0x800'66f2     0x2  stm32f4xx_hal_tim_ex.o [1]
  .text              ro code   0x800'66f4     0x2  stm32f4xx_hal_tim.o [1]
  .text              ro code   0x800'66f6     0x2  stm32f4xx_hal_tim_ex.o [1]
  .text              ro code   0x800'66f8     0x2  stm32f4xx_hal_can.o [1]
  .text              ro code   0x800'66fa     0x2  stm32f4xx_hal_can.o [1]
  .text              ro code   0x800'66fc     0x2  stm32f4xx_hal_can.o [1]
  .text              ro code   0x800'66fe     0x2  stm32f4xx_hal_can.o [1]
  .text              ro code   0x800'6700     0x2  stm32f4xx_hal_can.o [1]
  .text              ro code   0x800'6702     0x2  stm32f4xx_hal_can.o [1]
  .text              ro code   0x800'6704     0x2  stm32f4xx_hal_can.o [1]
  .text              ro code   0x800'6706     0x2  stm32f4xx_hal_can.o [1]
  .text              ro code   0x800'6708     0x2  stm32f4xx_hal_can.o [1]
  .text              ro code   0x800'670a     0x2  stm32f4xx_hal_can.o [1]
  .text              ro code   0x800'670c     0x2  stm32f4xx_hal_can.o [1]
  .text              ro code   0x800'670e     0x2  stm32f4xx_hal_can.o [1]
  .text              ro code   0x800'6710    0x2e  DblCmpLe.o [3]
  .text              ro code   0x800'6740   0x1d0  iar_Atan64.o [3]
  .text              ro code   0x800'6910    0x40  stm32f4xx_hal_msp.o [1]
  .text              ro code   0x800'6950    0x60  ff_gen_drv.o [1]
  .text              ro code   0x800'69b0    0xac  stm32f4xx_hal_tim_ex.o [1]
  .text              ro code   0x800'6a5c    0x20  DblCmpEq.o [3]
  .text              ro code   0x800'6a7c    0x2e  DblCmpGe.o [3]
  .text              ro code   0x800'6aac   0xe32  stm32f4xx_hal_sd.o [1]
  .text              ro code   0x800'78e0    0x86  ABImemcpy.o [4]
  .text              ro code   0x800'7968   0x6d8  stm32f4xx_ll_sdmmc.o [1]
  .text              ro code   0x800'8040     0x2  stm32f4xx_hal_sd.o [1]
  .text              ro code   0x800'8042    0x20  bsp_driver_sd.o [1]
  .text              ro code   0x800'8062     0x2  bsp_driver_sd.o [1]
  .text              ro code   0x800'8064     0x2  bsp_driver_sd.o [1]
  .text              ro code   0x800'8068   0x120  sd_diskio.o [1]
  .text              ro code   0x800'8188    0x1c  bsp_driver_sd.o [1]
  .text              ro code   0x800'81a4    0x20  bsp_driver_sd.o [1]
  .text              ro code   0x800'81c4    0x34  bsp_driver_sd.o [1]
  .text              ro code   0x800'81f8    0x34  bsp_driver_sd.o [1]
  .text              ro code   0x800'822c    0x14  bsp_driver_sd.o [1]
  .text              ro code   0x800'8240    0x10  bsp_driver_sd.o [1]
  .text              ro code   0x800'8250    0xa8  stm32f4xx_it.o [1]
  .text              ro code   0x800'82f8    0x18  stm32f4xx_hal.o [1]
  .rodata            const     0x800'8310    0x14  sd_diskio.o [1]
  .rodata            const     0x800'8328    0x40  iar_Atan64.o [3]
  .text              ro code   0x800'8368    0x38  user_diskio.o [1]
  .text              ro code   0x800'83a0    0x38  packbits_init_single.o [4]
  .text              ro code   0x800'83d8    0x28  data_init.o [4]
  .text              ro code   0x800'8400    0x22  fpinit_M.o [3]
  .iar.init_table    const     0x800'8424    0x20  - Linker created -
  .text              ro code   0x800'8444    0x1e  cmain.o [4]
  .text              ro code   0x800'8462     0x4  low_level_init.o [2]
  .text              ro code   0x800'8466     0x4  exit.o [2]
  .text              ro code   0x800'846c     0xa  cexit.o [4]
  .text              ro code   0x800'8478    0x14  exit.o [5]
  .rodata            const     0x800'848c    0x10  system_stm32f4xx.o [1]
  .text              ro code   0x800'849c    0x10  startup_stm32f427xx.o [1]
  .text              ro code   0x800'84ac    0x10  system_stm32f4xx.o [1]
  .text              ro code   0x800'84bc     0xc  cstartup_M.o [4]
  .rodata            const     0x800'84c8     0x8  system_stm32f4xx.o [1]
  .rodata            const     0x800'84d0     0x8  tim.o [1]
  .text              ro code   0x800'84d8     0x4  startup_stm32f427xx.o [1]
  .text              ro code   0x800'84dc     0x4  startup_stm32f427xx.o [1]
  .text              ro code   0x800'84e0     0x4  startup_stm32f427xx.o [1]
  .text              ro code   0x800'84e4     0x4  startup_stm32f427xx.o [1]
  .text              ro code   0x800'84e8     0x4  startup_stm32f427xx.o [1]
  .text              ro code   0x800'84ec     0x4  startup_stm32f427xx.o [1]
  .text              ro code   0x800'84f0     0x4  startup_stm32f427xx.o [1]
  .text              ro code   0x800'84f4     0x4  startup_stm32f427xx.o [1]
  .text              ro code   0x800'84f8     0x4  startup_stm32f427xx.o [1]
  .text              ro code   0x800'84fc     0x4  startup_stm32f427xx.o [1]
  .text              ro code   0x800'8500     0x4  startup_stm32f427xx.o [1]
  .text              ro code   0x800'8504     0x4  startup_stm32f427xx.o [1]
  .text              ro code   0x800'8508     0x4  startup_stm32f427xx.o [1]
  .text              ro code   0x800'850c     0x4  startup_stm32f427xx.o [1]
  .text              ro code   0x800'8510     0x4  startup_stm32f427xx.o [1]
  .text              ro code   0x800'8514     0x4  startup_stm32f427xx.o [1]
  .text              ro code   0x800'8518     0x4  startup_stm32f427xx.o [1]
  .text              ro code   0x800'851c     0x4  startup_stm32f427xx.o [1]
  .text              ro code   0x800'8520     0x4  startup_stm32f427xx.o [1]
  .text              ro code   0x800'8524     0x4  startup_stm32f427xx.o [1]
  .text              ro code   0x800'8528     0x4  startup_stm32f427xx.o [1]
  .text              ro code   0x800'852c     0x4  startup_stm32f427xx.o [1]
  .text              ro code   0x800'8530     0x4  startup_stm32f427xx.o [1]
  .text              ro code   0x800'8534     0x4  startup_stm32f427xx.o [1]
  .text              ro code   0x800'8538     0x4  startup_stm32f427xx.o [1]
  .text              ro code   0x800'853c     0x4  startup_stm32f427xx.o [1]
  .text              ro code   0x800'8540     0x4  startup_stm32f427xx.o [1]
  .text              ro code   0x800'8544     0x4  startup_stm32f427xx.o [1]
  .text              ro code   0x800'8548     0x4  startup_stm32f427xx.o [1]
  .text              ro code   0x800'854c     0x4  startup_stm32f427xx.o [1]
  .text              ro code   0x800'8550     0x4  startup_stm32f427xx.o [1]
  .text              ro code   0x800'8554     0x4  startup_stm32f427xx.o [1]
  .text              ro code   0x800'8558     0x4  startup_stm32f427xx.o [1]
  .text              ro code   0x800'855c     0x4  startup_stm32f427xx.o [1]
  .text              ro code   0x800'8560     0x4  startup_stm32f427xx.o [1]
  .text              ro code   0x800'8564     0x4  startup_stm32f427xx.o [1]
  .text              ro code   0x800'8568     0x4  startup_stm32f427xx.o [1]
  .text              ro code   0x800'856c     0x4  startup_stm32f427xx.o [1]
  .text              ro code   0x800'8570     0x4  startup_stm32f427xx.o [1]
  .text              ro code   0x800'8574     0x4  startup_stm32f427xx.o [1]
  .text              ro code   0x800'8578     0x4  startup_stm32f427xx.o [1]
  .text              ro code   0x800'857c     0x4  startup_stm32f427xx.o [1]
  .text              ro code   0x800'8580     0x4  startup_stm32f427xx.o [1]
  .text              ro code   0x800'8584     0x4  startup_stm32f427xx.o [1]
  .text              ro code   0x800'8588     0x4  startup_stm32f427xx.o [1]
  .text              ro code   0x800'858c     0x4  startup_stm32f427xx.o [1]
  .text              ro code   0x800'8590     0x4  startup_stm32f427xx.o [1]
  .text              ro code   0x800'8594     0x4  startup_stm32f427xx.o [1]
  .text              ro code   0x800'8598     0x4  startup_stm32f427xx.o [1]
  .text              ro code   0x800'859c     0x4  startup_stm32f427xx.o [1]
  .text              ro code   0x800'85a0     0x4  startup_stm32f427xx.o [1]
  .text              ro code   0x800'85a4     0x4  startup_stm32f427xx.o [1]
  .text              ro code   0x800'85a8     0x4  startup_stm32f427xx.o [1]
  .text              ro code   0x800'85ac     0x4  startup_stm32f427xx.o [1]
  .text              ro code   0x800'85b0     0x4  startup_stm32f427xx.o [1]
  .text              ro code   0x800'85b4     0x4  startup_stm32f427xx.o [1]
  .text              ro code   0x800'85b8     0x4  startup_stm32f427xx.o [1]
  .text              ro code   0x800'85bc     0x4  startup_stm32f427xx.o [1]
  .text              ro code   0x800'85c0     0x4  startup_stm32f427xx.o [1]
  .text              ro code   0x800'85c4     0x4  startup_stm32f427xx.o [1]
  .text              ro code   0x800'85c8     0x4  startup_stm32f427xx.o [1]
  .text              ro code   0x800'85cc     0x4  startup_stm32f427xx.o [1]
  .text              ro code   0x800'85d0     0x4  startup_stm32f427xx.o [1]
  .text              ro code   0x800'85d4     0x4  startup_stm32f427xx.o [1]
  .text              ro code   0x800'85d8     0x4  startup_stm32f427xx.o [1]
  .text              ro code   0x800'85dc     0x4  startup_stm32f427xx.o [1]
  .text              ro code   0x800'85e0     0x4  startup_stm32f427xx.o [1]
  .text              ro code   0x800'85e4     0x4  startup_stm32f427xx.o [1]
  .text              ro code   0x800'85e8     0x4  startup_stm32f427xx.o [1]
  .text              ro code   0x800'85ec     0x4  startup_stm32f427xx.o [1]
  .text              ro code   0x800'85f0     0x4  startup_stm32f427xx.o [1]
  .text              ro code   0x800'85f4     0x4  startup_stm32f427xx.o [1]
  .text              ro code   0x800'85f8     0x4  startup_stm32f427xx.o [1]
  .text              ro code   0x800'85fc     0x4  startup_stm32f427xx.o [1]
  .text              ro code   0x800'8600     0x4  startup_stm32f427xx.o [1]
  .text              ro code   0x800'8604     0x4  startup_stm32f427xx.o [1]
  .text              ro code   0x800'8608     0x4  startup_stm32f427xx.o [1]
  .rodata            const     0x800'860c     0x0  zero_init3.o [4]
  .rodata            const     0x800'860c     0x0  packbits_init_single.o [4]
  Initializer bytes  const     0x800'860c    0x92  <for P2-1>
                             - 0x800'869e  0x84f2

"P2", part 1 of 3:                          0x21f
  P2-1                        0x2000'0000   0x21f  <Init block>
    .data            inited   0x2000'0000    0xa0  GaitController.o [1]
    .data            inited   0x2000'00a0    0xa0  GaitController.o [1]
    .data            inited   0x2000'0140    0x9c  GaitController.o [1]
    .data            inited   0x2000'01dc     0x4  GaitController.o [1]
    .data            inited   0x2000'01e0    0x10  GaitController.o [1]
    .data            inited   0x2000'01f0    0x10  GaitController.o [1]
    .data            inited   0x2000'0200     0x4  stm32f4xx_hal.o [1]
    .data            inited   0x2000'0204     0x4  system_stm32f4xx.o [1]
    .data            inited   0x2000'0208    0x14  user_diskio.o [1]
    .data            inited   0x2000'021c     0x1  sd_diskio.o [1]
    .data            inited   0x2000'021d     0x1  stm32f4xx_hal.o [1]
    .data            inited   0x2000'021e     0x1  user_diskio.o [1]
                            - 0x2000'021f   0x21f

"P2", part 2 of 3:                          0x800
  .bss               zero     0x2000'0220   0x240  DeepJ60_Motor.o [1]
  .bss               zero     0x2000'0460   0x240  DeepJ60_Motor.o [1]
  .bss               zero     0x2000'06a0    0x84  sdio.o [1]
  .bss               zero     0x2000'0724    0x5c  DeepJ60_can.o [1]
  .bss               zero     0x2000'0780    0x48  tim.o [1]
  .bss               zero     0x2000'07c8    0x48  usart.o [1]
  .bss               zero     0x2000'0810    0x48  usart.o [1]
  .bss               zero     0x2000'0858    0x48  usart.o [1]
  .bss               zero     0x2000'08a0    0x48  usart.o [1]
  .bss               zero     0x2000'08e8    0x3c  GaitController.o [1]
  .bss               zero     0x2000'0924    0x28  can.o [1]
  .bss               zero     0x2000'094c    0x28  can.o [1]
  .bss               zero     0x2000'0974    0x20  GaitController.o [1]
  .bss               zero     0x2000'0994    0x20  GaitController.o [1]
  .bss               zero     0x2000'09b4    0x20  GaitController.o [1]
  .bss               zero     0x2000'09d4    0x1c  DeepJ60_can.o [1]
  .bss               zero     0x2000'09f0    0x10  ff_gen_drv.o [1]
  .bss               zero     0x2000'0a00     0x4  can.o [1]
  .bss               zero     0x2000'0a04     0x4  DeepJ60_can.o [1]
  .bss               zero     0x2000'0a08     0x4  fatfs.o [1]
  .bss               zero     0x2000'0a0c     0x4  fatfs.o [1]
  .bss               zero     0x2000'0a10     0x4  GaitController.o [1]
  .bss               zero     0x2000'0a14     0x4  stm32f4xx_hal.o [1]
  .bss               zero     0x2000'0a18     0x4  usart.o [1]
  .bss               zero     0x2000'0a1c     0x1  fatfs.o [1]
  .bss               zero     0x2000'0a1d     0x1  fatfs.o [1]
                            - 0x2000'0a1e   0x7fe

"P2", part 3 of 3:                          0x400
  CSTACK                      0x2000'0a20   0x400  <Block>
    CSTACK           uninit   0x2000'0a20   0x400  <Block tail>
                            - 0x2000'0e20   0x400

Unused ranges:

         From           To       Size
         ----           --       ----
   0x800'869e   0x81f'ffff  0x1f'7962
  0x2000'021f  0x2000'021f        0x1
  0x2000'0e20  0x2002'ffff   0x2'f1e0


*******************************************************************************
*** INIT TABLE
***

          Address      Size
          -------      ----
Zero (__iar_zero_init3)
    1 destination range, total size 0x7fe:
          0x2000'0220  0x7fe

Copy/packbits (__iar_packbits_init_single3)
    1 source range, total size 0x92 (26% of destination):
           0x800'860c   0x92
    1 destination range, total size 0x21f:
          0x2000'0000  0x21f



*******************************************************************************
*** MODULE SUMMARY
***

    Module                  ro code  ro data  rw data
    ------                  -------  -------  -------
command line/config:
    -------------------------------------------------
    Total:

F:\none\Study\Other\Robot\RTS team\Robocon-FourFoot-2025\Code\Quadruped_Robot_20241025_backup\EWARM\Quadruped_Robot_20241025\Obj: [1]
    Callback.o                  836
    CurvePlan.o                 712
    DeepJ60_Motor.o           2 332             1 152
    DeepJ60_can.o               312               124
    GaitController.o          6 116      137      672
    KinematicSolution.o         612
    bsp_driver_sd.o             236
    can.o                       636                84
    fatfs.o                      52                10
    ff_gen_drv.o                 96                16
    gpio.o                      276
    main.o                      672
    sd_diskio.o                 288       20        1
    sdio.o                      228               132
    startup_stm32f427xx.o       752
    stm32f4xx_hal.o             204        1        9
    stm32f4xx_hal_can.o       2 042
    stm32f4xx_hal_cortex.o      348
    stm32f4xx_hal_dma.o         196
    stm32f4xx_hal_gpio.o        706
    stm32f4xx_hal_msp.o          64
    stm32f4xx_hal_pwr_ex.o      124
    stm32f4xx_hal_rcc.o       1 560
    stm32f4xx_hal_sd.o        3 636
    stm32f4xx_hal_tim.o       1 432
    stm32f4xx_hal_tim_ex.o      176
    stm32f4xx_hal_uart.o      2 594
    stm32f4xx_it.o              168
    stm32f4xx_ll_sdmmc.o      1 752
    system_stm32f4xx.o           16       25        4
    tim.o                       192        8       72
    usart.o                     712               292
    user_diskio.o                56        7       21
    -------------------------------------------------
    Total:                   30 134      198    2 589

dl7M_tlf.a: [2]
    exit.o                        4
    low_level_init.o              4
    -------------------------------------------------
    Total:                        8

m7M_tls.a: [3]
    DblAdd.o                    378
    DblCmpEq.o                   32
    DblCmpGe.o                   46
    DblCmpLe.o                   46
    DblDiv.o                    582
    DblMul.o                    418
    DblSub.o                    226
    DblToFlt.o                  104
    FltToDbl.o                   72
    U32ToDbl.o                   26
    acos64.o                    200
    fpinit_M.o                   34
    iar_Atan64.o                464       64
    math_wrappers64.o            18
    round.o                      98
    sqrt.o                      258
    -------------------------------------------------
    Total:                    3 002       64

rt7M_tl.a: [4]
    ABImemclr4.o                  6
    ABImemcpy.o                 134
    ABImemset48.o                50
    I64DivMod.o                 560
    I64DivZer.o                   2
    cexit.o                      10
    cmain.o                      30
    cstartup_M.o                 12
    data_init.o                  40
    packbits_init_single.o       56
    zero_init3.o                 58
    -------------------------------------------------
    Total:                      958

shb_l.a: [5]
    exit.o                       20
    -------------------------------------------------
    Total:                       20

    Gaps                         40        6
    Linker created                        32    1 024
-----------------------------------------------------
    Grand Total:             34 162      300    3 613


*******************************************************************************
*** ENTRY LIST
***

Entry                       Address   Size  Type      Object
-----                       -------   ----  ----      ------
.iar.init_table$$Base    0x800'8424          --   Gb  - Linker created -
.iar.init_table$$Limit   0x800'8444          --   Gb  - Linker created -
?main                    0x800'8445         Code  Gb  cmain.o [4]
AHBPrescTable            0x800'848c   0x10  Data  Gb  system_stm32f4xx.o [1]
APBPrescTable            0x800'84c8    0x8  Data  Gb  system_stm32f4xx.o [1]
AnalyseJ60MotorReceiveData_new
                         0x800'2ee5   0x30  Code  Gb  DeepJ60_Motor.o [1]
BSP_SD_GetCardInfo       0x800'822d   0x14  Code  Wk  bsp_driver_sd.o [1]
BSP_SD_GetCardState      0x800'8189   0x1c  Code  Wk  bsp_driver_sd.o [1]
BSP_SD_Init              0x800'81a5   0x20  Code  Wk  bsp_driver_sd.o [1]
BSP_SD_ReadBlocks        0x800'81c5   0x34  Code  Wk  bsp_driver_sd.o [1]
BSP_SD_WriteBlocks       0x800'81f9   0x34  Code  Wk  bsp_driver_sd.o [1]
BusFault_Handler         0x800'8257    0x2  Code  Gb  stm32f4xx_it.o [1]
CAN1_FilterConfig        0x800'6015   0x38  Code  Gb  can.o [1]
CAN1_RX0_IRQHandler      0x800'8273    0xa  Code  Gb  stm32f4xx_it.o [1]
CAN1_RX1_IRQHandler      0x800'827d    0xa  Code  Gb  stm32f4xx_it.o [1]
CAN2_FilterConfig        0x800'604d   0x38  Code  Gb  can.o [1]
CAN2_RX0_IRQHandler      0x800'82a5    0xa  Code  Gb  stm32f4xx_it.o [1]
CAN2_RX1_IRQHandler      0x800'82af    0xa  Code  Gb  stm32f4xx_it.o [1]
CSTACK$$Base            0x2000'0a20          --   Gb  - Linker created -
CSTACK$$Limit           0x2000'0e20          --   Gb  - Linker created -
Can                     0x2000'0724   0x5c  Data  Gb  DeepJ60_can.o [1]
CanDataToRealData        0x800'43fb   0x2a  Code  Gb  DeepJ60_can.o [1]
CanRxInformation        0x2000'09d4   0x1c  Data  Gb  DeepJ60_can.o [1]
Can_Receive_new          0x800'44d7   0x20  Code  Gb  DeepJ60_can.o [1]
Can_Send                 0x800'4425   0xb2  Code  Gb  DeepJ60_can.o [1]
DebugMon_Handler         0x800'825d    0x2  Code  Gb  stm32f4xx_it.o [1]
EXTI1_IRQHandler         0x800'8269    0xa  Code  Gb  stm32f4xx_it.o [1]
EnableJ60Motor           0x800'28bd   0x3c  Code  Gb  DeepJ60_Motor.o [1]
Error_Handler            0x800'4a39    0x4  Code  Gb  main.o [1]
FATFS_LinkDriver         0x800'6999   0x12  Code  Gb  ff_gen_drv.o [1]
FATFS_LinkDriverEx       0x800'6951   0x48  Code  Gb  ff_gen_drv.o [1]
GetJ60MotorCanID         0x800'28a9    0xe  Code  Gb  DeepJ60_Motor.o [1]
HAL_CAN_ActivateNotification
                         0x800'59c7   0x34  Code  Gb  stm32f4xx_hal_can.o [1]
HAL_CAN_AddTxMessage     0x800'5731  0x126  Code  Gb  stm32f4xx_hal_can.o [1]
HAL_CAN_ConfigFilter     0x800'55a9  0x128  Code  Gb  stm32f4xx_hal_can.o [1]
HAL_CAN_GetRxMessage     0x800'5857  0x170  Code  Gb  stm32f4xx_hal_can.o [1]
HAL_CAN_IRQHandler       0x800'59fb  0x224  Code  Gb  stm32f4xx_hal_can.o [1]
HAL_CAN_Init             0x800'543d  0x16c  Code  Gb  stm32f4xx_hal_can.o [1]
HAL_CAN_MspInit          0x800'5ee5  0x130  Code  Gb  can.o [1]
HAL_CAN_RxFifo0MsgPendingCallback
                         0x800'3c31   0x36  Code  Gb  Callback.o [1]
HAL_CAN_Start            0x800'56d1   0x5c  Code  Gb  stm32f4xx_hal_can.o [1]
HAL_DMA_Abort            0x800'3b65   0x9c  Code  Gb  stm32f4xx_hal_dma.o [1]
HAL_DMA_Abort_IT         0x800'3c01   0x28  Code  Gb  stm32f4xx_hal_dma.o [1]
HAL_Delay                0x800'2f29   0x28  Code  Wk  stm32f4xx_hal.o [1]
HAL_GPIO_EXTI_IRQHandler
                         0x800'4c97   0x20  Code  Gb  stm32f4xx_hal_gpio.o [1]
HAL_GPIO_Init            0x800'4a3d  0x240  Code  Gb  stm32f4xx_hal_gpio.o [1]
HAL_GPIO_WritePin        0x800'4c7d   0x1a  Code  Gb  stm32f4xx_hal_gpio.o [1]
HAL_GetTick              0x800'3b59    0xc  Code  Wk  stm32f4xx_hal.o [1]
HAL_IncTick              0x800'82f9   0x18  Code  Wk  stm32f4xx_hal.o [1]
HAL_Init                 0x800'5ce9   0x30  Code  Gb  stm32f4xx_hal.o [1]
HAL_InitTick             0x800'53ed   0x4c  Code  Wk  stm32f4xx_hal.o [1]
HAL_MspInit              0x800'6911   0x40  Code  Gb  stm32f4xx_hal_msp.o [1]
HAL_NVIC_EnableIRQ       0x800'4e23    0xe  Code  Gb  stm32f4xx_hal_cortex.o [1]
HAL_NVIC_SetPriority     0x800'4df9   0x2a  Code  Gb  stm32f4xx_hal_cortex.o [1]
HAL_NVIC_SetPriorityGrouping
                         0x800'4ded    0xc  Code  Gb  stm32f4xx_hal_cortex.o [1]
HAL_PWREx_EnableOverDrive
                         0x800'6671   0x6a  Code  Gb  stm32f4xx_hal_pwr_ex.o [1]
HAL_RCC_CAN1_CLK_ENABLED
                        0x2000'0a00    0x4  Data  Lc  can.o [1]
HAL_RCC_ClockConfig      0x800'3f75  0x140  Code  Gb  stm32f4xx_hal_rcc.o [1]
HAL_RCC_GetHCLKFreq      0x800'40b5    0x6  Code  Gb  stm32f4xx_hal_rcc.o [1]
HAL_RCC_GetPCLK1Freq     0x800'40bb   0x16  Code  Gb  stm32f4xx_hal_rcc.o [1]
HAL_RCC_GetPCLK2Freq     0x800'40d1   0x16  Code  Gb  stm32f4xx_hal_rcc.o [1]
HAL_RCC_OscConfig        0x800'6285  0x3ec  Code  Wk  stm32f4xx_hal_rcc.o [1]
HAL_SD_AbortCallback     0x800'8043    0xa  Code  Gb  bsp_driver_sd.o [1]
HAL_SD_GetCardCSD        0x800'7341  0x1f4  Code  Gb  stm32f4xx_hal_sd.o [1]
HAL_SD_GetCardInfo       0x800'7535   0x26  Code  Gb  stm32f4xx_hal_sd.o [1]
HAL_SD_GetCardState      0x800'755b   0x24  Code  Gb  stm32f4xx_hal_sd.o [1]
HAL_SD_IRQHandler        0x800'716d  0x1d4  Code  Gb  stm32f4xx_hal_sd.o [1]
HAL_SD_Init              0x800'6aad   0x44  Code  Gb  stm32f4xx_hal_sd.o [1]
HAL_SD_InitCard          0x800'6af1   0xbe  Code  Gb  stm32f4xx_hal_sd.o [1]
HAL_SD_MspInit           0x800'60cd   0xaa  Code  Gb  sdio.o [1]
HAL_SD_ReadBlocks        0x800'6baf  0x310  Code  Gb  stm32f4xx_hal_sd.o [1]
HAL_SD_RxCpltCallback    0x800'8057    0xa  Code  Gb  bsp_driver_sd.o [1]
HAL_SD_TxCpltCallback    0x800'804d    0xa  Code  Gb  bsp_driver_sd.o [1]
HAL_SD_WriteBlocks       0x800'6ebf  0x2a4  Code  Gb  stm32f4xx_hal_sd.o [1]
HAL_SYSTICK_Config       0x800'4e31    0xc  Code  Gb  stm32f4xx_hal_cortex.o [1]
HAL_TIMEx_BreakCallback
                         0x800'66f3    0x2  Code  Wk  stm32f4xx_hal_tim_ex.o [1]
HAL_TIMEx_CommutCallback
                         0x800'66f7    0x2  Code  Wk  stm32f4xx_hal_tim_ex.o [1]
HAL_TIMEx_MasterConfigSynchronization
                         0x800'69b1   0x8e  Code  Gb  stm32f4xx_hal_tim_ex.o [1]
HAL_TIM_Base_Start_IT    0x800'4e5d   0x9a  Code  Gb  stm32f4xx_hal_tim.o [1]
HAL_TIM_Base_Stop_IT     0x800'4ef7   0x3c  Code  Gb  stm32f4xx_hal_tim.o [1]
HAL_TIM_IRQHandler       0x800'4fbd  0x13e  Code  Gb  stm32f4xx_hal_tim.o [1]
HAL_TIM_OC_ConfigChannel
                         0x800'50fb   0x68  Code  Gb  stm32f4xx_hal_tim.o [1]
HAL_TIM_OC_Init          0x800'4f33   0x6e  Code  Gb  stm32f4xx_hal_tim.o [1]
HAL_TIM_OC_MspInit       0x800'6243   0x36  Code  Gb  tim.o [1]
HAL_TIM_PeriodElapsedCallback
                         0x800'3de9  0x13e  Code  Gb  Callback.o [1]
HAL_UART_IRQHandler      0x800'1d6d  0x2d4  Code  Gb  stm32f4xx_hal_uart.o [1]
HAL_UART_Init            0x800'1bf1   0x7a  Code  Gb  stm32f4xx_hal_uart.o [1]
HAL_UART_MspInit         0x800'396d  0x1ac  Code  Gb  usart.o [1]
HAL_UART_Receive_IT      0x800'1d37   0x36  Code  Gb  stm32f4xx_hal_uart.o [1]
HAL_UART_RxCpltCallback
                         0x800'3c67  0x180  Code  Gb  Callback.o [1]
HAL_UART_Transmit        0x800'1c6b   0xcc  Code  Gb  stm32f4xx_hal_uart.o [1]
HardFault_Handler        0x800'8253    0x2  Code  Gb  stm32f4xx_it.o [1]
IK_leg                   0x800'34b1  0x246  Code  Gb  KinematicSolution.o [1]
J60MotorConfigToSendCanData
                         0x800'27c5   0x28  Code  Gb  DeepJ60_Motor.o [1]
J60MotorDataToSendCanData
                         0x800'2875   0x34  Code  Gb  DeepJ60_Motor.o [1]
J60MotorMotionDataToSendCanData
                         0x800'2705   0xae  Code  Gb  DeepJ60_Motor.o [1]
J60Motor_CAN1           0x2000'0220  0x240  Data  Gb  DeepJ60_Motor.o [1]
J60Motor_CAN2           0x2000'0460  0x240  Data  Gb  DeepJ60_Motor.o [1]
J60Motor_StandUpData_CAN1
                        0x2000'01e0   0x10  Data  Gb  GaitController.o [1]
J60Motor_StandUpData_CAN2
                        0x2000'01f0   0x10  Data  Gb  GaitController.o [1]
JumpUp_FSM               0x800'14c5  0x498  Code  Gb  GaitController.o [1]
MX_CAN1_Init             0x800'5e31   0x5a  Code  Gb  can.o [1]
MX_CAN2_Init             0x800'5e8b   0x5a  Code  Gb  can.o [1]
MX_FATFS_Init            0x800'6191   0x1c  Code  Gb  fatfs.o [1]
MX_GPIO_Init             0x800'5d1d  0x114  Code  Gb  gpio.o [1]
MX_SDIO_SD_Init          0x800'60ad   0x20  Code  Gb  sdio.o [1]
MX_TIM2_Init             0x800'61c5   0x7e  Code  Gb  tim.o [1]
MX_UART7_Init            0x800'3891   0x34  Code  Gb  usart.o [1]
MX_UART8_Init            0x800'38c5   0x40  Code  Gb  usart.o [1]
MX_USART3_UART_Init      0x800'3905   0x34  Code  Gb  usart.o [1]
MX_USART6_UART_Init      0x800'3939   0x34  Code  Gb  usart.o [1]
MemManage_Handler        0x800'8255    0x2  Code  Gb  stm32f4xx_it.o [1]
NMI_Handler              0x800'8251    0x2  Code  Gb  stm32f4xx_it.o [1]
NVIC_EncodePriority      0x800'4d7d   0x40  Code  Lc  stm32f4xx_hal_cortex.o [1]
PendSV_Handler           0x800'825f    0x2  Code  Gb  stm32f4xx_it.o [1]
RealDataToCanData        0x800'43d1   0x2a  Code  Gb  DeepJ60_can.o [1]
ReceiveCanDataToJ60MotorConfig
                         0x800'27ed   0x28  Code  Gb  DeepJ60_Motor.o [1]
ReceiveCanDataToJ60MotorData_new
                         0x800'2e8d   0x58  Code  Gb  DeepJ60_Motor.o [1]
ReceiveCanDataToJ60MotorMotionData_new
                         0x800'2d89   0xfe  Code  Gb  DeepJ60_Motor.o [1]
ReceiveCommandStatusToJ60MotorCommandStatus
                         0x800'2815    0x6  Code  Gb  DeepJ60_Motor.o [1]
ReceiveStatusWordToJ60MotorStatusWord
                         0x800'281b   0x5a  Code  Gb  DeepJ60_Motor.o [1]
Region$$Table$$Base      0x800'8424          --   Gb  - Linker created -
Region$$Table$$Limit     0x800'8444          --   Gb  - Linker created -
Rotate_FSM               0x800'0f59  0x47e  Code  Gb  GaitController.o [1]
RunJ60Motor              0x800'2c4d  0x13a  Code  Gb  DeepJ60_Motor.o [1]
RunJ60MotorKdMode        0x800'2a3d   0x62  Code  Gb  DeepJ60_Motor.o [1]
RunJ60MotorPositionMode
                         0x800'2905   0x6a  Code  Gb  DeepJ60_Motor.o [1]
RunJ60MotorPositionTorqueMode
                         0x800'2af9   0x6e  Code  Gb  DeepJ60_Motor.o [1]
RunJ60MotorPositonVelocityTorqueMode
                         0x800'2bd9   0x72  Code  Gb  DeepJ60_Motor.o [1]
RunJ60MotorTorqueMode    0x800'29d9   0x62  Code  Gb  DeepJ60_Motor.o [1]
RunJ60MotorVelocityMode
                         0x800'2971   0x66  Code  Gb  DeepJ60_Motor.o [1]
RunJ60MotorVelocityTorqueMode
                         0x800'2b69   0x6a  Code  Gb  DeepJ60_Motor.o [1]
RunJ60MotorZeroTorqueMode
                         0x800'2aa1   0x56  Code  Gb  DeepJ60_Motor.o [1]
SDIO_ConfigData          0x800'79f9   0x2e  Code  Gb  stm32f4xx_ll_sdmmc.o [1]
SDIO_GetCommandResponse
                         0x800'79e7    0x6  Code  Gb  stm32f4xx_ll_sdmmc.o [1]
SDIO_GetPowerState       0x800'79b5    0x8  Code  Gb  stm32f4xx_ll_sdmmc.o [1]
SDIO_GetResponse         0x800'79ed    0xc  Code  Gb  stm32f4xx_ll_sdmmc.o [1]
SDIO_IRQHandler          0x800'829b    0xa  Code  Gb  stm32f4xx_it.o [1]
SDIO_Init                0x800'7969   0x30  Code  Gb  stm32f4xx_ll_sdmmc.o [1]
SDIO_PowerState_ON       0x800'79ab    0xa  Code  Gb  stm32f4xx_ll_sdmmc.o [1]
SDIO_ReadFIFO            0x800'7999    0x6  Code  Gb  stm32f4xx_ll_sdmmc.o [1]
SDIO_SendCommand         0x800'79bd   0x2a  Code  Gb  stm32f4xx_ll_sdmmc.o [1]
SDIO_WriteFIFO           0x800'799f    0xc  Code  Gb  stm32f4xx_ll_sdmmc.o [1]
SDMMC_CmdAppCommand      0x800'7bf3   0x34  Code  Gb  stm32f4xx_ll_sdmmc.o [1]
SDMMC_CmdAppOperCommand
                         0x800'7c27   0x34  Code  Gb  stm32f4xx_ll_sdmmc.o [1]
SDMMC_CmdBlockLength     0x800'7a27   0x34  Code  Gb  stm32f4xx_ll_sdmmc.o [1]
SDMMC_CmdGoIdleState     0x800'7b95   0x2e  Code  Gb  stm32f4xx_ll_sdmmc.o [1]
SDMMC_CmdOperCond        0x800'7bc3   0x30  Code  Gb  stm32f4xx_ll_sdmmc.o [1]
SDMMC_CmdReadMultiBlock
                         0x800'7a8f   0x34  Code  Gb  stm32f4xx_ll_sdmmc.o [1]
SDMMC_CmdReadSingleBlock
                         0x800'7a5b   0x34  Code  Gb  stm32f4xx_ll_sdmmc.o [1]
SDMMC_CmdSelDesel        0x800'7b5f   0x36  Code  Gb  stm32f4xx_ll_sdmmc.o [1]
SDMMC_CmdSendCID         0x800'7c5b   0x2e  Code  Gb  stm32f4xx_ll_sdmmc.o [1]
SDMMC_CmdSendCSD         0x800'7c89   0x2e  Code  Gb  stm32f4xx_ll_sdmmc.o [1]
SDMMC_CmdSendStatus      0x800'7ceb   0x34  Code  Gb  stm32f4xx_ll_sdmmc.o [1]
SDMMC_CmdSetRelAdd       0x800'7cb7   0x34  Code  Gb  stm32f4xx_ll_sdmmc.o [1]
SDMMC_CmdStopTransfer    0x800'7b2b   0x34  Code  Gb  stm32f4xx_ll_sdmmc.o [1]
SDMMC_CmdWriteMultiBlock
                         0x800'7af7   0x34  Code  Gb  stm32f4xx_ll_sdmmc.o [1]
SDMMC_CmdWriteSingleBlock
                         0x800'7ac3   0x34  Code  Gb  stm32f4xx_ll_sdmmc.o [1]
SDMMC_GetCmdError        0x800'7ff9   0x32  Code  Lc  stm32f4xx_ll_sdmmc.o [1]
SDMMC_GetCmdResp1        0x800'7d1f  0x13a  Code  Gb  stm32f4xx_ll_sdmmc.o [1]
SDMMC_GetCmdResp2        0x800'7e59   0x56  Code  Gb  stm32f4xx_ll_sdmmc.o [1]
SDMMC_GetCmdResp3        0x800'7eaf   0x48  Code  Gb  stm32f4xx_ll_sdmmc.o [1]
SDMMC_GetCmdResp6        0x800'7ef7   0xa6  Code  Gb  stm32f4xx_ll_sdmmc.o [1]
SDMMC_GetCmdResp7        0x800'7f9d   0x5c  Code  Gb  stm32f4xx_ll_sdmmc.o [1]
SDPath                  0x2000'0a08    0x4  Data  Gb  fatfs.o [1]
SD_CheckStatus           0x800'8069   0x1e  Code  Lc  sd_diskio.o [1]
SD_DMARxAbort            0x800'75cd   0x4a  Code  Lc  stm32f4xx_hal_sd.o [1]
SD_DMATxAbort            0x800'7581   0x4a  Code  Lc  stm32f4xx_hal_sd.o [1]
SD_Driver                0x800'8310   0x14  Data  Gb  sd_diskio.o [1]
SD_InitCard              0x800'7617  0x10a  Code  Lc  stm32f4xx_hal_sd.o [1]
SD_PowerON               0x800'7721   0xcc  Code  Lc  stm32f4xx_hal_sd.o [1]
SD_Read_IT               0x800'782f   0x58  Code  Lc  stm32f4xx_hal_sd.o [1]
SD_SendStatus            0x800'77fd   0x32  Code  Lc  stm32f4xx_hal_sd.o [1]
SD_Write_IT              0x800'7887   0x58  Code  Lc  stm32f4xx_hal_sd.o [1]
SD_initialize            0x800'8087   0x20  Code  Gb  sd_diskio.o [1]
SD_ioctl                 0x800'8121   0x64  Code  Gb  sd_diskio.o [1]
SD_read                  0x800'80b5   0x36  Code  Gb  sd_diskio.o [1]
SD_status                0x800'80a7    0xe  Code  Gb  sd_diskio.o [1]
SD_write                 0x800'80eb   0x36  Code  Gb  sd_diskio.o [1]
SVC_Handler              0x800'825b    0x2  Code  Gb  stm32f4xx_it.o [1]
SetJumpUpBezierControlPoints
                         0x800'13fd   0xc6  Code  Gb  GaitController.o [1]
SetMotionCommand         0x800'26af   0x4e  Code  Gb  DeepJ60_Motor.o [1]
SetMotionParameters      0x800'260d   0xa2  Code  Gb  DeepJ60_Motor.o [1]
SetMotor                 0x800'01ad  0x20a  Code  Gb  GaitController.o [1]
SetNormalCommand         0x800'26fd    0x8  Code  Gb  DeepJ60_Motor.o [1]
SetRotateBezierControlPoints
                         0x800'0c75  0x2c2  Code  Gb  GaitController.o [1]
SetThreeOrderBezierControlPoints
                         0x800'31e9   0x22  Code  Gb  CurvePlan.o [1]
SetThreeOrderBezierPeriod
                         0x800'320b    0x6  Code  Gb  CurvePlan.o [1]
SetTrotBezierControlPoints
                         0x800'04ad  0x306  Code  Gb  GaitController.o [1]
Stand                    0x800'03b9   0xec  Code  Gb  GaitController.o [1]
Stat                    0x2000'021c    0x1  Data  Lc  sd_diskio.o [1]
Stat                    0x2000'021e    0x1  Data  Lc  user_diskio.o [1]
SysTick_Config           0x800'4dbd   0x30  Code  Lc  stm32f4xx_hal_cortex.o [1]
SysTick_Handler          0x800'8261    0x8  Code  Gb  stm32f4xx_it.o [1]
SystemClock_Config       0x800'4957   0xae  Code  Gb  main.o [1]
SystemCoreClock         0x2000'0204    0x4  Data  Gb  system_stm32f4xx.o [1]
SystemInit               0x800'84ad    0xc  Code  Gb  system_stm32f4xx.o [1]
TIM2_IRQHandler          0x800'8287    0xa  Code  Gb  stm32f4xx_it.o [1]
TIM_Base_SetConfig       0x800'5163   0xd2  Code  Gb  stm32f4xx_hal_tim.o [1]
TIM_OC1_SetConfig        0x800'5235   0x64  Code  Lc  stm32f4xx_hal_tim.o [1]
TIM_OC2_SetConfig        0x800'5299   0x6e  Code  Gb  stm32f4xx_hal_tim.o [1]
TIM_OC3_SetConfig        0x800'5309   0x6c  Code  Lc  stm32f4xx_hal_tim.o [1]
TIM_OC4_SetConfig        0x800'5375   0x4c  Code  Lc  stm32f4xx_hal_tim.o [1]
ThreeOrderBezierPlan     0x800'3211  0x298  Code  Gb  CurvePlan.o [1]
Torque                  0x2000'09b4   0x20  Data  Gb  GaitController.o [1]
Trot_FSM                 0x800'07bd  0x4a0  Code  Gb  GaitController.o [1]
TxMailBox               0x2000'0a04    0x4  Data  Gb  DeepJ60_can.o [1]
UART7_IRQHandler         0x800'82c3    0xa  Code  Gb  stm32f4xx_it.o [1]
UART8_IRQHandler         0x800'82cd    0xa  Code  Gb  stm32f4xx_it.o [1]
UART_DMAAbortOnError     0x800'2171   0x16  Code  Lc  stm32f4xx_hal_uart.o [1]
UART_EndRxTransfer       0x800'2109   0x66  Code  Lc  stm32f4xx_hal_uart.o [1]
UART_EndTransmit_IT      0x800'21ef   0x20  Code  Lc  stm32f4xx_hal_uart.o [1]
UART_Receive_IT          0x800'220f   0xf6  Code  Lc  stm32f4xx_hal_uart.o [1]
UART_SetConfig           0x800'2305  0x2fc  Code  Lc  stm32f4xx_hal_uart.o [1]
UART_Start_Receive_IT    0x800'20c5   0x44  Code  Gb  stm32f4xx_hal_uart.o [1]
UART_Transmit_IT         0x800'2189   0x66  Code  Lc  stm32f4xx_hal_uart.o [1]
UART_WaitOnFlagUntilTimeout
                         0x800'2041   0x84  Code  Lc  stm32f4xx_hal_uart.o [1]
USART3_IRQHandler        0x800'8291    0xa  Code  Gb  stm32f4xx_it.o [1]
USART6_IRQHandler        0x800'82b9    0xa  Code  Gb  stm32f4xx_it.o [1]
USERPath                0x2000'0a0c    0x4  Data  Gb  fatfs.o [1]
USER_Driver             0x2000'0208   0x14  Data  Gb  user_diskio.o [1]
USER_initialize          0x800'8369    0xc  Code  Gb  user_diskio.o [1]
USER_ioctl               0x800'8399    0x8  Code  Gb  user_diskio.o [1]
USER_read                0x800'8385    0xa  Code  Gb  user_diskio.o [1]
USER_status              0x800'8375    0xc  Code  Gb  user_diskio.o [1]
USER_write               0x800'838f    0xa  Code  Gb  user_diskio.o [1]
UsageFault_Handler       0x800'8259    0x2  Code  Gb  stm32f4xx_it.o [1]
Velocity                0x2000'0994   0x20  Data  Gb  GaitController.o [1]
__NVIC_EnableIRQ         0x800'4d31   0x20  Code  Lc  stm32f4xx_hal_cortex.o [1]
__NVIC_GetPriorityGrouping
                         0x800'4d23    0xc  Code  Lc  stm32f4xx_hal_cortex.o [1]
__NVIC_SetPriority       0x800'4d51   0x2c  Code  Lc  stm32f4xx_hal_cortex.o [1]
__NVIC_SetPriorityGrouping
                         0x800'4d01   0x22  Code  Lc  stm32f4xx_hal_cortex.o [1]
__aeabi_cdcmpeq          0x800'6a5d         Code  Gb  DblCmpEq.o [3]
__aeabi_cdcmple          0x800'6711         Code  Gb  DblCmpLe.o [3]
__aeabi_cdrcmple         0x800'6a7d         Code  Gb  DblCmpGe.o [3]
__aeabi_d2f              0x800'1b89         Code  Gb  DblToFlt.o [3]
__aeabi_dadd             0x800'3715         Code  Gb  DblAdd.o [3]
__aeabi_ddiv             0x800'2fa1         Code  Gb  DblDiv.o [3]
__aeabi_dmul             0x800'19e5         Code  Gb  DblMul.o [3]
__aeabi_dsub             0x800'4655         Code  Gb  DblSub.o [3]
__aeabi_f2d              0x800'2f59         Code  Gb  FltToDbl.o [3]
__aeabi_ldiv0            0x800'5439         Code  Gb  I64DivZer.o [4]
__aeabi_memclr4          0x800'2f51         Code  Gb  ABImemclr4.o [4]
__aeabi_memcpy4          0x800'78e1         Code  Gb  ABImemcpy.o [4]
__aeabi_memcpy8          0x800'78e1         Code  Gb  ABImemcpy.o [4]
__aeabi_ui2d             0x800'1991         Code  Gb  U32ToDbl.o [3]
__aeabi_uldivmod         0x800'41a1         Code  Gb  I64DivMod.o [4]
__cmain                  0x800'8445         Code  Gb  cmain.o [4]
__exit                   0x800'8479   0x14  Code  Gb  exit.o [5]
__iar_Atan64             0x800'6741  0x1d0  Code  Gb  iar_Atan64.o [3]
__iar_Memset4_word       0x800'4509         Code  Gb  ABImemset48.o [4]
__iar_Memset8_word       0x800'4509         Code  Gb  ABImemset48.o [4]
__iar_acos64             0x800'5c21   0xc8  Code  Gb  acos64.o [3]
__iar_dadd               0x800'4665         Code  Gb  DblSub.o [3]
__iar_data_init3         0x800'83d9   0x28  Code  Gb  data_init.o [4]
__iar_dsub               0x800'3725         Code  Gb  DblAdd.o [3]
__iar_dsubStart          0x800'3737         Code  Gb  DblAdd.o [3]
__iar_init_vfp           0x800'8401         Code  Gb  fpinit_M.o [3]
__iar_packbits_init_single3
                         0x800'83a1   0x38  Code  Gb  packbits_init_single.o [4]
__iar_program_start      0x800'84bd         Code  Gb  cstartup_M.o [4]
__iar_round64            0x800'4749         Code  Gb  round.o [3]
__iar_sqrt64             0x800'4561         Code  Gb  sqrt.o [3]
__iar_vfp___iar_round64
                         0x800'4739         Code  Gb  round.o [3]
__iar_vfp___iar_sqrt64   0x800'4551         Code  Gb  sqrt.o [3]
__iar_vfp_acos           0x800'4543    0xc  Code  Gb  math_wrappers64.o [3]
__iar_vfp_round          0x800'4739         Code  Gb  round.o [3]
__iar_vfp_roundl         0x800'4739         Code  Gb  round.o [3]
__iar_vfp_sqrt           0x800'4551         Code  Gb  sqrt.o [3]
__iar_vfp_sqrtl          0x800'4551         Code  Gb  sqrt.o [3]
__iar_zero_init3         0x800'19ab   0x3a  Code  Gb  zero_init3.o [4]
__low_level_init         0x800'8463    0x4  Code  Gb  low_level_init.o [2]
__vector_table           0x800'0000         Data  Gb  startup_stm32f427xx.o [1]
_call_main               0x800'8451         Code  Gb  cmain.o [4]
_exit                    0x800'846d         Code  Gb  cexit.o [4]
_main                    0x800'845f         Code  Gb  cmain.o [4]
a                        0x800'8328   0x40  Data  Lc  iar_Atan64.o [3]
acos                     0x800'5c21   0xc8  Code  Gb  acos64.o [3]
acosl                    0x800'5c21   0xc8  Code  Gb  acos64.o [3]
angle                   0x2000'0974   0x20  Data  Gb  GaitController.o [1]
controller_signal       0x2000'0a18    0x4  Data  Gb  usart.o [1]
disk                    0x2000'09f0   0x10  Data  Gb  ff_gen_drv.o [1]
exit                     0x800'8467    0x4  Code  Gb  exit.o [2]
hcan1                   0x2000'0924   0x28  Data  Gb  can.o [1]
hcan2                   0x2000'094c   0x28  Data  Gb  can.o [1]
hsd                     0x2000'06a0   0x84  Data  Gb  sdio.o [1]
htim2                   0x2000'0780   0x48  Data  Gb  tim.o [1]
huart3                  0x2000'0858   0x48  Data  Gb  usart.o [1]
huart6                  0x2000'08a0   0x48  Data  Gb  usart.o [1]
huart7                  0x2000'07c8   0x48  Data  Gb  usart.o [1]
huart8                  0x2000'0810   0x48  Data  Gb  usart.o [1]
jump_up_controller      0x2000'0140   0x9c  Data  Gb  GaitController.o [1]
last_t                  0x2000'01dc    0x4  Data  Gb  GaitController.o [1]
main                     0x800'479d  0x1ba  Code  Gb  main.o [1]
retSD                   0x2000'0a1c    0x1  Data  Gb  fatfs.o [1]
retUSER                 0x2000'0a1d    0x1  Data  Gb  fatfs.o [1]
rotate_controller       0x2000'00a0   0xa0  Data  Gb  GaitController.o [1]
round                    0x800'4749         Code  Gb  round.o [3]
roundl                   0x800'4749         Code  Gb  round.o [3]
sqrt                     0x800'4561         Code  Gb  sqrt.o [3]
sqrtl                    0x800'4561         Code  Gb  sqrt.o [3]
t                       0x2000'0a10    0x4  Data  Gb  GaitController.o [1]
trot_controller         0x2000'0000   0xa0  Data  Gb  GaitController.o [1]
usart_motor_data        0x2000'08e8   0x3c  Data  Gb  GaitController.o [1]
uwTick                  0x2000'0a14    0x4  Data  Gb  stm32f4xx_hal.o [1]
uwTickFreq              0x2000'021d    0x1  Data  Gb  stm32f4xx_hal.o [1]
uwTickPrio              0x2000'0200    0x4  Data  Gb  stm32f4xx_hal.o [1]


[1] = F:\none\Study\Other\Robot\RTS team\Robocon-FourFoot-2025\Code\Quadruped_Robot_20241025_backup\EWARM\Quadruped_Robot_20241025\Obj
[2] = dl7M_tlf.a
[3] = m7M_tls.a
[4] = rt7M_tl.a
[5] = shb_l.a

  34 162 bytes of readonly  code memory
     300 bytes of readonly  data memory
   3 613 bytes of readwrite data memory

Errors: none
Warnings: none
