###############################################################################
#
# IAR ELF Linker V8.32.1.169/W32 for ARM                  13/Jan/2025  20:56:32
# Copyright 2007-2018 IAR Systems AB.
#
#    Output file  =  
#        F:\none\Study\Other\Robot\RTS
#        team\Robocon-FourFoot-2025\Code\Quadruped_Robot_20241025_backup\EWARM\Quadruped_Robot_20241025\Exe\Quadruped_Robot_20241025.out
#    Map file     =  
#        F:\none\Study\Other\Robot\RTS
#        team\Robocon-FourFoot-2025\Code\Quadruped_Robot_20241025_backup\EWARM\Quadruped_Robot_20241025\List\Quadruped_Robot_20241025.map
#    Command line =  
#        -f C:\Users\86136\AppData\Local\Temp\EW5BA0.tmp
#        ("F:\none\Study\Other\Robot\RTS
#        team\Robocon-FourFoot-2025\Code\Quadruped_Robot_20241025_backup\EWARM\Quadruped_Robot_20241025\Obj\bsp_driver_sd.o"
#        "F:\none\Study\Other\Robot\RTS
#        team\Robocon-FourFoot-2025\Code\Quadruped_Robot_20241025_backup\EWARM\Quadruped_Robot_20241025\Obj\Callback.o"
#        "F:\none\Study\Other\Robot\RTS
#        team\Robocon-FourFoot-2025\Code\Quadruped_Robot_20241025_backup\EWARM\Quadruped_Robot_20241025\Obj\can.o"
#        "F:\none\Study\Other\Robot\RTS
#        team\Robocon-FourFoot-2025\Code\Quadruped_Robot_20241025_backup\EWARM\Quadruped_Robot_20241025\Obj\cc936.o"
#        "F:\none\Study\Other\Robot\RTS
#        team\Robocon-FourFoot-2025\Code\Quadruped_Robot_20241025_backup\EWARM\Quadruped_Robot_20241025\Obj\CurvePlan.o"
#        "F:\none\Study\Other\Robot\RTS
#        team\Robocon-FourFoot-2025\Code\Quadruped_Robot_20241025_backup\EWARM\Quadruped_Robot_20241025\Obj\DeepJ60_can.o"
#        "F:\none\Study\Other\Robot\RTS
#        team\Robocon-FourFoot-2025\Code\Quadruped_Robot_20241025_backup\EWARM\Quadruped_Robot_20241025\Obj\DeepJ60_Motor.o"
#        "F:\none\Study\Other\Robot\RTS
#        team\Robocon-FourFoot-2025\Code\Quadruped_Robot_20241025_backup\EWARM\Quadruped_Robot_20241025\Obj\diskio.o"
#        "F:\none\Study\Other\Robot\RTS
#        team\Robocon-FourFoot-2025\Code\Quadruped_Robot_20241025_backup\EWARM\Quadruped_Robot_20241025\Obj\fatfs.o"
#        "F:\none\Study\Other\Robot\RTS
#        team\Robocon-FourFoot-2025\Code\Quadruped_Robot_20241025_backup\EWARM\Quadruped_Robot_20241025\Obj\ff.o"
#        "F:\none\Study\Other\Robot\RTS
#        team\Robocon-FourFoot-2025\Code\Quadruped_Robot_20241025_backup\EWARM\Quadruped_Robot_20241025\Obj\ff_gen_drv.o"
#        "F:\none\Study\Other\Robot\RTS
#        team\Robocon-FourFoot-2025\Code\Quadruped_Robot_20241025_backup\EWARM\Quadruped_Robot_20241025\Obj\GaitController.o"
#        "F:\none\Study\Other\Robot\RTS
#        team\Robocon-FourFoot-2025\Code\Quadruped_Robot_20241025_backup\EWARM\Quadruped_Robot_20241025\Obj\gpio.o"
#        "F:\none\Study\Other\Robot\RTS
#        team\Robocon-FourFoot-2025\Code\Quadruped_Robot_20241025_backup\EWARM\Quadruped_Robot_20241025\Obj\leg_control.o"
#        "F:\none\Study\Other\Robot\RTS
#        team\Robocon-FourFoot-2025\Code\Quadruped_Robot_20241025_backup\EWARM\Quadruped_Robot_20241025\Obj\LogSystem.o"
#        "F:\none\Study\Other\Robot\RTS
#        team\Robocon-FourFoot-2025\Code\Quadruped_Robot_20241025_backup\EWARM\Quadruped_Robot_20241025\Obj\main.o"
#        "F:\none\Study\Other\Robot\RTS
#        team\Robocon-FourFoot-2025\Code\Quadruped_Robot_20241025_backup\EWARM\Quadruped_Robot_20241025\Obj\sd_diskio.o"
#        "F:\none\Study\Other\Robot\RTS
#        team\Robocon-FourFoot-2025\Code\Quadruped_Robot_20241025_backup\EWARM\Quadruped_Robot_20241025\Obj\sdio.o"
#        "F:\none\Study\Other\Robot\RTS
#        team\Robocon-FourFoot-2025\Code\Quadruped_Robot_20241025_backup\EWARM\Quadruped_Robot_20241025\Obj\startup_stm32f427xx.o"
#        "F:\none\Study\Other\Robot\RTS
#        team\Robocon-FourFoot-2025\Code\Quadruped_Robot_20241025_backup\EWARM\Quadruped_Robot_20241025\Obj\stm32f4xx_hal.o"
#        "F:\none\Study\Other\Robot\RTS
#        team\Robocon-FourFoot-2025\Code\Quadruped_Robot_20241025_backup\EWARM\Quadruped_Robot_20241025\Obj\stm32f4xx_hal_can.o"
#        "F:\none\Study\Other\Robot\RTS
#        team\Robocon-FourFoot-2025\Code\Quadruped_Robot_20241025_backup\EWARM\Quadruped_Robot_20241025\Obj\stm32f4xx_hal_cortex.o"
#        "F:\none\Study\Other\Robot\RTS
#        team\Robocon-FourFoot-2025\Code\Quadruped_Robot_20241025_backup\EWARM\Quadruped_Robot_20241025\Obj\stm32f4xx_hal_dma.o"
#        "F:\none\Study\Other\Robot\RTS
#        team\Robocon-FourFoot-2025\Code\Quadruped_Robot_20241025_backup\EWARM\Quadruped_Robot_20241025\Obj\stm32f4xx_hal_dma_ex.o"
#        "F:\none\Study\Other\Robot\RTS
#        team\Robocon-FourFoot-2025\Code\Quadruped_Robot_20241025_backup\EWARM\Quadruped_Robot_20241025\Obj\stm32f4xx_hal_exti.o"
#        "F:\none\Study\Other\Robot\RTS
#        team\Robocon-FourFoot-2025\Code\Quadruped_Robot_20241025_backup\EWARM\Quadruped_Robot_20241025\Obj\stm32f4xx_hal_flash.o"
#        "F:\none\Study\Other\Robot\RTS
#        team\Robocon-FourFoot-2025\Code\Quadruped_Robot_20241025_backup\EWARM\Quadruped_Robot_20241025\Obj\stm32f4xx_hal_flash_ex.o"
#        "F:\none\Study\Other\Robot\RTS
#        team\Robocon-FourFoot-2025\Code\Quadruped_Robot_20241025_backup\EWARM\Quadruped_Robot_20241025\Obj\stm32f4xx_hal_flash_ramfunc.o"
#        "F:\none\Study\Other\Robot\RTS
#        team\Robocon-FourFoot-2025\Code\Quadruped_Robot_20241025_backup\EWARM\Quadruped_Robot_20241025\Obj\stm32f4xx_hal_gpio.o"
#        "F:\none\Study\Other\Robot\RTS
#        team\Robocon-FourFoot-2025\Code\Quadruped_Robot_20241025_backup\EWARM\Quadruped_Robot_20241025\Obj\stm32f4xx_hal_msp.o"
#        "F:\none\Study\Other\Robot\RTS
#        team\Robocon-FourFoot-2025\Code\Quadruped_Robot_20241025_backup\EWARM\Quadruped_Robot_20241025\Obj\stm32f4xx_hal_pwr.o"
#        "F:\none\Study\Other\Robot\RTS
#        team\Robocon-FourFoot-2025\Code\Quadruped_Robot_20241025_backup\EWARM\Quadruped_Robot_20241025\Obj\stm32f4xx_hal_pwr_ex.o"
#        "F:\none\Study\Other\Robot\RTS
#        team\Robocon-FourFoot-2025\Code\Quadruped_Robot_20241025_backup\EWARM\Quadruped_Robot_20241025\Obj\stm32f4xx_hal_rcc.o"
#        "F:\none\Study\Other\Robot\RTS
#        team\Robocon-FourFoot-2025\Code\Quadruped_Robot_20241025_backup\EWARM\Quadruped_Robot_20241025\Obj\stm32f4xx_hal_rcc_ex.o"
#        "F:\none\Study\Other\Robot\RTS
#        team\Robocon-FourFoot-2025\Code\Quadruped_Robot_20241025_backup\EWARM\Quadruped_Robot_20241025\Obj\stm32f4xx_hal_sd.o"
#        "F:\none\Study\Other\Robot\RTS
#        team\Robocon-FourFoot-2025\Code\Quadruped_Robot_20241025_backup\EWARM\Quadruped_Robot_20241025\Obj\stm32f4xx_hal_tim.o"
#        "F:\none\Study\Other\Robot\RTS
#        team\Robocon-FourFoot-2025\Code\Quadruped_Robot_20241025_backup\EWARM\Quadruped_Robot_20241025\Obj\stm32f4xx_hal_tim_ex.o"
#        "F:\none\Study\Other\Robot\RTS
#        team\Robocon-FourFoot-2025\Code\Quadruped_Robot_20241025_backup\EWARM\Quadruped_Robot_20241025\Obj\stm32f4xx_hal_uart.o"
#        "F:\none\Study\Other\Robot\RTS
#        team\Robocon-FourFoot-2025\Code\Quadruped_Robot_20241025_backup\EWARM\Quadruped_Robot_20241025\Obj\stm32f4xx_it.o"
#        "F:\none\Study\Other\Robot\RTS
#        team\Robocon-FourFoot-2025\Code\Quadruped_Robot_20241025_backup\EWARM\Quadruped_Robot_20241025\Obj\stm32f4xx_ll_sdmmc.o"
#        "F:\none\Study\Other\Robot\RTS
#        team\Robocon-FourFoot-2025\Code\Quadruped_Robot_20241025_backup\EWARM\Quadruped_Robot_20241025\Obj\syscall.o"
#        "F:\none\Study\Other\Robot\RTS
#        team\Robocon-FourFoot-2025\Code\Quadruped_Robot_20241025_backup\EWARM\Quadruped_Robot_20241025\Obj\system_stm32f4xx.o"
#        "F:\none\Study\Other\Robot\RTS
#        team\Robocon-FourFoot-2025\Code\Quadruped_Robot_20241025_backup\EWARM\Quadruped_Robot_20241025\Obj\tim.o"
#        "F:\none\Study\Other\Robot\RTS
#        team\Robocon-FourFoot-2025\Code\Quadruped_Robot_20241025_backup\EWARM\Quadruped_Robot_20241025\Obj\usart.o"
#        "F:\none\Study\Other\Robot\RTS
#        team\Robocon-FourFoot-2025\Code\Quadruped_Robot_20241025_backup\EWARM\Quadruped_Robot_20241025\Obj\user_diskio.o"
#        --no_out_extension -o "F:\none\Study\Other\Robot\RTS
#        team\Robocon-FourFoot-2025\Code\Quadruped_Robot_20241025_backup\EWARM\Quadruped_Robot_20241025\Exe\Quadruped_Robot_20241025.out"
#        --redirect _Printf=_PrintfFullNoMb --redirect _Scanf=_ScanfFullNoMb
#        --map "F:\none\Study\Other\Robot\RTS
#        team\Robocon-FourFoot-2025\Code\Quadruped_Robot_20241025_backup\EWARM\Quadruped_Robot_20241025\List\Quadruped_Robot_20241025.map"
#        --config "F:\none\Study\Other\Robot\RTS
#        team\Robocon-FourFoot-2025\Code\Quadruped_Robot_20241025_backup\EWARM/stm32f427xx_flash.icf"
#        --semihosting --entry __iar_program_start --vfe --text_out locale)
#
###############################################################################

*******************************************************************************
*** RUNTIME MODEL ATTRIBUTES
***

CppFlavor       = *
__SystemLibrary = DLib
__dlib_version  = 6


*******************************************************************************
*** HEAP SELECTION
***

The basic heap was selected because no calls to memory allocation
functions were found in the application outside of system library
functions, and there are calls to deallocation functions in the
application.


*******************************************************************************
*** PLACEMENT SUMMARY
***

"A0":  place at 0x800'0000 { ro section .intvec };
"P1":  place in [from 0x800'0000 to 0x81f'ffff] { ro };
define block CSTACK with size = 1K, alignment = 8 { };
define block HEAP with size = 512, alignment = 8 { };
"P2":  place in [from 0x2000'0000 to 0x2002'ffff] {
          rw, block CSTACK, block HEAP };
initialize by copy { rw };

  Section            Kind         Address    Size  Object
  -------            ----         -------    ----  ------
"A0":                                       0x1ac
  .intvec            ro code   0x800'0000   0x1ac  startup_stm32f427xx.o [1]
                             - 0x800'01ac   0x1ac

"P1":                                      0x79b8
  .text              ro code   0x800'01ac   0xf6a  leg_control.o [1]
  .text              ro code   0x800'1116    0x3a  zero_init3.o [4]
  .text              ro code   0x800'1150    0x48  FltToDbl.o [3]
  .text              ro code   0x800'1198    0x12  math_wrappers64.o [3]
  .text              ro code   0x800'11ac    0x68  DblToFlt.o [3]
  .text              ro code   0x800'1214   0x102  sqrt.o [3]
  .text              ro code   0x800'1318   0x246  DblDiv.o [3]
  .text              ro code   0x800'1560   0x1a2  DblMul.o [3]
  .text              ro code   0x800'1704    0xe2  DblSub.o [3]
  .text              ro code   0x800'17e8    0x62  round.o [3]
  .text              ro code   0x800'184c   0x17a  DblAdd.o [3]
  .text              ro code   0x800'19c8    0xc8  acos64.o [3]
  .text              ro code   0x800'1a90    0x2e  DblCmpLe.o [3]
  .text              ro code   0x800'1ac0   0x1d0  iar_Atan64.o [3]
  .text              ro code   0x800'1c90    0x20  DblCmpEq.o [3]
  .text              ro code   0x800'1cb0    0x2e  DblCmpGe.o [3]
  .text              ro code   0x800'1ce0   0xe32  stm32f4xx_hal_sd.o [1]
  .text              ro code   0x800'2b14    0xe4  sdio.o [1]
  .text              ro code   0x800'2bf8    0x86  ABImemcpy.o [4]
  .text              ro code   0x800'2c80   0x6d8  stm32f4xx_ll_sdmmc.o [1]
  .text              ro code   0x800'3358    0x28  stm32f4xx_hal.o [1]
  .text              ro code   0x800'3380     0xc  stm32f4xx_hal.o [1]
  .text              ro code   0x800'338c     0x2  stm32f4xx_hal_sd.o [1]
  .text              ro code   0x800'338e    0x20  bsp_driver_sd.o [1]
  .text              ro code   0x800'33b0    0xc4  stm32f4xx_hal_dma.o [1]
  .text              ro code   0x800'3474     0x6  ABImemclr4.o [4]
  .text              ro code   0x800'347c   0x2c2  stm32f4xx_hal_gpio.o [1]
  .text              ro code   0x800'3740   0x15c  stm32f4xx_hal_cortex.o [1]
  .text              ro code   0x800'389c     0x2  bsp_driver_sd.o [1]
  .text              ro code   0x800'389e     0x2  bsp_driver_sd.o [1]
  .text              ro code   0x800'38a0    0x32  ABImemset48.o [4]
  .text              ro code   0x800'38d4   0xa1c  stm32f4xx_hal_uart.o [1]
  .text              ro code   0x800'42f0   0x220  usart.o [1]
  .text              ro code   0x800'4510     0x2  stm32f4xx_hal_uart.o [1]
  .text              ro code   0x800'4512     0x2  stm32f4xx_hal_uart.o [1]
  .text              ro code   0x800'4514     0x2  stm32f4xx_hal_uart.o [1]
  .text              ro code   0x800'4518   0x1ac  Callback.o [1]
  .text              ro code   0x800'46c4   0x22c  stm32f4xx_hal_rcc.o [1]
  .text              ro code   0x800'48f0   0x230  I64DivMod.o [4]
  .text              ro code   0x800'4b20   0x224  main.o [1]
  .text              ro code   0x800'4d44   0x138  DeepJ60_can.o [1]
  .text              ro code   0x800'4e7c   0x91c  DeepJ60_Motor.o [1]
  .text              ro code   0x800'5798   0x590  stm32f4xx_hal_tim.o [1]
  .text              ro code   0x800'5d28    0x4c  stm32f4xx_hal.o [1]
  .text              ro code   0x800'5d74     0x2  I64DivZer.o [4]
  .text              ro code   0x800'5d78    0x34  stm32f4xx_hal.o [1]
  .text              ro code   0x800'5dac   0x114  gpio.o [1]
  .text              ro code   0x800'5ec0   0x27c  can.o [1]
  .text              ro code   0x800'613c    0x34  fatfs.o [1]
  .text              ro code   0x800'6170    0xc4  tim.o [1]
  .text              ro code   0x800'6234   0x59c  GaitController.o [1]
  .text              ro code   0x800'67d0   0x3ec  stm32f4xx_hal_rcc.o [1]
  .text              ro code   0x800'6bbc    0x7c  stm32f4xx_hal_pwr_ex.o [1]
  .text              ro code   0x800'6c38   0x7e2  stm32f4xx_hal_can.o [1]
  .text              ro code   0x800'741a     0x2  stm32f4xx_hal_tim.o [1]
  .text              ro code   0x800'741c     0x2  stm32f4xx_hal_tim.o [1]
  .text              ro code   0x800'741e     0x2  stm32f4xx_hal_tim.o [1]
  .text              ro code   0x800'7420     0x2  stm32f4xx_hal_tim_ex.o [1]
  .text              ro code   0x800'7422     0x2  stm32f4xx_hal_tim.o [1]
  .text              ro code   0x800'7424     0x2  stm32f4xx_hal_tim_ex.o [1]
  .text              ro code   0x800'7428    0x40  stm32f4xx_hal_msp.o [1]
  .text              ro code   0x800'7468    0x60  ff_gen_drv.o [1]
  .text              ro code   0x800'74c8    0xac  stm32f4xx_hal_tim_ex.o [1]
  .text              ro code   0x800'7574     0x2  stm32f4xx_hal_can.o [1]
  .text              ro code   0x800'7576     0x2  stm32f4xx_hal_can.o [1]
  .text              ro code   0x800'7578     0x2  stm32f4xx_hal_can.o [1]
  .text              ro code   0x800'757a     0x2  stm32f4xx_hal_can.o [1]
  .text              ro code   0x800'757c     0x2  stm32f4xx_hal_can.o [1]
  .text              ro code   0x800'757e     0x2  stm32f4xx_hal_can.o [1]
  .text              ro code   0x800'7580     0x2  stm32f4xx_hal_can.o [1]
  .text              ro code   0x800'7582     0x2  stm32f4xx_hal_can.o [1]
  .text              ro code   0x800'7584     0x2  stm32f4xx_hal_can.o [1]
  .text              ro code   0x800'7586     0x2  stm32f4xx_hal_can.o [1]
  .text              ro code   0x800'7588     0x2  stm32f4xx_hal_can.o [1]
  .text              ro code   0x800'758a     0x2  stm32f4xx_hal_can.o [1]
  .text              ro code   0x800'758c   0x120  sd_diskio.o [1]
  .text              ro code   0x800'76ac    0x1c  bsp_driver_sd.o [1]
  .text              ro code   0x800'76c8    0x20  bsp_driver_sd.o [1]
  .text              ro code   0x800'76e8    0x34  bsp_driver_sd.o [1]
  .text              ro code   0x800'771c    0x34  bsp_driver_sd.o [1]
  .text              ro code   0x800'7750    0x14  bsp_driver_sd.o [1]
  .text              ro code   0x800'7764    0x10  bsp_driver_sd.o [1]
  .text              ro code   0x800'7774    0x98  stm32f4xx_it.o [1]
  .text              ro code   0x800'780c    0x18  stm32f4xx_hal.o [1]
  Initializer bytes  const     0x800'7824    0x48  <for P2-1>
  .rodata            const     0x800'7870    0x40  iar_Atan64.o [3]
  .text              ro code   0x800'78b0    0x38  user_diskio.o [1]
  .text              ro code   0x800'78e8    0x2c  copy_init3.o [4]
  .text              ro code   0x800'7914    0x28  data_init.o [4]
  .text              ro code   0x800'793c    0x22  fpinit_M.o [3]
  .iar.init_table    const     0x800'7960    0x24  - Linker created -
  .text              ro code   0x800'7984    0x1e  cmain.o [4]
  .text              ro code   0x800'79a2     0x4  low_level_init.o [2]
  .text              ro code   0x800'79a6     0x4  exit.o [2]
  .text              ro code   0x800'79ac     0xa  cexit.o [4]
  .text              ro code   0x800'79b8    0x14  exit.o [5]
  .rodata            const     0x800'79cc    0x14  sd_diskio.o [1]
  .rodata            const     0x800'79e0    0x10  system_stm32f4xx.o [1]
  .text              ro code   0x800'79f0    0x10  startup_stm32f427xx.o [1]
  .text              ro code   0x800'7a00    0x10  system_stm32f4xx.o [1]
  .text              ro code   0x800'7a10     0xc  cstartup_M.o [4]
  .rodata            const     0x800'7a1c     0x8  system_stm32f4xx.o [1]
  .rodata            const     0x800'7a24     0x8  tim.o [1]
  .text              ro code   0x800'7a2c     0x4  startup_stm32f427xx.o [1]
  .text              ro code   0x800'7a30     0x4  startup_stm32f427xx.o [1]
  .text              ro code   0x800'7a34     0x4  startup_stm32f427xx.o [1]
  .text              ro code   0x800'7a38     0x4  startup_stm32f427xx.o [1]
  .text              ro code   0x800'7a3c     0x4  startup_stm32f427xx.o [1]
  .text              ro code   0x800'7a40     0x4  startup_stm32f427xx.o [1]
  .text              ro code   0x800'7a44     0x4  startup_stm32f427xx.o [1]
  .text              ro code   0x800'7a48     0x4  startup_stm32f427xx.o [1]
  .text              ro code   0x800'7a4c     0x4  startup_stm32f427xx.o [1]
  .text              ro code   0x800'7a50     0x4  startup_stm32f427xx.o [1]
  .text              ro code   0x800'7a54     0x4  startup_stm32f427xx.o [1]
  .text              ro code   0x800'7a58     0x4  startup_stm32f427xx.o [1]
  .text              ro code   0x800'7a5c     0x4  startup_stm32f427xx.o [1]
  .text              ro code   0x800'7a60     0x4  startup_stm32f427xx.o [1]
  .text              ro code   0x800'7a64     0x4  startup_stm32f427xx.o [1]
  .text              ro code   0x800'7a68     0x4  startup_stm32f427xx.o [1]
  .text              ro code   0x800'7a6c     0x4  startup_stm32f427xx.o [1]
  .text              ro code   0x800'7a70     0x4  startup_stm32f427xx.o [1]
  .text              ro code   0x800'7a74     0x4  startup_stm32f427xx.o [1]
  .text              ro code   0x800'7a78     0x4  startup_stm32f427xx.o [1]
  .text              ro code   0x800'7a7c     0x4  startup_stm32f427xx.o [1]
  .text              ro code   0x800'7a80     0x4  startup_stm32f427xx.o [1]
  .text              ro code   0x800'7a84     0x4  startup_stm32f427xx.o [1]
  .text              ro code   0x800'7a88     0x4  startup_stm32f427xx.o [1]
  .text              ro code   0x800'7a8c     0x4  startup_stm32f427xx.o [1]
  .text              ro code   0x800'7a90     0x4  startup_stm32f427xx.o [1]
  .text              ro code   0x800'7a94     0x4  startup_stm32f427xx.o [1]
  .text              ro code   0x800'7a98     0x4  startup_stm32f427xx.o [1]
  .text              ro code   0x800'7a9c     0x4  startup_stm32f427xx.o [1]
  .text              ro code   0x800'7aa0     0x4  startup_stm32f427xx.o [1]
  .text              ro code   0x800'7aa4     0x4  startup_stm32f427xx.o [1]
  .text              ro code   0x800'7aa8     0x4  startup_stm32f427xx.o [1]
  .text              ro code   0x800'7aac     0x4  startup_stm32f427xx.o [1]
  .text              ro code   0x800'7ab0     0x4  startup_stm32f427xx.o [1]
  .text              ro code   0x800'7ab4     0x4  startup_stm32f427xx.o [1]
  .text              ro code   0x800'7ab8     0x4  startup_stm32f427xx.o [1]
  .text              ro code   0x800'7abc     0x4  startup_stm32f427xx.o [1]
  .text              ro code   0x800'7ac0     0x4  startup_stm32f427xx.o [1]
  .text              ro code   0x800'7ac4     0x4  startup_stm32f427xx.o [1]
  .text              ro code   0x800'7ac8     0x4  startup_stm32f427xx.o [1]
  .text              ro code   0x800'7acc     0x4  startup_stm32f427xx.o [1]
  .text              ro code   0x800'7ad0     0x4  startup_stm32f427xx.o [1]
  .text              ro code   0x800'7ad4     0x4  startup_stm32f427xx.o [1]
  .text              ro code   0x800'7ad8     0x4  startup_stm32f427xx.o [1]
  .text              ro code   0x800'7adc     0x4  startup_stm32f427xx.o [1]
  .text              ro code   0x800'7ae0     0x4  startup_stm32f427xx.o [1]
  .text              ro code   0x800'7ae4     0x4  startup_stm32f427xx.o [1]
  .text              ro code   0x800'7ae8     0x4  startup_stm32f427xx.o [1]
  .text              ro code   0x800'7aec     0x4  startup_stm32f427xx.o [1]
  .text              ro code   0x800'7af0     0x4  startup_stm32f427xx.o [1]
  .text              ro code   0x800'7af4     0x4  startup_stm32f427xx.o [1]
  .text              ro code   0x800'7af8     0x4  startup_stm32f427xx.o [1]
  .text              ro code   0x800'7afc     0x4  startup_stm32f427xx.o [1]
  .text              ro code   0x800'7b00     0x4  startup_stm32f427xx.o [1]
  .text              ro code   0x800'7b04     0x4  startup_stm32f427xx.o [1]
  .text              ro code   0x800'7b08     0x4  startup_stm32f427xx.o [1]
  .text              ro code   0x800'7b0c     0x4  startup_stm32f427xx.o [1]
  .text              ro code   0x800'7b10     0x4  startup_stm32f427xx.o [1]
  .text              ro code   0x800'7b14     0x4  startup_stm32f427xx.o [1]
  .text              ro code   0x800'7b18     0x4  startup_stm32f427xx.o [1]
  .text              ro code   0x800'7b1c     0x4  startup_stm32f427xx.o [1]
  .text              ro code   0x800'7b20     0x4  startup_stm32f427xx.o [1]
  .text              ro code   0x800'7b24     0x4  startup_stm32f427xx.o [1]
  .text              ro code   0x800'7b28     0x4  startup_stm32f427xx.o [1]
  .text              ro code   0x800'7b2c     0x4  startup_stm32f427xx.o [1]
  .text              ro code   0x800'7b30     0x4  startup_stm32f427xx.o [1]
  .text              ro code   0x800'7b34     0x4  startup_stm32f427xx.o [1]
  .text              ro code   0x800'7b38     0x4  startup_stm32f427xx.o [1]
  .text              ro code   0x800'7b3c     0x4  startup_stm32f427xx.o [1]
  .text              ro code   0x800'7b40     0x4  startup_stm32f427xx.o [1]
  .text              ro code   0x800'7b44     0x4  startup_stm32f427xx.o [1]
  .text              ro code   0x800'7b48     0x4  startup_stm32f427xx.o [1]
  .text              ro code   0x800'7b4c     0x4  startup_stm32f427xx.o [1]
  .text              ro code   0x800'7b50     0x4  startup_stm32f427xx.o [1]
  .text              ro code   0x800'7b54     0x4  startup_stm32f427xx.o [1]
  .text              ro code   0x800'7b58     0x4  startup_stm32f427xx.o [1]
  .text              ro code   0x800'7b5c     0x4  startup_stm32f427xx.o [1]
  .text              ro code   0x800'7b60     0x4  startup_stm32f427xx.o [1]
  .rodata            const     0x800'7b64     0x0  zero_init3.o [4]
  .rodata            const     0x800'7b64     0x0  copy_init3.o [4]
                             - 0x800'7b64  0x79b8

"P2", part 1 of 3:                           0x48
  P2-1                        0x2000'0000    0x47  <Init block>
    .data            inited   0x2000'0000     0x4  GaitController.o [1]
    .data            inited   0x2000'0004    0x10  leg_control.o [1]
    .data            inited   0x2000'0014    0x10  leg_control.o [1]
    .data            inited   0x2000'0024     0x4  main.o [1]
    .data            inited   0x2000'0028     0x4  stm32f4xx_hal.o [1]
    .data            inited   0x2000'002c     0x4  system_stm32f4xx.o [1]
    .data            inited   0x2000'0030    0x14  user_diskio.o [1]
    .data            inited   0x2000'0044     0x1  sd_diskio.o [1]
    .data            inited   0x2000'0045     0x1  stm32f4xx_hal.o [1]
    .data            inited   0x2000'0046     0x1  user_diskio.o [1]
                            - 0x2000'0047    0x47

"P2", part 2 of 3:                          0x74c
  .bss               zero     0x2000'0048   0x240  DeepJ60_Motor.o [1]
  .bss               zero     0x2000'0288   0x240  DeepJ60_Motor.o [1]
  .bss               zero     0x2000'04c8    0x84  sdio.o [1]
  .bss               zero     0x2000'054c    0x5c  DeepJ60_can.o [1]
  .bss               zero     0x2000'05a8    0x48  tim.o [1]
  .bss               zero     0x2000'05f0    0x48  usart.o [1]
  .bss               zero     0x2000'0638    0x48  usart.o [1]
  .bss               zero     0x2000'0680    0x48  usart.o [1]
  .bss               zero     0x2000'06c8    0x28  can.o [1]
  .bss               zero     0x2000'06f0    0x28  can.o [1]
  .bss               zero     0x2000'0718    0x20  main.o [1]
  .bss               zero     0x2000'0738    0x1c  DeepJ60_can.o [1]
  .bss               zero     0x2000'0754    0x10  ff_gen_drv.o [1]
  .bss               zero     0x2000'0764    0x10  leg_control.o [1]
  .bss               zero     0x2000'0774     0x4  can.o [1]
  .bss               zero     0x2000'0778     0x4  DeepJ60_can.o [1]
  .bss               zero     0x2000'077c     0x4  fatfs.o [1]
  .bss               zero     0x2000'0780     0x4  fatfs.o [1]
  .bss               zero     0x2000'0784     0x4  main.o [1]
  .bss               zero     0x2000'0788     0x4  stm32f4xx_hal.o [1]
  .bss               zero     0x2000'078c     0x4  usart.o [1]
  .bss               zero     0x2000'0790     0x1  fatfs.o [1]
  .bss               zero     0x2000'0791     0x1  fatfs.o [1]
  .bss               zero     0x2000'0792     0x1  GaitController.o [1]
  .bss               zero     0x2000'0793     0x1  GaitController.o [1]
                            - 0x2000'0794   0x74c

"P2", part 3 of 3:                          0x400
  CSTACK                      0x2000'0798   0x400  <Block>
    CSTACK           uninit   0x2000'0798   0x400  <Block tail>
                            - 0x2000'0b98   0x400

Unused ranges:

         From           To       Size
         ----           --       ----
   0x800'7b64   0x81f'ffff  0x1f'849c
  0x2000'0794  0x2000'0797        0x4
  0x2000'0b98  0x2002'ffff   0x2'f468


*******************************************************************************
*** INIT TABLE
***

          Address      Size
          -------      ----
Zero (__iar_zero_init3)
    1 destination range, total size 0x74c:
          0x2000'0048  0x74c

Copy (__iar_copy_init3)
    1 source range, total size 0x48 (101% of destination):
           0x800'7824   0x48
    1 destination range, total size 0x47:
          0x2000'0000   0x47



*******************************************************************************
*** MODULE SUMMARY
***

    Module                  ro code  ro data  rw data
    ------                  -------  -------  -------
command line/config:
    -------------------------------------------------
    Total:

F:\none\Study\Other\Robot\RTS team\Robocon-FourFoot-2025\Code\Quadruped_Robot_20241025_backup\EWARM\Quadruped_Robot_20241025\Obj: [1]
    Callback.o                  428
    DeepJ60_Motor.o           2 332             1 152
    DeepJ60_can.o               312               124
    GaitController.o          1 436        4        6
    bsp_driver_sd.o             236
    can.o                       636                84
    fatfs.o                      52                10
    ff_gen_drv.o                 96                16
    gpio.o                      276
    leg_control.o             3 946       32       48
    main.o                      548        4       40
    sd_diskio.o                 288       21        1
    sdio.o                      228               132
    startup_stm32f427xx.o       756
    stm32f4xx_hal.o             204        5        9
    stm32f4xx_hal_can.o       2 042
    stm32f4xx_hal_cortex.o      348
    stm32f4xx_hal_dma.o         196
    stm32f4xx_hal_gpio.o        706
    stm32f4xx_hal_msp.o          64
    stm32f4xx_hal_pwr_ex.o      124
    stm32f4xx_hal_rcc.o       1 560
    stm32f4xx_hal_sd.o        3 636
    stm32f4xx_hal_tim.o       1 432
    stm32f4xx_hal_tim_ex.o      176
    stm32f4xx_hal_uart.o      2 594
    stm32f4xx_it.o              152
    stm32f4xx_ll_sdmmc.o      1 752
    system_stm32f4xx.o           16       28        4
    tim.o                       196        8       72
    usart.o                     544               220
    user_diskio.o                56       21       21
    -------------------------------------------------
    Total:                   27 368      123    1 939

dl7M_tlf.a: [2]
    exit.o                        4
    low_level_init.o              4
    -------------------------------------------------
    Total:                        8

m7M_tls.a: [3]
    DblAdd.o                    378
    DblCmpEq.o                   32
    DblCmpGe.o                   46
    DblCmpLe.o                   46
    DblDiv.o                    582
    DblMul.o                    418
    DblSub.o                    226
    DblToFlt.o                  104
    FltToDbl.o                   72
    acos64.o                    200
    fpinit_M.o                   34
    iar_Atan64.o                464       64
    math_wrappers64.o            18
    round.o                      98
    sqrt.o                      258
    -------------------------------------------------
    Total:                    2 976       64

rt7M_tl.a: [4]
    ABImemclr4.o                  6
    ABImemcpy.o                 134
    ABImemset48.o                50
    I64DivMod.o                 560
    I64DivZer.o                   2
    cexit.o                      10
    cmain.o                      30
    copy_init3.o                 44
    cstartup_M.o                 12
    data_init.o                  40
    zero_init3.o                 58
    -------------------------------------------------
    Total:                      946

shb_l.a: [5]
    exit.o                       20
    -------------------------------------------------
    Total:                       20

    Gaps                         40        6
    Linker created                        37    1 024
-----------------------------------------------------
    Grand Total:             31 358      230    2 963


*******************************************************************************
*** ENTRY LIST
***

Entry                       Address   Size  Type      Object
-----                       -------   ----  ----      ------
.iar.init_table$$Base    0x800'7960          --   Gb  - Linker created -
.iar.init_table$$Limit   0x800'7984          --   Gb  - Linker created -
?main                    0x800'7985         Code  Gb  cmain.o [4]
AHBPrescTable            0x800'79e0   0x10  Data  Gb  system_stm32f4xx.o [1]
APBPrescTable            0x800'7a1c    0x8  Data  Gb  system_stm32f4xx.o [1]
AnalyseJ60MotorReceiveData_new
                         0x800'5755   0x30  Code  Gb  DeepJ60_Motor.o [1]
BSP_SD_GetCardInfo       0x800'7751   0x14  Code  Wk  bsp_driver_sd.o [1]
BSP_SD_GetCardState      0x800'76ad   0x1c  Code  Wk  bsp_driver_sd.o [1]
BSP_SD_Init              0x800'76c9   0x20  Code  Wk  bsp_driver_sd.o [1]
BSP_SD_ReadBlocks        0x800'76e9   0x34  Code  Wk  bsp_driver_sd.o [1]
BSP_SD_WriteBlocks       0x800'771d   0x34  Code  Wk  bsp_driver_sd.o [1]
BusFault_Handler         0x800'777b    0x2  Code  Gb  stm32f4xx_it.o [1]
CAN1_FilterConfig        0x800'60a5   0x38  Code  Gb  can.o [1]
CAN1_RX0_IRQHandler      0x800'7797    0xa  Code  Gb  stm32f4xx_it.o [1]
CAN1_RX1_IRQHandler      0x800'77a1    0xa  Code  Gb  stm32f4xx_it.o [1]
CAN2_FilterConfig        0x800'60dd   0x38  Code  Gb  can.o [1]
CAN2_RX0_IRQHandler      0x800'77bf    0xa  Code  Gb  stm32f4xx_it.o [1]
CAN2_RX1_IRQHandler      0x800'77c9    0xa  Code  Gb  stm32f4xx_it.o [1]
CSTACK$$Base            0x2000'0798          --   Gb  - Linker created -
CSTACK$$Limit           0x2000'0b98          --   Gb  - Linker created -
Can                     0x2000'054c   0x5c  Data  Gb  DeepJ60_can.o [1]
CanDataToRealData        0x800'4d6f   0x2a  Code  Gb  DeepJ60_can.o [1]
CanRxInformation        0x2000'0738   0x1c  Data  Gb  DeepJ60_can.o [1]
Can_Receive_new          0x800'4e4b   0x20  Code  Gb  DeepJ60_can.o [1]
Can_Send                 0x800'4d99   0xb2  Code  Gb  DeepJ60_can.o [1]
Cubic_Bezier             0x800'0419  0xb7a  Code  Gb  leg_control.o [1]
DebugMon_Handler         0x800'7781    0x2  Code  Gb  stm32f4xx_it.o [1]
EXTI1_IRQHandler         0x800'778d    0xa  Code  Gb  stm32f4xx_it.o [1]
EnableJ60Motor           0x800'512d   0x3c  Code  Gb  DeepJ60_Motor.o [1]
Error_Handler            0x800'4d41    0x4  Code  Gb  main.o [1]
FATFS_LinkDriver         0x800'74b1   0x12  Code  Gb  ff_gen_drv.o [1]
FATFS_LinkDriverEx       0x800'7469   0x48  Code  Gb  ff_gen_drv.o [1]
GetJ60MotorCanID         0x800'5119    0xe  Code  Gb  DeepJ60_Motor.o [1]
HAL_CAN_ActivateNotification
                         0x800'71c3   0x34  Code  Gb  stm32f4xx_hal_can.o [1]
HAL_CAN_AddTxMessage     0x800'6f2d  0x126  Code  Gb  stm32f4xx_hal_can.o [1]
HAL_CAN_ConfigFilter     0x800'6da5  0x128  Code  Gb  stm32f4xx_hal_can.o [1]
HAL_CAN_GetRxMessage     0x800'7053  0x170  Code  Gb  stm32f4xx_hal_can.o [1]
HAL_CAN_IRQHandler       0x800'71f7  0x224  Code  Gb  stm32f4xx_hal_can.o [1]
HAL_CAN_Init             0x800'6c39  0x16c  Code  Gb  stm32f4xx_hal_can.o [1]
HAL_CAN_MspInit          0x800'5f75  0x130  Code  Gb  can.o [1]
HAL_CAN_RxFifo0MsgPendingCallback
                         0x800'4519   0x34  Code  Gb  Callback.o [1]
HAL_CAN_Start            0x800'6ecd   0x5c  Code  Gb  stm32f4xx_hal_can.o [1]
HAL_DMA_Abort            0x800'33b1   0x9c  Code  Gb  stm32f4xx_hal_dma.o [1]
HAL_DMA_Abort_IT         0x800'344d   0x28  Code  Gb  stm32f4xx_hal_dma.o [1]
HAL_Delay                0x800'3359   0x28  Code  Wk  stm32f4xx_hal.o [1]
HAL_GPIO_EXTI_IRQHandler
                         0x800'36d7   0x20  Code  Gb  stm32f4xx_hal_gpio.o [1]
HAL_GPIO_Init            0x800'347d  0x240  Code  Gb  stm32f4xx_hal_gpio.o [1]
HAL_GPIO_WritePin        0x800'36bd   0x1a  Code  Gb  stm32f4xx_hal_gpio.o [1]
HAL_GetTick              0x800'3381    0xc  Code  Wk  stm32f4xx_hal.o [1]
HAL_IncTick              0x800'780d   0x18  Code  Wk  stm32f4xx_hal.o [1]
HAL_Init                 0x800'5d79   0x30  Code  Gb  stm32f4xx_hal.o [1]
HAL_InitTick             0x800'5d29   0x4c  Code  Wk  stm32f4xx_hal.o [1]
HAL_MspInit              0x800'7429   0x40  Code  Gb  stm32f4xx_hal_msp.o [1]
HAL_NVIC_EnableIRQ       0x800'3863    0xe  Code  Gb  stm32f4xx_hal_cortex.o [1]
HAL_NVIC_SetPriority     0x800'3839   0x2a  Code  Gb  stm32f4xx_hal_cortex.o [1]
HAL_NVIC_SetPriorityGrouping
                         0x800'382d    0xc  Code  Gb  stm32f4xx_hal_cortex.o [1]
HAL_PWREx_EnableOverDrive
                         0x800'6bbd   0x6a  Code  Gb  stm32f4xx_hal_pwr_ex.o [1]
HAL_RCC_CAN1_CLK_ENABLED
                        0x2000'0774    0x4  Data  Lc  can.o [1]
HAL_RCC_ClockConfig      0x800'46c5  0x140  Code  Gb  stm32f4xx_hal_rcc.o [1]
HAL_RCC_GetHCLKFreq      0x800'4805    0x6  Code  Gb  stm32f4xx_hal_rcc.o [1]
HAL_RCC_GetPCLK1Freq     0x800'480b   0x16  Code  Gb  stm32f4xx_hal_rcc.o [1]
HAL_RCC_GetPCLK2Freq     0x800'4821   0x16  Code  Gb  stm32f4xx_hal_rcc.o [1]
HAL_RCC_OscConfig        0x800'67d1  0x3ec  Code  Wk  stm32f4xx_hal_rcc.o [1]
HAL_SD_AbortCallback     0x800'338f    0xa  Code  Gb  bsp_driver_sd.o [1]
HAL_SD_GetCardCSD        0x800'2575  0x1f4  Code  Gb  stm32f4xx_hal_sd.o [1]
HAL_SD_GetCardInfo       0x800'2769   0x26  Code  Gb  stm32f4xx_hal_sd.o [1]
HAL_SD_GetCardState      0x800'278f   0x24  Code  Gb  stm32f4xx_hal_sd.o [1]
HAL_SD_IRQHandler        0x800'23a1  0x1d4  Code  Gb  stm32f4xx_hal_sd.o [1]
HAL_SD_Init              0x800'1ce1   0x44  Code  Gb  stm32f4xx_hal_sd.o [1]
HAL_SD_InitCard          0x800'1d25   0xbe  Code  Gb  stm32f4xx_hal_sd.o [1]
HAL_SD_MspInit           0x800'2b35   0xaa  Code  Gb  sdio.o [1]
HAL_SD_ReadBlocks        0x800'1de3  0x310  Code  Gb  stm32f4xx_hal_sd.o [1]
HAL_SD_RxCpltCallback    0x800'33a3    0xa  Code  Gb  bsp_driver_sd.o [1]
HAL_SD_TxCpltCallback    0x800'3399    0xa  Code  Gb  bsp_driver_sd.o [1]
HAL_SD_WriteBlocks       0x800'20f3  0x2a4  Code  Gb  stm32f4xx_hal_sd.o [1]
HAL_SYSTICK_Config       0x800'3871    0xc  Code  Gb  stm32f4xx_hal_cortex.o [1]
HAL_TIMEx_BreakCallback
                         0x800'7421    0x2  Code  Wk  stm32f4xx_hal_tim_ex.o [1]
HAL_TIMEx_CommutCallback
                         0x800'7425    0x2  Code  Wk  stm32f4xx_hal_tim_ex.o [1]
HAL_TIMEx_MasterConfigSynchronization
                         0x800'74c9   0x8e  Code  Gb  stm32f4xx_hal_tim_ex.o [1]
HAL_TIM_Base_Start_IT    0x800'5799   0x9a  Code  Gb  stm32f4xx_hal_tim.o [1]
HAL_TIM_Base_Stop_IT     0x800'5833   0x3c  Code  Gb  stm32f4xx_hal_tim.o [1]
HAL_TIM_IRQHandler       0x800'58f9  0x13e  Code  Gb  stm32f4xx_hal_tim.o [1]
HAL_TIM_OC_ConfigChannel
                         0x800'5a37   0x68  Code  Gb  stm32f4xx_hal_tim.o [1]
HAL_TIM_OC_Init          0x800'586f   0x6e  Code  Gb  stm32f4xx_hal_tim.o [1]
HAL_TIM_OC_MspInit       0x800'61f1   0x36  Code  Gb  tim.o [1]
HAL_TIM_PeriodElapsedCallback
                         0x800'4619   0x68  Code  Gb  Callback.o [1]
HAL_UART_IRQHandler      0x800'3a51  0x2d4  Code  Gb  stm32f4xx_hal_uart.o [1]
HAL_UART_Init            0x800'38d5   0x7a  Code  Gb  stm32f4xx_hal_uart.o [1]
HAL_UART_MspInit         0x800'4399  0x144  Code  Gb  usart.o [1]
HAL_UART_Receive_IT      0x800'3a1b   0x36  Code  Gb  stm32f4xx_hal_uart.o [1]
HAL_UART_RxCpltCallback
                         0x800'454d   0xca  Code  Gb  Callback.o [1]
HAL_UART_Transmit        0x800'394f   0xcc  Code  Gb  stm32f4xx_hal_uart.o [1]
HardFault_Handler        0x800'7777    0x2  Code  Gb  stm32f4xx_it.o [1]
IK_leg                   0x800'01ad  0x24e  Code  Gb  leg_control.o [1]
J60MotorConfigToSendCanData
                         0x800'5035   0x28  Code  Gb  DeepJ60_Motor.o [1]
J60MotorDataToSendCanData
                         0x800'50e5   0x34  Code  Gb  DeepJ60_Motor.o [1]
J60MotorMotionDataToSendCanData
                         0x800'4f75   0xae  Code  Gb  DeepJ60_Motor.o [1]
J60Motor_CAN1           0x2000'0048  0x240  Data  Gb  DeepJ60_Motor.o [1]
J60Motor_CAN2           0x2000'0288  0x240  Data  Gb  DeepJ60_Motor.o [1]
J60Motor_StandUpData_CAN1
                        0x2000'0004   0x10  Data  Gb  leg_control.o [1]
J60Motor_StandUpData_CAN2
                        0x2000'0014   0x10  Data  Gb  leg_control.o [1]
MX_CAN1_Init             0x800'5ec1   0x5a  Code  Gb  can.o [1]
MX_CAN2_Init             0x800'5f1b   0x5a  Code  Gb  can.o [1]
MX_FATFS_Init            0x800'613d   0x1c  Code  Gb  fatfs.o [1]
MX_GPIO_Init             0x800'5dad  0x114  Code  Gb  gpio.o [1]
MX_SDIO_SD_Init          0x800'2b15   0x20  Code  Gb  sdio.o [1]
MX_TIM2_Init             0x800'6171   0x80  Code  Gb  tim.o [1]
MX_UART7_Init            0x800'42f1   0x34  Code  Gb  usart.o [1]
MX_UART8_Init            0x800'4325   0x40  Code  Gb  usart.o [1]
MX_USART6_UART_Init      0x800'4365   0x34  Code  Gb  usart.o [1]
MemManage_Handler        0x800'7779    0x2  Code  Gb  stm32f4xx_it.o [1]
NMI_Handler              0x800'7775    0x2  Code  Gb  stm32f4xx_it.o [1]
NVIC_EncodePriority      0x800'37bd   0x40  Code  Lc  stm32f4xx_hal_cortex.o [1]
PendSV_Handler           0x800'7783    0x2  Code  Gb  stm32f4xx_it.o [1]
RealDataToCanData        0x800'4d45   0x2a  Code  Gb  DeepJ60_can.o [1]
ReceiveCanDataToJ60MotorConfig
                         0x800'505d   0x28  Code  Gb  DeepJ60_Motor.o [1]
ReceiveCanDataToJ60MotorData_new
                         0x800'56fd   0x58  Code  Gb  DeepJ60_Motor.o [1]
ReceiveCanDataToJ60MotorMotionData_new
                         0x800'55f9   0xfe  Code  Gb  DeepJ60_Motor.o [1]
ReceiveCommandStatusToJ60MotorCommandStatus
                         0x800'5085    0x6  Code  Gb  DeepJ60_Motor.o [1]
ReceiveStatusWordToJ60MotorStatusWord
                         0x800'508b   0x5a  Code  Gb  DeepJ60_Motor.o [1]
Region$$Table$$Base      0x800'7960          --   Gb  - Linker created -
Region$$Table$$Limit     0x800'7984          --   Gb  - Linker created -
RunJ60Motor              0x800'54bd  0x13a  Code  Gb  DeepJ60_Motor.o [1]
RunJ60MotorKdMode        0x800'52ad   0x62  Code  Gb  DeepJ60_Motor.o [1]
RunJ60MotorPositionMode
                         0x800'5175   0x6a  Code  Gb  DeepJ60_Motor.o [1]
RunJ60MotorPositionTorqueMode
                         0x800'5369   0x6e  Code  Gb  DeepJ60_Motor.o [1]
RunJ60MotorPositonVelocityTorqueMode
                         0x800'5449   0x72  Code  Gb  DeepJ60_Motor.o [1]
RunJ60MotorTorqueMode    0x800'5249   0x62  Code  Gb  DeepJ60_Motor.o [1]
RunJ60MotorVelocityMode
                         0x800'51e1   0x66  Code  Gb  DeepJ60_Motor.o [1]
RunJ60MotorVelocityTorqueMode
                         0x800'53d9   0x6a  Code  Gb  DeepJ60_Motor.o [1]
RunJ60MotorZeroTorqueMode
                         0x800'5311   0x56  Code  Gb  DeepJ60_Motor.o [1]
SDIO_ConfigData          0x800'2d11   0x2e  Code  Gb  stm32f4xx_ll_sdmmc.o [1]
SDIO_GetCommandResponse
                         0x800'2cff    0x6  Code  Gb  stm32f4xx_ll_sdmmc.o [1]
SDIO_GetPowerState       0x800'2ccd    0x8  Code  Gb  stm32f4xx_ll_sdmmc.o [1]
SDIO_GetResponse         0x800'2d05    0xc  Code  Gb  stm32f4xx_ll_sdmmc.o [1]
SDIO_IRQHandler          0x800'77b5    0xa  Code  Gb  stm32f4xx_it.o [1]
SDIO_Init                0x800'2c81   0x30  Code  Gb  stm32f4xx_ll_sdmmc.o [1]
SDIO_PowerState_ON       0x800'2cc3    0xa  Code  Gb  stm32f4xx_ll_sdmmc.o [1]
SDIO_ReadFIFO            0x800'2cb1    0x6  Code  Gb  stm32f4xx_ll_sdmmc.o [1]
SDIO_SendCommand         0x800'2cd5   0x2a  Code  Gb  stm32f4xx_ll_sdmmc.o [1]
SDIO_WriteFIFO           0x800'2cb7    0xc  Code  Gb  stm32f4xx_ll_sdmmc.o [1]
SDMMC_CmdAppCommand      0x800'2f0b   0x34  Code  Gb  stm32f4xx_ll_sdmmc.o [1]
SDMMC_CmdAppOperCommand
                         0x800'2f3f   0x34  Code  Gb  stm32f4xx_ll_sdmmc.o [1]
SDMMC_CmdBlockLength     0x800'2d3f   0x34  Code  Gb  stm32f4xx_ll_sdmmc.o [1]
SDMMC_CmdGoIdleState     0x800'2ead   0x2e  Code  Gb  stm32f4xx_ll_sdmmc.o [1]
SDMMC_CmdOperCond        0x800'2edb   0x30  Code  Gb  stm32f4xx_ll_sdmmc.o [1]
SDMMC_CmdReadMultiBlock
                         0x800'2da7   0x34  Code  Gb  stm32f4xx_ll_sdmmc.o [1]
SDMMC_CmdReadSingleBlock
                         0x800'2d73   0x34  Code  Gb  stm32f4xx_ll_sdmmc.o [1]
SDMMC_CmdSelDesel        0x800'2e77   0x36  Code  Gb  stm32f4xx_ll_sdmmc.o [1]
SDMMC_CmdSendCID         0x800'2f73   0x2e  Code  Gb  stm32f4xx_ll_sdmmc.o [1]
SDMMC_CmdSendCSD         0x800'2fa1   0x2e  Code  Gb  stm32f4xx_ll_sdmmc.o [1]
SDMMC_CmdSendStatus      0x800'3003   0x34  Code  Gb  stm32f4xx_ll_sdmmc.o [1]
SDMMC_CmdSetRelAdd       0x800'2fcf   0x34  Code  Gb  stm32f4xx_ll_sdmmc.o [1]
SDMMC_CmdStopTransfer    0x800'2e43   0x34  Code  Gb  stm32f4xx_ll_sdmmc.o [1]
SDMMC_CmdWriteMultiBlock
                         0x800'2e0f   0x34  Code  Gb  stm32f4xx_ll_sdmmc.o [1]
SDMMC_CmdWriteSingleBlock
                         0x800'2ddb   0x34  Code  Gb  stm32f4xx_ll_sdmmc.o [1]
SDMMC_GetCmdError        0x800'3311   0x32  Code  Lc  stm32f4xx_ll_sdmmc.o [1]
SDMMC_GetCmdResp1        0x800'3037  0x13a  Code  Gb  stm32f4xx_ll_sdmmc.o [1]
SDMMC_GetCmdResp2        0x800'3171   0x56  Code  Gb  stm32f4xx_ll_sdmmc.o [1]
SDMMC_GetCmdResp3        0x800'31c7   0x48  Code  Gb  stm32f4xx_ll_sdmmc.o [1]
SDMMC_GetCmdResp6        0x800'320f   0xa6  Code  Gb  stm32f4xx_ll_sdmmc.o [1]
SDMMC_GetCmdResp7        0x800'32b5   0x5c  Code  Gb  stm32f4xx_ll_sdmmc.o [1]
SDPath                  0x2000'077c    0x4  Data  Gb  fatfs.o [1]
SD_CheckStatus           0x800'758d   0x1e  Code  Lc  sd_diskio.o [1]
SD_DMARxAbort            0x800'2801   0x4a  Code  Lc  stm32f4xx_hal_sd.o [1]
SD_DMATxAbort            0x800'27b5   0x4a  Code  Lc  stm32f4xx_hal_sd.o [1]
SD_Driver                0x800'79cc   0x14  Data  Gb  sd_diskio.o [1]
SD_InitCard              0x800'284b  0x10a  Code  Lc  stm32f4xx_hal_sd.o [1]
SD_PowerON               0x800'2955   0xcc  Code  Lc  stm32f4xx_hal_sd.o [1]
SD_Read_IT               0x800'2a63   0x58  Code  Lc  stm32f4xx_hal_sd.o [1]
SD_SendStatus            0x800'2a31   0x32  Code  Lc  stm32f4xx_hal_sd.o [1]
SD_Write_IT              0x800'2abb   0x58  Code  Lc  stm32f4xx_hal_sd.o [1]
SD_initialize            0x800'75ab   0x20  Code  Gb  sd_diskio.o [1]
SD_ioctl                 0x800'7645   0x64  Code  Gb  sd_diskio.o [1]
SD_read                  0x800'75d9   0x36  Code  Gb  sd_diskio.o [1]
SD_status                0x800'75cb    0xe  Code  Gb  sd_diskio.o [1]
SD_write                 0x800'760f   0x36  Code  Gb  sd_diskio.o [1]
SVC_Handler              0x800'777f    0x2  Code  Gb  stm32f4xx_it.o [1]
SetMotionCommand         0x800'4f1f   0x4e  Code  Gb  DeepJ60_Motor.o [1]
SetMotionParameters      0x800'4e7d   0xa2  Code  Gb  DeepJ60_Motor.o [1]
SetNormalCommand         0x800'4f6d    0x8  Code  Gb  DeepJ60_Motor.o [1]
Stat                    0x2000'0044    0x1  Data  Lc  sd_diskio.o [1]
Stat                    0x2000'0046    0x1  Data  Lc  user_diskio.o [1]
SysTick_Config           0x800'37fd   0x30  Code  Lc  stm32f4xx_hal_cortex.o [1]
SysTick_Handler          0x800'7785    0x8  Code  Gb  stm32f4xx_it.o [1]
SystemClock_Config       0x800'4c65   0xae  Code  Gb  main.o [1]
SystemCoreClock         0x2000'002c    0x4  Data  Gb  system_stm32f4xx.o [1]
SystemInit               0x800'7a01    0xc  Code  Gb  system_stm32f4xx.o [1]
TIM2_IRQHandler          0x800'77ab    0xa  Code  Gb  stm32f4xx_it.o [1]
TIM_Base_SetConfig       0x800'5a9f   0xd2  Code  Gb  stm32f4xx_hal_tim.o [1]
TIM_OC1_SetConfig        0x800'5b71   0x64  Code  Lc  stm32f4xx_hal_tim.o [1]
TIM_OC2_SetConfig        0x800'5bd5   0x6e  Code  Gb  stm32f4xx_hal_tim.o [1]
TIM_OC3_SetConfig        0x800'5c45   0x6c  Code  Lc  stm32f4xx_hal_tim.o [1]
TIM_OC4_SetConfig        0x800'5cb1   0x4c  Code  Lc  stm32f4xx_hal_tim.o [1]
TrotStateChange         0x2000'0792    0x1  Data  Gb  GaitController.o [1]
Trot_FSM                 0x800'6235  0x59c  Code  Gb  GaitController.o [1]
TxMailBox               0x2000'0778    0x4  Data  Gb  DeepJ60_can.o [1]
UART7_IRQHandler         0x800'77dd    0xa  Code  Gb  stm32f4xx_it.o [1]
UART8_IRQHandler         0x800'77e7    0xa  Code  Gb  stm32f4xx_it.o [1]
UART_DMAAbortOnError     0x800'3e55   0x16  Code  Lc  stm32f4xx_hal_uart.o [1]
UART_EndRxTransfer       0x800'3ded   0x66  Code  Lc  stm32f4xx_hal_uart.o [1]
UART_EndTransmit_IT      0x800'3ed3   0x20  Code  Lc  stm32f4xx_hal_uart.o [1]
UART_Receive_IT          0x800'3ef3   0xf6  Code  Lc  stm32f4xx_hal_uart.o [1]
UART_SetConfig           0x800'3fe9  0x2fc  Code  Lc  stm32f4xx_hal_uart.o [1]
UART_Start_Receive_IT    0x800'3da9   0x44  Code  Gb  stm32f4xx_hal_uart.o [1]
UART_Transmit_IT         0x800'3e6d   0x66  Code  Lc  stm32f4xx_hal_uart.o [1]
UART_WaitOnFlagUntilTimeout
                         0x800'3d25   0x84  Code  Lc  stm32f4xx_hal_uart.o [1]
USART6_IRQHandler        0x800'77d3    0xa  Code  Gb  stm32f4xx_it.o [1]
USERPath                0x2000'0780    0x4  Data  Gb  fatfs.o [1]
USER_Driver             0x2000'0030   0x14  Data  Gb  user_diskio.o [1]
USER_initialize          0x800'78b1    0xc  Code  Gb  user_diskio.o [1]
USER_ioctl               0x800'78e1    0x8  Code  Gb  user_diskio.o [1]
USER_read                0x800'78cd    0xa  Code  Gb  user_diskio.o [1]
USER_status              0x800'78bd    0xc  Code  Gb  user_diskio.o [1]
USER_write               0x800'78d7    0xa  Code  Gb  user_diskio.o [1]
UsageFault_Handler       0x800'777d    0x2  Code  Gb  stm32f4xx_it.o [1]
Walk_straight_Bezier     0x800'0fa5  0x172  Code  Gb  leg_control.o [1]
__NVIC_EnableIRQ         0x800'3771   0x20  Code  Lc  stm32f4xx_hal_cortex.o [1]
__NVIC_GetPriorityGrouping
                         0x800'3763    0xc  Code  Lc  stm32f4xx_hal_cortex.o [1]
__NVIC_SetPriority       0x800'3791   0x2c  Code  Lc  stm32f4xx_hal_cortex.o [1]
__NVIC_SetPriorityGrouping
                         0x800'3741   0x22  Code  Lc  stm32f4xx_hal_cortex.o [1]
__aeabi_cdcmpeq          0x800'1c91         Code  Gb  DblCmpEq.o [3]
__aeabi_cdcmple          0x800'1a91         Code  Gb  DblCmpLe.o [3]
__aeabi_cdrcmple         0x800'1cb1         Code  Gb  DblCmpGe.o [3]
__aeabi_d2f              0x800'11ad         Code  Gb  DblToFlt.o [3]
__aeabi_dadd             0x800'184d         Code  Gb  DblAdd.o [3]
__aeabi_ddiv             0x800'1319         Code  Gb  DblDiv.o [3]
__aeabi_dmul             0x800'1561         Code  Gb  DblMul.o [3]
__aeabi_dsub             0x800'1705         Code  Gb  DblSub.o [3]
__aeabi_f2d              0x800'1151         Code  Gb  FltToDbl.o [3]
__aeabi_ldiv0            0x800'5d75         Code  Gb  I64DivZer.o [4]
__aeabi_memclr4          0x800'3475         Code  Gb  ABImemclr4.o [4]
__aeabi_memcpy4          0x800'2bf9         Code  Gb  ABImemcpy.o [4]
__aeabi_memcpy8          0x800'2bf9         Code  Gb  ABImemcpy.o [4]
__aeabi_uldivmod         0x800'48f1         Code  Gb  I64DivMod.o [4]
__cmain                  0x800'7985         Code  Gb  cmain.o [4]
__exit                   0x800'79b9   0x14  Code  Gb  exit.o [5]
__iar_Atan64             0x800'1ac1  0x1d0  Code  Gb  iar_Atan64.o [3]
__iar_Memset4_word       0x800'38a1         Code  Gb  ABImemset48.o [4]
__iar_Memset8_word       0x800'38a1         Code  Gb  ABImemset48.o [4]
__iar_acos64             0x800'19c9   0xc8  Code  Gb  acos64.o [3]
__iar_copy_init3         0x800'78e9   0x2c  Code  Gb  copy_init3.o [4]
__iar_dadd               0x800'1715         Code  Gb  DblSub.o [3]
__iar_data_init3         0x800'7915   0x28  Code  Gb  data_init.o [4]
__iar_dsub               0x800'185d         Code  Gb  DblAdd.o [3]
__iar_dsubStart          0x800'186f         Code  Gb  DblAdd.o [3]
__iar_init_vfp           0x800'793d         Code  Gb  fpinit_M.o [3]
__iar_program_start      0x800'7a11         Code  Gb  cstartup_M.o [4]
__iar_round64            0x800'17f9         Code  Gb  round.o [3]
__iar_sqrt64             0x800'1225         Code  Gb  sqrt.o [3]
__iar_vfp___iar_round64
                         0x800'17e9         Code  Gb  round.o [3]
__iar_vfp___iar_sqrt64   0x800'1215         Code  Gb  sqrt.o [3]
__iar_vfp_acos           0x800'119f    0xc  Code  Gb  math_wrappers64.o [3]
__iar_vfp_round          0x800'17e9         Code  Gb  round.o [3]
__iar_vfp_roundl         0x800'17e9         Code  Gb  round.o [3]
__iar_vfp_sqrt           0x800'1215         Code  Gb  sqrt.o [3]
__iar_vfp_sqrtl          0x800'1215         Code  Gb  sqrt.o [3]
__iar_zero_init3         0x800'1117   0x3a  Code  Gb  zero_init3.o [4]
__low_level_init         0x800'79a3    0x4  Code  Gb  low_level_init.o [2]
__vector_table           0x800'0000         Data  Gb  startup_stm32f427xx.o [1]
_call_main               0x800'7991         Code  Gb  cmain.o [4]
_exit                    0x800'79ad         Code  Gb  cexit.o [4]
_main                    0x800'799f         Code  Gb  cmain.o [4]
a                        0x800'7870   0x40  Data  Lc  iar_Atan64.o [3]
acos                     0x800'19c9   0xc8  Code  Gb  acos64.o [3]
acosl                    0x800'19c9   0xc8  Code  Gb  acos64.o [3]
angle                   0x2000'0718   0x20  Data  Gb  main.o [1]
controller_signal       0x2000'078c    0x4  Data  Gb  usart.o [1]
disk                    0x2000'0754   0x10  Data  Gb  ff_gen_drv.o [1]
exit                     0x800'79a7    0x4  Code  Gb  exit.o [2]
hcan1                   0x2000'06c8   0x28  Data  Gb  can.o [1]
hcan2                   0x2000'06f0   0x28  Data  Gb  can.o [1]
hsd                     0x2000'04c8   0x84  Data  Gb  sdio.o [1]
htim2                   0x2000'05a8   0x48  Data  Gb  tim.o [1]
huart6                  0x2000'0680   0x48  Data  Gb  usart.o [1]
huart7                  0x2000'05f0   0x48  Data  Gb  usart.o [1]
huart8                  0x2000'0638   0x48  Data  Gb  usart.o [1]
last_t                  0x2000'0024    0x4  Data  Gb  main.o [1]
main                     0x800'4b21  0x144  Code  Gb  main.o [1]
retSD                   0x2000'0790    0x1  Data  Gb  fatfs.o [1]
retUSER                 0x2000'0791    0x1  Data  Gb  fatfs.o [1]
rotate_direction        0x2000'0793    0x1  Data  Gb  GaitController.o [1]
round                    0x800'17f9         Code  Gb  round.o [3]
roundl                   0x800'17f9         Code  Gb  round.o [3]
sqrt                     0x800'1225         Code  Gb  sqrt.o [3]
sqrtl                    0x800'1225         Code  Gb  sqrt.o [3]
t                       0x2000'0784    0x4  Data  Gb  main.o [1]
trot_controller         0x2000'0000    0x4  Data  Gb  GaitController.o [1]
usart_motor_data        0x2000'0764   0x10  Data  Gb  leg_control.o [1]
uwTick                  0x2000'0788    0x4  Data  Gb  stm32f4xx_hal.o [1]
uwTickFreq              0x2000'0045    0x1  Data  Gb  stm32f4xx_hal.o [1]
uwTickPrio              0x2000'0028    0x4  Data  Gb  stm32f4xx_hal.o [1]


[1] = F:\none\Study\Other\Robot\RTS team\Robocon-FourFoot-2025\Code\Quadruped_Robot_20241025_backup\EWARM\Quadruped_Robot_20241025\Obj
[2] = dl7M_tlf.a
[3] = m7M_tls.a
[4] = rt7M_tl.a
[5] = shb_l.a

  31 358 bytes of readonly  code memory
     230 bytes of readonly  data memory
   2 963 bytes of readwrite data memory

Errors: none
Warnings: none
