###############################################################################
#
# IAR ELF Linker V8.32.1.169/W32 for ARM                  14/Jun/2025  22:12:00
# Copyright 2007-2018 IAR Systems AB.
#
#    Output file  =  
#        F:\none\Study\Other\Robot\RTS
#        team\Robocon-FourFoot-2025\Code\Robocon-2025-Code\MainMCU\EWARM\zhukongv2\Exe\zhukongv2.out
#    Map file     =  
#        F:\none\Study\Other\Robot\RTS
#        team\Robocon-FourFoot-2025\Code\Robocon-2025-Code\MainMCU\EWARM\zhukongv2\List\zhukongv2.map
#    Command line =  
#        -f C:\Users\86136\AppData\Local\Temp\EW5FCA.tmp
#        ("F:\none\Study\Other\Robot\RTS
#        team\Robocon-FourFoot-2025\Code\Robocon-2025-Code\MainMCU\EWARM\zhukongv2\Obj\bsp_driver_sd.o"
#        "F:\none\Study\Other\Robot\RTS
#        team\Robocon-FourFoot-2025\Code\Robocon-2025-Code\MainMCU\EWARM\zhukongv2\Obj\Callback.o"
#        "F:\none\Study\Other\Robot\RTS
#        team\Robocon-FourFoot-2025\Code\Robocon-2025-Code\MainMCU\EWARM\zhukongv2\Obj\Camera.o"
#        "F:\none\Study\Other\Robot\RTS
#        team\Robocon-FourFoot-2025\Code\Robocon-2025-Code\MainMCU\EWARM\zhukongv2\Obj\can.o"
#        "F:\none\Study\Other\Robot\RTS
#        team\Robocon-FourFoot-2025\Code\Robocon-2025-Code\MainMCU\EWARM\zhukongv2\Obj\cc936.o"
#        "F:\none\Study\Other\Robot\RTS
#        team\Robocon-FourFoot-2025\Code\Robocon-2025-Code\MainMCU\EWARM\zhukongv2\Obj\cmsis_os2.o"
#        "F:\none\Study\Other\Robot\RTS
#        team\Robocon-FourFoot-2025\Code\Robocon-2025-Code\MainMCU\EWARM\zhukongv2\Obj\croutine.o"
#        "F:\none\Study\Other\Robot\RTS
#        team\Robocon-FourFoot-2025\Code\Robocon-2025-Code\MainMCU\EWARM\zhukongv2\Obj\CurvePlan.o"
#        "F:\none\Study\Other\Robot\RTS
#        team\Robocon-FourFoot-2025\Code\Robocon-2025-Code\MainMCU\EWARM\zhukongv2\Obj\DeepJ60_can.o"
#        "F:\none\Study\Other\Robot\RTS
#        team\Robocon-FourFoot-2025\Code\Robocon-2025-Code\MainMCU\EWARM\zhukongv2\Obj\DeepJ60_Motor.o"
#        "F:\none\Study\Other\Robot\RTS
#        team\Robocon-FourFoot-2025\Code\Robocon-2025-Code\MainMCU\EWARM\zhukongv2\Obj\diskio.o"
#        "F:\none\Study\Other\Robot\RTS
#        team\Robocon-FourFoot-2025\Code\Robocon-2025-Code\MainMCU\EWARM\zhukongv2\Obj\dma.o"
#        "F:\none\Study\Other\Robot\RTS
#        team\Robocon-FourFoot-2025\Code\Robocon-2025-Code\MainMCU\EWARM\zhukongv2\Obj\event_groups.o"
#        "F:\none\Study\Other\Robot\RTS
#        team\Robocon-FourFoot-2025\Code\Robocon-2025-Code\MainMCU\EWARM\zhukongv2\Obj\fatfs.o"
#        "F:\none\Study\Other\Robot\RTS
#        team\Robocon-FourFoot-2025\Code\Robocon-2025-Code\MainMCU\EWARM\zhukongv2\Obj\ff.o"
#        "F:\none\Study\Other\Robot\RTS
#        team\Robocon-FourFoot-2025\Code\Robocon-2025-Code\MainMCU\EWARM\zhukongv2\Obj\ff_gen_drv.o"
#        "F:\none\Study\Other\Robot\RTS
#        team\Robocon-FourFoot-2025\Code\Robocon-2025-Code\MainMCU\EWARM\zhukongv2\Obj\freertos.o"
#        "F:\none\Study\Other\Robot\RTS
#        team\Robocon-FourFoot-2025\Code\Robocon-2025-Code\MainMCU\EWARM\zhukongv2\Obj\GaitController.o"
#        "F:\none\Study\Other\Robot\RTS
#        team\Robocon-FourFoot-2025\Code\Robocon-2025-Code\MainMCU\EWARM\zhukongv2\Obj\gpio.o"
#        "F:\none\Study\Other\Robot\RTS
#        team\Robocon-FourFoot-2025\Code\Robocon-2025-Code\MainMCU\EWARM\zhukongv2\Obj\Handle.o"
#        "F:\none\Study\Other\Robot\RTS
#        team\Robocon-FourFoot-2025\Code\Robocon-2025-Code\MainMCU\EWARM\zhukongv2\Obj\heap_4.o"
#        "F:\none\Study\Other\Robot\RTS
#        team\Robocon-FourFoot-2025\Code\Robocon-2025-Code\MainMCU\EWARM\zhukongv2\Obj\imu.o"
#        "F:\none\Study\Other\Robot\RTS
#        team\Robocon-FourFoot-2025\Code\Robocon-2025-Code\MainMCU\EWARM\zhukongv2\Obj\KinematicSolution.o"
#        "F:\none\Study\Other\Robot\RTS
#        team\Robocon-FourFoot-2025\Code\Robocon-2025-Code\MainMCU\EWARM\zhukongv2\Obj\list.o"
#        "F:\none\Study\Other\Robot\RTS
#        team\Robocon-FourFoot-2025\Code\Robocon-2025-Code\MainMCU\EWARM\zhukongv2\Obj\LogSystem.o"
#        "F:\none\Study\Other\Robot\RTS
#        team\Robocon-FourFoot-2025\Code\Robocon-2025-Code\MainMCU\EWARM\zhukongv2\Obj\main.o"
#        "F:\none\Study\Other\Robot\RTS
#        team\Robocon-FourFoot-2025\Code\Robocon-2025-Code\MainMCU\EWARM\zhukongv2\Obj\nrf.o"
#        "F:\none\Study\Other\Robot\RTS
#        team\Robocon-FourFoot-2025\Code\Robocon-2025-Code\MainMCU\EWARM\zhukongv2\Obj\port.o"
#        "F:\none\Study\Other\Robot\RTS
#        team\Robocon-FourFoot-2025\Code\Robocon-2025-Code\MainMCU\EWARM\zhukongv2\Obj\portasm.o"
#        "F:\none\Study\Other\Robot\RTS
#        team\Robocon-FourFoot-2025\Code\Robocon-2025-Code\MainMCU\EWARM\zhukongv2\Obj\queue.o"
#        "F:\none\Study\Other\Robot\RTS
#        team\Robocon-FourFoot-2025\Code\Robocon-2025-Code\MainMCU\EWARM\zhukongv2\Obj\sd_diskio.o"
#        "F:\none\Study\Other\Robot\RTS
#        team\Robocon-FourFoot-2025\Code\Robocon-2025-Code\MainMCU\EWARM\zhukongv2\Obj\sdio.o"
#        "F:\none\Study\Other\Robot\RTS
#        team\Robocon-FourFoot-2025\Code\Robocon-2025-Code\MainMCU\EWARM\zhukongv2\Obj\spi.o"
#        "F:\none\Study\Other\Robot\RTS
#        team\Robocon-FourFoot-2025\Code\Robocon-2025-Code\MainMCU\EWARM\zhukongv2\Obj\startup_stm32f427xx.o"
#        "F:\none\Study\Other\Robot\RTS
#        team\Robocon-FourFoot-2025\Code\Robocon-2025-Code\MainMCU\EWARM\zhukongv2\Obj\stm32f4xx_hal.o"
#        "F:\none\Study\Other\Robot\RTS
#        team\Robocon-FourFoot-2025\Code\Robocon-2025-Code\MainMCU\EWARM\zhukongv2\Obj\stm32f4xx_hal_can.o"
#        "F:\none\Study\Other\Robot\RTS
#        team\Robocon-FourFoot-2025\Code\Robocon-2025-Code\MainMCU\EWARM\zhukongv2\Obj\stm32f4xx_hal_cortex.o"
#        "F:\none\Study\Other\Robot\RTS
#        team\Robocon-FourFoot-2025\Code\Robocon-2025-Code\MainMCU\EWARM\zhukongv2\Obj\stm32f4xx_hal_dma.o"
#        "F:\none\Study\Other\Robot\RTS
#        team\Robocon-FourFoot-2025\Code\Robocon-2025-Code\MainMCU\EWARM\zhukongv2\Obj\stm32f4xx_hal_dma_ex.o"
#        "F:\none\Study\Other\Robot\RTS
#        team\Robocon-FourFoot-2025\Code\Robocon-2025-Code\MainMCU\EWARM\zhukongv2\Obj\stm32f4xx_hal_exti.o"
#        "F:\none\Study\Other\Robot\RTS
#        team\Robocon-FourFoot-2025\Code\Robocon-2025-Code\MainMCU\EWARM\zhukongv2\Obj\stm32f4xx_hal_flash.o"
#        "F:\none\Study\Other\Robot\RTS
#        team\Robocon-FourFoot-2025\Code\Robocon-2025-Code\MainMCU\EWARM\zhukongv2\Obj\stm32f4xx_hal_flash_ex.o"
#        "F:\none\Study\Other\Robot\RTS
#        team\Robocon-FourFoot-2025\Code\Robocon-2025-Code\MainMCU\EWARM\zhukongv2\Obj\stm32f4xx_hal_flash_ramfunc.o"
#        "F:\none\Study\Other\Robot\RTS
#        team\Robocon-FourFoot-2025\Code\Robocon-2025-Code\MainMCU\EWARM\zhukongv2\Obj\stm32f4xx_hal_gpio.o"
#        "F:\none\Study\Other\Robot\RTS
#        team\Robocon-FourFoot-2025\Code\Robocon-2025-Code\MainMCU\EWARM\zhukongv2\Obj\stm32f4xx_hal_msp.o"
#        "F:\none\Study\Other\Robot\RTS
#        team\Robocon-FourFoot-2025\Code\Robocon-2025-Code\MainMCU\EWARM\zhukongv2\Obj\stm32f4xx_hal_pwr.o"
#        "F:\none\Study\Other\Robot\RTS
#        team\Robocon-FourFoot-2025\Code\Robocon-2025-Code\MainMCU\EWARM\zhukongv2\Obj\stm32f4xx_hal_pwr_ex.o"
#        "F:\none\Study\Other\Robot\RTS
#        team\Robocon-FourFoot-2025\Code\Robocon-2025-Code\MainMCU\EWARM\zhukongv2\Obj\stm32f4xx_hal_rcc.o"
#        "F:\none\Study\Other\Robot\RTS
#        team\Robocon-FourFoot-2025\Code\Robocon-2025-Code\MainMCU\EWARM\zhukongv2\Obj\stm32f4xx_hal_rcc_ex.o"
#        "F:\none\Study\Other\Robot\RTS
#        team\Robocon-FourFoot-2025\Code\Robocon-2025-Code\MainMCU\EWARM\zhukongv2\Obj\stm32f4xx_hal_sd.o"
#        "F:\none\Study\Other\Robot\RTS
#        team\Robocon-FourFoot-2025\Code\Robocon-2025-Code\MainMCU\EWARM\zhukongv2\Obj\stm32f4xx_hal_spi.o"
#        "F:\none\Study\Other\Robot\RTS
#        team\Robocon-FourFoot-2025\Code\Robocon-2025-Code\MainMCU\EWARM\zhukongv2\Obj\stm32f4xx_hal_tim.o"
#        "F:\none\Study\Other\Robot\RTS
#        team\Robocon-FourFoot-2025\Code\Robocon-2025-Code\MainMCU\EWARM\zhukongv2\Obj\stm32f4xx_hal_tim_ex.o"
#        "F:\none\Study\Other\Robot\RTS
#        team\Robocon-FourFoot-2025\Code\Robocon-2025-Code\MainMCU\EWARM\zhukongv2\Obj\stm32f4xx_hal_uart.o"
#        "F:\none\Study\Other\Robot\RTS
#        team\Robocon-FourFoot-2025\Code\Robocon-2025-Code\MainMCU\EWARM\zhukongv2\Obj\stm32f4xx_it.o"
#        "F:\none\Study\Other\Robot\RTS
#        team\Robocon-FourFoot-2025\Code\Robocon-2025-Code\MainMCU\EWARM\zhukongv2\Obj\stm32f4xx_ll_sdmmc.o"
#        "F:\none\Study\Other\Robot\RTS
#        team\Robocon-FourFoot-2025\Code\Robocon-2025-Code\MainMCU\EWARM\zhukongv2\Obj\stream_buffer.o"
#        "F:\none\Study\Other\Robot\RTS
#        team\Robocon-FourFoot-2025\Code\Robocon-2025-Code\MainMCU\EWARM\zhukongv2\Obj\syscall.o"
#        "F:\none\Study\Other\Robot\RTS
#        team\Robocon-FourFoot-2025\Code\Robocon-2025-Code\MainMCU\EWARM\zhukongv2\Obj\system_stm32f4xx.o"
#        "F:\none\Study\Other\Robot\RTS
#        team\Robocon-FourFoot-2025\Code\Robocon-2025-Code\MainMCU\EWARM\zhukongv2\Obj\tasks.o"
#        "F:\none\Study\Other\Robot\RTS
#        team\Robocon-FourFoot-2025\Code\Robocon-2025-Code\MainMCU\EWARM\zhukongv2\Obj\tim.o"
#        "F:\none\Study\Other\Robot\RTS
#        team\Robocon-FourFoot-2025\Code\Robocon-2025-Code\MainMCU\EWARM\zhukongv2\Obj\timers.o"
#        "F:\none\Study\Other\Robot\RTS
#        team\Robocon-FourFoot-2025\Code\Robocon-2025-Code\MainMCU\EWARM\zhukongv2\Obj\usart.o"
#        "F:\none\Study\Other\Robot\RTS
#        team\Robocon-FourFoot-2025\Code\Robocon-2025-Code\MainMCU\EWARM\zhukongv2\Obj\user_diskio.o"
#        --no_out_extension -o "F:\none\Study\Other\Robot\RTS
#        team\Robocon-FourFoot-2025\Code\Robocon-2025-Code\MainMCU\EWARM\zhukongv2\Exe\zhukongv2.out"
#        --redirect _Printf=_PrintfFullNoMb --redirect _Scanf=_ScanfFullNoMb
#        --map "F:\none\Study\Other\Robot\RTS
#        team\Robocon-FourFoot-2025\Code\Robocon-2025-Code\MainMCU\EWARM\zhukongv2\List\zhukongv2.map"
#        --config "F:\none\Study\Other\Robot\RTS
#        team\Robocon-FourFoot-2025\Code\Robocon-2025-Code\MainMCU\EWARM/stm32f427xx_flash.icf"
#        --semihosting --entry __iar_program_start --vfe --text_out locale)
#
###############################################################################

*******************************************************************************
*** RUNTIME MODEL ATTRIBUTES
***

CppFlavor       = *
__SystemLibrary = DLib
__dlib_version  = 6


*******************************************************************************
*** HEAP SELECTION
***

The basic heap was selected because no calls to memory allocation
functions were found in the application outside of system library
functions, and there are calls to deallocation functions in the
application.


*******************************************************************************
*** PLACEMENT SUMMARY
***

"A0":  place at 0x800'0000 { ro section .intvec };
"P1":  place in [from 0x800'0000 to 0x81f'ffff] { ro };
define block CSTACK with size = 1K, alignment = 8 { };
define block HEAP with size = 512, alignment = 8 { };
"P2":  place in [from 0x2000'0000 to 0x2002'ffff] {
          rw, block CSTACK, block HEAP };
initialize by copy { rw };

  Section            Kind         Address    Size  Object
  -------            ----         -------    ----  ------
"A0":                                       0x1ac
  .intvec            ro code   0x800'0000   0x1ac  startup_stm32f427xx.o [1]
                             - 0x800'01ac   0x1ac

"P1":                                      0xf9ef
  .text              ro code   0x800'01ac  0x4a4c  GaitController.o [1]
  .text              ro code   0x800'4bf8    0x1a  U32ToDbl.o [3]
  .text              ro code   0x800'4c12    0x7a  lz77_init_single.o [4]
  .text              ro code   0x800'4c8c   0x1a2  DblMul.o [3]
  .text              ro code   0x800'4e2e    0x3a  zero_init3.o [4]
  .text              ro code   0x800'4e68    0x68  DblToFlt.o [3]
  .text              ro code   0x800'4ed0   0x534  stm32f4xx_hal_spi.o [1]
  .text              ro code   0x800'5404   0x91c  DeepJ60_Motor.o [1]
  .text              ro code   0x800'5d20   0xd14  tasks.o [1]
  .text              ro code   0x800'6a34   0x2b0  KinematicSolution.o [1]
  .text              ro code   0x800'6ce4     0x6  ABImemclr4.o [4]
  .text              ro code   0x800'6cec    0x48  FltToDbl.o [3]
  .text              ro code   0x800'6d34   0x246  DblDiv.o [3]
  .text              ro code   0x800'6f7c   0x310  CurvePlan.o [1]
  .text              ro code   0x800'728c   0x17a  DblAdd.o [3]
  .text              ro code   0x800'7408    0xe2  DblSub.o [3]
  .text              ro code   0x800'74ec    0x2e  DblCmpLe.o [3]
  .text              ro code   0x800'751c    0x2e  DblCmpGe.o [3]
  .text              ro code   0x800'754c    0xa6  ABImemcpy.o [4]
  .text              ro code   0x800'75f4   0x178  spi.o [1]
  .text              ro code   0x800'776c     0xc  stm32f4xx_hal.o [1]
  .text              ro code   0x800'7778   0x548  stm32f4xx_hal_dma.o [1]
  .text              ro code   0x800'7cc0     0x2  stm32f4xx_hal_spi.o [1]
  .text              ro code   0x800'7cc4   0x138  DeepJ60_can.o [1]
  .text              ro code   0x800'7dfc   0x288  heap_4.o [1]
  .text              ro code   0x800'8084    0x66  ABImemset.o [4]
  .text              ro code   0x800'80ea    0x9a  list.o [1]
  .text              ro code   0x800'8184   0x25c  port.o [1]
  .text              ro code   0x800'83e0    0x18  cmsis_os2.o [1]
  .text              ro code   0x800'83f8   0x4d4  timers.o [1]
  .text              ro code   0x800'88cc   0xf40  freertos.o [1]
  .text              ro code   0x800'980c   0x102  sqrt.o [3]
  .text              ro code   0x800'9910    0x12  math_wrappers64.o [3]
  .text              ro code   0x800'9924    0x62  round.o [3]
  .text              ro code   0x800'9988    0x32  ABImemset48.o [4]
  .text              ro code   0x800'99bc   0x254  main.o [1]
  .text              ro code   0x800'9c10   0x29c  stm32f4xx_hal_gpio.o [1]
  .text              ro code   0x800'9eac   0x15c  stm32f4xx_hal_cortex.o [1]
  .text              ro code   0x800'a008   0x7e2  stm32f4xx_hal_can.o [1]
  CODE               ro code   0x800'a7ec    0xb0  portasm.o [1]
  .text              ro code   0x800'a89c    0x18  cmsis_os2.o [1]
  .text              ro code   0x800'a8b4   0x878  queue.o [1]
  .text              ro code   0x800'b12c   0x3d4  cmsis_os2.o [1]
  .text              ro code   0x800'b500     0x8  abs.o [2]
  .text              ro code   0x800'b508   0x590  stm32f4xx_hal_tim.o [1]
  .text              ro code   0x800'ba98    0xa8  Handle.o [1]
  .text              ro code   0x800'bb40    0x40  Camera.o [1]
  .text              ro code   0x800'bb80    0xc8  acos64.o [3]
  .text              ro code   0x800'bc48    0x34  stm32f4xx_hal.o [1]
  .text              ro code   0x800'bc7c   0x130  gpio.o [1]
  .text              ro code   0x800'bdac    0x30  dma.o [1]
  .text              ro code   0x800'bddc   0x274  can.o [1]
  .text              ro code   0x800'c050    0xc0  tim.o [1]
  .text              ro code   0x800'c110    0xe4  sdio.o [1]
  .text              ro code   0x800'c1f4    0x34  fatfs.o [1]
  .text              ro code   0x800'c228   0x2f4  usart.o [1]
  .text              ro code   0x800'c51c    0x28  stm32f4xx_hal.o [1]
  .text              ro code   0x800'c544   0xb5c  stm32f4xx_hal_uart.o [1]
  .text              ro code   0x800'd0a0   0x3ec  stm32f4xx_hal_rcc.o [1]
  .text              ro code   0x800'd48c    0x7c  stm32f4xx_hal_pwr_ex.o [1]
  .text              ro code   0x800'd508   0x22c  stm32f4xx_hal_rcc.o [1]
  .text              ro code   0x800'd734     0x2  stm32f4xx_hal_can.o [1]
  .text              ro code   0x800'd736     0x2  stm32f4xx_hal_can.o [1]
  .text              ro code   0x800'd738     0x2  stm32f4xx_hal_can.o [1]
  .text              ro code   0x800'd73a     0x2  stm32f4xx_hal_can.o [1]
  .text              ro code   0x800'd73c     0x2  stm32f4xx_hal_can.o [1]
  .text              ro code   0x800'd73e     0x2  stm32f4xx_hal_can.o [1]
  .text              ro code   0x800'd740     0x2  stm32f4xx_hal_can.o [1]
  .text              ro code   0x800'd744   0x120  Callback.o [1]
  .text              ro code   0x800'd864     0x2  stm32f4xx_hal_can.o [1]
  .text              ro code   0x800'd866     0x2  stm32f4xx_hal_can.o [1]
  .text              ro code   0x800'd868     0x2  stm32f4xx_hal_can.o [1]
  .text              ro code   0x800'd86a     0x2  stm32f4xx_hal_can.o [1]
  .text              ro code   0x800'd86c     0x2  stm32f4xx_hal_can.o [1]
  .text              ro code   0x800'd86e     0x2  stm32f4xx_hal_tim.o [1]
  .text              ro code   0x800'd870     0x2  stm32f4xx_hal_tim.o [1]
  .text              ro code   0x800'd872     0x2  stm32f4xx_hal_tim.o [1]
  .text              ro code   0x800'd874     0x2  stm32f4xx_hal_tim_ex.o [1]
  .text              ro code   0x800'd876     0x2  stm32f4xx_hal_tim.o [1]
  .text              ro code   0x800'd878     0x2  stm32f4xx_hal_tim_ex.o [1]
  .text              ro code   0x800'd87c   0x1d0  iar_Atan64.o [3]
  .text              ro code   0x800'da4c    0x4c  stm32f4xx_hal.o [1]
  .text              ro code   0x800'da98    0x48  stm32f4xx_hal_msp.o [1]
  .text              ro code   0x800'dae0    0xac  stm32f4xx_hal_tim_ex.o [1]
  .text              ro code   0x800'db8c    0x60  ff_gen_drv.o [1]
  .text              ro code   0x800'dbec     0x2  stm32f4xx_hal_uart.o [1]
  .text              ro code   0x800'dbee     0x2  stm32f4xx_hal_uart.o [1]
  .text              ro code   0x800'dbf0     0x2  stm32f4xx_hal_uart.o [1]
  .text              ro code   0x800'dbf4   0x230  I64DivMod.o [4]
  .text              ro code   0x800'de24    0x20  DblCmpEq.o [3]
  .text              ro code   0x800'de44     0x2  I64DivZer.o [4]
  .text              ro code   0x800'de48   0xc26  stm32f4xx_hal_sd.o [1]
  .text              ro code   0x800'ea70   0x6d8  stm32f4xx_ll_sdmmc.o [1]
  .text              ro code   0x800'f148     0x2  stm32f4xx_hal_sd.o [1]
  .text              ro code   0x800'f14a    0x20  bsp_driver_sd.o [1]
  .text              ro code   0x800'f16c   0x22c  sd_diskio.o [1]
  .text              ro code   0x800'f398    0x1c  bsp_driver_sd.o [1]
  .text              ro code   0x800'f3b4    0x20  bsp_driver_sd.o [1]
  .text              ro code   0x800'f3d4    0x28  bsp_driver_sd.o [1]
  .text              ro code   0x800'f3fc    0x28  bsp_driver_sd.o [1]
  .text              ro code   0x800'f424    0x14  bsp_driver_sd.o [1]
  .text              ro code   0x800'f438    0x10  bsp_driver_sd.o [1]
  .text              ro code   0x800'f448    0xb4  stm32f4xx_it.o [1]
  .text              ro code   0x800'f4fc    0x18  stm32f4xx_hal.o [1]
  .rodata            const     0x800'f518    0x40  iar_Atan64.o [3]
  .text              ro code   0x800'f558    0x38  user_diskio.o [1]
  .text              ro code   0x800'f590    0x28  data_init.o [4]
  .rodata            const     0x800'f5b8    0x24  freertos.o [1]
  .rodata            const     0x800'f5dc    0x24  freertos.o [1]
  .rodata            const     0x800'f600    0x24  freertos.o [1]
  .rodata            const     0x800'f624    0x24  freertos.o [1]
  .rodata            const     0x800'f648    0x24  freertos.o [1]
  .rodata            const     0x800'f66c    0x24  freertos.o [1]
  .rodata            const     0x800'f690    0x24  freertos.o [1]
  .rodata            const     0x800'f6b4    0x24  freertos.o [1]
  .rodata            const     0x800'f6d8    0x24  freertos.o [1]
  .rodata            const     0x800'f6fc    0x24  freertos.o [1]
  .rodata            const     0x800'f720    0x24  freertos.o [1]
  .rodata            const     0x800'f744    0x24  freertos.o [1]
  .rodata            const     0x800'f768    0x24  freertos.o [1]
  .rodata            const     0x800'f78c    0x24  freertos.o [1]
  .rodata            const     0x800'f7b0    0x24  freertos.o [1]
  .rodata            const     0x800'f7d4    0x24  freertos.o [1]
  .text              ro code   0x800'f7f8    0x22  fpinit_M.o [3]
  .iar.init_table    const     0x800'f81c    0x20  - Linker created -
  .text              ro code   0x800'f83c    0x1e  cmain.o [4]
  .text              ro code   0x800'f85a     0x4  low_level_init.o [2]
  .text              ro code   0x800'f85e     0x4  exit.o [2]
  .text              ro code   0x800'f864     0xa  cexit.o [4]
  .text              ro code   0x800'f870    0x14  exit.o [5]
  .rodata            const     0x800'f884    0x14  sd_diskio.o [1]
  .rodata            const     0x800'f898    0x10  freertos.o [1]
  .rodata            const     0x800'f8a8    0x10  freertos.o [1]
  .rodata            const     0x800'f8b8    0x10  GaitController.o [1]
  .rodata            const     0x800'f8c8    0x10  system_stm32f4xx.o [1]
  .text              ro code   0x800'f8d8    0x10  startup_stm32f427xx.o [1]
  .text              ro code   0x800'f8e8    0x10  system_stm32f4xx.o [1]
  .rodata            const     0x800'f8f8     0xc  freertos.o [1]
  .rodata            const     0x800'f904     0xc  freertos.o [1]
  .rodata            const     0x800'f910     0xc  freertos.o [1]
  .rodata            const     0x800'f91c     0xc  freertos.o [1]
  .rodata            const     0x800'f928     0xc  freertos.o [1]
  .rodata            const     0x800'f934     0xc  freertos.o [1]
  .rodata            const     0x800'f940     0xc  freertos.o [1]
  .rodata            const     0x800'f94c     0xc  freertos.o [1]
  .rodata            const     0x800'f958     0xc  freertos.o [1]
  .rodata            const     0x800'f964     0xc  freertos.o [1]
  .rodata            const     0x800'f970     0xc  freertos.o [1]
  .rodata            const     0x800'f97c     0xc  freertos.o [1]
  .text              ro code   0x800'f988     0xc  cstartup_M.o [4]
  .rodata            const     0x800'f994     0x8  freertos.o [1]
  .rodata            const     0x800'f99c     0x8  freertos.o [1]
  .rodata            const     0x800'f9a4     0x8  stm32f4xx_hal_dma.o [1]
  .rodata            const     0x800'f9ac     0x8  system_stm32f4xx.o [1]
  .rodata            const     0x800'f9b4     0x8  tasks.o [1]
  .rodata            const     0x800'f9bc     0x8  tim.o [1]
  .rodata            const     0x800'f9c4     0x8  timers.o [1]
  .rodata            const     0x800'f9cc     0x8  timers.o [1]
  .rodata            const     0x800'f9d4     0x4  heap_4.o [1]
  .rodata            const     0x800'f9d8     0x4  port.o [1]
  .text              ro code   0x800'f9dc     0x4  startup_stm32f427xx.o [1]
  .text              ro code   0x800'f9e0     0x4  startup_stm32f427xx.o [1]
  .text              ro code   0x800'f9e4     0x4  startup_stm32f427xx.o [1]
  .text              ro code   0x800'f9e8     0x4  startup_stm32f427xx.o [1]
  .text              ro code   0x800'f9ec     0x4  startup_stm32f427xx.o [1]
  .text              ro code   0x800'f9f0     0x4  startup_stm32f427xx.o [1]
  .text              ro code   0x800'f9f4     0x4  startup_stm32f427xx.o [1]
  .text              ro code   0x800'f9f8     0x4  startup_stm32f427xx.o [1]
  .text              ro code   0x800'f9fc     0x4  startup_stm32f427xx.o [1]
  .text              ro code   0x800'fa00     0x4  startup_stm32f427xx.o [1]
  .text              ro code   0x800'fa04     0x4  startup_stm32f427xx.o [1]
  .text              ro code   0x800'fa08     0x4  startup_stm32f427xx.o [1]
  .text              ro code   0x800'fa0c     0x4  startup_stm32f427xx.o [1]
  .text              ro code   0x800'fa10     0x4  startup_stm32f427xx.o [1]
  .text              ro code   0x800'fa14     0x4  startup_stm32f427xx.o [1]
  .text              ro code   0x800'fa18     0x4  startup_stm32f427xx.o [1]
  .text              ro code   0x800'fa1c     0x4  startup_stm32f427xx.o [1]
  .text              ro code   0x800'fa20     0x4  startup_stm32f427xx.o [1]
  .text              ro code   0x800'fa24     0x4  startup_stm32f427xx.o [1]
  .text              ro code   0x800'fa28     0x4  startup_stm32f427xx.o [1]
  .text              ro code   0x800'fa2c     0x4  startup_stm32f427xx.o [1]
  .text              ro code   0x800'fa30     0x4  startup_stm32f427xx.o [1]
  .text              ro code   0x800'fa34     0x4  startup_stm32f427xx.o [1]
  .text              ro code   0x800'fa38     0x4  startup_stm32f427xx.o [1]
  .text              ro code   0x800'fa3c     0x4  startup_stm32f427xx.o [1]
  .text              ro code   0x800'fa40     0x4  startup_stm32f427xx.o [1]
  .text              ro code   0x800'fa44     0x4  startup_stm32f427xx.o [1]
  .text              ro code   0x800'fa48     0x4  startup_stm32f427xx.o [1]
  .text              ro code   0x800'fa4c     0x4  startup_stm32f427xx.o [1]
  .text              ro code   0x800'fa50     0x4  startup_stm32f427xx.o [1]
  .text              ro code   0x800'fa54     0x4  startup_stm32f427xx.o [1]
  .text              ro code   0x800'fa58     0x4  startup_stm32f427xx.o [1]
  .text              ro code   0x800'fa5c     0x4  startup_stm32f427xx.o [1]
  .text              ro code   0x800'fa60     0x4  startup_stm32f427xx.o [1]
  .text              ro code   0x800'fa64     0x4  startup_stm32f427xx.o [1]
  .text              ro code   0x800'fa68     0x4  startup_stm32f427xx.o [1]
  .text              ro code   0x800'fa6c     0x4  startup_stm32f427xx.o [1]
  .text              ro code   0x800'fa70     0x4  startup_stm32f427xx.o [1]
  .text              ro code   0x800'fa74     0x4  startup_stm32f427xx.o [1]
  .text              ro code   0x800'fa78     0x4  startup_stm32f427xx.o [1]
  .text              ro code   0x800'fa7c     0x4  startup_stm32f427xx.o [1]
  .text              ro code   0x800'fa80     0x4  startup_stm32f427xx.o [1]
  .text              ro code   0x800'fa84     0x4  startup_stm32f427xx.o [1]
  .text              ro code   0x800'fa88     0x4  startup_stm32f427xx.o [1]
  .text              ro code   0x800'fa8c     0x4  startup_stm32f427xx.o [1]
  .text              ro code   0x800'fa90     0x4  startup_stm32f427xx.o [1]
  .text              ro code   0x800'fa94     0x4  startup_stm32f427xx.o [1]
  .text              ro code   0x800'fa98     0x4  startup_stm32f427xx.o [1]
  .text              ro code   0x800'fa9c     0x4  startup_stm32f427xx.o [1]
  .text              ro code   0x800'faa0     0x4  startup_stm32f427xx.o [1]
  .text              ro code   0x800'faa4     0x4  startup_stm32f427xx.o [1]
  .text              ro code   0x800'faa8     0x4  startup_stm32f427xx.o [1]
  .text              ro code   0x800'faac     0x4  startup_stm32f427xx.o [1]
  .text              ro code   0x800'fab0     0x4  startup_stm32f427xx.o [1]
  .text              ro code   0x800'fab4     0x4  startup_stm32f427xx.o [1]
  .text              ro code   0x800'fab8     0x4  startup_stm32f427xx.o [1]
  .text              ro code   0x800'fabc     0x4  startup_stm32f427xx.o [1]
  .text              ro code   0x800'fac0     0x4  startup_stm32f427xx.o [1]
  .text              ro code   0x800'fac4     0x4  startup_stm32f427xx.o [1]
  .text              ro code   0x800'fac8     0x4  startup_stm32f427xx.o [1]
  .text              ro code   0x800'facc     0x4  startup_stm32f427xx.o [1]
  .text              ro code   0x800'fad0     0x4  startup_stm32f427xx.o [1]
  .text              ro code   0x800'fad4     0x4  startup_stm32f427xx.o [1]
  .text              ro code   0x800'fad8     0x4  startup_stm32f427xx.o [1]
  .text              ro code   0x800'fadc     0x4  startup_stm32f427xx.o [1]
  .text              ro code   0x800'fae0     0x4  startup_stm32f427xx.o [1]
  .text              ro code   0x800'fae4     0x4  startup_stm32f427xx.o [1]
  .text              ro code   0x800'fae8     0x4  startup_stm32f427xx.o [1]
  .text              ro code   0x800'faec     0x4  startup_stm32f427xx.o [1]
  .text              ro code   0x800'faf0     0x4  startup_stm32f427xx.o [1]
  .text              ro code   0x800'faf4     0x4  startup_stm32f427xx.o [1]
  .text              ro code   0x800'faf8     0x4  startup_stm32f427xx.o [1]
  .text              ro code   0x800'fafc     0x4  startup_stm32f427xx.o [1]
  .text              ro code   0x800'fb00     0x4  startup_stm32f427xx.o [1]
  .text              ro code   0x800'fb04     0x4  startup_stm32f427xx.o [1]
  .text              ro code   0x800'fb08     0x4  startup_stm32f427xx.o [1]
  .text              ro code   0x800'fb0c     0x4  startup_stm32f427xx.o [1]
  .rodata            const     0x800'fb10     0x0  zero_init3.o [4]
  .rodata            const     0x800'fb10     0x0  lz77_init_single.o [4]
  Initializer bytes  const     0x800'fb10    0x8b  <for P2-1>
                             - 0x800'fb9b  0xf9ef

"P2", part 1 of 3:                          0x513
  P2-1                        0x2000'0000   0x513  <Init block>
    .data            inited   0x2000'0000     0x4  freertos.o [1]
    .data            inited   0x2000'0004    0x98  GaitController.o [1]
    .data            inited   0x2000'009c    0x98  GaitController.o [1]
    .data            inited   0x2000'0134    0x94  GaitController.o [1]
    .data            inited   0x2000'01c8    0x94  GaitController.o [1]
    .data            inited   0x2000'025c    0x98  GaitController.o [1]
    .data            inited   0x2000'02f4    0x98  GaitController.o [1]
    .data            inited   0x2000'038c    0x98  GaitController.o [1]
    .data            inited   0x2000'0424    0x98  GaitController.o [1]
    .data            inited   0x2000'04bc     0x4  GaitController.o [1]
    .data            inited   0x2000'04c0     0x4  GaitController.o [1]
    .data            inited   0x2000'04c4     0x4  GaitController.o [1]
    .data            inited   0x2000'04c8    0x10  GaitController.o [1]
    .data            inited   0x2000'04d8    0x10  GaitController.o [1]
    .data            inited   0x2000'04e8     0x4  GaitController.o [1]
    .data            inited   0x2000'04ec     0x4  GaitController.o [1]
    .data            inited   0x2000'04f0     0x4  port.o [1]
    .data            inited   0x2000'04f4     0x4  stm32f4xx_hal.o [1]
    .data            inited   0x2000'04f8     0x4  system_stm32f4xx.o [1]
    .data            inited   0x2000'04fc    0x14  user_diskio.o [1]
    .data            inited   0x2000'0510     0x1  sd_diskio.o [1]
    .data            inited   0x2000'0511     0x1  stm32f4xx_hal.o [1]
    .data            inited   0x2000'0512     0x1  user_diskio.o [1]
                            - 0x2000'0513   0x513

"P2", part 2 of 3:                         0x6500
  .bss               zero     0x2000'0514  0x4e20  heap_4.o [1]
  .bss               zero     0x2000'5334   0x460  tasks.o [1]
  .bss               zero     0x2000'5794   0x400  cmsis_os2.o [1]
  .bss               zero     0x2000'5b94   0x240  DeepJ60_Motor.o [1]
  .bss               zero     0x2000'5dd4   0x240  DeepJ60_Motor.o [1]
  .bss               zero     0x2000'6014   0x200  cmsis_os2.o [1]
  .bss               zero     0x2000'6214    0xa0  timers.o [1]
  .bss               zero     0x2000'62b4    0x84  sdio.o [1]
  .bss               zero     0x2000'6338    0x60  usart.o [1]
  .bss               zero     0x2000'6398    0x5c  cmsis_os2.o [1]
  .bss               zero     0x2000'63f4    0x5c  cmsis_os2.o [1]
  .bss               zero     0x2000'6450    0x5c  DeepJ60_can.o [1]
  .bss               zero     0x2000'64ac    0x58  spi.o [1]
  .bss               zero     0x2000'6504    0x58  spi.o [1]
  .bss               zero     0x2000'655c    0x50  timers.o [1]
  .bss               zero     0x2000'65ac    0x48  tim.o [1]
  .bss               zero     0x2000'65f4    0x48  usart.o [1]
  .bss               zero     0x2000'663c    0x48  usart.o [1]
  .bss               zero     0x2000'6684    0x48  usart.o [1]
  .bss               zero     0x2000'66cc    0x48  usart.o [1]
  .bss               zero     0x2000'6714    0x40  queue.o [1]
  .bss               zero     0x2000'6754    0x3c  GaitController.o [1]
  .bss               zero     0x2000'6790    0x28  can.o [1]
  .bss               zero     0x2000'67b8    0x28  can.o [1]
  .bss               zero     0x2000'67e0    0x20  GaitController.o [1]
  .bss               zero     0x2000'6800    0x20  GaitController.o [1]
  .bss               zero     0x2000'6820    0x20  GaitController.o [1]
  .bss               zero     0x2000'6840    0x1c  DeepJ60_can.o [1]
  .bss               zero     0x2000'685c    0x14  tasks.o [1]
  .bss               zero     0x2000'6870    0x14  tasks.o [1]
  .bss               zero     0x2000'6884    0x14  tasks.o [1]
  .bss               zero     0x2000'6898    0x14  tasks.o [1]
  .bss               zero     0x2000'68ac    0x14  tasks.o [1]
  .bss               zero     0x2000'68c0    0x14  timers.o [1]
  .bss               zero     0x2000'68d4    0x14  timers.o [1]
  .bss               zero     0x2000'68e8    0x10  ff_gen_drv.o [1]
  .bss               zero     0x2000'68f8     0xc  Handle.o [1]
  .bss               zero     0x2000'6904     0x8  Camera.o [1]
  .bss               zero     0x2000'690c     0x8  Camera.o [1]
  .bss               zero     0x2000'6914     0x8  Handle.o [1]
  .bss               zero     0x2000'691c     0x8  heap_4.o [1]
  .bss               zero     0x2000'6924     0x4  can.o [1]
  .bss               zero     0x2000'6928     0x4  cmsis_os2.o [1]
  .bss               zero     0x2000'692c     0x4  DeepJ60_can.o [1]
  .bss               zero     0x2000'6930     0x4  fatfs.o [1]
  .bss               zero     0x2000'6934     0x4  fatfs.o [1]
  .bss               zero     0x2000'6938     0x4  freertos.o [1]
  .bss               zero     0x2000'693c     0x4  freertos.o [1]
  .bss               zero     0x2000'6940     0x4  freertos.o [1]
  .bss               zero     0x2000'6944     0x4  freertos.o [1]
  .bss               zero     0x2000'6948     0x4  freertos.o [1]
  .bss               zero     0x2000'694c     0x4  freertos.o [1]
  .bss               zero     0x2000'6950     0x4  freertos.o [1]
  .bss               zero     0x2000'6954     0x4  freertos.o [1]
  .bss               zero     0x2000'6958     0x4  freertos.o [1]
  .bss               zero     0x2000'695c     0x4  freertos.o [1]
  .bss               zero     0x2000'6960     0x4  freertos.o [1]
  .bss               zero     0x2000'6964     0x4  freertos.o [1]
  .bss               zero     0x2000'6968     0x4  freertos.o [1]
  .bss               zero     0x2000'696c     0x4  freertos.o [1]
  .bss               zero     0x2000'6970     0x4  freertos.o [1]
  .bss               zero     0x2000'6974     0x4  freertos.o [1]
  .bss               zero     0x2000'6978     0x4  freertos.o [1]
  .bss               zero     0x2000'697c     0x4  freertos.o [1]
  .bss               zero     0x2000'6980     0x4  GaitController.o [1]
  .bss               zero     0x2000'6984     0x4  GaitController.o [1]
  .bss               zero     0x2000'6988     0x4  GaitController.o [1]
  .bss               zero     0x2000'698c     0x4  GaitController.o [1]
  .bss               zero     0x2000'6990     0x4  heap_4.o [1]
  .bss               zero     0x2000'6994     0x4  heap_4.o [1]
  .bss               zero     0x2000'6998     0x4  heap_4.o [1]
  .bss               zero     0x2000'699c     0x4  heap_4.o [1]
  .bss               zero     0x2000'69a0     0x4  heap_4.o [1]
  .bss               zero     0x2000'69a4     0x4  heap_4.o [1]
  .bss               zero     0x2000'69a8     0x4  main.o [1]
  .bss               zero     0x2000'69ac     0x4  main.o [1]
  .bss               zero     0x2000'69b0     0x4  main.o [1]
  .bss               zero     0x2000'69b4     0x4  port.o [1]
  .bss               zero     0x2000'69b8     0x4  sd_diskio.o [1]
  .bss               zero     0x2000'69bc     0x4  stm32f4xx_hal.o [1]
  .bss               zero     0x2000'69c0     0x4  tasks.o [1]
  .bss               zero     0x2000'69c4     0x4  tasks.o [1]
  .bss               zero     0x2000'69c8     0x4  tasks.o [1]
  .bss               zero     0x2000'69cc     0x4  tasks.o [1]
  .bss               zero     0x2000'69d0     0x4  tasks.o [1]
  .bss               zero     0x2000'69d4     0x4  tasks.o [1]
  .bss               zero     0x2000'69d8     0x4  tasks.o [1]
  .bss               zero     0x2000'69dc     0x4  tasks.o [1]
  .bss               zero     0x2000'69e0     0x4  tasks.o [1]
  .bss               zero     0x2000'69e4     0x4  tasks.o [1]
  .bss               zero     0x2000'69e8     0x4  tasks.o [1]
  .bss               zero     0x2000'69ec     0x4  tasks.o [1]
  .bss               zero     0x2000'69f0     0x4  tasks.o [1]
  .bss               zero     0x2000'69f4     0x4  tasks.o [1]
  .bss               zero     0x2000'69f8     0x4  tasks.o [1]
  .bss               zero     0x2000'69fc     0x4  timers.o [1]
  .bss               zero     0x2000'6a00     0x4  timers.o [1]
  .bss               zero     0x2000'6a04     0x4  timers.o [1]
  .bss               zero     0x2000'6a08     0x4  timers.o [1]
  .bss               zero     0x2000'6a0c     0x4  timers.o [1]
  .bss               zero     0x2000'6a10     0x1  fatfs.o [1]
  .bss               zero     0x2000'6a11     0x1  fatfs.o [1]
  .bss               zero     0x2000'6a12     0x1  port.o [1]
                            - 0x2000'6a13  0x64ff

"P2", part 3 of 3:                          0x400
  CSTACK                      0x2000'6a18   0x400  <Block>
    CSTACK           uninit   0x2000'6a18   0x400  <Block tail>
                            - 0x2000'6e18   0x400

Unused ranges:

         From           To       Size
         ----           --       ----
   0x800'fb9b   0x81f'ffff  0x1f'0465
  0x2000'0513  0x2000'0513        0x1
  0x2000'6a14  0x2000'6a17        0x4
  0x2000'6e18  0x2002'ffff   0x2'91e8


*******************************************************************************
*** INIT TABLE
***

          Address      Size
          -------      ----
Zero (__iar_zero_init3)
    1 destination range, total size 0x64ff:
          0x2000'0514  0x64ff

Copy/lz77 (__iar_lz77_init_single3)
    1 source range, total size 0x8b (10% of destination):
           0x800'fb10    0x8b
    1 destination range, total size 0x513:
          0x2000'0000   0x513



*******************************************************************************
*** MODULE SUMMARY
***

    Module                  ro code  ro data  rw data
    ------                  -------  -------  -------
command line/config:
    -------------------------------------------------
    Total:

F:\none\Study\Other\Robot\RTS team\Robocon-FourFoot-2025\Code\Robocon-2025-Code\MainMCU\EWARM\zhukongv2\Obj: [1]
    Callback.o                  288
    Camera.o                     64                16
    CurvePlan.o                 784
    DeepJ60_Motor.o           2 332             1 152
    DeepJ60_can.o               312               124
    GaitController.o         19 020      151    1 432
    Handle.o                    168                20
    KinematicSolution.o         688
    bsp_driver_sd.o             208
    can.o                       628                84
    cmsis_os2.o               1 028             1 724
    dma.o                        48
    fatfs.o                      52                10
    ff_gen_drv.o                 96                16
    freertos.o                3 904      768       76
    gpio.o                      304
    heap_4.o                    648        4   20 032
    list.o                      154
    main.o                      596                12
    port.o                      604        4        9
    portasm.o                   176
    queue.o                   2 168                64
    sd_diskio.o                 556       20        5
    sdio.o                      228               132
    spi.o                       376               176
    startup_stm32f427xx.o       752
    stm32f4xx_hal.o             204        1        9
    stm32f4xx_hal_can.o       2 042
    stm32f4xx_hal_cortex.o      348
    stm32f4xx_hal_dma.o       1 352        8
    stm32f4xx_hal_gpio.o        668
    stm32f4xx_hal_msp.o          72
    stm32f4xx_hal_pwr_ex.o      124
    stm32f4xx_hal_rcc.o       1 560
    stm32f4xx_hal_sd.o        3 112
    stm32f4xx_hal_spi.o       1 334
    stm32f4xx_hal_tim.o       1 432
    stm32f4xx_hal_tim_ex.o      176
    stm32f4xx_hal_uart.o      2 914
    stm32f4xx_it.o              180
    stm32f4xx_ll_sdmmc.o      1 752
    system_stm32f4xx.o           16       24        4
    tasks.o                   3 348        8    1 280
    tim.o                       192        8       72
    timers.o                  1 236       16      300
    usart.o                     756               384
    user_diskio.o                56        3       21
    -------------------------------------------------
    Total:                   59 056    1 015   27 154

dl7M_tlf.a: [2]
    abs.o                         8
    exit.o                        4
    low_level_init.o              4
    -------------------------------------------------
    Total:                       16

m7M_tls.a: [3]
    DblAdd.o                    378
    DblCmpEq.o                   32
    DblCmpGe.o                   46
    DblCmpLe.o                   46
    DblDiv.o                    582
    DblMul.o                    418
    DblSub.o                    226
    DblToFlt.o                  104
    FltToDbl.o                   72
    U32ToDbl.o                   26
    acos64.o                    200
    fpinit_M.o                   34
    iar_Atan64.o                464       64
    math_wrappers64.o            18
    round.o                      98
    sqrt.o                      258
    -------------------------------------------------
    Total:                    3 002       64

rt7M_tl.a: [4]
    ABImemclr4.o                  6
    ABImemcpy.o                 166
    ABImemset.o                 102
    ABImemset48.o                50
    I64DivMod.o                 560
    I64DivZer.o                   2
    cexit.o                      10
    cmain.o                      30
    cstartup_M.o                 12
    data_init.o                  40
    lz77_init_single.o          122
    zero_init3.o                 58
    -------------------------------------------------
    Total:                    1 158

shb_l.a: [5]
    exit.o                       20
    -------------------------------------------------
    Total:                       20

    Gaps                         42        6
    Linker created                        32    1 024
-----------------------------------------------------
    Grand Total:             63 294    1 117   28 178


*******************************************************************************
*** ENTRY LIST
***

Entry                       Address    Size  Type      Object
-----                       -------    ----  ----      ------
.iar.init_table$$Base    0x800'f81c           --   Gb  - Linker created -
.iar.init_table$$Limit   0x800'f83c           --   Gb  - Linker created -
?main                    0x800'f83d          Code  Gb  cmain.o [4]
AHBPrescTable            0x800'f8c8    0x10  Data  Gb  system_stm32f4xx.o [1]
APBPrescTable            0x800'f9ac     0x8  Data  Gb  system_stm32f4xx.o [1]
AnalyseJ60MotorReceiveData_new
                         0x800'5cdd    0x30  Code  Gb  DeepJ60_Motor.o [1]
BSP_SD_GetCardInfo       0x800'f425    0x14  Code  Wk  bsp_driver_sd.o [1]
BSP_SD_GetCardState      0x800'f399    0x1c  Code  Wk  bsp_driver_sd.o [1]
BSP_SD_Init              0x800'f3b5    0x20  Code  Wk  bsp_driver_sd.o [1]
BSP_SD_ReadBlocks_DMA    0x800'f3d5    0x28  Code  Wk  bsp_driver_sd.o [1]
BSP_SD_ReadCpltCallback
                         0x800'f377    0x18  Code  Gb  sd_diskio.o [1]
BSP_SD_WriteBlocks_DMA   0x800'f3fd    0x28  Code  Wk  bsp_driver_sd.o [1]
BSP_SD_WriteCpltCallback
                         0x800'f35f    0x18  Code  Gb  sd_diskio.o [1]
BusFault_Handler         0x800'f44f     0x2  Code  Gb  stm32f4xx_it.o [1]
CAN1_FilterConfig        0x800'bfbb    0x38  Code  Gb  can.o [1]
CAN1_RX0_IRQHandler      0x800'f469     0xa  Code  Gb  stm32f4xx_it.o [1]
CAN1_RX1_IRQHandler      0x800'f473     0xa  Code  Gb  stm32f4xx_it.o [1]
CAN2_FilterConfig        0x800'bff3    0x38  Code  Gb  can.o [1]
CAN2_RX0_IRQHandler      0x800'f4af     0xa  Code  Gb  stm32f4xx_it.o [1]
CAN2_RX1_IRQHandler      0x800'f4b9     0xa  Code  Gb  stm32f4xx_it.o [1]
CSTACK$$Base            0x2000'6a18           --   Gb  - Linker created -
CSTACK$$Limit           0x2000'6e18           --   Gb  - Linker created -
Can                     0x2000'6450    0x5c  Data  Gb  DeepJ60_can.o [1]
CanDataToRealData        0x800'7cef    0x2a  Code  Gb  DeepJ60_can.o [1]
CanRxInformation        0x2000'6840    0x1c  Data  Gb  DeepJ60_can.o [1]
Can_Receive_new          0x800'7dcb    0x20  Code  Gb  DeepJ60_can.o [1]
Can_Send                 0x800'7d19    0xb2  Code  Gb  DeepJ60_can.o [1]
CheckRxData              0x800'ba99    0x74  Code  Gb  Handle.o [1]
CompareCommand           0x800'bb27    0x1a  Code  Gb  Handle.o [1]
DMA2_Stream1_IRQHandler
                         0x800'f4a5     0xa  Code  Gb  stm32f4xx_it.o [1]
DMA_CalcBaseAndBitshift
                         0x800'7be5    0x30  Code  Lc  stm32f4xx_hal_dma.o [1]
DMA_CalcBaseAndBitshift::flagBitshiftOffset
                         0x800'f9a4     0x8  Data  Lc  stm32f4xx_hal_dma.o [1]
DMA_CheckFifoParam       0x800'7c25    0x9c  Code  Lc  stm32f4xx_hal_dma.o [1]
DMA_SetConfig            0x800'7bb7    0x2e  Code  Lc  stm32f4xx_hal_dma.o [1]
DebugMon_Handler         0x800'f453     0x2  Code  Gb  stm32f4xx_it.o [1]
EnableJ60Motor           0x800'56b5    0x3c  Code  Gb  DeepJ60_Motor.o [1]
Error_Handler            0x800'9c0d     0x4  Code  Gb  main.o [1]
FATFS_LinkDriver         0x800'dbd5    0x12  Code  Gb  ff_gen_drv.o [1]
FATFS_LinkDriverEx       0x800'db8d    0x48  Code  Gb  ff_gen_drv.o [1]
GetJ60MotorCanID         0x800'56a1     0xe  Code  Gb  DeepJ60_Motor.o [1]
HAL_CAN_ActivateNotification
                         0x800'a593    0x34  Code  Gb  stm32f4xx_hal_can.o [1]
HAL_CAN_AddTxMessage     0x800'a2fd   0x126  Code  Gb  stm32f4xx_hal_can.o [1]
HAL_CAN_ConfigFilter     0x800'a175   0x128  Code  Gb  stm32f4xx_hal_can.o [1]
HAL_CAN_GetRxMessage     0x800'a423   0x170  Code  Gb  stm32f4xx_hal_can.o [1]
HAL_CAN_IRQHandler       0x800'a5c7   0x224  Code  Gb  stm32f4xx_hal_can.o [1]
HAL_CAN_Init             0x800'a009   0x16c  Code  Gb  stm32f4xx_hal_can.o [1]
HAL_CAN_MspInit          0x800'be8d   0x12e  Code  Gb  can.o [1]
HAL_CAN_RxFifo0MsgPendingCallback
                         0x800'd745    0x34  Code  Gb  Callback.o [1]
HAL_CAN_Start            0x800'a29d    0x5c  Code  Gb  stm32f4xx_hal_can.o [1]
HAL_DMA_Abort            0x800'78e7    0x9c  Code  Gb  stm32f4xx_hal_dma.o [1]
HAL_DMA_Abort_IT         0x800'7983    0x28  Code  Gb  stm32f4xx_hal_dma.o [1]
HAL_DMA_GetError         0x800'7bb3     0x4  Code  Gb  stm32f4xx_hal_dma.o [1]
HAL_DMA_IRQHandler       0x800'79ab   0x208  Code  Gb  stm32f4xx_hal_dma.o [1]
HAL_DMA_Init             0x800'7779    0xe2  Code  Gb  stm32f4xx_hal_dma.o [1]
HAL_DMA_Start_IT         0x800'785b    0x8c  Code  Gb  stm32f4xx_hal_dma.o [1]
HAL_Delay                0x800'c51d    0x28  Code  Wk  stm32f4xx_hal.o [1]
HAL_GPIO_Init            0x800'9c11   0x240  Code  Gb  stm32f4xx_hal_gpio.o [1]
HAL_GPIO_WritePin        0x800'9e51    0x1a  Code  Gb  stm32f4xx_hal_gpio.o [1]
HAL_GetTick              0x800'776d     0xc  Code  Wk  stm32f4xx_hal.o [1]
HAL_IncTick              0x800'f4fd    0x18  Code  Wk  stm32f4xx_hal.o [1]
HAL_Init                 0x800'bc49    0x30  Code  Gb  stm32f4xx_hal.o [1]
HAL_InitTick             0x800'da4d    0x4c  Code  Wk  stm32f4xx_hal.o [1]
HAL_MspInit              0x800'da99    0x48  Code  Gb  stm32f4xx_hal_msp.o [1]
HAL_NVIC_EnableIRQ       0x800'9fcf     0xe  Code  Gb  stm32f4xx_hal_cortex.o [1]
HAL_NVIC_SetPriority     0x800'9fa5    0x2a  Code  Gb  stm32f4xx_hal_cortex.o [1]
HAL_NVIC_SetPriorityGrouping
                         0x800'9f99     0xc  Code  Gb  stm32f4xx_hal_cortex.o [1]
HAL_PWREx_EnableOverDrive
                         0x800'd48d    0x6a  Code  Gb  stm32f4xx_hal_pwr_ex.o [1]
HAL_RCC_CAN1_CLK_ENABLED
                        0x2000'6924     0x4  Data  Lc  can.o [1]
HAL_RCC_ClockConfig      0x800'd509   0x140  Code  Gb  stm32f4xx_hal_rcc.o [1]
HAL_RCC_GetHCLKFreq      0x800'd649     0x6  Code  Gb  stm32f4xx_hal_rcc.o [1]
HAL_RCC_GetPCLK1Freq     0x800'd64f    0x16  Code  Gb  stm32f4xx_hal_rcc.o [1]
HAL_RCC_GetPCLK2Freq     0x800'd665    0x16  Code  Gb  stm32f4xx_hal_rcc.o [1]
HAL_RCC_OscConfig        0x800'd0a1   0x3ec  Code  Wk  stm32f4xx_hal_rcc.o [1]
HAL_SD_AbortCallback     0x800'f14b     0xa  Code  Gb  bsp_driver_sd.o [1]
HAL_SD_GetCardCSD        0x800'e3e5   0x1f4  Code  Gb  stm32f4xx_hal_sd.o [1]
HAL_SD_GetCardInfo       0x800'e5d9    0x26  Code  Gb  stm32f4xx_hal_sd.o [1]
HAL_SD_GetCardState      0x800'e5ff    0x24  Code  Gb  stm32f4xx_hal_sd.o [1]
HAL_SD_IRQHandler        0x800'e211   0x1d4  Code  Gb  stm32f4xx_hal_sd.o [1]
HAL_SD_Init              0x800'de49    0x44  Code  Gb  stm32f4xx_hal_sd.o [1]
HAL_SD_InitCard          0x800'de8d    0xbe  Code  Gb  stm32f4xx_hal_sd.o [1]
HAL_SD_MspInit           0x800'c131    0xaa  Code  Gb  sdio.o [1]
HAL_SD_ReadBlocks_DMA    0x800'df4b   0x15a  Code  Gb  stm32f4xx_hal_sd.o [1]
HAL_SD_RxCpltCallback    0x800'f15f     0xa  Code  Gb  bsp_driver_sd.o [1]
HAL_SD_TxCpltCallback    0x800'f155     0xa  Code  Gb  bsp_driver_sd.o [1]
HAL_SD_WriteBlocks_DMA   0x800'e0a5   0x162  Code  Gb  stm32f4xx_hal_sd.o [1]
HAL_SPI_IRQHandler       0x800'515f   0x128  Code  Gb  stm32f4xx_hal_spi.o [1]
HAL_SPI_Init             0x800'4ed1    0xce  Code  Gb  stm32f4xx_hal_spi.o [1]
HAL_SPI_MspInit          0x800'767b    0xce  Code  Gb  spi.o [1]
HAL_SPI_Transmit         0x800'4f9f   0x1c0  Code  Gb  stm32f4xx_hal_spi.o [1]
HAL_SYSTICK_Config       0x800'9fdd     0xc  Code  Gb  stm32f4xx_hal_cortex.o [1]
HAL_TIMEx_BreakCallback
                         0x800'd875     0x2  Code  Wk  stm32f4xx_hal_tim_ex.o [1]
HAL_TIMEx_CommutCallback
                         0x800'd879     0x2  Code  Wk  stm32f4xx_hal_tim_ex.o [1]
HAL_TIMEx_MasterConfigSynchronization
                         0x800'dae1    0x8e  Code  Gb  stm32f4xx_hal_tim_ex.o [1]
HAL_TIM_Base_Start_IT    0x800'b509    0x9a  Code  Gb  stm32f4xx_hal_tim.o [1]
HAL_TIM_Base_Stop_IT     0x800'b5a3    0x3c  Code  Gb  stm32f4xx_hal_tim.o [1]
HAL_TIM_IRQHandler       0x800'b669   0x13e  Code  Gb  stm32f4xx_hal_tim.o [1]
HAL_TIM_OC_ConfigChannel
                         0x800'b7a7    0x68  Code  Gb  stm32f4xx_hal_tim.o [1]
HAL_TIM_OC_Init          0x800'b5df    0x6e  Code  Gb  stm32f4xx_hal_tim.o [1]
HAL_TIM_OC_MspInit       0x800'c0cf    0x36  Code  Gb  tim.o [1]
HAL_TIM_PeriodElapsedCallback
                         0x800'd7f1    0x30  Code  Gb  Callback.o [1]
HAL_UARTEx_ReceiveToIdle_DMA
                         0x800'c5f5    0x82  Code  Gb  stm32f4xx_hal_uart.o [1]
HAL_UARTEx_RxEventCallback
                         0x800'd779    0x60  Code  Gb  Callback.o [1]
HAL_UART_IRQHandler      0x800'c677   0x2d4  Code  Gb  stm32f4xx_hal_uart.o [1]
HAL_UART_Init            0x800'c545    0x7a  Code  Gb  stm32f4xx_hal_uart.o [1]
HAL_UART_MspInit         0x800'c2f9   0x1de  Code  Gb  usart.o [1]
HAL_UART_Receive_IT      0x800'c5bf    0x36  Code  Gb  stm32f4xx_hal_uart.o [1]
HAL_UART_RxCpltCallback
                         0x800'd7d9    0x18  Code  Gb  Callback.o [1]
HardFault_Handler        0x800'f44b     0x2  Code  Gb  stm32f4xx_it.o [1]
HorizontalMove_FSM       0x800'4689   0x538  Code  Gb  GaitController.o [1]
IK_leg                   0x800'6a35   0x294  Code  Gb  KinematicSolution.o [1]
J60MotorConfigToSendCanData
                         0x800'55bd    0x28  Code  Gb  DeepJ60_Motor.o [1]
J60MotorDataToSendCanData
                         0x800'566d    0x34  Code  Gb  DeepJ60_Motor.o [1]
J60MotorMotionDataToSendCanData
                         0x800'54fd    0xae  Code  Gb  DeepJ60_Motor.o [1]
J60Motor_CAN1           0x2000'5b94   0x240  Data  Gb  DeepJ60_Motor.o [1]
J60Motor_CAN2           0x2000'5dd4   0x240  Data  Gb  DeepJ60_Motor.o [1]
J60Motor_StandUpData_CAN1
                        0x2000'04c8    0x10  Data  Gb  GaitController.o [1]
J60Motor_StandUpData_CAN2
                        0x2000'04d8    0x10  Data  Gb  GaitController.o [1]
JumpForwardHandle       0x2000'6960     0x4  Data  Gb  freertos.o [1]
JumpForwardTask          0x800'9075    0x80  Code  Gb  freertos.o [1]
JumpForward_FSM          0x800'1e11   0x54a  Code  Gb  GaitController.o [1]
JumpForward_attributes   0x800'f6d8    0x24  Data  Gb  freertos.o [1]
JumpUpHandle            0x2000'695c     0x4  Data  Gb  freertos.o [1]
JumpUpTask               0x800'8fed    0x82  Code  Gb  freertos.o [1]
JumpUp_FSM               0x800'1555   0x496  Code  Gb  GaitController.o [1]
JumpUp_attributes        0x800'f6b4    0x24  Data  Gb  freertos.o [1]
KernelState             0x2000'6928     0x4  Data  Lc  cmsis_os2.o [1]
LinePlan                 0x800'7245    0x48  Code  Gb  CurvePlan.o [1]
MX_CAN1_Init             0x800'bddd    0x58  Code  Gb  can.o [1]
MX_CAN2_Init             0x800'be35    0x58  Code  Gb  can.o [1]
MX_DMA_Init              0x800'bdad    0x30  Code  Gb  dma.o [1]
MX_FATFS_Init            0x800'c1f5    0x1c  Code  Gb  fatfs.o [1]
MX_FREERTOS_Init         0x800'88d7   0x144  Code  Gb  freertos.o [1]
MX_GPIO_Init             0x800'bc7d   0x130  Code  Gb  gpio.o [1]
MX_SDIO_SD_Init          0x800'c111    0x20  Code  Gb  sdio.o [1]
MX_SPI2_Init             0x800'75f5    0x40  Code  Gb  spi.o [1]
MX_SPI4_Init             0x800'7635    0x46  Code  Gb  spi.o [1]
MX_TIM2_Init             0x800'c051    0x7e  Code  Gb  tim.o [1]
MX_UART7_Init            0x800'c229    0x34  Code  Gb  usart.o [1]
MX_USART2_UART_Init      0x800'c25d    0x34  Code  Gb  usart.o [1]
MX_USART3_UART_Init      0x800'c291    0x34  Code  Gb  usart.o [1]
MX_USART6_UART_Init      0x800'c2c5    0x34  Code  Gb  usart.o [1]
MemManage_Handler        0x800'f44d     0x2  Code  Gb  stm32f4xx_it.o [1]
MoveLeftHandle          0x2000'6954     0x4  Data  Gb  freertos.o [1]
MoveLeftTask             0x800'8df9    0xf8  Code  Gb  freertos.o [1]
MoveLeft_attributes      0x800'f66c    0x24  Data  Gb  freertos.o [1]
MoveRightHandle         0x2000'6958     0x4  Data  Gb  freertos.o [1]
MoveRightTask            0x800'8ef5    0xf8  Code  Gb  freertos.o [1]
MoveRight_attributes     0x800'f690    0x24  Data  Gb  freertos.o [1]
NMI_Handler              0x800'f449     0x2  Code  Gb  stm32f4xx_it.o [1]
NVIC_EncodePriority      0x800'9f29    0x40  Code  Lc  stm32f4xx_hal_cortex.o [1]
NotifyActionHandle      0x2000'6978     0x4  Data  Gb  freertos.o [1]
NotifyActionTask         0x800'9421   0x342  Code  Gb  freertos.o [1]
NotifyAction_attributes
                         0x800'f7b0    0x24  Data  Gb  freertos.o [1]
ParseCameraHandle       0x2000'697c     0x4  Data  Gb  freertos.o [1]
ParseCameraTask          0x800'9763    0x1e  Code  Gb  freertos.o [1]
ParseCamera_attributes   0x800'f7d4    0x24  Data  Gb  freertos.o [1]
ParseHandle              0x800'bb0d    0x1a  Code  Gb  Handle.o [1]
ParseHandleHandle       0x2000'6970     0x4  Data  Gb  freertos.o [1]
ParseHandleTask          0x800'930d    0x8c  Code  Gb  freertos.o [1]
ParseHandle_attributes   0x800'f768    0x24  Data  Gb  freertos.o [1]
ParseIMUHandle          0x2000'6974     0x4  Data  Gb  freertos.o [1]
ParseIMUTask             0x800'9415     0xc  Code  Gb  freertos.o [1]
ParseIMU_attributes      0x800'f78c    0x24  Data  Gb  freertos.o [1]
PendSV_Handler           0x800'a7ed          Code  Gb  portasm.o [1]
RealDataToCanData        0x800'7cc5    0x2a  Code  Gb  DeepJ60_can.o [1]
ReceiveCanDataToJ60MotorConfig
                         0x800'55e5    0x28  Code  Gb  DeepJ60_Motor.o [1]
ReceiveCanDataToJ60MotorData_new
                         0x800'5c85    0x58  Code  Gb  DeepJ60_Motor.o [1]
ReceiveCanDataToJ60MotorMotionData_new
                         0x800'5b81    0xfe  Code  Gb  DeepJ60_Motor.o [1]
ReceiveCommandStatusToJ60MotorCommandStatus
                         0x800'560d     0x6  Code  Gb  DeepJ60_Motor.o [1]
ReceiveStatusWordToJ60MotorStatusWord
                         0x800'5613    0x5a  Code  Gb  DeepJ60_Motor.o [1]
Region$$Table$$Base      0x800'f81c           --   Gb  - Linker created -
Region$$Table$$Limit     0x800'f83c           --   Gb  - Linker created -
RotateLeftHandle        0x2000'694c     0x4  Data  Gb  freertos.o [1]
RotateLeftTask           0x800'8cbd    0x9c  Code  Gb  freertos.o [1]
RotateLeft_attributes    0x800'f624    0x24  Data  Gb  freertos.o [1]
RotateRightHandle       0x2000'6950     0x4  Data  Gb  freertos.o [1]
RotateRightTask          0x800'8d5d    0x9a  Code  Gb  freertos.o [1]
RotateRight_attributes   0x800'f648    0x24  Data  Gb  freertos.o [1]
Rotate_FSM               0x800'0fd1   0x498  Code  Gb  GaitController.o [1]
RunJ60Motor              0x800'5a45   0x13a  Code  Gb  DeepJ60_Motor.o [1]
RunJ60MotorKdMode        0x800'5835    0x62  Code  Gb  DeepJ60_Motor.o [1]
RunJ60MotorPositionMode
                         0x800'56fd    0x6a  Code  Gb  DeepJ60_Motor.o [1]
RunJ60MotorPositionTorqueMode
                         0x800'58f1    0x6e  Code  Gb  DeepJ60_Motor.o [1]
RunJ60MotorPositonVelocityTorqueMode
                         0x800'59d1    0x72  Code  Gb  DeepJ60_Motor.o [1]
RunJ60MotorTorqueMode    0x800'57d1    0x62  Code  Gb  DeepJ60_Motor.o [1]
RunJ60MotorVelocityMode
                         0x800'5769    0x66  Code  Gb  DeepJ60_Motor.o [1]
RunJ60MotorVelocityTorqueMode
                         0x800'5961    0x6a  Code  Gb  DeepJ60_Motor.o [1]
RunJ60MotorZeroTorqueMode
                         0x800'5899    0x56  Code  Gb  DeepJ60_Motor.o [1]
SDIO_ConfigData          0x800'eb01    0x2e  Code  Gb  stm32f4xx_ll_sdmmc.o [1]
SDIO_GetCommandResponse
                         0x800'eaef     0x6  Code  Gb  stm32f4xx_ll_sdmmc.o [1]
SDIO_GetPowerState       0x800'eabd     0x8  Code  Gb  stm32f4xx_ll_sdmmc.o [1]
SDIO_GetResponse         0x800'eaf5     0xc  Code  Gb  stm32f4xx_ll_sdmmc.o [1]
SDIO_IRQHandler          0x800'f49b     0xa  Code  Gb  stm32f4xx_it.o [1]
SDIO_Init                0x800'ea71    0x30  Code  Gb  stm32f4xx_ll_sdmmc.o [1]
SDIO_PowerState_ON       0x800'eab3     0xa  Code  Gb  stm32f4xx_ll_sdmmc.o [1]
SDIO_ReadFIFO            0x800'eaa1     0x6  Code  Gb  stm32f4xx_ll_sdmmc.o [1]
SDIO_SendCommand         0x800'eac5    0x2a  Code  Gb  stm32f4xx_ll_sdmmc.o [1]
SDIO_WriteFIFO           0x800'eaa7     0xc  Code  Gb  stm32f4xx_ll_sdmmc.o [1]
SDMMC_CmdAppCommand      0x800'ecfb    0x34  Code  Gb  stm32f4xx_ll_sdmmc.o [1]
SDMMC_CmdAppOperCommand
                         0x800'ed2f    0x34  Code  Gb  stm32f4xx_ll_sdmmc.o [1]
SDMMC_CmdBlockLength     0x800'eb2f    0x34  Code  Gb  stm32f4xx_ll_sdmmc.o [1]
SDMMC_CmdGoIdleState     0x800'ec9d    0x2e  Code  Gb  stm32f4xx_ll_sdmmc.o [1]
SDMMC_CmdOperCond        0x800'eccb    0x30  Code  Gb  stm32f4xx_ll_sdmmc.o [1]
SDMMC_CmdReadMultiBlock
                         0x800'eb97    0x34  Code  Gb  stm32f4xx_ll_sdmmc.o [1]
SDMMC_CmdReadSingleBlock
                         0x800'eb63    0x34  Code  Gb  stm32f4xx_ll_sdmmc.o [1]
SDMMC_CmdSelDesel        0x800'ec67    0x36  Code  Gb  stm32f4xx_ll_sdmmc.o [1]
SDMMC_CmdSendCID         0x800'ed63    0x2e  Code  Gb  stm32f4xx_ll_sdmmc.o [1]
SDMMC_CmdSendCSD         0x800'ed91    0x2e  Code  Gb  stm32f4xx_ll_sdmmc.o [1]
SDMMC_CmdSendStatus      0x800'edf3    0x34  Code  Gb  stm32f4xx_ll_sdmmc.o [1]
SDMMC_CmdSetRelAdd       0x800'edbf    0x34  Code  Gb  stm32f4xx_ll_sdmmc.o [1]
SDMMC_CmdStopTransfer    0x800'ec33    0x34  Code  Gb  stm32f4xx_ll_sdmmc.o [1]
SDMMC_CmdWriteMultiBlock
                         0x800'ebff    0x34  Code  Gb  stm32f4xx_ll_sdmmc.o [1]
SDMMC_CmdWriteSingleBlock
                         0x800'ebcb    0x34  Code  Gb  stm32f4xx_ll_sdmmc.o [1]
SDMMC_GetCmdError        0x800'f101    0x32  Code  Lc  stm32f4xx_ll_sdmmc.o [1]
SDMMC_GetCmdResp1        0x800'ee27   0x13a  Code  Gb  stm32f4xx_ll_sdmmc.o [1]
SDMMC_GetCmdResp2        0x800'ef61    0x56  Code  Gb  stm32f4xx_ll_sdmmc.o [1]
SDMMC_GetCmdResp3        0x800'efb7    0x48  Code  Gb  stm32f4xx_ll_sdmmc.o [1]
SDMMC_GetCmdResp6        0x800'efff    0xa6  Code  Gb  stm32f4xx_ll_sdmmc.o [1]
SDMMC_GetCmdResp7        0x800'f0a5    0x5c  Code  Gb  stm32f4xx_ll_sdmmc.o [1]
SDPath                  0x2000'6930     0x4  Data  Gb  fatfs.o [1]
SDQueueID               0x2000'69b8     0x4  Data  Lc  sd_diskio.o [1]
SD_CheckStatus           0x800'f193    0x1e  Code  Lc  sd_diskio.o [1]
SD_CheckStatusWithTimeout
                         0x800'f16d    0x26  Code  Lc  sd_diskio.o [1]
SD_DMAError              0x800'e681    0x88  Code  Lc  stm32f4xx_hal_sd.o [1]
SD_DMAReceiveCplt        0x800'e635    0x4a  Code  Lc  stm32f4xx_hal_sd.o [1]
SD_DMARxAbort            0x800'e759    0x4a  Code  Lc  stm32f4xx_hal_sd.o [1]
SD_DMATransmitCplt       0x800'e625    0x10  Code  Lc  stm32f4xx_hal_sd.o [1]
SD_DMATxAbort            0x800'e70d    0x4a  Code  Lc  stm32f4xx_hal_sd.o [1]
SD_Driver                0x800'f884    0x14  Data  Gb  sd_diskio.o [1]
SD_InitCard              0x800'e7a3   0x10a  Code  Lc  stm32f4xx_hal_sd.o [1]
SD_PowerON               0x800'e8ad    0xcc  Code  Lc  stm32f4xx_hal_sd.o [1]
SD_Read_IT               0x800'e9bf    0x58  Code  Lc  stm32f4xx_hal_sd.o [1]
SD_SendStatus            0x800'e98d    0x32  Code  Lc  stm32f4xx_hal_sd.o [1]
SD_Write_IT              0x800'ea17    0x58  Code  Lc  stm32f4xx_hal_sd.o [1]
SD_initialize            0x800'f1b1    0x50  Code  Gb  sd_diskio.o [1]
SD_ioctl                 0x800'f2fb    0x64  Code  Gb  sd_diskio.o [1]
SD_read                  0x800'f20f    0x7a  Code  Gb  sd_diskio.o [1]
SD_status                0x800'f201     0xe  Code  Gb  sd_diskio.o [1]
SD_write                 0x800'f289    0x72  Code  Gb  sd_diskio.o [1]
SPI4_IRQHandler          0x800'f4cd     0xa  Code  Gb  stm32f4xx_it.o [1]
SPI_DMAAbortOnError      0x800'5289    0x16  Code  Lc  stm32f4xx_hal_spi.o [1]
SPI_EndRxTxTransaction   0x800'537b    0x7c  Code  Lc  stm32f4xx_hal_spi.o [1]
SPI_WaitFlagStateUntilTimeout
                         0x800'52a1    0xda  Code  Lc  stm32f4xx_hal_spi.o [1]
SVC_Handler              0x800'a845          Code  Gb  portasm.o [1]
SVC_Setup                0x800'b15d     0xe  Code  Lc  cmsis_os2.o [1]
SetJumpForwardBezierControlPoints0
                         0x800'19f9   0x15c  Code  Gb  GaitController.o [1]
SetJumpForwardBezierControlPoints1
                         0x800'1b69   0x296  Code  Gb  GaitController.o [1]
SetJumpUpBezierControlPoints
                         0x800'148d    0xc6  Code  Gb  GaitController.o [1]
SetMotionCommand         0x800'54a7    0x4e  Code  Gb  DeepJ60_Motor.o [1]
SetMotionParameters      0x800'5405    0xa2  Code  Gb  DeepJ60_Motor.o [1]
SetMotor                 0x800'01ad   0x20a  Code  Gb  GaitController.o [1]
SetMoveBezierControlPoints
                         0x800'42a9   0x3be  Code  Gb  GaitController.o [1]
SetNormalCommand         0x800'54f5     0x8  Code  Gb  DeepJ60_Motor.o [1]
SetRotateBezierControlPoints
                         0x800'0ced   0x2c2  Code  Gb  GaitController.o [1]
SetThreeOrderBezierControlPoints
                         0x800'6f7d    0x22  Code  Gb  CurvePlan.o [1]
SetThreeOrderBezierPeriod
                         0x800'6f9f     0x6  Code  Gb  CurvePlan.o [1]
SetTrotBezierControlPoints
                         0x800'050d   0x306  Code  Gb  GaitController.o [1]
SetTurnBezierControlPoints
                         0x800'237d   0x382  Code  Gb  GaitController.o [1]
SetWalkSlopeBezierControlPoints
                         0x800'2df9   0x39a  Code  Gb  GaitController.o [1]
SetWalk_LR_SlopeBezierControlPoints
                         0x800'390d   0x31c  Code  Gb  GaitController.o [1]
Stand                    0x800'03b9   0x14a  Code  Gb  GaitController.o [1]
StandHandle             0x2000'696c     0x4  Data  Gb  freertos.o [1]
StandTask                0x800'923d    0x8c  Code  Gb  freertos.o [1]
Stand_attributes         0x800'f744    0x24  Data  Gb  freertos.o [1]
Stand_on_LR_slope        0x800'380d    0xca  Code  Gb  GaitController.o [1]
Stand_on_slope           0x800'2d25    0xaa  Code  Gb  GaitController.o [1]
StartDefaultTask         0x800'8a1d     0xc  Code  Gb  freertos.o [1]
Stat                    0x2000'0510     0x1  Data  Lc  sd_diskio.o [1]
Stat                    0x2000'0512     0x1  Data  Lc  user_diskio.o [1]
SysTick_Config           0x800'9f69    0x30  Code  Lc  stm32f4xx_hal_cortex.o [1]
SysTick_Handler          0x800'f455    0x14  Code  Gb  stm32f4xx_it.o [1]
SystemClock_Config       0x800'9b27    0xae  Code  Gb  main.o [1]
SystemCoreClock         0x2000'04f8     0x4  Data  Gb  system_stm32f4xx.o [1]
SystemInit               0x800'f8e9     0xc  Code  Gb  system_stm32f4xx.o [1]
TIM2_IRQHandler          0x800'f47d     0xa  Code  Gb  stm32f4xx_it.o [1]
TIM_Base_SetConfig       0x800'b80f    0xd2  Code  Gb  stm32f4xx_hal_tim.o [1]
TIM_OC1_SetConfig        0x800'b8e1    0x64  Code  Lc  stm32f4xx_hal_tim.o [1]
TIM_OC2_SetConfig        0x800'b945    0x6e  Code  Gb  stm32f4xx_hal_tim.o [1]
TIM_OC3_SetConfig        0x800'b9b5    0x6c  Code  Lc  stm32f4xx_hal_tim.o [1]
TIM_OC4_SetConfig        0x800'ba21    0x4c  Code  Lc  stm32f4xx_hal_tim.o [1]
TaskHandle              0x2000'6938     0x4  Data  Gb  freertos.o [1]
ThreeOrderBezierPlan     0x800'6fa5   0x298  Code  Gb  CurvePlan.o [1]
Torque                  0x2000'6820    0x20  Data  Gb  GaitController.o [1]
TrotBackHandle          0x2000'6948     0x4  Data  Gb  freertos.o [1]
TrotBackTask             0x800'8bf9    0xba  Code  Gb  freertos.o [1]
TrotBack_attributes      0x800'f600    0x24  Data  Gb  freertos.o [1]
TrotForwardHandle       0x2000'6944     0x4  Data  Gb  freertos.o [1]
TrotForwardTask          0x800'8a29   0x1ce  Code  Gb  freertos.o [1]
TrotForward_attributes   0x800'f5dc    0x24  Data  Gb  freertos.o [1]
Trot_FSM                 0x800'081d   0x4ae  Code  Gb  GaitController.o [1]
Turn_FSM                 0x800'2719   0x5fc  Code  Gb  GaitController.o [1]
TxMailBox               0x2000'692c     0x4  Data  Gb  DeepJ60_can.o [1]
UART_DMAAbortOnError     0x800'cbf9    0x16  Code  Lc  stm32f4xx_hal_uart.o [1]
UART_DMAError            0x800'ca1b    0x58  Code  Lc  stm32f4xx_hal_uart.o [1]
UART_DMAReceiveCplt      0x800'c94b    0xaa  Code  Lc  stm32f4xx_hal_uart.o [1]
UART_DMARxHalfCplt       0x800'c9f5    0x26  Code  Lc  stm32f4xx_hal_uart.o [1]
UART_EndRxTransfer       0x800'cb91    0x66  Code  Lc  stm32f4xx_hal_uart.o [1]
UART_EndTransmit_IT      0x800'cc77    0x20  Code  Lc  stm32f4xx_hal_uart.o [1]
UART_EndTxTransfer       0x800'cb6d    0x24  Code  Lc  stm32f4xx_hal_uart.o [1]
UART_Receive_IT          0x800'cc97    0xf6  Code  Lc  stm32f4xx_hal_uart.o [1]
UART_SetConfig           0x800'cd8d   0x2fc  Code  Lc  stm32f4xx_hal_uart.o [1]
UART_Start_Receive_DMA   0x800'cab7    0xb6  Code  Gb  stm32f4xx_hal_uart.o [1]
UART_Start_Receive_IT    0x800'ca73    0x44  Code  Gb  stm32f4xx_hal_uart.o [1]
UART_Transmit_IT         0x800'cc11    0x66  Code  Lc  stm32f4xx_hal_uart.o [1]
USART2_IRQHandler        0x800'f487     0xa  Code  Gb  stm32f4xx_it.o [1]
USART3_IRQHandler        0x800'f491     0xa  Code  Gb  stm32f4xx_it.o [1]
USART6_IRQHandler        0x800'f4c3     0xa  Code  Gb  stm32f4xx_it.o [1]
USERPath                0x2000'6934     0x4  Data  Gb  fatfs.o [1]
USER_Driver             0x2000'04fc    0x14  Data  Gb  user_diskio.o [1]
USER_initialize          0x800'f559     0xc  Code  Gb  user_diskio.o [1]
USER_ioctl               0x800'f589     0x8  Code  Gb  user_diskio.o [1]
USER_read                0x800'f575     0xa  Code  Gb  user_diskio.o [1]
USER_status              0x800'f565     0xc  Code  Gb  user_diskio.o [1]
USER_write               0x800'f57f     0xa  Code  Gb  user_diskio.o [1]
UsageFault_Handler       0x800'f451     0x2  Code  Gb  stm32f4xx_it.o [1]
Velocity                0x2000'6800    0x20  Data  Gb  GaitController.o [1]
WalkSlopeHandle         0x2000'6964     0x4  Data  Gb  freertos.o [1]
WalkSlopeLRTask          0x800'9195    0x9c  Code  Gb  freertos.o [1]
WalkSlopeTask            0x800'90f9    0x9c  Code  Gb  freertos.o [1]
WalkSlope_FSM            0x800'31a1   0x66c  Code  Gb  GaitController.o [1]
WalkSlope_LRHandle      0x2000'6968     0x4  Data  Gb  freertos.o [1]
WalkSlope_LR_FSM         0x800'3c61   0x634  Code  Gb  GaitController.o [1]
WalkSlope_LR_attributes
                         0x800'f720    0x24  Data  Gb  freertos.o [1]
WalkSlope_attributes     0x800'f6fc    0x24  Data  Gb  freertos.o [1]
__NVIC_EnableIRQ         0x800'9edd    0x20  Code  Lc  stm32f4xx_hal_cortex.o [1]
__NVIC_GetPriorityGrouping
                         0x800'9ecf     0xc  Code  Lc  stm32f4xx_hal_cortex.o [1]
__NVIC_SetPriority       0x800'b12d    0x30  Code  Lc  cmsis_os2.o [1]
__NVIC_SetPriority       0x800'9efd    0x2c  Code  Lc  stm32f4xx_hal_cortex.o [1]
__NVIC_SetPriorityGrouping
                         0x800'9ead    0x22  Code  Lc  stm32f4xx_hal_cortex.o [1]
__aeabi_cdcmpeq          0x800'de25          Code  Gb  DblCmpEq.o [3]
__aeabi_cdcmple          0x800'74ed          Code  Gb  DblCmpLe.o [3]
__aeabi_cdrcmple         0x800'751d          Code  Gb  DblCmpGe.o [3]
__aeabi_d2f              0x800'4e69          Code  Gb  DblToFlt.o [3]
__aeabi_dadd             0x800'728d          Code  Gb  DblAdd.o [3]
__aeabi_ddiv             0x800'6d35          Code  Gb  DblDiv.o [3]
__aeabi_dmul             0x800'4c8d          Code  Gb  DblMul.o [3]
__aeabi_dsub             0x800'7409          Code  Gb  DblSub.o [3]
__aeabi_f2d              0x800'6ced          Code  Gb  FltToDbl.o [3]
__aeabi_ldiv0            0x800'de45          Code  Gb  I64DivZer.o [4]
__aeabi_memclr4          0x800'6ce5          Code  Gb  ABImemclr4.o [4]
__aeabi_memcpy           0x800'754d          Code  Gb  ABImemcpy.o [4]
__aeabi_memcpy4          0x800'756d          Code  Gb  ABImemcpy.o [4]
__aeabi_memcpy8          0x800'756d          Code  Gb  ABImemcpy.o [4]
__aeabi_memset           0x800'8085          Code  Gb  ABImemset.o [4]
__aeabi_ui2d             0x800'4bf9          Code  Gb  U32ToDbl.o [3]
__aeabi_uldivmod         0x800'dbf5          Code  Gb  I64DivMod.o [4]
__cmain                  0x800'f83d          Code  Gb  cmain.o [4]
__exit                   0x800'f871    0x14  Code  Gb  exit.o [5]
__iar_Atan64             0x800'd87d   0x1d0  Code  Gb  iar_Atan64.o [3]
__iar_Memset             0x800'8085          Code  Gb  ABImemset.o [4]
__iar_Memset4_word       0x800'9989          Code  Gb  ABImemset48.o [4]
__iar_Memset8_word       0x800'9989          Code  Gb  ABImemset48.o [4]
__iar_Memset_word        0x800'808d          Code  Gb  ABImemset.o [4]
__iar_acos64             0x800'bb81    0xc8  Code  Gb  acos64.o [3]
__iar_dadd               0x800'7419          Code  Gb  DblSub.o [3]
__iar_data_init3         0x800'f591    0x28  Code  Gb  data_init.o [4]
__iar_dsub               0x800'729d          Code  Gb  DblAdd.o [3]
__iar_dsubStart          0x800'72af          Code  Gb  DblAdd.o [3]
__iar_init_vfp           0x800'f7f9          Code  Gb  fpinit_M.o [3]
__iar_lz77_init_single3
                         0x800'4c13    0x7a  Code  Gb  lz77_init_single.o [4]
__iar_program_start      0x800'f989          Code  Gb  cstartup_M.o [4]
__iar_round64            0x800'9935          Code  Gb  round.o [3]
__iar_sqrt64             0x800'981d          Code  Gb  sqrt.o [3]
__iar_vfp___iar_round64
                         0x800'9925          Code  Gb  round.o [3]
__iar_vfp___iar_sqrt64   0x800'980d          Code  Gb  sqrt.o [3]
__iar_vfp_acos           0x800'9917     0xc  Code  Gb  math_wrappers64.o [3]
__iar_vfp_round          0x800'9925          Code  Gb  round.o [3]
__iar_vfp_roundl         0x800'9925          Code  Gb  round.o [3]
__iar_vfp_sqrt           0x800'980d          Code  Gb  sqrt.o [3]
__iar_vfp_sqrtl          0x800'980d          Code  Gb  sqrt.o [3]
__iar_zero_init3         0x800'4e2f    0x3a  Code  Gb  zero_init3.o [4]
__low_level_init         0x800'f85b     0x4  Code  Gb  low_level_init.o [2]
__vector_table           0x800'0000          Data  Gb  startup_stm32f427xx.o [1]
_call_main               0x800'f849          Code  Gb  cmain.o [4]
_exit                    0x800'f865          Code  Gb  cexit.o [4]
_main                    0x800'f857          Code  Gb  cmain.o [4]
a                        0x800'f518    0x40  Data  Lc  iar_Atan64.o [3]
abs                      0x800'b501     0x8  Code  Gb  abs.o [2]
acos                     0x800'bb81    0xc8  Code  Gb  acos64.o [3]
acosl                    0x800'bb81    0xc8  Code  Gb  acos64.o [3]
angle                   0x2000'67e0    0x20  Data  Gb  GaitController.o [1]
camera                  0x2000'690c     0x8  Data  Gb  Camera.o [1]
camera_queue            0x2000'69b0     0x4  Data  Gb  main.o [1]
check_rx_bytes           0x800'bb41    0x22  Code  Gb  Camera.o [1]
cmd_queue               0x2000'69a8     0x4  Data  Gb  main.o [1]
defaultTaskHandle       0x2000'6940     0x4  Data  Gb  freertos.o [1]
defaultTask_attributes   0x800'f5b8    0x24  Data  Gb  freertos.o [1]
disk                    0x2000'68e8    0x10  Data  Gb  ff_gen_drv.o [1]
dma_buffer              0x2000'68f8     0xc  Data  Gb  Handle.o [1]
exit                     0x800'f85f     0x4  Code  Gb  exit.o [2]
handle_command          0x2000'6914     0x8  Data  Gb  Handle.o [1]
hcan1                   0x2000'6790    0x28  Data  Gb  can.o [1]
hcan2                   0x2000'67b8    0x28  Data  Gb  can.o [1]
hdma_usart6_rx          0x2000'6338    0x60  Data  Gb  usart.o [1]
hsd                     0x2000'62b4    0x84  Data  Gb  sdio.o [1]
hspi2                   0x2000'64ac    0x58  Data  Gb  spi.o [1]
hspi4                   0x2000'6504    0x58  Data  Gb  spi.o [1]
htim2                   0x2000'65ac    0x48  Data  Gb  tim.o [1]
huart2                  0x2000'663c    0x48  Data  Gb  usart.o [1]
huart3                  0x2000'6684    0x48  Data  Gb  usart.o [1]
huart6                  0x2000'66cc    0x48  Data  Gb  usart.o [1]
huart7                  0x2000'65f4    0x48  Data  Gb  usart.o [1]
imu_queue               0x2000'69ac     0x4  Data  Gb  main.o [1]
isSlope                 0x2000'6988     0x4  Data  Gb  GaitController.o [1]
isStop                  0x2000'698c     0x4  Data  Gb  GaitController.o [1]
is_stack_overflow       0x2000'693c     0x4  Data  Gb  freertos.o [1]
jump_forward_controller
                        0x2000'01c8    0x94  Data  Gb  GaitController.o [1]
jump_up_controller      0x2000'0134    0x94  Data  Gb  GaitController.o [1]
left_length             0x2000'04e8     0x4  Data  Gb  GaitController.o [1]
main                     0x800'99bd   0x16a  Code  Gb  main.o [1]
move_controller         0x2000'0424    0x98  Data  Gb  GaitController.o [1]
osDelay                  0x800'b2e3    0x22  Code  Gb  cmsis_os2.o [1]
osKernelGetState         0x800'b191    0x28  Code  Gb  cmsis_os2.o [1]
osKernelGetTickCount     0x800'b1e9    0x16  Code  Gb  cmsis_os2.o [1]
osKernelInitialize       0x800'b16b    0x26  Code  Gb  cmsis_os2.o [1]
osKernelStart            0x800'b1b9    0x30  Code  Gb  cmsis_os2.o [1]
osMessageQueueGet        0x800'b463    0x98  Code  Gb  cmsis_os2.o [1]
osMessageQueueNew        0x800'b311    0xb6  Code  Gb  cmsis_os2.o [1]
osMessageQueuePut        0x800'b3c7    0x9c  Code  Gb  cmsis_os2.o [1]
osThreadNew              0x800'b1ff    0xe4  Code  Gb  cmsis_os2.o [1]
parse_camera_bytes       0x800'bb63    0x16  Code  Gb  Camera.o [1]
pcInterruptPriorityRegisters
                         0x800'f9d8     0x4  Data  Lc  port.o [1]
pre_t                   0x2000'6984     0x4  Data  Gb  GaitController.o [1]
prvAddCurrentTaskToDelayedList
                         0x800'6995    0x6c  Code  Lc  tasks.o [1]
prvAddNewTaskToReadyList
                         0x800'5f1f    0x9e  Code  Lc  tasks.o [1]
prvCheckForValidListAndQueue
                         0x800'8851    0x4c  Code  Lc  timers.o [1]
prvCheckForValidListAndQueue{1}{2}{3}{4}::ucStaticTimerQueueStorage
                        0x2000'6214    0xa0  Data  Lc  timers.o [1]
prvCheckForValidListAndQueue{1}{2}{3}{4}::xStaticTimerQueue
                        0x2000'655c    0x50  Data  Lc  timers.o [1]
prvCheckTasksWaitingTermination
                         0x800'6651    0x3e  Code  Lc  tasks.o [1]
prvCopyDataFromQueue     0x800'afd9    0x36  Code  Lc  queue.o [1]
prvCopyDataToQueue       0x800'af3d    0x9c  Code  Lc  queue.o [1]
prvDeleteTCB             0x800'6695    0x44  Code  Lc  tasks.o [1]
prvGetNextExpireTime     0x800'85e3    0x28  Code  Lc  timers.o [1]
prvHeapInit              0x800'7fa1    0x62  Code  Lc  heap_4.o [1]
prvIdleTask              0x800'65d9    0x24  Code  Lc  tasks.o [1]
prvInitialiseNewQueue    0x800'aa5d    0x36  Code  Lc  queue.o [1]
prvInitialiseNewTask     0x800'5e39    0xe6  Code  Lc  tasks.o [1]
prvInitialiseTaskLists   0x800'65fd    0x54  Code  Lc  tasks.o [1]
prvInsertBlockIntoFreeList
                         0x800'8003    0x5e  Code  Lc  heap_4.o [1]
prvInsertTimerInActiveList
                         0x800'8633    0x52  Code  Lc  timers.o [1]
prvIsQueueEmpty          0x800'b07d    0x1c  Code  Lc  queue.o [1]
prvIsQueueFull           0x800'b099    0x1e  Code  Lc  queue.o [1]
prvProcessExpiredTimer   0x800'84e7    0x6c  Code  Lc  timers.o [1]
prvProcessReceivedCommands
                         0x800'8685   0x13e  Code  Lc  timers.o [1]
prvProcessTimerOrBlockTask
                         0x800'856f    0x74  Code  Lc  timers.o [1]
prvResetNextTaskUnblockTime
                         0x800'66d9    0x26  Code  Lc  tasks.o [1]
prvSampleTimeNow         0x800'860b    0x28  Code  Lc  timers.o [1]
prvSampleTimeNow::xLastTime
                        0x2000'6a0c     0x4  Data  Lc  timers.o [1]
prvSwitchTimerLists      0x800'87c3    0x8e  Code  Lc  timers.o [1]
prvTaskExitError         0x800'81ad    0x2a  Code  Lc  port.o [1]
prvTimerTask             0x800'8555    0x1a  Code  Lc  timers.o [1]
prvUnlockQueue           0x800'b00f    0x6e  Code  Lc  queue.o [1]
pvPortMalloc             0x800'7dfd   0x128  Code  Gb  heap_4.o [1]
pxCurrentTCB            0x2000'69c0     0x4  Data  Gb  tasks.o [1]
pxCurrentTimerList      0x2000'69fc     0x4  Data  Lc  timers.o [1]
pxDelayedTaskList       0x2000'69c4     0x4  Data  Lc  tasks.o [1]
pxEnd                   0x2000'6990     0x4  Data  Lc  heap_4.o [1]
pxOverflowDelayedTaskList
                        0x2000'69c8     0x4  Data  Lc  tasks.o [1]
pxOverflowTimerList     0x2000'6a00     0x4  Data  Lc  timers.o [1]
pxPortInitialiseStack    0x800'8185    0x28  Code  Gb  port.o [1]
pxReadyTasksLists       0x2000'5334   0x460  Data  Lc  tasks.o [1]
retSD                   0x2000'6a10     0x1  Data  Gb  fatfs.o [1]
retUSER                 0x2000'6a11     0x1  Data  Gb  fatfs.o [1]
right_length            0x2000'04ec     0x4  Data  Gb  GaitController.o [1]
robot_height            0x2000'04bc     0x4  Data  Gb  GaitController.o [1]
rotate_controller       0x2000'009c    0x98  Data  Gb  GaitController.o [1]
round                    0x800'9935          Code  Gb  round.o [3]
roundl                   0x800'9935          Code  Gb  round.o [3]
rx_bytes                0x2000'6904     0x8  Data  Gb  Camera.o [1]
spi_motor_data          0x2000'6754    0x3c  Data  Gb  GaitController.o [1]
sqrt                     0x800'981d          Code  Gb  sqrt.o [3]
sqrtl                    0x800'981d          Code  Gb  sqrt.o [3]
t                       0x2000'6980     0x4  Data  Gb  GaitController.o [1]
tan_LR_slope_theta      0x2000'04c4     0x4  Data  Gb  GaitController.o [1]
tan_slope_theta         0x2000'04c0     0x4  Data  Gb  GaitController.o [1]
trot_controller         0x2000'0004    0x98  Data  Gb  GaitController.o [1]
trot_length             0x2000'0000     0x4  Data  Gb  freertos.o [1]
turn_controller         0x2000'025c    0x98  Data  Gb  GaitController.o [1]
ucHeap                  0x2000'0514  0x4e20  Data  Lc  heap_4.o [1]
ucMaxSysCallPriority    0x2000'6a12     0x1  Data  Lc  port.o [1]
ulMaxPRIGROUPValue      0x2000'69b4     0x4  Data  Lc  port.o [1]
uwTick                  0x2000'69bc     0x4  Data  Gb  stm32f4xx_hal.o [1]
uwTickFreq              0x2000'0511     0x1  Data  Gb  stm32f4xx_hal.o [1]
uwTickPrio              0x2000'04f4     0x4  Data  Gb  stm32f4xx_hal.o [1]
uxCriticalNesting       0x2000'04f0     0x4  Data  Lc  port.o [1]
uxCurrentNumberOfTasks  0x2000'69d0     0x4  Data  Lc  tasks.o [1]
uxDeletedTasksWaitingCleanUp
                        0x2000'69cc     0x4  Data  Lc  tasks.o [1]
uxListRemove             0x800'815d    0x28  Code  Gb  list.o [1]
uxSchedulerSuspended    0x2000'69f8     0x4  Data  Lc  tasks.o [1]
uxTaskNumber            0x2000'69ec     0x4  Data  Lc  tasks.o [1]
uxTopReadyPriority      0x2000'69d8     0x4  Data  Lc  tasks.o [1]
vApplicationGetIdleTaskMemory
                         0x800'83e1    0x18  Code  Wk  cmsis_os2.o [1]
vApplicationGetIdleTaskMemory::Idle_Stack
                        0x2000'6014   0x200  Data  Lc  cmsis_os2.o [1]
vApplicationGetIdleTaskMemory::Idle_TCB
                        0x2000'6398    0x5c  Data  Lc  cmsis_os2.o [1]
vApplicationGetTimerTaskMemory
                         0x800'a89d    0x18  Code  Wk  cmsis_os2.o [1]
vApplicationGetTimerTaskMemory::Timer_Stack
                        0x2000'5794   0x400  Data  Lc  cmsis_os2.o [1]
vApplicationGetTimerTaskMemory::Timer_TCB
                        0x2000'63f4    0x5c  Data  Lc  cmsis_os2.o [1]
vApplicationStackOverflowHook
                         0x800'88cd     0xa  Code  Gb  freertos.o [1]
vListInitialise          0x800'80eb    0x1e  Code  Gb  list.o [1]
vListInitialiseItem      0x800'8109     0x6  Code  Gb  list.o [1]
vListInsert              0x800'8127    0x36  Code  Gb  list.o [1]
vListInsertEnd           0x800'810f    0x18  Code  Gb  list.o [1]
vPortEnableVFP           0x800'a881          Code  Gb  portasm.o [1]
vPortEnterCritical       0x800'82a5    0x34  Code  Gb  port.o [1]
vPortExitCritical        0x800'82d9    0x2c  Code  Gb  port.o [1]
vPortFree                0x800'7f25    0x7c  Code  Gb  heap_4.o [1]
vPortStartFirstTask      0x800'a861          Code  Gb  portasm.o [1]
vPortValidateInterruptPriority
                         0x800'832d    0x4e  Code  Gb  port.o [1]
vQueueAddToRegistry      0x800'b0b7    0x26  Code  Gb  queue.o [1]
vQueueWaitForMessageRestricted
                         0x800'b0e1    0x4c  Code  Gb  queue.o [1]
vTaskDelay               0x800'606b    0x4e  Code  Gb  tasks.o [1]
vTaskDelayUntil          0x800'5fbd    0xae  Code  Gb  tasks.o [1]
vTaskInternalSetTimeOutState
                         0x800'6525    0x12  Code  Gb  tasks.o [1]
vTaskMissedYield         0x800'65cf     0xa  Code  Gb  tasks.o [1]
vTaskPlaceOnEventList    0x800'640d    0x34  Code  Gb  tasks.o [1]
vTaskPlaceOnEventListRestricted
                         0x800'6451    0x40  Code  Gb  tasks.o [1]
vTaskStartScheduler      0x800'60b9    0x9a  Code  Gb  tasks.o [1]
vTaskSuspendAll          0x800'6153     0xc  Code  Gb  tasks.o [1]
vTaskSwitchContext       0x800'6367    0x9c  Code  Gb  tasks.o [1]
walk_LR_slope_controller
                        0x2000'038c    0x98  Data  Gb  GaitController.o [1]
walk_slope_controller   0x2000'02f4    0x98  Data  Gb  GaitController.o [1]
xActiveTimerList1       0x2000'68c0    0x14  Data  Lc  timers.o [1]
xActiveTimerList2       0x2000'68d4    0x14  Data  Lc  timers.o [1]
xBlockAllocatedBit      0x2000'69a4     0x4  Data  Lc  heap_4.o [1]
xDelayedTaskList1       0x2000'685c    0x14  Data  Lc  tasks.o [1]
xDelayedTaskList2       0x2000'6870    0x14  Data  Lc  tasks.o [1]
xFreeBytesRemaining     0x2000'6994     0x4  Data  Lc  heap_4.o [1]
xHeapStructSize          0x800'f9d4     0x4  Data  Lc  heap_4.o [1]
xIdleTaskHandle         0x2000'69f4     0x4  Data  Lc  tasks.o [1]
xMinimumEverFreeBytesRemaining
                        0x2000'6998     0x4  Data  Lc  heap_4.o [1]
xNextTaskUnblockTime    0x2000'69f0     0x4  Data  Lc  tasks.o [1]
xNumOfOverflows         0x2000'69e8     0x4  Data  Lc  tasks.o [1]
xNumberOfSuccessfulAllocations
                        0x2000'699c     0x4  Data  Lc  heap_4.o [1]
xNumberOfSuccessfulFrees
                        0x2000'69a0     0x4  Data  Lc  heap_4.o [1]
xPendedTicks            0x2000'69e0     0x4  Data  Lc  tasks.o [1]
xPendingReadyList       0x2000'6884    0x14  Data  Lc  tasks.o [1]
xPortStartScheduler      0x800'81d7    0xce  Code  Gb  port.o [1]
xPortSysTickHandler      0x800'8305    0x28  Code  Gb  port.o [1]
xQueueGenericCreate      0x800'aa0b    0x52  Code  Gb  queue.o [1]
xQueueGenericCreateStatic
                         0x800'a949    0xc2  Code  Gb  queue.o [1]
xQueueGenericReset       0x800'a8b5    0x94  Code  Gb  queue.o [1]
xQueueGenericSend        0x800'aa93   0x1a6  Code  Gb  queue.o [1]
xQueueGenericSendFromISR
                         0x800'ac39    0xe4  Code  Gb  queue.o [1]
xQueueReceive            0x800'ad1d   0x16a  Code  Gb  queue.o [1]
xQueueReceiveFromISR     0x800'ae8d    0xb0  Code  Gb  queue.o [1]
xQueueRegistry          0x2000'6714    0x40  Data  Gb  queue.o [1]
xSchedulerRunning       0x2000'69dc     0x4  Data  Lc  tasks.o [1]
xStart                  0x2000'691c     0x8  Data  Lc  heap_4.o [1]
xSuspendedTaskList      0x2000'68ac    0x14  Data  Lc  tasks.o [1]
xTaskCheckForTimeOut     0x800'6541    0x8e  Code  Gb  tasks.o [1]
xTaskCreate              0x800'5dbf    0x7a  Code  Gb  tasks.o [1]
xTaskCreateStatic        0x800'5d21    0x9e  Code  Gb  tasks.o [1]
xTaskGenericNotify       0x800'6869   0x11a  Code  Gb  tasks.o [1]
xTaskGetSchedulerState   0x800'66ff    0x20  Code  Gb  tasks.o [1]
xTaskGetTickCount        0x800'6247     0x8  Code  Gb  tasks.o [1]
xTaskGetTickCountFromISR
                         0x800'624f    0x10  Code  Gb  tasks.o [1]
xTaskIncrementTick       0x800'625f   0x108  Code  Gb  tasks.o [1]
xTaskNotifyWait          0x800'67c5    0x9a  Code  Gb  tasks.o [1]
xTaskPriorityDisinherit
                         0x800'672d    0x8e  Code  Gb  tasks.o [1]
xTaskRemoveFromEventList
                         0x800'6499    0x84  Code  Gb  tasks.o [1]
xTaskResumeAll           0x800'615f    0xe8  Code  Gb  tasks.o [1]
xTasksWaitingTermination
                        0x2000'6898    0x14  Data  Lc  tasks.o [1]
xTickCount              0x2000'69d4     0x4  Data  Lc  tasks.o [1]
xTimerCreateTimerTask    0x800'83f9    0x6c  Code  Gb  timers.o [1]
xTimerGenericCommand     0x800'8465    0x82  Code  Gb  timers.o [1]
xTimerQueue             0x2000'6a04     0x4  Data  Lc  timers.o [1]
xTimerTaskHandle        0x2000'6a08     0x4  Data  Lc  timers.o [1]
xYieldPending           0x2000'69e4     0x4  Data  Lc  tasks.o [1]


[1] = F:\none\Study\Other\Robot\RTS team\Robocon-FourFoot-2025\Code\Robocon-2025-Code\MainMCU\EWARM\zhukongv2\Obj
[2] = dl7M_tlf.a
[3] = m7M_tls.a
[4] = rt7M_tl.a
[5] = shb_l.a

  63 294 bytes of readonly  code memory
   1 117 bytes of readonly  data memory
  28 178 bytes of readwrite data memory

Errors: none
Warnings: none
